<?xml version="1.0" encoding="UTF-8" ?>
<testsuites name="vitest tests" tests="3443" failures="0" errors="0" time="27.413267406">
    <testsuite name="src/app/components/forms/fields/artist-multi-select.spec.tsx" timestamp="2026-02-06T06:11:34.274Z" hostname="runnervmkj6or" tests="23" failures="0" errors="0" skipped="0" time="0.841729558">
        <testcase classname="src/app/components/forms/fields/artist-multi-select.spec.tsx" name="ArtistMultiSelect &gt; rendering &gt; renders the component with label" time="0.004894303">
        </testcase>
        <testcase classname="src/app/components/forms/fields/artist-multi-select.spec.tsx" name="ArtistMultiSelect &gt; rendering &gt; renders with custom placeholder" time="0.003979116">
        </testcase>
        <testcase classname="src/app/components/forms/fields/artist-multi-select.spec.tsx" name="ArtistMultiSelect &gt; rendering &gt; renders disabled when disabled prop is true" time="0.003805494">
        </testcase>
        <testcase classname="src/app/components/forms/fields/artist-multi-select.spec.tsx" name="ArtistMultiSelect &gt; popover behavior &gt; opens popover when trigger is clicked" time="0.022917481">
        </testcase>
        <testcase classname="src/app/components/forms/fields/artist-multi-select.spec.tsx" name="ArtistMultiSelect &gt; popover behavior &gt; fetches artists when popover opens" time="0.023566946">
        </testcase>
        <testcase classname="src/app/components/forms/fields/artist-multi-select.spec.tsx" name="ArtistMultiSelect &gt; search functionality &gt; renders search input with placeholder" time="0.028095871">
        </testcase>
        <testcase classname="src/app/components/forms/fields/artist-multi-select.spec.tsx" name="ArtistMultiSelect &gt; artist display &gt; displays artist items when loaded" time="0.032828802">
        </testcase>
        <testcase classname="src/app/components/forms/fields/artist-multi-select.spec.tsx" name="ArtistMultiSelect &gt; artist display &gt; shows display name when available" time="0.120345907">
        </testcase>
        <testcase classname="src/app/components/forms/fields/artist-multi-select.spec.tsx" name="ArtistMultiSelect &gt; artist display &gt; shows firstName surname when displayName is empty" time="0.030570947">
        </testcase>
        <testcase classname="src/app/components/forms/fields/artist-multi-select.spec.tsx" name="ArtistMultiSelect &gt; selection behavior &gt; shows selected count when artists are selected" time="0.053262628">
        </testcase>
        <testcase classname="src/app/components/forms/fields/artist-multi-select.spec.tsx" name="ArtistMultiSelect &gt; selection behavior &gt; shows plural count for multiple selected artists" time="0.060220507">
        </testcase>
        <testcase classname="src/app/components/forms/fields/artist-multi-select.spec.tsx" name="ArtistMultiSelect &gt; create artist link &gt; includes returnTo parameter when releaseId is provided" time="0.020904109">
        </testcase>
        <testcase classname="src/app/components/forms/fields/artist-multi-select.spec.tsx" name="ArtistMultiSelect &gt; create artist link &gt; includes releaseId parameter when releaseId is provided" time="0.03107963">
        </testcase>
        <testcase classname="src/app/components/forms/fields/artist-multi-select.spec.tsx" name="ArtistMultiSelect &gt; create artist link &gt; has no query params when releaseId is not provided" time="0.021831818">
        </testcase>
        <testcase classname="src/app/components/forms/fields/artist-multi-select.spec.tsx" name="ArtistMultiSelect &gt; toggle selection &gt; deselects artist when clicking on already selected item" time="0.045555664">
        </testcase>
        <testcase classname="src/app/components/forms/fields/artist-multi-select.spec.tsx" name="ArtistMultiSelect &gt; badge removal &gt; removes artist when clicking badge remove button" time="0.06906956">
        </testcase>
        <testcase classname="src/app/components/forms/fields/artist-multi-select.spec.tsx" name="ArtistMultiSelect &gt; disabled state &gt; disables trigger button when disabled prop is true" time="0.005143904">
        </testcase>
        <testcase classname="src/app/components/forms/fields/artist-multi-select.spec.tsx" name="ArtistMultiSelect &gt; popover state management &gt; clears search value when popover closes" time="0.07907764">
        </testcase>
        <testcase classname="src/app/components/forms/fields/artist-multi-select.spec.tsx" name="ArtistMultiSelect &gt; fetch error handling &gt; handles non-ok response from fetch" time="0.02147047">
        </testcase>
        <testcase classname="src/app/components/forms/fields/artist-multi-select.spec.tsx" name="ArtistMultiSelect &gt; fetch error handling &gt; handles network error during fetch" time="0.023211654">
        </testcase>
        <testcase classname="src/app/components/forms/fields/artist-multi-select.spec.tsx" name="ArtistMultiSelect &gt; fetch error handling &gt; handles non-Error exception during fetch" time="0.019087651">
        </testcase>
        <testcase classname="src/app/components/forms/fields/artist-multi-select.spec.tsx" name="ArtistMultiSelect &gt; search with parameter &gt; fetches with search parameter when searching" time="0.095858725">
            <system-err>
An update to ArtistMultiSelect inside a test was not wrapped in act(...).

When testing, code that causes React state updates should be wrapped into act(...):

act(() =&gt; {
  /* fire events that update state */
});
/* assert on the output */

This ensures that you&apos;re testing the behavior the user would see in the browser. Learn more at https://react.dev/link/wrap-tests-with-act
An update to ArtistMultiSelect inside a test was not wrapped in act(...).

When testing, code that causes React state updates should be wrapped into act(...):

act(() =&gt; {
  /* fire events that update state */
});
/* assert on the output */

This ensures that you&apos;re testing the behavior the user would see in the browser. Learn more at https://react.dev/link/wrap-tests-with-act

An update to ArtistMultiSelect inside a test was not wrapped in act(...).

When testing, code that causes React state updates should be wrapped into act(...):

act(() =&gt; {
  /* fire events that update state */
});
/* assert on the output */

This ensures that you&apos;re testing the behavior the user would see in the browser. Learn more at https://react.dev/link/wrap-tests-with-act
An update to ArtistMultiSelect inside a test was not wrapped in act(...).

When testing, code that causes React state updates should be wrapped into act(...):

act(() =&gt; {
  /* fire events that update state */
});
/* assert on the output */

This ensures that you&apos;re testing the behavior the user would see in the browser. Learn more at https://react.dev/link/wrap-tests-with-act

            </system-err>
        </testcase>
        <testcase classname="src/app/components/forms/fields/artist-multi-select.spec.tsx" name="ArtistMultiSelect &gt; search with parameter &gt; does not skip initial fetch when artists are empty" time="0.021076669">
        </testcase>
    </testsuite>
    <testsuite name="src/lib/utils/countries.spec.ts" timestamp="2026-02-06T06:11:34.280Z" hostname="runnervmkj6or" tests="7" failures="0" errors="0" skipped="0" time="0.02398483">
        <testcase classname="src/lib/utils/countries.spec.ts" name="countries utility &gt; COUNTRIES constant &gt; should be an array of country objects" time="0.000391907">
        </testcase>
        <testcase classname="src/lib/utils/countries.spec.ts" name="countries utility &gt; COUNTRIES constant &gt; should have valid country objects with code and name" time="0.0177322">
        </testcase>
        <testcase classname="src/lib/utils/countries.spec.ts" name="countries utility &gt; COUNTRIES constant &gt; should include common countries" time="0.001229649">
        </testcase>
        <testcase classname="src/lib/utils/countries.spec.ts" name="countries utility &gt; getCountryName &gt; should return country name for valid code" time="0.000494367">
        </testcase>
        <testcase classname="src/lib/utils/countries.spec.ts" name="countries utility &gt; getCountryName &gt; should return the code itself for invalid code" time="0.001410785">
        </testcase>
        <testcase classname="src/lib/utils/countries.spec.ts" name="countries utility &gt; getCountryName &gt; should handle empty string" time="0.000287153">
        </testcase>
        <testcase classname="src/lib/utils/countries.spec.ts" name="countries utility &gt; getDefaultCountry &gt; should return US as default country" time="0.000170827">
        </testcase>
    </testsuite>
    <testsuite name="src/app/components/ui/breadcrumb-menu.spec.tsx" timestamp="2026-02-06T06:11:34.281Z" hostname="runnervmkj6or" tests="18" failures="0" errors="0" skipped="0" time="0.226921719">
        <testcase classname="src/app/components/ui/breadcrumb-menu.spec.tsx" name="BreadcrumbMenu &gt; renders the home icon" time="0.003375246">
        </testcase>
        <testcase classname="src/app/components/ui/breadcrumb-menu.spec.tsx" name="BreadcrumbMenu &gt; renders home link with correct href" time="0.009132468">
        </testcase>
        <testcase classname="src/app/components/ui/breadcrumb-menu.spec.tsx" name="BreadcrumbMenu &gt; renders screen reader text for home icon" time="0.003310286">
        </testcase>
        <testcase classname="src/app/components/ui/breadcrumb-menu.spec.tsx" name="BreadcrumbMenu &gt; renders all breadcrumb items" time="0.008469589">
        </testcase>
        <testcase classname="src/app/components/ui/breadcrumb-menu.spec.tsx" name="BreadcrumbMenu &gt; renders inactive items as links" time="0.013905795">
        </testcase>
        <testcase classname="src/app/components/ui/breadcrumb-menu.spec.tsx" name="BreadcrumbMenu &gt; renders active items as plain text (not links)" time="0.004533944">
        </testcase>
        <testcase classname="src/app/components/ui/breadcrumb-menu.spec.tsx" name="BreadcrumbMenu &gt; renders separators between items" time="0.005971509">
        </testcase>
        <testcase classname="src/app/components/ui/breadcrumb-menu.spec.tsx" name="BreadcrumbMenu &gt; renders empty list when no items provided" time="0.005873738">
        </testcase>
        <testcase classname="src/app/components/ui/breadcrumb-menu.spec.tsx" name="BreadcrumbMenu &gt; renders single item correctly" time="0.005550549">
        </testcase>
        <testcase classname="src/app/components/ui/breadcrumb-menu.spec.tsx" name="BreadcrumbMenu &gt; generates unique keys for items using url and anchorText" time="0.005081569">
        </testcase>
        <testcase classname="src/app/components/ui/breadcrumb-menu.spec.tsx" name="BreadcrumbMenu &gt; handles items with same anchorText but different urls" time="0.107037989">
        </testcase>
        <testcase classname="src/app/components/ui/breadcrumb-menu.spec.tsx" name="BreadcrumbMenu &gt; applies correct classes to wrapper" time="0.004519509">
        </testcase>
        <testcase classname="src/app/components/ui/breadcrumb-menu.spec.tsx" name="BreadcrumbMenu &gt; applies hover styles to home icon link" time="0.002847108">
        </testcase>
        <testcase classname="src/app/components/ui/breadcrumb-menu.spec.tsx" name="BreadcrumbMenu &gt; renders multiple active items if provided" time="0.007443047">
        </testcase>
        <testcase classname="src/app/components/ui/breadcrumb-menu.spec.tsx" name="BreadcrumbMenu &gt; handles special characters in anchorText" time="0.013984021">
        </testcase>
        <testcase classname="src/app/components/ui/breadcrumb-menu.spec.tsx" name="BreadcrumbMenu &gt; handles long breadcrumb chains" time="0.010786154">
        </testcase>
        <testcase classname="src/app/components/ui/breadcrumb-menu.spec.tsx" name="BreadcrumbMenu &gt; renders with aria attributes for accessibility" time="0.007734908">
        </testcase>
        <testcase classname="src/app/components/ui/breadcrumb-menu.spec.tsx" name="BreadcrumbMenu &gt; home icon has correct structure" time="0.004516101">
        </testcase>
    </testsuite>
    <testsuite name="src/lib/actions/update-profile-action.spec.ts" timestamp="2026-02-06T06:11:34.285Z" hostname="runnervmkj6or" tests="18" failures="0" errors="0" skipped="0" time="0.029937281">
        <testcase classname="src/lib/actions/update-profile-action.spec.ts" name="updateProfileAction &gt; successful profile update flow &gt; should update profile when data is valid and user is authenticated" time="0.001504138">
            <system-out>
[SECURITY_AUDIT] {
  event: [32m&apos;user.profile.updated&apos;[39m,
  userId: [32m&apos;user-123&apos;[39m,
  metadata: {
    updatedFields: [
      [32m&apos;firstName&apos;[39m,
      [32m&apos;lastName&apos;[39m,
      [32m&apos;phone&apos;[39m,
      [32m&apos;addressLine1&apos;[39m,
      [32m&apos;addressLine2&apos;[39m,
      [32m&apos;city&apos;[39m,
      [32m&apos;state&apos;[39m,
      [32m&apos;zipCode&apos;[39m,
      [32m&apos;country&apos;[39m,
      [32m&apos;allowSmsNotifications&apos;[39m
    ]
  },
  timestamp: [35m2026-02-06T06:08:49.660Z[39m
}

            </system-out>
        </testcase>
        <testcase classname="src/lib/actions/update-profile-action.spec.ts" name="updateProfileAction &gt; successful profile update flow &gt; should combine first and last name into fullName" time="0.001201667">
            <system-out>
[SECURITY_AUDIT] {
  event: [32m&apos;user.profile.updated&apos;[39m,
  userId: [32m&apos;user-123&apos;[39m,
  metadata: {
    updatedFields: [
      [32m&apos;firstName&apos;[39m,
      [32m&apos;lastName&apos;[39m,
      [32m&apos;phone&apos;[39m,
      [32m&apos;addressLine1&apos;[39m,
      [32m&apos;addressLine2&apos;[39m,
      [32m&apos;city&apos;[39m,
      [32m&apos;state&apos;[39m,
      [32m&apos;zipCode&apos;[39m,
      [32m&apos;country&apos;[39m,
      [32m&apos;allowSmsNotifications&apos;[39m
    ]
  },
  timestamp: [35m2026-02-06T06:08:49.662Z[39m
}

            </system-out>
        </testcase>
        <testcase classname="src/lib/actions/update-profile-action.spec.ts" name="updateProfileAction &gt; successful profile update flow &gt; should handle empty first name" time="0.002583509">
            <system-out>
[SECURITY_AUDIT] {
  event: [32m&apos;user.profile.updated&apos;[39m,
  userId: [32m&apos;user-123&apos;[39m,
  metadata: {
    updatedFields: [
      [32m&apos;firstName&apos;[39m,
      [32m&apos;lastName&apos;[39m,
      [32m&apos;phone&apos;[39m,
      [32m&apos;addressLine1&apos;[39m,
      [32m&apos;addressLine2&apos;[39m,
      [32m&apos;city&apos;[39m,
      [32m&apos;state&apos;[39m,
      [32m&apos;zipCode&apos;[39m,
      [32m&apos;country&apos;[39m,
      [32m&apos;allowSmsNotifications&apos;[39m
    ]
  },
  timestamp: [35m2026-02-06T06:08:49.655Z[39m
}

            </system-out>
        </testcase>
        <testcase classname="src/lib/actions/update-profile-action.spec.ts" name="updateProfileAction &gt; successful profile update flow &gt; should handle empty last name" time="0.001228086">
            <system-out>
[SECURITY_AUDIT] {
  event: [32m&apos;user.profile.updated&apos;[39m,
  userId: [32m&apos;user-123&apos;[39m,
  metadata: {
    updatedFields: [
      [32m&apos;firstName&apos;[39m,
      [32m&apos;lastName&apos;[39m,
      [32m&apos;phone&apos;[39m,
      [32m&apos;addressLine1&apos;[39m,
      [32m&apos;addressLine2&apos;[39m,
      [32m&apos;city&apos;[39m,
      [32m&apos;state&apos;[39m,
      [32m&apos;zipCode&apos;[39m,
      [32m&apos;country&apos;[39m,
      [32m&apos;allowSmsNotifications&apos;[39m
    ]
  },
  timestamp: [35m2026-02-06T06:08:49.659Z[39m
}

            </system-out>
        </testcase>
        <testcase classname="src/lib/actions/update-profile-action.spec.ts" name="updateProfileAction &gt; successful profile update flow &gt; should revalidate profile path after successful update" time="0.00108926">
            <system-out>
[SECURITY_AUDIT] {
  event: [32m&apos;user.profile.updated&apos;[39m,
  userId: [32m&apos;user-123&apos;[39m,
  metadata: {
    updatedFields: [
      [32m&apos;firstName&apos;[39m,
      [32m&apos;lastName&apos;[39m,
      [32m&apos;phone&apos;[39m,
      [32m&apos;addressLine1&apos;[39m,
      [32m&apos;addressLine2&apos;[39m,
      [32m&apos;city&apos;[39m,
      [32m&apos;state&apos;[39m,
      [32m&apos;zipCode&apos;[39m,
      [32m&apos;country&apos;[39m,
      [32m&apos;allowSmsNotifications&apos;[39m
    ]
  },
  timestamp: [35m2026-02-06T06:08:49.663Z[39m
}

            </system-out>
        </testcase>
        <testcase classname="src/lib/actions/update-profile-action.spec.ts" name="updateProfileAction &gt; successful profile update flow &gt; should handle all optional fields" time="0.001523744">
            <system-out>
[SECURITY_AUDIT] {
  event: [32m&apos;user.profile.updated&apos;[39m,
  userId: [32m&apos;user-123&apos;[39m,
  metadata: {
    updatedFields: [
      [32m&apos;firstName&apos;[39m,
      [32m&apos;lastName&apos;[39m,
      [32m&apos;phone&apos;[39m,
      [32m&apos;addressLine1&apos;[39m,
      [32m&apos;addressLine2&apos;[39m,
      [32m&apos;city&apos;[39m,
      [32m&apos;state&apos;[39m,
      [32m&apos;zipCode&apos;[39m,
      [32m&apos;country&apos;[39m,
      [32m&apos;allowSmsNotifications&apos;[39m
    ]
  },
  timestamp: [35m2026-02-06T06:08:49.657Z[39m
}

            </system-out>
        </testcase>
        <testcase classname="src/lib/actions/update-profile-action.spec.ts" name="updateProfileAction &gt; authentication errors &gt; should return error when user is not authenticated" time="0.000520756">
        </testcase>
        <testcase classname="src/lib/actions/update-profile-action.spec.ts" name="updateProfileAction &gt; authentication errors &gt; should return error when session exists but user ID is missing" time="0.000648392">
        </testcase>
        <testcase classname="src/lib/actions/update-profile-action.spec.ts" name="updateProfileAction &gt; authentication errors &gt; should return error when session exists but user is undefined" time="0.000357963">
        </testcase>
        <testcase classname="src/lib/actions/update-profile-action.spec.ts" name="updateProfileAction &gt; validation errors &gt; should return formState when validation fails" time="0.003106839">
        </testcase>
        <testcase classname="src/lib/actions/update-profile-action.spec.ts" name="updateProfileAction &gt; validation errors &gt; should not call database when parsed data is invalid" time="0.000768394">
        </testcase>
        <testcase classname="src/lib/actions/update-profile-action.spec.ts" name="updateProfileAction &gt; database errors &gt; should handle Prisma known request errors" time="0.001185397">
        </testcase>
        <testcase classname="src/lib/actions/update-profile-action.spec.ts" name="updateProfileAction &gt; database errors &gt; should handle generic database errors" time="0.001388623">
        </testcase>
        <testcase classname="src/lib/actions/update-profile-action.spec.ts" name="updateProfileAction &gt; database errors &gt; should not revalidate path when update fails" time="0.000562653">
        </testcase>
        <testcase classname="src/lib/actions/update-profile-action.spec.ts" name="updateProfileAction &gt; edge cases &gt; should handle empty string values" time="0.001018548">
            <system-out>
[SECURITY_AUDIT] {
  event: [32m&apos;user.profile.updated&apos;[39m,
  userId: [32m&apos;user-123&apos;[39m,
  metadata: {
    updatedFields: [
      [32m&apos;firstName&apos;[39m,
      [32m&apos;lastName&apos;[39m,
      [32m&apos;phone&apos;[39m,
      [32m&apos;addressLine1&apos;[39m,
      [32m&apos;addressLine2&apos;[39m,
      [32m&apos;city&apos;[39m,
      [32m&apos;state&apos;[39m,
      [32m&apos;zipCode&apos;[39m,
      [32m&apos;country&apos;[39m,
      [32m&apos;allowSmsNotifications&apos;[39m
    ]
  },
  timestamp: [35m2026-02-06T06:08:49.667Z[39m
}

            </system-out>
        </testcase>
        <testcase classname="src/lib/actions/update-profile-action.spec.ts" name="updateProfileAction &gt; edge cases &gt; should trim whitespace from name combination" time="0.000876655">
            <system-out>
[SECURITY_AUDIT] {
  event: [32m&apos;user.profile.updated&apos;[39m,
  userId: [32m&apos;user-123&apos;[39m,
  metadata: {
    updatedFields: [
      [32m&apos;firstName&apos;[39m,
      [32m&apos;lastName&apos;[39m,
      [32m&apos;phone&apos;[39m,
      [32m&apos;addressLine1&apos;[39m,
      [32m&apos;addressLine2&apos;[39m,
      [32m&apos;city&apos;[39m,
      [32m&apos;state&apos;[39m,
      [32m&apos;zipCode&apos;[39m,
      [32m&apos;country&apos;[39m,
      [32m&apos;allowSmsNotifications&apos;[39m
    ]
  },
  timestamp: [35m2026-02-06T06:08:49.666Z[39m
}

            </system-out>
        </testcase>
        <testcase classname="src/lib/actions/update-profile-action.spec.ts" name="updateProfileAction &gt; edge cases &gt; should handle allowSmsNotifications as boolean" time="0.00080922">
            <system-out>
[SECURITY_AUDIT] {
  event: [32m&apos;user.profile.updated&apos;[39m,
  userId: [32m&apos;user-123&apos;[39m,
  metadata: {
    updatedFields: [
      [32m&apos;firstName&apos;[39m,
      [32m&apos;lastName&apos;[39m,
      [32m&apos;phone&apos;[39m,
      [32m&apos;addressLine1&apos;[39m,
      [32m&apos;addressLine2&apos;[39m,
      [32m&apos;city&apos;[39m,
      [32m&apos;state&apos;[39m,
      [32m&apos;zipCode&apos;[39m,
      [32m&apos;country&apos;[39m,
      [32m&apos;allowSmsNotifications&apos;[39m
    ]
  },
  timestamp: [35m2026-02-06T06:08:49.667Z[39m
}

            </system-out>
        </testcase>
        <testcase classname="src/lib/actions/update-profile-action.spec.ts" name="updateProfileAction &gt; permitted fields &gt; should only process permitted fields" time="0.006246749">
            <system-out>
[SECURITY_AUDIT] {
  event: [32m&apos;user.profile.updated&apos;[39m,
  userId: [32m&apos;user-123&apos;[39m,
  metadata: {
    updatedFields: [
      [32m&apos;firstName&apos;[39m,
      [32m&apos;lastName&apos;[39m,
      [32m&apos;phone&apos;[39m,
      [32m&apos;addressLine1&apos;[39m,
      [32m&apos;addressLine2&apos;[39m,
      [32m&apos;city&apos;[39m,
      [32m&apos;state&apos;[39m,
      [32m&apos;zipCode&apos;[39m,
      [32m&apos;country&apos;[39m,
      [32m&apos;allowSmsNotifications&apos;[39m
    ]
  },
  timestamp: [35m2026-02-06T06:08:49.645Z[39m
}

            </system-out>
        </testcase>
    </testsuite>
    <testsuite name="src/app/components/forms/fields/combobox-field.spec.tsx" timestamp="2026-02-06T06:11:34.291Z" hostname="runnervmkj6or" tests="32" failures="0" errors="0" skipped="0" time="0.459557363">
        <testcase classname="src/app/components/forms/fields/combobox-field.spec.tsx" name="ComboboxField &gt; renders with correct label and placeholder" time="0.005580093">
        </testcase>
        <testcase classname="src/app/components/forms/fields/combobox-field.spec.tsx" name="ComboboxField &gt; renders with correct combobox attributes" time="0.005374192">
        </testcase>
        <testcase classname="src/app/components/forms/fields/combobox-field.spec.tsx" name="ComboboxField &gt; renders command input with correct placeholder" time="0.007453578">
        </testcase>
        <testcase classname="src/app/components/forms/fields/combobox-field.spec.tsx" name="ComboboxField &gt; renders all command structure components" time="0.005315312">
        </testcase>
        <testcase classname="src/app/components/forms/fields/combobox-field.spec.tsx" name="ComboboxField &gt; renders all options as command items" time="0.00707232">
        </testcase>
        <testcase classname="src/app/components/forms/fields/combobox-field.spec.tsx" name="ComboboxField &gt; shows empty message" time="0.005471843">
        </testcase>
        <testcase classname="src/app/components/forms/fields/combobox-field.spec.tsx" name="ComboboxField &gt; calls onUserInteraction when option is selected" time="0.005366948">
        </testcase>
        <testcase classname="src/app/components/forms/fields/combobox-field.spec.tsx" name="ComboboxField &gt; does not call onUserInteraction when not provided" time="0.005489305">
        </testcase>
        <testcase classname="src/app/components/forms/fields/combobox-field.spec.tsx" name="ComboboxField &gt; uses default popover width" time="0.006860236">
        </testcase>
        <testcase classname="src/app/components/forms/fields/combobox-field.spec.tsx" name="ComboboxField &gt; uses custom popover width when provided" time="0.005689747">
        </testcase>
        <testcase classname="src/app/components/forms/fields/combobox-field.spec.tsx" name="ComboboxField &gt; renders form message component" time="0.004504158">
        </testcase>
        <testcase classname="src/app/components/forms/fields/combobox-field.spec.tsx" name="ComboboxField &gt; renders check and chevron icons" time="0.0088693">
        </testcase>
        <testcase classname="src/app/components/forms/fields/combobox-field.spec.tsx" name="ComboboxField &gt; handles options with custom search values" time="0.005220176">
        </testcase>
        <testcase classname="src/app/components/forms/fields/combobox-field.spec.tsx" name="ComboboxField &gt; handles options without custom search values" time="0.005115151">
        </testcase>
        <testcase classname="src/app/components/forms/fields/combobox-field.spec.tsx" name="ComboboxField &gt; renders all form structure components" time="0.006155149">
        </testcase>
        <testcase classname="src/app/components/forms/fields/combobox-field.spec.tsx" name="ComboboxField &gt; passes setValue prop when provided" time="0.004707325">
        </testcase>
        <testcase classname="src/app/components/forms/fields/combobox-field.spec.tsx" name="ComboboxField &gt; displays placeholder when field has no value" time="0.005149115">
        </testcase>
        <testcase classname="src/app/components/forms/fields/combobox-field.spec.tsx" name="ComboboxField &gt; calls setValue with correct parameters when option is selected" time="0.096802836">
        </testcase>
        <testcase classname="src/app/components/forms/fields/combobox-field.spec.tsx" name="ComboboxField &gt; calls both setValue and field.onChange when option selected" time="0.035787907">
        </testcase>
        <testcase classname="src/app/components/forms/fields/combobox-field.spec.tsx" name="ComboboxField &gt; Focus and Keyboard Behavior &gt; opens popover when user types an alphanumeric key" time="0.012684954">
        </testcase>
        <testcase classname="src/app/components/forms/fields/combobox-field.spec.tsx" name="ComboboxField &gt; Focus and Keyboard Behavior &gt; opens popover when user types a number" time="0.016959857">
        </testcase>
        <testcase classname="src/app/components/forms/fields/combobox-field.spec.tsx" name="ComboboxField &gt; Focus and Keyboard Behavior &gt; does not open popover for non-alphanumeric keys" time="0.010497679">
        </testcase>
        <testcase classname="src/app/components/forms/fields/combobox-field.spec.tsx" name="ComboboxField &gt; Focus and Keyboard Behavior &gt; populates search input when typing on closed popover" time="0.019519541">
        </testcase>
        <testcase classname="src/app/components/forms/fields/combobox-field.spec.tsx" name="ComboboxField &gt; Focus and Keyboard Behavior &gt; renders search input as controlled with value prop" time="0.008644174">
        </testcase>
        <testcase classname="src/app/components/forms/fields/combobox-field.spec.tsx" name="ComboboxField &gt; Focus and Keyboard Behavior &gt; clears search input after selecting an option" time="0.013742343">
        </testcase>
        <testcase classname="src/app/components/forms/fields/combobox-field.spec.tsx" name="ComboboxField &gt; Focus and Keyboard Behavior &gt; handles uppercase letters correctly" time="0.063092861">
        </testcase>
        <testcase classname="src/app/components/forms/fields/combobox-field.spec.tsx" name="ComboboxField &gt; Focus and Keyboard Behavior &gt; handles numbers correctly" time="0.013278535">
        </testcase>
        <testcase classname="src/app/components/forms/fields/combobox-field.spec.tsx" name="ComboboxField &gt; Focus and Keyboard Behavior &gt; populates search input when typing letter on closed popover and opens popover" time="0.0154403">
        </testcase>
        <testcase classname="src/app/components/forms/fields/combobox-field.spec.tsx" name="ComboboxField &gt; Focus and Keyboard Behavior &gt; uses controlled search input with value prop" time="0.008763254">
        </testcase>
        <testcase classname="src/app/components/forms/fields/combobox-field.spec.tsx" name="ComboboxField &gt; Focus and Keyboard Behavior &gt; passes shouldFilter prop to Command component" time="0.006670316">
        </testcase>
        <testcase classname="src/app/components/forms/fields/combobox-field.spec.tsx" name="ComboboxField &gt; Focus and Keyboard Behavior &gt; clears search value when popover closes" time="0.017831443">
        </testcase>
        <testcase classname="src/app/components/forms/fields/combobox-field.spec.tsx" name="ComboboxField &gt; Focus and Keyboard Behavior &gt; closes popover when search input is cleared while open" time="0.016779543">
        </testcase>
    </testsuite>
    <testsuite name="src/app/components/auth/signed-in-as.spec.tsx" timestamp="2026-02-06T06:11:34.297Z" hostname="runnervmkj6or" tests="8" failures="0" errors="0" skipped="0" time="0.132218306">
        <testcase classname="src/app/components/auth/signed-in-as.spec.tsx" name="SignedInAs &gt; when user has username &gt; renders the signed in text" time="0.00673287">
        </testcase>
        <testcase classname="src/app/components/auth/signed-in-as.spec.tsx" name="SignedInAs &gt; when user has username &gt; renders the key icon with correct size" time="0.005462937">
        </testcase>
        <testcase classname="src/app/components/auth/signed-in-as.spec.tsx" name="SignedInAs &gt; when user has username &gt; renders the username link" time="0.068162979">
        </testcase>
        <testcase classname="src/app/components/auth/signed-in-as.spec.tsx" name="SignedInAs &gt; when user has username &gt; applies consistent flex layout" time="0.004495774">
        </testcase>
        <testcase classname="src/app/components/auth/signed-in-as.spec.tsx" name="SignedInAs &gt; when user has username &gt; shows appropriate content based on screen size" time="0.034901234">
        </testcase>
        <testcase classname="src/app/components/auth/signed-in-as.spec.tsx" name="SignedInAs &gt; when user has no username &gt; displays email when username is undefined but email is available" time="0.00306983">
        </testcase>
        <testcase classname="src/app/components/auth/signed-in-as.spec.tsx" name="SignedInAs &gt; when user has no username &gt; displays email when username is null but email is available" time="0.004412269">
        </testcase>
        <testcase classname="src/app/components/auth/signed-in-as.spec.tsx" name="SignedInAs &gt; when user has no username &gt; returns null when user session is null" time="0.00240074">
            <system-err>
[SignedInAs] No display name found, returning null

            </system-err>
        </testcase>
    </testsuite>
    <testsuite name="src/app/components/ui/navigation-menu.spec.tsx" timestamp="2026-02-06T06:11:34.299Z" hostname="runnervmkj6or" tests="14" failures="0" errors="0" skipped="0" time="0.140649975">
        <testcase classname="src/app/components/ui/navigation-menu.spec.tsx" name="NavigationMenu &gt; renders" time="0.010078492">
        </testcase>
        <testcase classname="src/app/components/ui/navigation-menu.spec.tsx" name="NavigationMenu &gt; applies custom className" time="0.01017451">
        </testcase>
        <testcase classname="src/app/components/ui/navigation-menu.spec.tsx" name="NavigationMenu &gt; renders without viewport when viewport=false" time="0.007232707">
        </testcase>
        <testcase classname="src/app/components/ui/navigation-menu.spec.tsx" name="NavigationMenuList &gt; renders" time="0.01136664">
        </testcase>
        <testcase classname="src/app/components/ui/navigation-menu.spec.tsx" name="NavigationMenuItem &gt; renders" time="0.008747945">
        </testcase>
        <testcase classname="src/app/components/ui/navigation-menu.spec.tsx" name="NavigationMenuTrigger &gt; renders" time="0.058300407">
        </testcase>
        <testcase classname="src/app/components/ui/navigation-menu.spec.tsx" name="NavigationMenuTrigger &gt; has data-slot attribute" time="0.011634897">
        </testcase>
        <testcase classname="src/app/components/ui/navigation-menu.spec.tsx" name="NavigationMenuContent &gt; can be imported" time="0.00019417">
        </testcase>
        <testcase classname="src/app/components/ui/navigation-menu.spec.tsx" name="NavigationMenuLink &gt; can be imported" time="0.000656216">
        </testcase>
        <testcase classname="src/app/components/ui/navigation-menu.spec.tsx" name="NavigationMenuLink &gt; renders with data-slot attribute" time="0.009253282">
        </testcase>
        <testcase classname="src/app/components/ui/navigation-menu.spec.tsx" name="NavigationMenuLink &gt; applies custom className" time="0.00902448">
        </testcase>
        <testcase classname="src/app/components/ui/navigation-menu.spec.tsx" name="NavigationMenuIndicator &gt; can be imported" time="0.000304475">
        </testcase>
        <testcase classname="src/app/components/ui/navigation-menu.spec.tsx" name="NavigationMenuViewport &gt; can be imported" time="0.000227432">
        </testcase>
        <testcase classname="src/app/components/ui/navigation-menu.spec.tsx" name="navigationMenuTriggerStyle &gt; returns a string" time="0.000266053">
        </testcase>
    </testsuite>
    <testsuite name="src/app/api/featured-artists/route.spec.ts" timestamp="2026-02-06T06:11:34.301Z" hostname="runnervmkj6or" tests="11" failures="0" errors="0" skipped="0" time="0.027225767">
        <testcase classname="src/app/api/featured-artists/route.spec.ts" name="Featured Artists API Routes &gt; GET /api/featured-artists &gt; should return all featured artists with default parameters" time="0.000761622">
        </testcase>
        <testcase classname="src/app/api/featured-artists/route.spec.ts" name="Featured Artists API Routes &gt; GET /api/featured-artists &gt; should handle pagination parameters" time="0.001066257">
        </testcase>
        <testcase classname="src/app/api/featured-artists/route.spec.ts" name="Featured Artists API Routes &gt; GET /api/featured-artists &gt; should handle search parameter" time="0.006116748">
        </testcase>
        <testcase classname="src/app/api/featured-artists/route.spec.ts" name="Featured Artists API Routes &gt; GET /api/featured-artists &gt; should return empty array when no featured artists found" time="0.000794492">
        </testcase>
        <testcase classname="src/app/api/featured-artists/route.spec.ts" name="Featured Artists API Routes &gt; GET /api/featured-artists &gt; should return 503 when database is unavailable" time="0.000484578">
        </testcase>
        <testcase classname="src/app/api/featured-artists/route.spec.ts" name="Featured Artists API Routes &gt; GET /api/featured-artists &gt; should return 500 for other errors" time="0.001357496">
        </testcase>
        <testcase classname="src/app/api/featured-artists/route.spec.ts" name="Featured Artists API Routes &gt; POST /api/featured-artists &gt; should create a new featured artist" time="0.001233407">
        </testcase>
        <testcase classname="src/app/api/featured-artists/route.spec.ts" name="Featured Artists API Routes &gt; POST /api/featured-artists &gt; should return 503 when database is unavailable on create" time="0.00097643">
        </testcase>
        <testcase classname="src/app/api/featured-artists/route.spec.ts" name="Featured Artists API Routes &gt; POST /api/featured-artists &gt; should return 500 for create errors" time="0.00194715">
        </testcase>
        <testcase classname="src/app/api/featured-artists/route.spec.ts" name="Featured Artists API Routes &gt; POST /api/featured-artists &gt; should handle unexpected errors in GET and return 500" time="0.001470566">
            <system-err>
FeaturedArtist GET error: Error: Unexpected error
    at [90m/home/runner/work/boudreaux/boudreaux/[39msrc/app/api/featured-artists/route.spec.ts:215:9
    at [90mfile:///home/runner/work/boudreaux/boudreaux/[39mnode_modules/[4m@vitest/runner[24m/dist/index.js:145:11
    at [90mfile:///home/runner/work/boudreaux/boudreaux/[39mnode_modules/[4m@vitest/runner[24m/dist/index.js:915:26
    at [90mfile:///home/runner/work/boudreaux/boudreaux/[39mnode_modules/[4m@vitest/runner[24m/dist/index.js:1243:20
    at new Promise (&lt;anonymous&gt;)
    at runWithTimeout [90m(file:///home/runner/work/boudreaux/boudreaux/[39mnode_modules/[4m@vitest/runner[24m/dist/index.js:1209:10[90m)[39m
    at [90mfile:///home/runner/work/boudreaux/boudreaux/[39mnode_modules/[4m@vitest/runner[24m/dist/index.js:1653:37
    at Traces.$ [90m(file:///home/runner/work/boudreaux/boudreaux/[39mnode_modules/[4mvitest[24m/dist/chunks/traces.CCmnQaNT.js:142:27[90m)[39m
    at trace [90m(file:///home/runner/work/boudreaux/boudreaux/[39mnode_modules/[4mvitest[24m/dist/chunks/test.B8ej_ZHS.js:239:21[90m)[39m
    at runTest [90m(file:///home/runner/work/boudreaux/boudreaux/[39mnode_modules/[4m@vitest/runner[24m/dist/index.js:1653:12[90m)[39m

            </system-err>
        </testcase>
        <testcase classname="src/app/api/featured-artists/route.spec.ts" name="Featured Artists API Routes &gt; POST /api/featured-artists &gt; should handle unexpected errors in POST and return 500" time="0.008124169">
            <system-err>
FeaturedArtist POST error: Error: Unexpected error
    at [90m/home/runner/work/boudreaux/boudreaux/[39msrc/app/api/featured-artists/route.spec.ts:228:9
    at [90mfile:///home/runner/work/boudreaux/boudreaux/[39mnode_modules/[4m@vitest/runner[24m/dist/index.js:145:11
    at [90mfile:///home/runner/work/boudreaux/boudreaux/[39mnode_modules/[4m@vitest/runner[24m/dist/index.js:915:26
    at [90mfile:///home/runner/work/boudreaux/boudreaux/[39mnode_modules/[4m@vitest/runner[24m/dist/index.js:1243:20
    at new Promise (&lt;anonymous&gt;)
    at runWithTimeout [90m(file:///home/runner/work/boudreaux/boudreaux/[39mnode_modules/[4m@vitest/runner[24m/dist/index.js:1209:10[90m)[39m
    at [90mfile:///home/runner/work/boudreaux/boudreaux/[39mnode_modules/[4m@vitest/runner[24m/dist/index.js:1653:37
    at Traces.$ [90m(file:///home/runner/work/boudreaux/boudreaux/[39mnode_modules/[4mvitest[24m/dist/chunks/traces.CCmnQaNT.js:142:27[90m)[39m
    at trace [90m(file:///home/runner/work/boudreaux/boudreaux/[39mnode_modules/[4mvitest[24m/dist/chunks/test.B8ej_ZHS.js:239:21[90m)[39m
    at runTest [90m(file:///home/runner/work/boudreaux/boudreaux/[39mnode_modules/[4m@vitest/runner[24m/dist/index.js:1653:12[90m)[39m

            </system-err>
        </testcase>
    </testsuite>
    <testsuite name="src/app/components/ui/input-otp.spec.tsx" timestamp="2026-02-06T06:11:34.304Z" hostname="runnervmkj6or" tests="16" failures="0" errors="0" skipped="0" time="0.229031145">
        <testcase classname="src/app/components/ui/input-otp.spec.tsx" name="InputOTP &gt; renders" time="0.005559255">
        </testcase>
        <testcase classname="src/app/components/ui/input-otp.spec.tsx" name="InputOTP &gt; applies custom className" time="0.005493242">
        </testcase>
        <testcase classname="src/app/components/ui/input-otp.spec.tsx" name="InputOTP &gt; applies custom containerClassName" time="0.005098581">
        </testcase>
        <testcase classname="src/app/components/ui/input-otp.spec.tsx" name="InputOTPGroup &gt; renders" time="0.003929003">
        </testcase>
        <testcase classname="src/app/components/ui/input-otp.spec.tsx" name="InputOTPGroup &gt; applies custom className" time="0.015017736">
        </testcase>
        <testcase classname="src/app/components/ui/input-otp.spec.tsx" name="InputOTPGroup &gt; has flex layout" time="0.004693229">
        </testcase>
        <testcase classname="src/app/components/ui/input-otp.spec.tsx" name="InputOTPSlot &gt; renders" time="0.009651971">
        </testcase>
        <testcase classname="src/app/components/ui/input-otp.spec.tsx" name="InputOTPSlot &gt; applies custom className" time="0.057394039">
        </testcase>
        <testcase classname="src/app/components/ui/input-otp.spec.tsx" name="InputOTPSlot &gt; renders multiple slots" time="0.009702675">
        </testcase>
        <testcase classname="src/app/components/ui/input-otp.spec.tsx" name="InputOTPSeparator &gt; renders" time="0.007882391">
        </testcase>
        <testcase classname="src/app/components/ui/input-otp.spec.tsx" name="InputOTPSeparator &gt; has separator role" time="0.051588728">
        </testcase>
        <testcase classname="src/app/components/ui/input-otp.spec.tsx" name="InputOTPSeparator &gt; contains minus icon" time="0.007330819">
        </testcase>
        <testcase classname="src/app/components/ui/input-otp.spec.tsx" name="Full InputOTP Integration &gt; renders a complete OTP input with separator" time="0.0107731">
        </testcase>
        <testcase classname="src/app/components/ui/input-otp.spec.tsx" name="InputOTPSlot with fake caret &gt; renders fake caret when slot has focus" time="0.015740919">
        </testcase>
        <testcase classname="src/app/components/ui/input-otp.spec.tsx" name="InputOTPSlot with fake caret &gt; displays character in slot when provided" time="0.009667831">
            <system-err>
Input contains an input of type undefined with both value and defaultValue props. Input elements must be either controlled or uncontrolled (specify either the value prop, or the defaultValue prop, but not both). Decide between using a controlled or uncontrolled input element and remove one of these props. More info: https://react.dev/link/controlled-components

            </system-err>
        </testcase>
        <testcase classname="src/app/components/ui/input-otp.spec.tsx" name="InputOTPSlot with fake caret &gt; handles slot without context gracefully" time="0.00620393">
        </testcase>
    </testsuite>
    <testsuite name="src/lib/validation/create-track-schema.spec.ts" timestamp="2026-02-06T06:11:34.308Z" hostname="runnervmkj6or" tests="42" failures="0" errors="0" skipped="0" time="0.021429623">
        <testcase classname="src/lib/validation/create-track-schema.spec.ts" name="create-track-schema &gt; title validation &gt; should accept valid titles" time="0.000239113">
        </testcase>
        <testcase classname="src/lib/validation/create-track-schema.spec.ts" name="create-track-schema &gt; title validation &gt; should reject empty title" time="0.000316106">
        </testcase>
        <testcase classname="src/lib/validation/create-track-schema.spec.ts" name="create-track-schema &gt; title validation &gt; should reject title exceeding 200 characters" time="0.000279708">
        </testcase>
        <testcase classname="src/lib/validation/create-track-schema.spec.ts" name="create-track-schema &gt; title validation &gt; should accept title at max length (200 characters)" time="0.000126684">
        </testcase>
        <testcase classname="src/lib/validation/create-track-schema.spec.ts" name="create-track-schema &gt; duration validation &gt; should accept valid durations" time="0.000287433">
        </testcase>
        <testcase classname="src/lib/validation/create-track-schema.spec.ts" name="create-track-schema &gt; duration validation &gt; should reject duration less than 1 second" time="0.00026424">
        </testcase>
        <testcase classname="src/lib/validation/create-track-schema.spec.ts" name="create-track-schema &gt; duration validation &gt; should reject negative duration" time="0.00026431">
        </testcase>
        <testcase classname="src/lib/validation/create-track-schema.spec.ts" name="create-track-schema &gt; duration validation &gt; should reject duration exceeding 24 hours (86400 seconds)" time="0.000285399">
        </testcase>
        <testcase classname="src/lib/validation/create-track-schema.spec.ts" name="create-track-schema &gt; duration validation &gt; should accept duration at max (86400 seconds = 24 hours)" time="0.000153034">
        </testcase>
        <testcase classname="src/lib/validation/create-track-schema.spec.ts" name="create-track-schema &gt; duration validation &gt; should reject non-integer duration" time="0.000411022">
        </testcase>
        <testcase classname="src/lib/validation/create-track-schema.spec.ts" name="create-track-schema &gt; audioUrl validation &gt; should accept valid URLs" time="0.000341322">
        </testcase>
        <testcase classname="src/lib/validation/create-track-schema.spec.ts" name="create-track-schema &gt; audioUrl validation &gt; should reject empty audioUrl" time="0.000387538">
        </testcase>
        <testcase classname="src/lib/validation/create-track-schema.spec.ts" name="create-track-schema &gt; audioUrl validation &gt; should reject invalid URLs" time="0.000651557">
        </testcase>
        <testcase classname="src/lib/validation/create-track-schema.spec.ts" name="create-track-schema &gt; coverArt validation &gt; should accept valid URLs" time="0.000751373">
        </testcase>
        <testcase classname="src/lib/validation/create-track-schema.spec.ts" name="create-track-schema &gt; coverArt validation &gt; should accept empty coverArt (optional field)" time="0.003742066">
        </testcase>
        <testcase classname="src/lib/validation/create-track-schema.spec.ts" name="create-track-schema &gt; coverArt validation &gt; should accept undefined coverArt" time="0.000461205">
        </testcase>
        <testcase classname="src/lib/validation/create-track-schema.spec.ts" name="create-track-schema &gt; coverArt validation &gt; should reject invalid URLs" time="0.001356955">
        </testcase>
        <testcase classname="src/lib/validation/create-track-schema.spec.ts" name="create-track-schema &gt; position validation &gt; should accept valid positions" time="0.00043137">
        </testcase>
        <testcase classname="src/lib/validation/create-track-schema.spec.ts" name="create-track-schema &gt; position validation &gt; should reject negative positions" time="0.000382529">
        </testcase>
        <testcase classname="src/lib/validation/create-track-schema.spec.ts" name="create-track-schema &gt; position validation &gt; should reject non-integer positions" time="0.0004693">
        </testcase>
        <testcase classname="src/lib/validation/create-track-schema.spec.ts" name="create-track-schema &gt; artistIds validation &gt; should accept valid MongoDB ObjectIds" time="0.000181306">
        </testcase>
        <testcase classname="src/lib/validation/create-track-schema.spec.ts" name="create-track-schema &gt; artistIds validation &gt; should accept empty artistIds array" time="0.000316767">
        </testcase>
        <testcase classname="src/lib/validation/create-track-schema.spec.ts" name="create-track-schema &gt; artistIds validation &gt; should accept undefined artistIds" time="0.000330573">
        </testcase>
        <testcase classname="src/lib/validation/create-track-schema.spec.ts" name="create-track-schema &gt; artistIds validation &gt; should reject invalid MongoDB ObjectIds" time="0.000808339">
        </testcase>
        <testcase classname="src/lib/validation/create-track-schema.spec.ts" name="create-track-schema &gt; releaseIds validation &gt; should accept valid MongoDB ObjectIds" time="0.000165356">
        </testcase>
        <testcase classname="src/lib/validation/create-track-schema.spec.ts" name="create-track-schema &gt; releaseIds validation &gt; should accept empty releaseIds array" time="0.000184471">
        </testcase>
        <testcase classname="src/lib/validation/create-track-schema.spec.ts" name="create-track-schema &gt; releaseIds validation &gt; should accept undefined releaseIds" time="0.000153344">
        </testcase>
        <testcase classname="src/lib/validation/create-track-schema.spec.ts" name="create-track-schema &gt; releaseIds validation &gt; should reject invalid MongoDB ObjectIds" time="0.000547134">
        </testcase>
        <testcase classname="src/lib/validation/create-track-schema.spec.ts" name="create-track-schema &gt; publishedOn validation &gt; should accept valid date strings" time="0.000503122">
        </testcase>
        <testcase classname="src/lib/validation/create-track-schema.spec.ts" name="create-track-schema &gt; publishedOn validation &gt; should accept empty publishedOn" time="0.000331835">
        </testcase>
        <testcase classname="src/lib/validation/create-track-schema.spec.ts" name="create-track-schema &gt; publishedOn validation &gt; should accept undefined publishedOn" time="0.000195663">
        </testcase>
        <testcase classname="src/lib/validation/create-track-schema.spec.ts" name="create-track-schema &gt; createdBy validation &gt; should accept valid MongoDB ObjectId" time="0.000202827">
        </testcase>
        <testcase classname="src/lib/validation/create-track-schema.spec.ts" name="create-track-schema &gt; createdBy validation &gt; should accept undefined createdBy" time="0.000232921">
        </testcase>
        <testcase classname="src/lib/validation/create-track-schema.spec.ts" name="create-track-schema &gt; createdBy validation &gt; should reject invalid MongoDB ObjectId format" time="0.000648302">
        </testcase>
        <testcase classname="src/lib/validation/create-track-schema.spec.ts" name="create-track-schema &gt; full form validation &gt; should accept complete valid data" time="0.000190333">
        </testcase>
        <testcase classname="src/lib/validation/create-track-schema.spec.ts" name="create-track-schema &gt; full form validation &gt; should accept minimal required data" time="0.00021035">
        </testcase>
        <testcase classname="src/lib/validation/create-track-schema.spec.ts" name="create-track-schema &gt; full form validation &gt; should reject data missing required fields" time="0.000241217">
        </testcase>
        <testcase classname="src/lib/validation/create-track-schema.spec.ts" name="create-track-schema &gt; full form validation &gt; should reject data with missing title" time="0.000417554">
        </testcase>
        <testcase classname="src/lib/validation/create-track-schema.spec.ts" name="create-track-schema &gt; full form validation &gt; should reject data with missing duration" time="0.000187517">
        </testcase>
        <testcase classname="src/lib/validation/create-track-schema.spec.ts" name="create-track-schema &gt; full form validation &gt; should reject data with missing audioUrl" time="0.000303102">
        </testcase>
        <testcase classname="src/lib/validation/create-track-schema.spec.ts" name="create-track-schema &gt; full form validation &gt; should reject data with missing position" time="0.000245515">
        </testcase>
        <testcase classname="src/lib/validation/create-track-schema.spec.ts" name="create-track-schema &gt; type inference &gt; should correctly infer TrackFormData type" time="0.000182529">
        </testcase>
    </testsuite>
    <testsuite name="src/app/components/ui/spinners/message-spinner.spec.tsx" timestamp="2026-02-06T06:11:34.316Z" hostname="runnervmkj6or" tests="31" failures="0" errors="0" skipped="0" time="0.105449978">
        <testcase classname="src/app/components/ui/spinners/message-spinner.spec.tsx" name="MessageSpinner &gt; rendering &gt; should render the title" time="0.001773017">
        </testcase>
        <testcase classname="src/app/components/ui/spinners/message-spinner.spec.tsx" name="MessageSpinner &gt; rendering &gt; should render the SpinnerRingCircle component" time="0.002111283">
        </testcase>
        <testcase classname="src/app/components/ui/spinners/message-spinner.spec.tsx" name="MessageSpinner &gt; rendering &gt; should pass size prop to SpinnerRingCircle" time="0.001767076">
        </testcase>
        <testcase classname="src/app/components/ui/spinners/message-spinner.spec.tsx" name="MessageSpinner &gt; rendering &gt; should pass variant prop to SpinnerRingCircle" time="0.001445068">
        </testcase>
        <testcase classname="src/app/components/ui/spinners/message-spinner.spec.tsx" name="MessageSpinner &gt; size variants &gt; small size &gt; should apply small gap spacing" time="0.002292831">
        </testcase>
        <testcase classname="src/app/components/ui/spinners/message-spinner.spec.tsx" name="MessageSpinner &gt; size variants &gt; small size &gt; should apply small text size to title" time="0.002694295">
        </testcase>
        <testcase classname="src/app/components/ui/spinners/message-spinner.spec.tsx" name="MessageSpinner &gt; size variants &gt; small size &gt; should apply small container dimensions" time="0.001907906">
        </testcase>
        <testcase classname="src/app/components/ui/spinners/message-spinner.spec.tsx" name="MessageSpinner &gt; size variants &gt; medium size &gt; should apply medium gap spacing" time="0.002391824">
        </testcase>
        <testcase classname="src/app/components/ui/spinners/message-spinner.spec.tsx" name="MessageSpinner &gt; size variants &gt; medium size &gt; should apply medium text size to title" time="0.003729864">
        </testcase>
        <testcase classname="src/app/components/ui/spinners/message-spinner.spec.tsx" name="MessageSpinner &gt; size variants &gt; medium size &gt; should apply medium container dimensions" time="0.003099746">
        </testcase>
        <testcase classname="src/app/components/ui/spinners/message-spinner.spec.tsx" name="MessageSpinner &gt; size variants &gt; large size &gt; should apply large gap spacing" time="0.001190427">
        </testcase>
        <testcase classname="src/app/components/ui/spinners/message-spinner.spec.tsx" name="MessageSpinner &gt; size variants &gt; large size &gt; should apply large text size to title" time="0.001813562">
        </testcase>
        <testcase classname="src/app/components/ui/spinners/message-spinner.spec.tsx" name="MessageSpinner &gt; size variants &gt; large size &gt; should apply large container dimensions" time="0.001518785">
        </testcase>
        <testcase classname="src/app/components/ui/spinners/message-spinner.spec.tsx" name="MessageSpinner &gt; spinner variants &gt; should render with default variant" time="0.001417768">
        </testcase>
        <testcase classname="src/app/components/ui/spinners/message-spinner.spec.tsx" name="MessageSpinner &gt; spinner variants &gt; should render with primary variant" time="0.001722453">
        </testcase>
        <testcase classname="src/app/components/ui/spinners/message-spinner.spec.tsx" name="MessageSpinner &gt; spinner variants &gt; should render with accent variant" time="0.001567656">
        </testcase>
        <testcase classname="src/app/components/ui/spinners/message-spinner.spec.tsx" name="MessageSpinner &gt; className prop &gt; should apply custom className to wrapper" time="0.027564105">
        </testcase>
        <testcase classname="src/app/components/ui/spinners/message-spinner.spec.tsx" name="MessageSpinner &gt; className prop &gt; should merge custom className with variant classes" time="0.004235661">
        </testcase>
        <testcase classname="src/app/components/ui/spinners/message-spinner.spec.tsx" name="MessageSpinner &gt; layout structure &gt; should have flex column layout" time="0.001712455">
        </testcase>
        <testcase classname="src/app/components/ui/spinners/message-spinner.spec.tsx" name="MessageSpinner &gt; layout structure &gt; should have centered spinner container" time="0.001254626">
        </testcase>
        <testcase classname="src/app/components/ui/spinners/message-spinner.spec.tsx" name="MessageSpinner &gt; layout structure &gt; should have proper layout structure with inner container" time="0.002514682">
        </testcase>
        <testcase classname="src/app/components/ui/spinners/message-spinner.spec.tsx" name="MessageSpinner &gt; accessibility &gt; should render title text element" time="0.011282073">
        </testcase>
        <testcase classname="src/app/components/ui/spinners/message-spinner.spec.tsx" name="MessageSpinner &gt; accessibility &gt; should display the provided title text" time="0.004001277">
        </testcase>
        <testcase classname="src/app/components/ui/spinners/message-spinner.spec.tsx" name="MessageSpinner &gt; size and variant combinations &gt; should render all elements with correct defaults for small size" time="0.002258467">
        </testcase>
        <testcase classname="src/app/components/ui/spinners/message-spinner.spec.tsx" name="MessageSpinner &gt; size and variant combinations &gt; should render all elements with correct defaults for medium size and primary variant" time="0.003042239">
        </testcase>
        <testcase classname="src/app/components/ui/spinners/message-spinner.spec.tsx" name="MessageSpinner &gt; size and variant combinations &gt; should render all elements with correct defaults for large size and accent variant" time="0.002197303">
        </testcase>
        <testcase classname="src/app/components/ui/spinners/message-spinner.spec.tsx" name="MessageSpinner &gt; Accessibility &gt; should use default variant when not provided" time="0.002242617">
        </testcase>
        <testcase classname="src/app/components/ui/spinners/message-spinner.spec.tsx" name="MessageSpinner &gt; Accessibility &gt; should use default message when not provided" time="0.002046473">
        </testcase>
        <testcase classname="src/app/components/ui/spinners/message-spinner.spec.tsx" name="MessageSpinner &gt; Accessibility &gt; should use medium size by default for heading when not provided" time="0.001795678">
        </testcase>
        <testcase classname="src/app/components/ui/spinners/message-spinner.spec.tsx" name="MessageSpinner &gt; MessageHeading2 component &gt; should render with provided message" time="0.00153195">
        </testcase>
        <testcase classname="src/app/components/ui/spinners/message-spinner.spec.tsx" name="MessageSpinner &gt; MessageHeading2 component &gt; should apply correct size classes" time="0.001702947">
        </testcase>
    </testsuite>
    <testsuite name="src/lib/utils/tailwind-utils.spec.ts" timestamp="2026-02-06T06:11:34.321Z" hostname="runnervmkj6or" tests="10" failures="0" errors="0" skipped="0" time="0.013652217">
        <testcase classname="src/lib/utils/tailwind-utils.spec.ts" name="tailwind-utils &gt; cn (className utility) &gt; should merge class names" time="0.000129059">
        </testcase>
        <testcase classname="src/lib/utils/tailwind-utils.spec.ts" name="tailwind-utils &gt; cn (className utility) &gt; should handle conditional classes" time="0.00032365">
        </testcase>
        <testcase classname="src/lib/utils/tailwind-utils.spec.ts" name="tailwind-utils &gt; cn (className utility) &gt; should handle Tailwind conflicts properly" time="0.000687705">
        </testcase>
        <testcase classname="src/lib/utils/tailwind-utils.spec.ts" name="tailwind-utils &gt; cn (className utility) &gt; should handle complex conditional logic" time="0.000678117">
        </testcase>
        <testcase classname="src/lib/utils/tailwind-utils.spec.ts" name="tailwind-utils &gt; cn (className utility) &gt; should handle arrays of classes" time="0.00044234">
        </testcase>
        <testcase classname="src/lib/utils/tailwind-utils.spec.ts" name="tailwind-utils &gt; cn (className utility) &gt; should handle undefined and null values" time="0.000174062">
        </testcase>
        <testcase classname="src/lib/utils/tailwind-utils.spec.ts" name="tailwind-utils &gt; cn (className utility) &gt; should handle empty strings" time="0.000643433">
        </testcase>
        <testcase classname="src/lib/utils/tailwind-utils.spec.ts" name="tailwind-utils &gt; cn (className utility) &gt; should handle nested arrays and objects" time="0.000601295">
        </testcase>
        <testcase classname="src/lib/utils/tailwind-utils.spec.ts" name="tailwind-utils &gt; cn (className utility) &gt; should return empty string for no arguments" time="0.007355615">
        </testcase>
        <testcase classname="src/lib/utils/tailwind-utils.spec.ts" name="tailwind-utils &gt; cn (className utility) &gt; should deduplicate identical classes" time="0.00024297">
        </testcase>
    </testsuite>
    <testsuite name="src/app/api/tracks/metadata/route.spec.ts" timestamp="2026-02-06T06:11:34.323Z" hostname="runnervmkj6or" tests="8" failures="0" errors="0" skipped="0" time="0.035711387">
        <testcase classname="src/app/api/tracks/metadata/route.spec.ts" name="POST /api/tracks/metadata &gt; should return 400 if content type header is missing" time="0.000326686">
        </testcase>
        <testcase classname="src/app/api/tracks/metadata/route.spec.ts" name="POST /api/tracks/metadata &gt; should return 400 if content type is not multipart/form-data" time="0.000258819">
        </testcase>
        <testcase classname="src/app/api/tracks/metadata/route.spec.ts" name="POST /api/tracks/metadata &gt; should return 400 if no file is provided" time="0.000478327">
        </testcase>
        <testcase classname="src/app/api/tracks/metadata/route.spec.ts" name="POST /api/tracks/metadata &gt; should return 400 for unsupported file types" time="0.00066919">
        </testcase>
        <testcase classname="src/app/api/tracks/metadata/route.spec.ts" name="POST /api/tracks/metadata &gt; should extract metadata from valid audio file" time="0.003646089">
        </testcase>
        <testcase classname="src/app/api/tracks/metadata/route.spec.ts" name="POST /api/tracks/metadata &gt; should accept various audio formats" time="0.003896734">
        </testcase>
        <testcase classname="src/app/api/tracks/metadata/route.spec.ts" name="POST /api/tracks/metadata &gt; should return 400 when metadata extraction fails" time="0.0006633">
        </testcase>
        <testcase classname="src/app/api/tracks/metadata/route.spec.ts" name="POST /api/tracks/metadata &gt; should return 500 for unexpected errors" time="0.009882279">
            <system-err>
Track metadata extraction error: Error: Unexpected error
    at [90m/home/runner/work/boudreaux/boudreaux/[39msrc/app/api/tracks/metadata/route.spec.ts:200:43
    at [90mfile:///home/runner/work/boudreaux/boudreaux/[39mnode_modules/[4m@vitest/runner[24m/dist/index.js:145:11
    at [90mfile:///home/runner/work/boudreaux/boudreaux/[39mnode_modules/[4m@vitest/runner[24m/dist/index.js:915:26
    at [90mfile:///home/runner/work/boudreaux/boudreaux/[39mnode_modules/[4m@vitest/runner[24m/dist/index.js:1243:20
    at new Promise (&lt;anonymous&gt;)
    at runWithTimeout [90m(file:///home/runner/work/boudreaux/boudreaux/[39mnode_modules/[4m@vitest/runner[24m/dist/index.js:1209:10[90m)[39m
    at [90mfile:///home/runner/work/boudreaux/boudreaux/[39mnode_modules/[4m@vitest/runner[24m/dist/index.js:1653:37
    at Traces.$ [90m(file:///home/runner/work/boudreaux/boudreaux/[39mnode_modules/[4mvitest[24m/dist/chunks/traces.CCmnQaNT.js:142:27[90m)[39m
    at trace [90m(file:///home/runner/work/boudreaux/boudreaux/[39mnode_modules/[4mvitest[24m/dist/chunks/test.B8ej_ZHS.js:239:21[90m)[39m
    at runTest [90m(file:///home/runner/work/boudreaux/boudreaux/[39mnode_modules/[4m@vitest/runner[24m/dist/index.js:1653:12[90m)[39m

            </system-err>
        </testcase>
    </testsuite>
    <testsuite name="src/lib/services/track-service.spec.ts" timestamp="2026-02-06T06:11:34.326Z" hostname="runnervmkj6or" tests="31" failures="0" errors="0" skipped="0" time="0.032626949">
        <testcase classname="src/lib/services/track-service.spec.ts" name="TrackService &gt; createTrack &gt; should create a track successfully" time="0.000457959">
        </testcase>
        <testcase classname="src/lib/services/track-service.spec.ts" name="TrackService &gt; createTrack &gt; should return error for unique constraint violation" time="0.000423255">
        </testcase>
        <testcase classname="src/lib/services/track-service.spec.ts" name="TrackService &gt; createTrack &gt; should return error for database initialization failure" time="0.000988282">
            <system-err>
Database connection failed: PrismaClientInitializationError: Database connection failed
    at [90m/home/runner/work/boudreaux/boudreaux/[39msrc/lib/services/track-service.spec.ts:122:27
    at [90mfile:///home/runner/work/boudreaux/boudreaux/[39mnode_modules/[4m@vitest/runner[24m/dist/index.js:145:11
    at [90mfile:///home/runner/work/boudreaux/boudreaux/[39mnode_modules/[4m@vitest/runner[24m/dist/index.js:915:26
    at [90mfile:///home/runner/work/boudreaux/boudreaux/[39mnode_modules/[4m@vitest/runner[24m/dist/index.js:1243:20
    at new Promise (&lt;anonymous&gt;)
    at runWithTimeout [90m(file:///home/runner/work/boudreaux/boudreaux/[39mnode_modules/[4m@vitest/runner[24m/dist/index.js:1209:10[90m)[39m
    at [90mfile:///home/runner/work/boudreaux/boudreaux/[39mnode_modules/[4m@vitest/runner[24m/dist/index.js:1653:37
    at Traces.$ [90m(file:///home/runner/work/boudreaux/boudreaux/[39mnode_modules/[4mvitest[24m/dist/chunks/traces.CCmnQaNT.js:142:27[90m)[39m
    at trace [90m(file:///home/runner/work/boudreaux/boudreaux/[39mnode_modules/[4mvitest[24m/dist/chunks/test.B8ej_ZHS.js:239:21[90m)[39m
    at runTest [90m(file:///home/runner/work/boudreaux/boudreaux/[39mnode_modules/[4m@vitest/runner[24m/dist/index.js:1653:12[90m)[39m

            </system-err>
        </testcase>
        <testcase classname="src/lib/services/track-service.spec.ts" name="TrackService &gt; createTrack &gt; should return generic error for unknown failures" time="0.000728631">
            <system-err>
Unexpected error: Error: Unknown error
    at [90m/home/runner/work/boudreaux/boudreaux/[39msrc/lib/services/track-service.spec.ts:138:56
    at [90mfile:///home/runner/work/boudreaux/boudreaux/[39mnode_modules/[4m@vitest/runner[24m/dist/index.js:145:11
    at [90mfile:///home/runner/work/boudreaux/boudreaux/[39mnode_modules/[4m@vitest/runner[24m/dist/index.js:915:26
    at [90mfile:///home/runner/work/boudreaux/boudreaux/[39mnode_modules/[4m@vitest/runner[24m/dist/index.js:1243:20
    at new Promise (&lt;anonymous&gt;)
    at runWithTimeout [90m(file:///home/runner/work/boudreaux/boudreaux/[39mnode_modules/[4m@vitest/runner[24m/dist/index.js:1209:10[90m)[39m
    at [90mfile:///home/runner/work/boudreaux/boudreaux/[39mnode_modules/[4m@vitest/runner[24m/dist/index.js:1653:37
    at Traces.$ [90m(file:///home/runner/work/boudreaux/boudreaux/[39mnode_modules/[4mvitest[24m/dist/chunks/traces.CCmnQaNT.js:142:27[90m)[39m
    at trace [90m(file:///home/runner/work/boudreaux/boudreaux/[39mnode_modules/[4mvitest[24m/dist/chunks/test.B8ej_ZHS.js:239:21[90m)[39m
    at runTest [90m(file:///home/runner/work/boudreaux/boudreaux/[39mnode_modules/[4m@vitest/runner[24m/dist/index.js:1653:12[90m)[39m

            </system-err>
        </testcase>
        <testcase classname="src/lib/services/track-service.spec.ts" name="TrackService &gt; getTrackById &gt; should retrieve a track by ID successfully" time="0.000445286">
        </testcase>
        <testcase classname="src/lib/services/track-service.spec.ts" name="TrackService &gt; getTrackById &gt; should return error when track is not found" time="0.000338196">
        </testcase>
        <testcase classname="src/lib/services/track-service.spec.ts" name="TrackService &gt; getTrackById &gt; should return error for database initialization failure" time="0.000611293">
            <system-err>
Database connection failed: PrismaClientInitializationError: Database connection failed
    at [90m/home/runner/work/boudreaux/boudreaux/[39msrc/lib/services/track-service.spec.ts:203:27
    at [90mfile:///home/runner/work/boudreaux/boudreaux/[39mnode_modules/[4m@vitest/runner[24m/dist/index.js:145:11
    at [90mfile:///home/runner/work/boudreaux/boudreaux/[39mnode_modules/[4m@vitest/runner[24m/dist/index.js:915:26
    at [90mfile:///home/runner/work/boudreaux/boudreaux/[39mnode_modules/[4m@vitest/runner[24m/dist/index.js:1243:20
    at new Promise (&lt;anonymous&gt;)
    at runWithTimeout [90m(file:///home/runner/work/boudreaux/boudreaux/[39mnode_modules/[4m@vitest/runner[24m/dist/index.js:1209:10[90m)[39m
    at [90mfile:///home/runner/work/boudreaux/boudreaux/[39mnode_modules/[4m@vitest/runner[24m/dist/index.js:1653:37
    at Traces.$ [90m(file:///home/runner/work/boudreaux/boudreaux/[39mnode_modules/[4mvitest[24m/dist/chunks/traces.CCmnQaNT.js:142:27[90m)[39m
    at trace [90m(file:///home/runner/work/boudreaux/boudreaux/[39mnode_modules/[4mvitest[24m/dist/chunks/test.B8ej_ZHS.js:239:21[90m)[39m
    at runTest [90m(file:///home/runner/work/boudreaux/boudreaux/[39mnode_modules/[4m@vitest/runner[24m/dist/index.js:1653:12[90m)[39m

            </system-err>
        </testcase>
        <testcase classname="src/lib/services/track-service.spec.ts" name="TrackService &gt; getTrackById &gt; should return generic error for unknown failures" time="0.000601695">
            <system-err>
Unexpected error: Error: Unknown error
    at [90m/home/runner/work/boudreaux/boudreaux/[39msrc/lib/services/track-service.spec.ts:219:60
    at [90mfile:///home/runner/work/boudreaux/boudreaux/[39mnode_modules/[4m@vitest/runner[24m/dist/index.js:145:11
    at [90mfile:///home/runner/work/boudreaux/boudreaux/[39mnode_modules/[4m@vitest/runner[24m/dist/index.js:915:26
    at [90mfile:///home/runner/work/boudreaux/boudreaux/[39mnode_modules/[4m@vitest/runner[24m/dist/index.js:1243:20
    at new Promise (&lt;anonymous&gt;)
    at runWithTimeout [90m(file:///home/runner/work/boudreaux/boudreaux/[39mnode_modules/[4m@vitest/runner[24m/dist/index.js:1209:10[90m)[39m
    at [90mfile:///home/runner/work/boudreaux/boudreaux/[39mnode_modules/[4m@vitest/runner[24m/dist/index.js:1653:37
    at Traces.$ [90m(file:///home/runner/work/boudreaux/boudreaux/[39mnode_modules/[4mvitest[24m/dist/chunks/traces.CCmnQaNT.js:142:27[90m)[39m
    at trace [90m(file:///home/runner/work/boudreaux/boudreaux/[39mnode_modules/[4mvitest[24m/dist/chunks/test.B8ej_ZHS.js:239:21[90m)[39m
    at runTest [90m(file:///home/runner/work/boudreaux/boudreaux/[39mnode_modules/[4m@vitest/runner[24m/dist/index.js:1653:12[90m)[39m

            </system-err>
        </testcase>
        <testcase classname="src/lib/services/track-service.spec.ts" name="TrackService &gt; getTracks &gt; should retrieve all tracks with default params" time="0.000603258">
        </testcase>
        <testcase classname="src/lib/services/track-service.spec.ts" name="TrackService &gt; getTracks &gt; should apply skip and take params" time="0.000480771">
        </testcase>
        <testcase classname="src/lib/services/track-service.spec.ts" name="TrackService &gt; getTracks &gt; should apply search filter" time="0.001946969">
        </testcase>
        <testcase classname="src/lib/services/track-service.spec.ts" name="TrackService &gt; getTracks &gt; should return empty array when no tracks exist" time="0.000361591">
        </testcase>
        <testcase classname="src/lib/services/track-service.spec.ts" name="TrackService &gt; getTracks &gt; should return error for database initialization failure" time="0.000745041">
            <system-err>
Database connection failed: PrismaClientInitializationError: Database connection failed
    at [90m/home/runner/work/boudreaux/boudreaux/[39msrc/lib/services/track-service.spec.ts:293:27
    at [90mfile:///home/runner/work/boudreaux/boudreaux/[39mnode_modules/[4m@vitest/runner[24m/dist/index.js:145:11
    at [90mfile:///home/runner/work/boudreaux/boudreaux/[39mnode_modules/[4m@vitest/runner[24m/dist/index.js:915:26
    at [90mfile:///home/runner/work/boudreaux/boudreaux/[39mnode_modules/[4m@vitest/runner[24m/dist/index.js:1243:20
    at new Promise (&lt;anonymous&gt;)
    at runWithTimeout [90m(file:///home/runner/work/boudreaux/boudreaux/[39mnode_modules/[4m@vitest/runner[24m/dist/index.js:1209:10[90m)[39m
    at [90mfile:///home/runner/work/boudreaux/boudreaux/[39mnode_modules/[4m@vitest/runner[24m/dist/index.js:1653:37
    at Traces.$ [90m(file:///home/runner/work/boudreaux/boudreaux/[39mnode_modules/[4mvitest[24m/dist/chunks/traces.CCmnQaNT.js:142:27[90m)[39m
    at trace [90m(file:///home/runner/work/boudreaux/boudreaux/[39mnode_modules/[4mvitest[24m/dist/chunks/test.B8ej_ZHS.js:239:21[90m)[39m
    at runTest [90m(file:///home/runner/work/boudreaux/boudreaux/[39mnode_modules/[4m@vitest/runner[24m/dist/index.js:1653:12[90m)[39m

            </system-err>
        </testcase>
        <testcase classname="src/lib/services/track-service.spec.ts" name="TrackService &gt; getTracks &gt; should return generic error for unknown failures" time="0.000792558">
            <system-err>
Unexpected error: Error: Unknown error
    at [90m/home/runner/work/boudreaux/boudreaux/[39msrc/lib/services/track-service.spec.ts:309:58
    at [90mfile:///home/runner/work/boudreaux/boudreaux/[39mnode_modules/[4m@vitest/runner[24m/dist/index.js:145:11
    at [90mfile:///home/runner/work/boudreaux/boudreaux/[39mnode_modules/[4m@vitest/runner[24m/dist/index.js:915:26
    at [90mfile:///home/runner/work/boudreaux/boudreaux/[39mnode_modules/[4m@vitest/runner[24m/dist/index.js:1243:20
    at new Promise (&lt;anonymous&gt;)
    at runWithTimeout [90m(file:///home/runner/work/boudreaux/boudreaux/[39mnode_modules/[4m@vitest/runner[24m/dist/index.js:1209:10[90m)[39m
    at [90mfile:///home/runner/work/boudreaux/boudreaux/[39mnode_modules/[4m@vitest/runner[24m/dist/index.js:1653:37
    at Traces.$ [90m(file:///home/runner/work/boudreaux/boudreaux/[39mnode_modules/[4mvitest[24m/dist/chunks/traces.CCmnQaNT.js:142:27[90m)[39m
    at trace [90m(file:///home/runner/work/boudreaux/boudreaux/[39mnode_modules/[4mvitest[24m/dist/chunks/test.B8ej_ZHS.js:239:21[90m)[39m
    at runTest [90m(file:///home/runner/work/boudreaux/boudreaux/[39mnode_modules/[4m@vitest/runner[24m/dist/index.js:1653:12[90m)[39m

            </system-err>
        </testcase>
        <testcase classname="src/lib/services/track-service.spec.ts" name="TrackService &gt; updateTrack &gt; should update a track successfully" time="0.002428442">
        </testcase>
        <testcase classname="src/lib/services/track-service.spec.ts" name="TrackService &gt; updateTrack &gt; should return error when track is not found" time="0.000358655">
        </testcase>
        <testcase classname="src/lib/services/track-service.spec.ts" name="TrackService &gt; updateTrack &gt; should return error for unique constraint violation" time="0.000608297">
        </testcase>
        <testcase classname="src/lib/services/track-service.spec.ts" name="TrackService &gt; updateTrack &gt; should return error for database initialization failure" time="0.001193693">
            <system-err>
Database connection failed: PrismaClientInitializationError: Database connection failed
    at [90m/home/runner/work/boudreaux/boudreaux/[39msrc/lib/services/track-service.spec.ts:387:27
    at [90mfile:///home/runner/work/boudreaux/boudreaux/[39mnode_modules/[4m@vitest/runner[24m/dist/index.js:145:11
    at [90mfile:///home/runner/work/boudreaux/boudreaux/[39mnode_modules/[4m@vitest/runner[24m/dist/index.js:915:26
    at [90mfile:///home/runner/work/boudreaux/boudreaux/[39mnode_modules/[4m@vitest/runner[24m/dist/index.js:1243:20
    at new Promise (&lt;anonymous&gt;)
    at runWithTimeout [90m(file:///home/runner/work/boudreaux/boudreaux/[39mnode_modules/[4m@vitest/runner[24m/dist/index.js:1209:10[90m)[39m
    at [90mfile:///home/runner/work/boudreaux/boudreaux/[39mnode_modules/[4m@vitest/runner[24m/dist/index.js:1653:37
    at Traces.$ [90m(file:///home/runner/work/boudreaux/boudreaux/[39mnode_modules/[4mvitest[24m/dist/chunks/traces.CCmnQaNT.js:142:27[90m)[39m
    at trace [90m(file:///home/runner/work/boudreaux/boudreaux/[39mnode_modules/[4mvitest[24m/dist/chunks/test.B8ej_ZHS.js:239:21[90m)[39m
    at runTest [90m(file:///home/runner/work/boudreaux/boudreaux/[39mnode_modules/[4m@vitest/runner[24m/dist/index.js:1653:12[90m)[39m

            </system-err>
        </testcase>
        <testcase classname="src/lib/services/track-service.spec.ts" name="TrackService &gt; updateTrack &gt; should return generic error for unknown failures" time="0.007409655">
            <system-err>
Unexpected error: Error: Unknown error
    at [90m/home/runner/work/boudreaux/boudreaux/[39msrc/lib/services/track-service.spec.ts:403:56
    at [90mfile:///home/runner/work/boudreaux/boudreaux/[39mnode_modules/[4m@vitest/runner[24m/dist/index.js:145:11
    at [90mfile:///home/runner/work/boudreaux/boudreaux/[39mnode_modules/[4m@vitest/runner[24m/dist/index.js:915:26
    at [90mfile:///home/runner/work/boudreaux/boudreaux/[39mnode_modules/[4m@vitest/runner[24m/dist/index.js:1243:20
    at new Promise (&lt;anonymous&gt;)
    at runWithTimeout [90m(file:///home/runner/work/boudreaux/boudreaux/[39mnode_modules/[4m@vitest/runner[24m/dist/index.js:1209:10[90m)[39m
    at [90mfile:///home/runner/work/boudreaux/boudreaux/[39mnode_modules/[4m@vitest/runner[24m/dist/index.js:1653:37
    at Traces.$ [90m(file:///home/runner/work/boudreaux/boudreaux/[39mnode_modules/[4mvitest[24m/dist/chunks/traces.CCmnQaNT.js:142:27[90m)[39m
    at trace [90m(file:///home/runner/work/boudreaux/boudreaux/[39mnode_modules/[4mvitest[24m/dist/chunks/test.B8ej_ZHS.js:239:21[90m)[39m
    at runTest [90m(file:///home/runner/work/boudreaux/boudreaux/[39mnode_modules/[4m@vitest/runner[24m/dist/index.js:1653:12[90m)[39m

            </system-err>
        </testcase>
        <testcase classname="src/lib/services/track-service.spec.ts" name="TrackService &gt; deleteTrack &gt; should delete a track successfully" time="0.000469421">
        </testcase>
        <testcase classname="src/lib/services/track-service.spec.ts" name="TrackService &gt; deleteTrack &gt; should return error when track is not found" time="0.000343878">
        </testcase>
        <testcase classname="src/lib/services/track-service.spec.ts" name="TrackService &gt; deleteTrack &gt; should return error for database initialization failure" time="0.000717971">
            <system-err>
Database connection failed: PrismaClientInitializationError: Database connection failed
    at [90m/home/runner/work/boudreaux/boudreaux/[39msrc/lib/services/track-service.spec.ts:452:27
    at [90mfile:///home/runner/work/boudreaux/boudreaux/[39mnode_modules/[4m@vitest/runner[24m/dist/index.js:145:11
    at [90mfile:///home/runner/work/boudreaux/boudreaux/[39mnode_modules/[4m@vitest/runner[24m/dist/index.js:915:26
    at [90mfile:///home/runner/work/boudreaux/boudreaux/[39mnode_modules/[4m@vitest/runner[24m/dist/index.js:1243:20
    at new Promise (&lt;anonymous&gt;)
    at runWithTimeout [90m(file:///home/runner/work/boudreaux/boudreaux/[39mnode_modules/[4m@vitest/runner[24m/dist/index.js:1209:10[90m)[39m
    at [90mfile:///home/runner/work/boudreaux/boudreaux/[39mnode_modules/[4m@vitest/runner[24m/dist/index.js:1653:37
    at Traces.$ [90m(file:///home/runner/work/boudreaux/boudreaux/[39mnode_modules/[4mvitest[24m/dist/chunks/traces.CCmnQaNT.js:142:27[90m)[39m
    at trace [90m(file:///home/runner/work/boudreaux/boudreaux/[39mnode_modules/[4mvitest[24m/dist/chunks/test.B8ej_ZHS.js:239:21[90m)[39m
    at runTest [90m(file:///home/runner/work/boudreaux/boudreaux/[39mnode_modules/[4m@vitest/runner[24m/dist/index.js:1653:12[90m)[39m

            </system-err>
        </testcase>
        <testcase classname="src/lib/services/track-service.spec.ts" name="TrackService &gt; deleteTrack &gt; should return generic error for unknown failures" time="0.000676284">
            <system-err>
Unexpected error: Error: Unknown error
    at [90m/home/runner/work/boudreaux/boudreaux/[39msrc/lib/services/track-service.spec.ts:468:56
    at [90mfile:///home/runner/work/boudreaux/boudreaux/[39mnode_modules/[4m@vitest/runner[24m/dist/index.js:145:11
    at [90mfile:///home/runner/work/boudreaux/boudreaux/[39mnode_modules/[4m@vitest/runner[24m/dist/index.js:915:26
    at [90mfile:///home/runner/work/boudreaux/boudreaux/[39mnode_modules/[4m@vitest/runner[24m/dist/index.js:1243:20
    at new Promise (&lt;anonymous&gt;)
    at runWithTimeout [90m(file:///home/runner/work/boudreaux/boudreaux/[39mnode_modules/[4m@vitest/runner[24m/dist/index.js:1209:10[90m)[39m
    at [90mfile:///home/runner/work/boudreaux/boudreaux/[39mnode_modules/[4m@vitest/runner[24m/dist/index.js:1653:37
    at Traces.$ [90m(file:///home/runner/work/boudreaux/boudreaux/[39mnode_modules/[4mvitest[24m/dist/chunks/traces.CCmnQaNT.js:142:27[90m)[39m
    at trace [90m(file:///home/runner/work/boudreaux/boudreaux/[39mnode_modules/[4mvitest[24m/dist/chunks/test.B8ej_ZHS.js:239:21[90m)[39m
    at runTest [90m(file:///home/runner/work/boudreaux/boudreaux/[39mnode_modules/[4m@vitest/runner[24m/dist/index.js:1653:12[90m)[39m

            </system-err>
        </testcase>
        <testcase classname="src/lib/services/track-service.spec.ts" name="TrackService &gt; softDeleteTrack &gt; should soft delete a track successfully" time="0.000787169">
        </testcase>
        <testcase classname="src/lib/services/track-service.spec.ts" name="TrackService &gt; softDeleteTrack &gt; should return error when track is not found" time="0.000369015">
        </testcase>
        <testcase classname="src/lib/services/track-service.spec.ts" name="TrackService &gt; softDeleteTrack &gt; should return error for database initialization failure" time="0.00059867">
            <system-err>
Database connection failed: PrismaClientInitializationError: Database connection failed
    at [90m/home/runner/work/boudreaux/boudreaux/[39msrc/lib/services/track-service.spec.ts:525:27
    at [90mfile:///home/runner/work/boudreaux/boudreaux/[39mnode_modules/[4m@vitest/runner[24m/dist/index.js:145:11
    at [90mfile:///home/runner/work/boudreaux/boudreaux/[39mnode_modules/[4m@vitest/runner[24m/dist/index.js:915:26
    at [90mfile:///home/runner/work/boudreaux/boudreaux/[39mnode_modules/[4m@vitest/runner[24m/dist/index.js:1243:20
    at new Promise (&lt;anonymous&gt;)
    at runWithTimeout [90m(file:///home/runner/work/boudreaux/boudreaux/[39mnode_modules/[4m@vitest/runner[24m/dist/index.js:1209:10[90m)[39m
    at [90mfile:///home/runner/work/boudreaux/boudreaux/[39mnode_modules/[4m@vitest/runner[24m/dist/index.js:1653:37
    at Traces.$ [90m(file:///home/runner/work/boudreaux/boudreaux/[39mnode_modules/[4mvitest[24m/dist/chunks/traces.CCmnQaNT.js:142:27[90m)[39m
    at trace [90m(file:///home/runner/work/boudreaux/boudreaux/[39mnode_modules/[4mvitest[24m/dist/chunks/test.B8ej_ZHS.js:239:21[90m)[39m
    at runTest [90m(file:///home/runner/work/boudreaux/boudreaux/[39mnode_modules/[4m@vitest/runner[24m/dist/index.js:1653:12[90m)[39m

            </system-err>
        </testcase>
        <testcase classname="src/lib/services/track-service.spec.ts" name="TrackService &gt; softDeleteTrack &gt; should return generic error for unknown failures" time="0.000734562">
            <system-err>
Unexpected error: Error: Unknown error
    at [90m/home/runner/work/boudreaux/boudreaux/[39msrc/lib/services/track-service.spec.ts:541:56
    at [90mfile:///home/runner/work/boudreaux/boudreaux/[39mnode_modules/[4m@vitest/runner[24m/dist/index.js:145:11
    at [90mfile:///home/runner/work/boudreaux/boudreaux/[39mnode_modules/[4m@vitest/runner[24m/dist/index.js:915:26
    at [90mfile:///home/runner/work/boudreaux/boudreaux/[39mnode_modules/[4m@vitest/runner[24m/dist/index.js:1243:20
    at new Promise (&lt;anonymous&gt;)
    at runWithTimeout [90m(file:///home/runner/work/boudreaux/boudreaux/[39mnode_modules/[4m@vitest/runner[24m/dist/index.js:1209:10[90m)[39m
    at [90mfile:///home/runner/work/boudreaux/boudreaux/[39mnode_modules/[4m@vitest/runner[24m/dist/index.js:1653:37
    at Traces.$ [90m(file:///home/runner/work/boudreaux/boudreaux/[39mnode_modules/[4mvitest[24m/dist/chunks/traces.CCmnQaNT.js:142:27[90m)[39m
    at trace [90m(file:///home/runner/work/boudreaux/boudreaux/[39mnode_modules/[4mvitest[24m/dist/chunks/test.B8ej_ZHS.js:239:21[90m)[39m
    at runTest [90m(file:///home/runner/work/boudreaux/boudreaux/[39mnode_modules/[4m@vitest/runner[24m/dist/index.js:1653:12[90m)[39m

            </system-err>
        </testcase>
        <testcase classname="src/lib/services/track-service.spec.ts" name="TrackService &gt; restoreTrack &gt; should restore a soft-deleted track successfully" time="0.000827514">
        </testcase>
        <testcase classname="src/lib/services/track-service.spec.ts" name="TrackService &gt; restoreTrack &gt; should return error when track is not found" time="0.000411824">
        </testcase>
        <testcase classname="src/lib/services/track-service.spec.ts" name="TrackService &gt; restoreTrack &gt; should return error for database initialization failure" time="0.001004132">
            <system-err>
Database connection failed: PrismaClientInitializationError: Database connection failed
    at [90m/home/runner/work/boudreaux/boudreaux/[39msrc/lib/services/track-service.spec.ts:598:27
    at [90mfile:///home/runner/work/boudreaux/boudreaux/[39mnode_modules/[4m@vitest/runner[24m/dist/index.js:145:11
    at [90mfile:///home/runner/work/boudreaux/boudreaux/[39mnode_modules/[4m@vitest/runner[24m/dist/index.js:915:26
    at [90mfile:///home/runner/work/boudreaux/boudreaux/[39mnode_modules/[4m@vitest/runner[24m/dist/index.js:1243:20
    at new Promise (&lt;anonymous&gt;)
    at runWithTimeout [90m(file:///home/runner/work/boudreaux/boudreaux/[39mnode_modules/[4m@vitest/runner[24m/dist/index.js:1209:10[90m)[39m
    at [90mfile:///home/runner/work/boudreaux/boudreaux/[39mnode_modules/[4m@vitest/runner[24m/dist/index.js:1653:37
    at Traces.$ [90m(file:///home/runner/work/boudreaux/boudreaux/[39mnode_modules/[4mvitest[24m/dist/chunks/traces.CCmnQaNT.js:142:27[90m)[39m
    at trace [90m(file:///home/runner/work/boudreaux/boudreaux/[39mnode_modules/[4mvitest[24m/dist/chunks/test.B8ej_ZHS.js:239:21[90m)[39m
    at runTest [90m(file:///home/runner/work/boudreaux/boudreaux/[39mnode_modules/[4m@vitest/runner[24m/dist/index.js:1653:12[90m)[39m

            </system-err>
        </testcase>
        <testcase classname="src/lib/services/track-service.spec.ts" name="TrackService &gt; restoreTrack &gt; should return generic error for unknown failures" time="0.000984054">
            <system-err>
Unexpected error: Error: Unknown error
    at [90m/home/runner/work/boudreaux/boudreaux/[39msrc/lib/services/track-service.spec.ts:614:56
    at [90mfile:///home/runner/work/boudreaux/boudreaux/[39mnode_modules/[4m@vitest/runner[24m/dist/index.js:145:11
    at [90mfile:///home/runner/work/boudreaux/boudreaux/[39mnode_modules/[4m@vitest/runner[24m/dist/index.js:915:26
    at [90mfile:///home/runner/work/boudreaux/boudreaux/[39mnode_modules/[4m@vitest/runner[24m/dist/index.js:1243:20
    at new Promise (&lt;anonymous&gt;)
    at runWithTimeout [90m(file:///home/runner/work/boudreaux/boudreaux/[39mnode_modules/[4m@vitest/runner[24m/dist/index.js:1209:10[90m)[39m
    at [90mfile:///home/runner/work/boudreaux/boudreaux/[39mnode_modules/[4m@vitest/runner[24m/dist/index.js:1653:37
    at Traces.$ [90m(file:///home/runner/work/boudreaux/boudreaux/[39mnode_modules/[4mvitest[24m/dist/chunks/traces.CCmnQaNT.js:142:27[90m)[39m
    at trace [90m(file:///home/runner/work/boudreaux/boudreaux/[39mnode_modules/[4mvitest[24m/dist/chunks/test.B8ej_ZHS.js:239:21[90m)[39m
    at runTest [90m(file:///home/runner/work/boudreaux/boudreaux/[39mnode_modules/[4m@vitest/runner[24m/dist/index.js:1653:12[90m)[39m

            </system-err>
        </testcase>
    </testsuite>
    <testsuite name="src/app/components/ui/sticky-breadcrumb-wrapper.spec.tsx" timestamp="2026-02-06T06:11:34.334Z" hostname="runnervmkj6or" tests="13" failures="0" errors="0" skipped="0" time="0.087303401">
        <testcase classname="src/app/components/ui/sticky-breadcrumb-wrapper.spec.tsx" name="StickyBreadcrumbWrapper &gt; renders children correctly" time="0.001943352">
        </testcase>
        <testcase classname="src/app/components/ui/sticky-breadcrumb-wrapper.spec.tsx" name="StickyBreadcrumbWrapper &gt; applies relative positioning when not scrolled" time="0.002932085">
        </testcase>
        <testcase classname="src/app/components/ui/sticky-breadcrumb-wrapper.spec.tsx" name="StickyBreadcrumbWrapper &gt; applies fixed positioning when scrolled past offsetTop" time="0.004297146">
            <system-err>
An update to StickyBreadcrumbWrapper inside a test was not wrapped in act(...).

When testing, code that causes React state updates should be wrapped into act(...):

act(() =&gt; {
  /* fire events that update state */
});
/* assert on the output */

This ensures that you&apos;re testing the behavior the user would see in the browser. Learn more at https://react.dev/link/wrap-tests-with-act

            </system-err>
        </testcase>
        <testcase classname="src/app/components/ui/sticky-breadcrumb-wrapper.spec.tsx" name="StickyBreadcrumbWrapper &gt; uses default offsetTop of 0 when not provided" time="0.003874823">
            <system-err>
An update to StickyBreadcrumbWrapper inside a test was not wrapped in act(...).

When testing, code that causes React state updates should be wrapped into act(...):

act(() =&gt; {
  /* fire events that update state */
});
/* assert on the output */

This ensures that you&apos;re testing the behavior the user would see in the browser. Learn more at https://react.dev/link/wrap-tests-with-act

            </system-err>
        </testcase>
        <testcase classname="src/app/components/ui/sticky-breadcrumb-wrapper.spec.tsx" name="StickyBreadcrumbWrapper &gt; stays relative when scroll is less than offsetTop" time="0.004679495">
        </testcase>
        <testcase classname="src/app/components/ui/sticky-breadcrumb-wrapper.spec.tsx" name="StickyBreadcrumbWrapper &gt; applies correct styling classes" time="0.002568391">
        </testcase>
        <testcase classname="src/app/components/ui/sticky-breadcrumb-wrapper.spec.tsx" name="StickyBreadcrumbWrapper &gt; contains inner container with correct classes" time="0.026976375">
        </testcase>
        <testcase classname="src/app/components/ui/sticky-breadcrumb-wrapper.spec.tsx" name="StickyBreadcrumbWrapper &gt; removes scroll event listener on unmount" time="0.004931021">
        </testcase>
        <testcase classname="src/app/components/ui/sticky-breadcrumb-wrapper.spec.tsx" name="StickyBreadcrumbWrapper &gt; checks initial scroll state on mount" time="0.006065032">
        </testcase>
        <testcase classname="src/app/components/ui/sticky-breadcrumb-wrapper.spec.tsx" name="StickyBreadcrumbWrapper &gt; transitions between fixed and relative on scroll changes" time="0.014173694">
            <system-err>
An update to StickyBreadcrumbWrapper inside a test was not wrapped in act(...).

When testing, code that causes React state updates should be wrapped into act(...):

act(() =&gt; {
  /* fire events that update state */
});
/* assert on the output */

This ensures that you&apos;re testing the behavior the user would see in the browser. Learn more at https://react.dev/link/wrap-tests-with-act

An update to StickyBreadcrumbWrapper inside a test was not wrapped in act(...).

When testing, code that causes React state updates should be wrapped into act(...):

act(() =&gt; {
  /* fire events that update state */
});
/* assert on the output */

This ensures that you&apos;re testing the behavior the user would see in the browser. Learn more at https://react.dev/link/wrap-tests-with-act

            </system-err>
        </testcase>
        <testcase classname="src/app/components/ui/sticky-breadcrumb-wrapper.spec.tsx" name="StickyBreadcrumbWrapper &gt; handles multiple children correctly" time="0.003585817">
        </testcase>
        <testcase classname="src/app/components/ui/sticky-breadcrumb-wrapper.spec.tsx" name="StickyBreadcrumbWrapper &gt; updates when offsetTop prop changes" time="0.006913215">
            <system-err>
An update to StickyBreadcrumbWrapper inside a test was not wrapped in act(...).

When testing, code that causes React state updates should be wrapped into act(...):

act(() =&gt; {
  /* fire events that update state */
});
/* assert on the output */

This ensures that you&apos;re testing the behavior the user would see in the browser. Learn more at https://react.dev/link/wrap-tests-with-act

            </system-err>
        </testcase>
        <testcase classname="src/app/components/ui/sticky-breadcrumb-wrapper.spec.tsx" name="StickyBreadcrumbWrapper &gt; returns null when isVisible is false" time="0.001927903">
        </testcase>
    </testsuite>
    <testsuite name="src/lib/validation/signup-schema.spec.ts" timestamp="2026-02-06T06:11:34.338Z" hostname="runnervmkj6or" tests="15" failures="0" errors="0" skipped="0" time="0.013465751">
        <testcase classname="src/lib/validation/signup-schema.spec.ts" name="signup-schema &gt; email validation &gt; should accept valid email addresses" time="0.000423325">
        </testcase>
        <testcase classname="src/lib/validation/signup-schema.spec.ts" name="signup-schema &gt; email validation &gt; should reject invalid email addresses" time="0.00146763">
        </testcase>
        <testcase classname="src/lib/validation/signup-schema.spec.ts" name="signup-schema &gt; email validation &gt; should require email field" time="0.000282564">
        </testcase>
        <testcase classname="src/lib/validation/signup-schema.spec.ts" name="signup-schema &gt; termsAndConditions validation &gt; should accept true value" time="0.000208477">
        </testcase>
        <testcase classname="src/lib/validation/signup-schema.spec.ts" name="signup-schema &gt; termsAndConditions validation &gt; should reject false value" time="0.00051277">
        </testcase>
        <testcase classname="src/lib/validation/signup-schema.spec.ts" name="signup-schema &gt; termsAndConditions validation &gt; should require termsAndConditions field" time="0.000337395">
        </testcase>
        <testcase classname="src/lib/validation/signup-schema.spec.ts" name="signup-schema &gt; termsAndConditions validation &gt; should reject non-boolean values" time="0.000551803">
        </testcase>
        <testcase classname="src/lib/validation/signup-schema.spec.ts" name="signup-schema &gt; general field validation &gt; should accept optional general field" time="0.000273427">
        </testcase>
        <testcase classname="src/lib/validation/signup-schema.spec.ts" name="signup-schema &gt; general field validation &gt; should accept missing general field" time="0.000379364">
        </testcase>
        <testcase classname="src/lib/validation/signup-schema.spec.ts" name="signup-schema &gt; general field validation &gt; should accept empty string for general field" time="0.000423695">
        </testcase>
        <testcase classname="src/lib/validation/signup-schema.spec.ts" name="signup-schema &gt; general field validation &gt; should reject non-string values for general field" time="0.001379717">
        </testcase>
        <testcase classname="src/lib/validation/signup-schema.spec.ts" name="signup-schema &gt; complete form validation &gt; should validate complete valid form" time="0.00022647">
        </testcase>
        <testcase classname="src/lib/validation/signup-schema.spec.ts" name="signup-schema &gt; complete form validation &gt; should reject form with multiple invalid fields" time="0.001181821">
        </testcase>
        <testcase classname="src/lib/validation/signup-schema.spec.ts" name="signup-schema &gt; complete form validation &gt; should reject completely empty form" time="0.000255363">
        </testcase>
        <testcase classname="src/lib/validation/signup-schema.spec.ts" name="signup-schema &gt; type inference &gt; should infer correct TypeScript types" time="0.002928358">
        </testcase>
    </testsuite>
    <testsuite name="src/lib/utils/string-utils.spec.ts" timestamp="2026-02-06T06:11:34.340Z" hostname="runnervmkj6or" tests="60" failures="0" errors="0" skipped="0" time="0.012488991">
        <testcase classname="src/lib/utils/string-utils.spec.ts" name="toPascalCase &gt; basic conversions &gt; should convert single word to PascalCase" time="0.000095867">
        </testcase>
        <testcase classname="src/lib/utils/string-utils.spec.ts" name="toPascalCase &gt; basic conversions &gt; should convert multiple words separated by spaces" time="0.000158614">
        </testcase>
        <testcase classname="src/lib/utils/string-utils.spec.ts" name="toPascalCase &gt; basic conversions &gt; should convert three or more words" time="0.000140981">
        </testcase>
        <testcase classname="src/lib/utils/string-utils.spec.ts" name="toPascalCase &gt; basic conversions &gt; should handle already PascalCase strings" time="0.000088684">
        </testcase>
        <testcase classname="src/lib/utils/string-utils.spec.ts" name="toPascalCase &gt; case handling &gt; should convert lowercase to PascalCase" time="0.00009149">
        </testcase>
        <testcase classname="src/lib/utils/string-utils.spec.ts" name="toPascalCase &gt; case handling &gt; should convert UPPERCASE to PascalCase" time="0.000100747">
        </testcase>
        <testcase classname="src/lib/utils/string-utils.spec.ts" name="toPascalCase &gt; case handling &gt; should convert mixedCase to PascalCase" time="0.000093113">
        </testcase>
        <testcase classname="src/lib/utils/string-utils.spec.ts" name="toPascalCase &gt; case handling &gt; should convert camelCase to PascalCase" time="0.000085098">
        </testcase>
        <testcase classname="src/lib/utils/string-utils.spec.ts" name="toPascalCase &gt; case handling &gt; should convert snake_case-like string to PascalCase" time="0.000100016">
        </testcase>
        <testcase classname="src/lib/utils/string-utils.spec.ts" name="toPascalCase &gt; whitespace handling &gt; should remove single spaces between words" time="0.0001238">
        </testcase>
        <testcase classname="src/lib/utils/string-utils.spec.ts" name="toPascalCase &gt; whitespace handling &gt; should remove multiple spaces between words" time="0.000106368">
        </testcase>
        <testcase classname="src/lib/utils/string-utils.spec.ts" name="toPascalCase &gt; whitespace handling &gt; should trim leading spaces" time="0.000104374">
        </testcase>
        <testcase classname="src/lib/utils/string-utils.spec.ts" name="toPascalCase &gt; whitespace handling &gt; should trim trailing spaces" time="0.000336333">
        </testcase>
        <testcase classname="src/lib/utils/string-utils.spec.ts" name="toPascalCase &gt; whitespace handling &gt; should handle tabs as whitespace" time="0.000132225">
        </testcase>
        <testcase classname="src/lib/utils/string-utils.spec.ts" name="toPascalCase &gt; whitespace handling &gt; should handle newlines as whitespace" time="0.000093493">
        </testcase>
        <testcase classname="src/lib/utils/string-utils.spec.ts" name="toPascalCase &gt; whitespace handling &gt; should handle mixed whitespace characters" time="0.000112899">
        </testcase>
        <testcase classname="src/lib/utils/string-utils.spec.ts" name="toPascalCase &gt; edge cases &gt; should handle empty string" time="0.000092311">
        </testcase>
        <testcase classname="src/lib/utils/string-utils.spec.ts" name="toPascalCase &gt; edge cases &gt; should handle string with only spaces" time="0.000084296">
        </testcase>
        <testcase classname="src/lib/utils/string-utils.spec.ts" name="toPascalCase &gt; edge cases &gt; should handle single character" time="0.000207936">
        </testcase>
        <testcase classname="src/lib/utils/string-utils.spec.ts" name="toPascalCase &gt; edge cases &gt; should handle single uppercase character" time="0.000191966">
        </testcase>
        <testcase classname="src/lib/utils/string-utils.spec.ts" name="toPascalCase &gt; edge cases &gt; should handle numbers at start of words" time="0.000185483">
        </testcase>
        <testcase classname="src/lib/utils/string-utils.spec.ts" name="toPascalCase &gt; edge cases &gt; should handle numbers within words" time="0.000114973">
        </testcase>
        <testcase classname="src/lib/utils/string-utils.spec.ts" name="toPascalCase &gt; edge cases &gt; should handle special characters by treating them as word boundaries" time="0.000088364">
        </testcase>
        <testcase classname="src/lib/utils/string-utils.spec.ts" name="toPascalCase &gt; edge cases &gt; should handle apostrophes" time="0.0001671">
        </testcase>
        <testcase classname="src/lib/utils/string-utils.spec.ts" name="toPascalCase &gt; real-world examples &gt; should convert user profile to UserProfile" time="0.000087843">
        </testcase>
        <testcase classname="src/lib/utils/string-utils.spec.ts" name="toPascalCase &gt; real-world examples &gt; should convert admin dashboard to AdminDashboard" time="0.000084306">
        </testcase>
        <testcase classname="src/lib/utils/string-utils.spec.ts" name="toPascalCase &gt; real-world examples &gt; should convert react component name to ReactComponentName" time="0.000112388">
        </testcase>
        <testcase classname="src/lib/utils/string-utils.spec.ts" name="toPascalCase &gt; real-world examples &gt; should convert database table name to DatabaseTableName" time="0.000093894">
        </testcase>
        <testcase classname="src/lib/utils/string-utils.spec.ts" name="toPascalCase &gt; real-world examples &gt; should convert http request handler to HttpRequestHandler" time="0.000095808">
        </testcase>
        <testcase classname="src/lib/utils/string-utils.spec.ts" name="toPascalCase &gt; type safety &gt; should accept and return string type" time="0.000113099">
        </testcase>
        <testcase classname="src/lib/utils/string-utils.spec.ts" name="toTitleCase &gt; basic conversions &gt; should convert lowercase string to Title Case" time="0.000090808">
        </testcase>
        <testcase classname="src/lib/utils/string-utils.spec.ts" name="toTitleCase &gt; basic conversions &gt; should convert UPPERCASE string to Title Case" time="0.000090458">
        </testcase>
        <testcase classname="src/lib/utils/string-utils.spec.ts" name="toTitleCase &gt; basic conversions &gt; should convert mixedCase string to Title Case" time="0.000096418">
        </testcase>
        <testcase classname="src/lib/utils/string-utils.spec.ts" name="toTitleCase &gt; basic conversions &gt; should handle single word" time="0.000109483">
        </testcase>
        <testcase classname="src/lib/utils/string-utils.spec.ts" name="toTitleCase &gt; basic conversions &gt; should handle multiple words" time="0.00022666">
        </testcase>
        <testcase classname="src/lib/utils/string-utils.spec.ts" name="toTitleCase &gt; edge cases &gt; should handle empty string" time="0.000084266">
        </testcase>
        <testcase classname="src/lib/utils/string-utils.spec.ts" name="toTitleCase &gt; edge cases &gt; should handle string with only spaces" time="0.000096178">
        </testcase>
        <testcase classname="src/lib/utils/string-utils.spec.ts" name="toTitleCase &gt; edge cases &gt; should handle multiple spaces between words" time="0.000097842">
        </testcase>
        <testcase classname="src/lib/utils/string-utils.spec.ts" name="toTitleCase &gt; edge cases &gt; should handle single character" time="0.000087973">
        </testcase>
        <testcase classname="src/lib/utils/string-utils.spec.ts" name="toDisplayLabel &gt; basic conversions &gt; should convert camelCase to display label" time="0.000244844">
        </testcase>
        <testcase classname="src/lib/utils/string-utils.spec.ts" name="toDisplayLabel &gt; basic conversions &gt; should convert PascalCase to display label" time="0.000208617">
        </testcase>
        <testcase classname="src/lib/utils/string-utils.spec.ts" name="toDisplayLabel &gt; basic conversions &gt; should handle multiple capital letters" time="0.000260613">
        </testcase>
        <testcase classname="src/lib/utils/string-utils.spec.ts" name="toDisplayLabel &gt; basic conversions &gt; should handle single word" time="0.000167942">
        </testcase>
        <testcase classname="src/lib/utils/string-utils.spec.ts" name="toDisplayLabel &gt; edge cases &gt; should handle empty string" time="0.000137655">
        </testcase>
        <testcase classname="src/lib/utils/string-utils.spec.ts" name="toDisplayLabel &gt; edge cases &gt; should handle already lowercase string" time="0.000098763">
        </testcase>
        <testcase classname="src/lib/utils/string-utils.spec.ts" name="toKebabCase &gt; basic conversions &gt; should convert camelCase to kebab-case" time="0.000173811">
        </testcase>
        <testcase classname="src/lib/utils/string-utils.spec.ts" name="toKebabCase &gt; basic conversions &gt; should convert PascalCase to kebab-case" time="0.000123058">
        </testcase>
        <testcase classname="src/lib/utils/string-utils.spec.ts" name="toKebabCase &gt; basic conversions &gt; should convert spaces to hyphens" time="0.000133878">
        </testcase>
        <testcase classname="src/lib/utils/string-utils.spec.ts" name="toKebabCase &gt; basic conversions &gt; should convert underscores to hyphens" time="0.000094255">
        </testcase>
        <testcase classname="src/lib/utils/string-utils.spec.ts" name="toKebabCase &gt; basic conversions &gt; should handle multiple capital letters" time="0.000106377">
        </testcase>
        <testcase classname="src/lib/utils/string-utils.spec.ts" name="toKebabCase &gt; edge cases &gt; should handle empty string" time="0.000083135">
        </testcase>
        <testcase classname="src/lib/utils/string-utils.spec.ts" name="toKebabCase &gt; edge cases &gt; should handle already kebab-case" time="0.000089877">
        </testcase>
        <testcase classname="src/lib/utils/string-utils.spec.ts" name="toKebabCase &gt; edge cases &gt; should handle single word" time="0.000081531">
        </testcase>
        <testcase classname="src/lib/utils/string-utils.spec.ts" name="toEntityUrlPath &gt; basic conversions &gt; should convert entity name to URL path with plural" time="0.000305786">
        </testcase>
        <testcase classname="src/lib/utils/string-utils.spec.ts" name="toEntityUrlPath &gt; basic conversions &gt; should convert PascalCase entity to URL path" time="0.001502395">
        </testcase>
        <testcase classname="src/lib/utils/string-utils.spec.ts" name="toEntityUrlPath &gt; basic conversions &gt; should handle single word entity" time="0.00028597">
        </testcase>
        <testcase classname="src/lib/utils/string-utils.spec.ts" name="toEntityUrlPath &gt; basic conversions &gt; should handle already lowercase entity" time="0.000240866">
        </testcase>
        <testcase classname="src/lib/utils/string-utils.spec.ts" name="toEntityUrlPath &gt; real-world examples &gt; should convert notificationBanner to notification-banners" time="0.00014045">
        </testcase>
        <testcase classname="src/lib/utils/string-utils.spec.ts" name="toEntityUrlPath &gt; real-world examples &gt; should convert track to tracks" time="0.000198087">
        </testcase>
        <testcase classname="src/lib/utils/string-utils.spec.ts" name="toEntityUrlPath &gt; real-world examples &gt; should convert release to releases" time="0.000119211">
        </testcase>
    </testsuite>
    <testsuite name="src/lib/validation/signin-schema.spec.ts" timestamp="2026-02-06T06:11:34.351Z" hostname="runnervmkj6or" tests="10" failures="0" errors="0" skipped="0" time="0.010202812">
        <testcase classname="src/lib/validation/signin-schema.spec.ts" name="signin-schema &gt; email validation &gt; should accept valid email addresses" time="0.000349898">
        </testcase>
        <testcase classname="src/lib/validation/signin-schema.spec.ts" name="signin-schema &gt; email validation &gt; should reject invalid email addresses" time="0.001857253">
        </testcase>
        <testcase classname="src/lib/validation/signin-schema.spec.ts" name="signin-schema &gt; email validation &gt; should require email field" time="0.000302942">
        </testcase>
        <testcase classname="src/lib/validation/signin-schema.spec.ts" name="signin-schema &gt; email validation &gt; should reject non-string email values" time="0.000499246">
        </testcase>
        <testcase classname="src/lib/validation/signin-schema.spec.ts" name="signin-schema &gt; complete form validation &gt; should validate complete valid form" time="0.000427261">
        </testcase>
        <testcase classname="src/lib/validation/signin-schema.spec.ts" name="signin-schema &gt; complete form validation &gt; should reject form with invalid email" time="0.002982879">
        </testcase>
        <testcase classname="src/lib/validation/signin-schema.spec.ts" name="signin-schema &gt; complete form validation &gt; should reject completely empty form" time="0.000611614">
        </testcase>
        <testcase classname="src/lib/validation/signin-schema.spec.ts" name="signin-schema &gt; type inference &gt; should infer correct TypeScript types" time="0.000239553">
        </testcase>
        <testcase classname="src/lib/validation/signin-schema.spec.ts" name="signin-schema &gt; schema structure &gt; should only require email field" time="0.000293855">
        </testcase>
        <testcase classname="src/lib/validation/signin-schema.spec.ts" name="signin-schema &gt; schema structure &gt; should have simpler structure than signup schema" time="0.0002369">
        </testcase>
    </testsuite>
    <testsuite name="src/app/components/ui/page-section-paragraph.spec.tsx" timestamp="2026-02-06T06:11:34.353Z" hostname="runnervmkj6or" tests="7" failures="0" errors="0" skipped="0" time="0.04607249">
        <testcase classname="src/app/components/ui/page-section-paragraph.spec.tsx" name="PageSectionParagraph &gt; renders" time="0.002986325">
        </testcase>
        <testcase classname="src/app/components/ui/page-section-paragraph.spec.tsx" name="PageSectionParagraph &gt; renders as a paragraph element" time="0.00199642">
        </testcase>
        <testcase classname="src/app/components/ui/page-section-paragraph.spec.tsx" name="PageSectionParagraph &gt; renders children" time="0.004072889">
        </testcase>
        <testcase classname="src/app/components/ui/page-section-paragraph.spec.tsx" name="PageSectionParagraph &gt; applies default className when no className prop" time="0.026792472">
        </testcase>
        <testcase classname="src/app/components/ui/page-section-paragraph.spec.tsx" name="PageSectionParagraph &gt; applies custom className when provided" time="0.003192097">
        </testcase>
        <testcase classname="src/app/components/ui/page-section-paragraph.spec.tsx" name="PageSectionParagraph &gt; custom className replaces default className" time="0.001938603">
        </testcase>
        <testcase classname="src/app/components/ui/page-section-paragraph.spec.tsx" name="PageSectionParagraph &gt; renders multiple text nodes" time="0.002985644">
        </testcase>
    </testsuite>
    <testsuite name="src/app/components/ui/drawer.spec.tsx" timestamp="2026-02-06T06:11:34.354Z" hostname="runnervmkj6or" tests="13" failures="0" errors="0" skipped="0" time="0.533814771">
        <testcase classname="src/app/components/ui/drawer.spec.tsx" name="Drawer &gt; DrawerTrigger &gt; renders trigger button" time="0.004807962">
        </testcase>
        <testcase classname="src/app/components/ui/drawer.spec.tsx" name="Drawer &gt; DrawerTrigger &gt; has data-slot attribute" time="0.003309344">
        </testcase>
        <testcase classname="src/app/components/ui/drawer.spec.tsx" name="Drawer &gt; DrawerContent &gt; opens drawer on trigger click" time="0.027202763">
        </testcase>
        <testcase classname="src/app/components/ui/drawer.spec.tsx" name="Drawer &gt; DrawerContent &gt; has data-slot attribute when open" time="0.027689645">
        </testcase>
        <testcase classname="src/app/components/ui/drawer.spec.tsx" name="Drawer &gt; DrawerHeader &gt; has data-slot attribute" time="0.035546439">
        </testcase>
        <testcase classname="src/app/components/ui/drawer.spec.tsx" name="Drawer &gt; DrawerHeader &gt; renders children" time="0.042418875">
        </testcase>
        <testcase classname="src/app/components/ui/drawer.spec.tsx" name="Drawer &gt; DrawerFooter &gt; has data-slot attribute" time="0.036030727">
        </testcase>
        <testcase classname="src/app/components/ui/drawer.spec.tsx" name="Drawer &gt; DrawerFooter &gt; renders children" time="0.045325814">
        </testcase>
        <testcase classname="src/app/components/ui/drawer.spec.tsx" name="Drawer &gt; DrawerTitle &gt; has data-slot attribute" time="0.045669723">
        </testcase>
        <testcase classname="src/app/components/ui/drawer.spec.tsx" name="Drawer &gt; DrawerDescription &gt; has data-slot attribute" time="0.028480672">
        </testcase>
        <testcase classname="src/app/components/ui/drawer.spec.tsx" name="Drawer &gt; DrawerClose &gt; has data-slot attribute" time="0.025183079">
            <system-err>
`DialogContent` requires a `DialogTitle` for the component to be accessible for screen reader users.

If you want to hide the `DialogTitle`, you can wrap it with our VisuallyHidden component.

For more information, see https://radix-ui.com/primitives/docs/components/dialog
Warning: Missing `Description` or `aria-describedby={undefined}` for {DialogContent}.

            </system-err>
        </testcase>
        <testcase classname="src/app/components/ui/drawer.spec.tsx" name="Drawer &gt; integration &gt; renders complete drawer with all parts" time="0.186143625">
        </testcase>
        <testcase classname="src/app/components/ui/drawer.spec.tsx" name="Drawer &gt; integration &gt; supports controlled open state" time="0.022543797">
            <system-err>
Warning: Missing `Description` or `aria-describedby={undefined}` for {DialogContent}.

            </system-err>
        </testcase>
    </testsuite>
    <testsuite name="src/app/components/forms/bulk-track-uploader.spec.tsx" timestamp="2026-02-06T06:11:34.357Z" hostname="runnervmkj6or" tests="63" failures="0" errors="0" skipped="0" time="3.044962823">
        <testcase classname="src/app/components/forms/bulk-track-uploader.spec.tsx" name="BulkTrackUploader &gt; rendering &gt; should render the component with correct title" time="0.004066718">
        </testcase>
        <testcase classname="src/app/components/forms/bulk-track-uploader.spec.tsx" name="BulkTrackUploader &gt; rendering &gt; should render the breadcrumb navigation" time="0.006119102">
        </testcase>
        <testcase classname="src/app/components/forms/bulk-track-uploader.spec.tsx" name="BulkTrackUploader &gt; rendering &gt; should render file input for audio files" time="0.004437195">
        </testcase>
        <testcase classname="src/app/components/forms/bulk-track-uploader.spec.tsx" name="BulkTrackUploader &gt; rendering &gt; should render description text" time="0.004117261">
        </testcase>
        <testcase classname="src/app/components/forms/bulk-track-uploader.spec.tsx" name="BulkTrackUploader &gt; rendering &gt; should render cancel button" time="0.00535178">
        </testcase>
        <testcase classname="src/app/components/forms/bulk-track-uploader.spec.tsx" name="BulkTrackUploader &gt; rendering &gt; should not render options when no tracks selected" time="0.003930225">
        </testcase>
        <testcase classname="src/app/components/forms/bulk-track-uploader.spec.tsx" name="BulkTrackUploader &gt; file selection &gt; should accept audio files and add them to track list" time="0.0480969">
        </testcase>
        <testcase classname="src/app/components/forms/bulk-track-uploader.spec.tsx" name="BulkTrackUploader &gt; file selection &gt; should extract metadata from uploaded files" time="0.035488713">
        </testcase>
        <testcase classname="src/app/components/forms/bulk-track-uploader.spec.tsx" name="BulkTrackUploader &gt; file selection &gt; should use filename as title when metadata extraction fails" time="0.034448264">
            <system-err>
Metadata extraction failed for fallback-title.mp3

            </system-err>
        </testcase>
        <testcase classname="src/app/components/forms/bulk-track-uploader.spec.tsx" name="BulkTrackUploader &gt; file selection &gt; should handle metadata extraction error gracefully" time="0.049961887">
            <system-err>
Error extracting metadata: Error: Network error
    at [90m/home/runner/work/boudreaux/boudreaux/[39msrc/app/components/forms/bulk-track-uploader.spec.tsx:235:35
    at [90mfile:///home/runner/work/boudreaux/boudreaux/[39mnode_modules/[4m@vitest/runner[24m/dist/index.js:145:11
    at [90mfile:///home/runner/work/boudreaux/boudreaux/[39mnode_modules/[4m@vitest/runner[24m/dist/index.js:915:26
    at [90mfile:///home/runner/work/boudreaux/boudreaux/[39mnode_modules/[4m@vitest/runner[24m/dist/index.js:1243:20
    at new Promise (&lt;anonymous&gt;)
    at runWithTimeout [90m(file:///home/runner/work/boudreaux/boudreaux/[39mnode_modules/[4m@vitest/runner[24m/dist/index.js:1209:10[90m)[39m
    at [90mfile:///home/runner/work/boudreaux/boudreaux/[39mnode_modules/[4m@vitest/runner[24m/dist/index.js:1653:37
    at Traces.$ [90m(file:///home/runner/work/boudreaux/boudreaux/[39mnode_modules/[4mvitest[24m/dist/chunks/traces.CCmnQaNT.js:142:27[90m)[39m
    at trace [90m(file:///home/runner/work/boudreaux/boudreaux/[39mnode_modules/[4mvitest[24m/dist/chunks/test.B8ej_ZHS.js:239:21[90m)[39m
    at runTest [90m(file:///home/runner/work/boudreaux/boudreaux/[39mnode_modules/[4m@vitest/runner[24m/dist/index.js:1653:12[90m)[39m

            </system-err>
        </testcase>
        <testcase classname="src/app/components/forms/bulk-track-uploader.spec.tsx" name="BulkTrackUploader &gt; file selection &gt; should reject unsupported file types" time="0.00673852">
        </testcase>
        <testcase classname="src/app/components/forms/bulk-track-uploader.spec.tsx" name="BulkTrackUploader &gt; file selection &gt; should show warning when some files are skipped" time="0.020181458">
        </testcase>
        <testcase classname="src/app/components/forms/bulk-track-uploader.spec.tsx" name="BulkTrackUploader &gt; file selection &gt; should handle multiple audio files" time="0.037900252">
        </testcase>
        <testcase classname="src/app/components/forms/bulk-track-uploader.spec.tsx" name="BulkTrackUploader &gt; track management &gt; should allow editing track title" time="0.15777513">
        </testcase>
        <testcase classname="src/app/components/forms/bulk-track-uploader.spec.tsx" name="BulkTrackUploader &gt; track management &gt; should allow editing track position" time="0.093639337">
        </testcase>
        <testcase classname="src/app/components/forms/bulk-track-uploader.spec.tsx" name="BulkTrackUploader &gt; track management &gt; should remove track when delete button clicked" time="0.087869415">
        </testcase>
        <testcase classname="src/app/components/forms/bulk-track-uploader.spec.tsx" name="BulkTrackUploader &gt; track management &gt; should clear all tracks when Clear All clicked" time="0.098257268">
        </testcase>
        <testcase classname="src/app/components/forms/bulk-track-uploader.spec.tsx" name="BulkTrackUploader &gt; track management &gt; should show options after adding tracks" time="0.046706755">
        </testcase>
        <testcase classname="src/app/components/forms/bulk-track-uploader.spec.tsx" name="BulkTrackUploader &gt; track management &gt; should toggle auto-create release option" time="0.08930282">
        </testcase>
        <testcase classname="src/app/components/forms/bulk-track-uploader.spec.tsx" name="BulkTrackUploader &gt; track management &gt; should toggle publish tracks option" time="0.076511619">
            <system-err>
Bulk upload error: {
  message: [32m&quot;Cannot read properties of undefined (reading &apos;0&apos;)&quot;[39m,
  error: TypeError: Cannot read properties of undefined (reading &apos;0&apos;)
      at [90m/home/runner/work/boudreaux/boudreaux/[39msrc/app/components/forms/bulk-track-uploader.tsx:358:30,
  stack: [32m&quot;TypeError: Cannot read properties of undefined (reading &apos;0&apos;)\n&quot;[39m +
    [32m&apos;    at /home/runner/work/boudreaux/boudreaux/src/app/components/forms/bulk-track-uploader.tsx:358:30&apos;[39m
}

            </system-err>
        </testcase>
        <testcase classname="src/app/components/forms/bulk-track-uploader.spec.tsx" name="BulkTrackUploader &gt; upload processing &gt; should show upload button with correct count" time="0.040876478">
        </testcase>
        <testcase classname="src/app/components/forms/bulk-track-uploader.spec.tsx" name="BulkTrackUploader &gt; upload processing &gt; should process tracks successfully" time="0.053973874">
        </testcase>
        <testcase classname="src/app/components/forms/bulk-track-uploader.spec.tsx" name="BulkTrackUploader &gt; upload processing &gt; should show error toast when no tracks are ready" time="0.002474396">
        </testcase>
        <testcase classname="src/app/components/forms/bulk-track-uploader.spec.tsx" name="BulkTrackUploader &gt; upload processing &gt; should handle presigned URL failure" time="0.0695787">
            <system-err>
Bulk upload error: {
  message: [32m&quot;Cannot read properties of undefined (reading &apos;0&apos;)&quot;[39m,
  error: TypeError: Cannot read properties of undefined (reading &apos;0&apos;)
      at [90m/home/runner/work/boudreaux/boudreaux/[39msrc/app/components/forms/bulk-track-uploader.tsx:358:30,
  stack: [32m&quot;TypeError: Cannot read properties of undefined (reading &apos;0&apos;)\n&quot;[39m +
    [32m&apos;    at /home/runner/work/boudreaux/boudreaux/src/app/components/forms/bulk-track-uploader.tsx:358:30&apos;[39m
}

Bulk upload error: {
  message: [32m&apos;Failed to generate upload URL&apos;[39m,
  error: Error: Failed to generate upload URL
      at [90m/home/runner/work/boudreaux/boudreaux/[39msrc/app/components/forms/bulk-track-uploader.tsx:347:15,
  stack: [32m&apos;Error: Failed to generate upload URL\n&apos;[39m +
    [32m&apos;    at /home/runner/work/boudreaux/boudreaux/src/app/components/forms/bulk-track-uploader.tsx:347:15&apos;[39m
}

            </system-err>
        </testcase>
        <testcase classname="src/app/components/forms/bulk-track-uploader.spec.tsx" name="BulkTrackUploader &gt; upload processing &gt; should handle S3 upload failure" time="0.045017073">
            <system-err>
Bulk upload error: {
  message: [32m&apos;All file uploads failed&apos;[39m,
  error: Error: All file uploads failed
      at [90m/home/runner/work/boudreaux/boudreaux/[39msrc/app/components/forms/bulk-track-uploader.tsx:381:15,
  stack: [32m&apos;Error: All file uploads failed\n&apos;[39m +
    [32m&apos;    at /home/runner/work/boudreaux/boudreaux/src/app/components/forms/bulk-track-uploader.tsx:381:15&apos;[39m
}

            </system-err>
        </testcase>
        <testcase classname="src/app/components/forms/bulk-track-uploader.spec.tsx" name="BulkTrackUploader &gt; upload processing &gt; should handle partial track creation failure" time="0.049230964">
        </testcase>
        <testcase classname="src/app/components/forms/bulk-track-uploader.spec.tsx" name="BulkTrackUploader &gt; upload processing &gt; should handle complete track creation failure" time="0.047072322">
        </testcase>
        <testcase classname="src/app/components/forms/bulk-track-uploader.spec.tsx" name="BulkTrackUploader &gt; upload processing &gt; should disable upload button during processing" time="0.043811037">
        </testcase>
        <testcase classname="src/app/components/forms/bulk-track-uploader.spec.tsx" name="BulkTrackUploader &gt; upload processing &gt; should show progress during upload" time="0.044095936">
        </testcase>
        <testcase classname="src/app/components/forms/bulk-track-uploader.spec.tsx" name="BulkTrackUploader &gt; navigation &gt; should navigate to admin page on cancel" time="0.02228086">
        </testcase>
        <testcase classname="src/app/components/forms/bulk-track-uploader.spec.tsx" name="BulkTrackUploader &gt; navigation &gt; should show View Tracks button after successful upload" time="0.082128352">
        </testcase>
        <testcase classname="src/app/components/forms/bulk-track-uploader.spec.tsx" name="BulkTrackUploader &gt; utility functions &gt; should format file size correctly" time="0.000268577">
        </testcase>
        <testcase classname="src/app/components/forms/bulk-track-uploader.spec.tsx" name="BulkTrackUploader &gt; utility functions &gt; should format duration correctly for short tracks" time="0.036194029">
        </testcase>
        <testcase classname="src/app/components/forms/bulk-track-uploader.spec.tsx" name="BulkTrackUploader &gt; utility functions &gt; should format duration correctly for long tracks" time="0.038385561">
        </testcase>
        <testcase classname="src/app/components/forms/bulk-track-uploader.spec.tsx" name="BulkTrackUploader &gt; utility functions &gt; should show --:-- for missing duration" time="0.037745464">
        </testcase>
        <testcase classname="src/app/components/forms/bulk-track-uploader.spec.tsx" name="BulkTrackUploader &gt; status badges &gt; should show pending badge count" time="0.033891901">
        </testcase>
        <testcase classname="src/app/components/forms/bulk-track-uploader.spec.tsx" name="BulkTrackUploader &gt; status badges &gt; should show success badge after upload" time="0.069382928">
        </testcase>
        <testcase classname="src/app/components/forms/bulk-track-uploader.spec.tsx" name="BulkTrackUploader &gt; status badges &gt; should show failed badge on error" time="0.063736571">
        </testcase>
        <testcase classname="src/app/components/forms/bulk-track-uploader.spec.tsx" name="BulkTrackUploader &gt; release information display &gt; should show release title after successful creation" time="0.063237275">
        </testcase>
        <testcase classname="src/app/components/forms/bulk-track-uploader.spec.tsx" name="BulkTrackUploader &gt; release information display &gt; should show error message for failed tracks" time="0.062407646">
        </testcase>
        <testcase classname="src/app/components/forms/bulk-track-uploader.spec.tsx" name="BulkTrackUploader &gt; SUPPORTED_AUDIO_TYPES &gt; should accept mp3 files" time="0.026961346">
        </testcase>
        <testcase classname="src/app/components/forms/bulk-track-uploader.spec.tsx" name="BulkTrackUploader &gt; SUPPORTED_AUDIO_TYPES &gt; should accept wav files" time="0.030319239">
        </testcase>
        <testcase classname="src/app/components/forms/bulk-track-uploader.spec.tsx" name="BulkTrackUploader &gt; SUPPORTED_AUDIO_TYPES &gt; should accept flac files" time="0.028331384">
        </testcase>
        <testcase classname="src/app/components/forms/bulk-track-uploader.spec.tsx" name="BulkTrackUploader &gt; SUPPORTED_AUDIO_TYPES &gt; should accept aac files" time="0.0305519">
        </testcase>
        <testcase classname="src/app/components/forms/bulk-track-uploader.spec.tsx" name="BulkTrackUploader &gt; SUPPORTED_AUDIO_TYPES &gt; should accept m4a files" time="0.034466938">
        </testcase>
        <testcase classname="src/app/components/forms/bulk-track-uploader.spec.tsx" name="BulkTrackUploader &gt; SUPPORTED_AUDIO_TYPES &gt; should accept ogg files" time="0.02951618">
        </testcase>
        <testcase classname="src/app/components/forms/bulk-track-uploader.spec.tsx" name="BulkTrackUploader &gt; disabled states &gt; should disable inputs during processing" time="0.270705347">
        </testcase>
        <testcase classname="src/app/components/forms/bulk-track-uploader.spec.tsx" name="BulkTrackUploader &gt; disabled states &gt; should disable upload button when tracks are extracting" time="0.048489609">
        </testcase>
        <testcase classname="src/app/components/forms/bulk-track-uploader.spec.tsx" name="BulkTrackUploader &gt; formatFileSize utility &gt; should display file size for small files" time="0.029249588">
        </testcase>
        <testcase classname="src/app/components/forms/bulk-track-uploader.spec.tsx" name="BulkTrackUploader &gt; formatFileSize utility &gt; should display file size for zero-byte files" time="0.022709324">
        </testcase>
        <testcase classname="src/app/components/forms/bulk-track-uploader.spec.tsx" name="BulkTrackUploader &gt; formatFileSize utility &gt; should display file size in KB for kilobyte files" time="0.02434194">
        </testcase>
        <testcase classname="src/app/components/forms/bulk-track-uploader.spec.tsx" name="BulkTrackUploader &gt; formatFileSize utility &gt; should display file size in MB for megabyte files" time="0.029645569">
            <system-err>
Bulk upload error: {
  message: [32m&quot;Cannot read properties of undefined (reading &apos;0&apos;)&quot;[39m,
  error: TypeError: Cannot read properties of undefined (reading &apos;0&apos;)
      at [90m/home/runner/work/boudreaux/boudreaux/[39msrc/app/components/forms/bulk-track-uploader.tsx:358:30
  [90m    at runNextTicks (node:internal/process/task_queues:64:5)[39m
  [90m    at listOnTimeout (node:internal/timers:567:9)[39m
  [90m    at processTimers (node:internal/timers:541:7)[39m,
  stack: [32m&quot;TypeError: Cannot read properties of undefined (reading &apos;0&apos;)\n&quot;[39m +
    [32m&apos;    at /home/runner/work/boudreaux/boudreaux/src/app/components/forms/bulk-track-uploader.tsx:358:30\n&apos;[39m +
    [32m&apos;    at runNextTicks (node:internal/process/task_queues:64:5)\n&apos;[39m +
    [32m&apos;    at listOnTimeout (node:internal/timers:567:9)\n&apos;[39m +
    [32m&apos;    at processTimers (node:internal/timers:541:7)&apos;[39m
}

            </system-err>
        </testcase>
        <testcase classname="src/app/components/forms/bulk-track-uploader.spec.tsx" name="BulkTrackUploader &gt; status icon rendering &gt; should show uploading status icon during upload" time="0.050584863">
        </testcase>
        <testcase classname="src/app/components/forms/bulk-track-uploader.spec.tsx" name="BulkTrackUploader &gt; status icon rendering &gt; should show success styling for completed tracks" time="0.077650312">
        </testcase>
        <testcase classname="src/app/components/forms/bulk-track-uploader.spec.tsx" name="BulkTrackUploader &gt; status icon rendering &gt; should show error styling for failed tracks" time="0.069871112">
        </testcase>
        <testcase classname="src/app/components/forms/bulk-track-uploader.spec.tsx" name="BulkTrackUploader &gt; album metadata display &gt; should show album name in track list" time="0.027669017">
        </testcase>
        <testcase classname="src/app/components/forms/bulk-track-uploader.spec.tsx" name="BulkTrackUploader &gt; album metadata display &gt; should show dash for track without album" time="0.036233892">
        </testcase>
        <testcase classname="src/app/components/forms/bulk-track-uploader.spec.tsx" name="BulkTrackUploader &gt; edge cases &gt; should handle empty file selection gracefully" time="0.006930687">
        </testcase>
        <testcase classname="src/app/components/forms/bulk-track-uploader.spec.tsx" name="BulkTrackUploader &gt; edge cases &gt; should show disabled upload button with 0 tracks text initially" time="0.00979686">
        </testcase>
        <testcase classname="src/app/components/forms/bulk-track-uploader.spec.tsx" name="BulkTrackUploader &gt; edge cases &gt; should disable title input after successful upload" time="0.077038958">
        </testcase>
        <testcase classname="src/app/components/forms/bulk-track-uploader.spec.tsx" name="BulkTrackUploader &gt; edge cases &gt; should disable delete button after successful upload" time="0.095443072">
        </testcase>
        <testcase classname="src/app/components/forms/bulk-track-uploader.spec.tsx" name="BulkTrackUploader &gt; edge cases &gt; should handle non-Error thrown during processing" time="0.086411941">
            <system-err>
Bulk upload error: {
  message: [32m&apos;Bulk upload failed&apos;[39m,
  error: [32m&apos;String error&apos;[39m,
  stack: [90mundefined[39m
}

            </system-err>
        </testcase>
        <testcase classname="src/app/components/forms/bulk-track-uploader.spec.tsx" name="BulkTrackUploader &gt; edge cases &gt; should handle track with release not created (matched existing)" time="0.081128659">
        </testcase>
    </testsuite>
    <testsuite name="src/app/components/header/logo.spec.tsx" timestamp="2026-02-06T06:11:34.369Z" hostname="runnervmkj6or" tests="7" failures="0" errors="0" skipped="0" time="0.093770101">
        <testcase classname="src/app/components/header/logo.spec.tsx" name="Logo &gt; renders a link to home page" time="0.048172081">
        </testcase>
        <testcase classname="src/app/components/header/logo.spec.tsx" name="Logo &gt; renders logo image" time="0.002760527">
        </testcase>
        <testcase classname="src/app/components/header/logo.spec.tsx" name="Logo &gt; uses mobile logo source when isMobile is true" time="0.003412235">
        </testcase>
        <testcase classname="src/app/components/header/logo.spec.tsx" name="Logo &gt; uses desktop logo source when isMobile is false" time="0.027902229">
        </testcase>
        <testcase classname="src/app/components/header/logo.spec.tsx" name="Logo &gt; has priority loading enabled" time="0.002898573">
        </testcase>
        <testcase classname="src/app/components/header/logo.spec.tsx" name="Logo &gt; applies correct dimensions" time="0.001929276">
        </testcase>
        <testcase classname="src/app/components/header/logo.spec.tsx" name="Logo &gt; has correct base styling classes" time="0.004675476">
        </testcase>
    </testsuite>
    <testsuite name="src/app/components/ui/separator.spec.tsx" timestamp="2026-02-06T06:11:34.371Z" hostname="runnervmkj6or" tests="12" failures="0" errors="0" skipped="0" time="0.095530993">
        <testcase classname="src/app/components/ui/separator.spec.tsx" name="Separator &gt; rendering &gt; should render with default props" time="0.001750936">
        </testcase>
        <testcase classname="src/app/components/ui/separator.spec.tsx" name="Separator &gt; rendering &gt; should have horizontal orientation by default" time="0.002549756">
        </testcase>
        <testcase classname="src/app/components/ui/separator.spec.tsx" name="Separator &gt; rendering &gt; should be decorative by default (role=none)" time="0.001984238">
        </testcase>
        <testcase classname="src/app/components/ui/separator.spec.tsx" name="Separator &gt; rendering &gt; should have data-slot attribute" time="0.001205655">
        </testcase>
        <testcase classname="src/app/components/ui/separator.spec.tsx" name="Separator &gt; orientation &gt; should render with horizontal orientation" time="0.001861641">
        </testcase>
        <testcase classname="src/app/components/ui/separator.spec.tsx" name="Separator &gt; orientation &gt; should render with vertical orientation" time="0.001550253">
        </testcase>
        <testcase classname="src/app/components/ui/separator.spec.tsx" name="Separator &gt; decorative prop &gt; should have role=none when decorative is true" time="0.003556612">
        </testcase>
        <testcase classname="src/app/components/ui/separator.spec.tsx" name="Separator &gt; decorative prop &gt; should have role=separator when decorative is false" time="0.002550768">
        </testcase>
        <testcase classname="src/app/components/ui/separator.spec.tsx" name="Separator &gt; className prop &gt; should apply custom className" time="0.001550373">
        </testcase>
        <testcase classname="src/app/components/ui/separator.spec.tsx" name="Separator &gt; className prop &gt; should merge custom className with default classes" time="0.001114926">
        </testcase>
        <testcase classname="src/app/components/ui/separator.spec.tsx" name="Separator &gt; additional props &gt; should pass through additional props" time="0.028900389">
        </testcase>
        <testcase classname="src/app/components/ui/separator.spec.tsx" name="Separator &gt; additional props &gt; should pass through style prop" time="0.044280877">
        </testcase>
    </testsuite>
    <testsuite name="src/lib/actions/create-track-action.spec.ts" timestamp="2026-02-06T06:11:34.373Z" hostname="runnervmkj6or" tests="20" failures="0" errors="0" skipped="0" time="0.018630164">
        <testcase classname="src/lib/actions/create-track-action.spec.ts" name="createTrackAction &gt; Authorization &gt; should require admin role" time="0.001697848">
        </testcase>
        <testcase classname="src/lib/actions/create-track-action.spec.ts" name="createTrackAction &gt; Authorization &gt; should return error when user is not logged in" time="0.000397777">
        </testcase>
        <testcase classname="src/lib/actions/create-track-action.spec.ts" name="createTrackAction &gt; Authorization &gt; should return error when user is not admin" time="0.000450184">
        </testcase>
        <testcase classname="src/lib/actions/create-track-action.spec.ts" name="createTrackAction &gt; Authorization &gt; should allow admin users to create tracks" time="0.000283896">
        </testcase>
        <testcase classname="src/lib/actions/create-track-action.spec.ts" name="createTrackAction &gt; Validation &gt; should validate form data with permitted fields only" time="0.002088742">
        </testcase>
        <testcase classname="src/lib/actions/create-track-action.spec.ts" name="createTrackAction &gt; Validation &gt; should return validation errors when data is invalid" time="0.000365247">
        </testcase>
        <testcase classname="src/lib/actions/create-track-action.spec.ts" name="createTrackAction &gt; Track Creation &gt; should create track successfully with all fields" time="0.00099205">
        </testcase>
        <testcase classname="src/lib/actions/create-track-action.spec.ts" name="createTrackAction &gt; Track Creation &gt; should create track with minimal required fields" time="0.000756422">
        </testcase>
        <testcase classname="src/lib/actions/create-track-action.spec.ts" name="createTrackAction &gt; Track Creation &gt; should handle empty coverArt as undefined" time="0.000474159">
        </testcase>
        <testcase classname="src/lib/actions/create-track-action.spec.ts" name="createTrackAction &gt; Track Creation &gt; should handle track creation failure from service" time="0.002488994">
        </testcase>
        <testcase classname="src/lib/actions/create-track-action.spec.ts" name="createTrackAction &gt; Track Creation &gt; should handle service returning generic error" time="0.000442711">
        </testcase>
        <testcase classname="src/lib/actions/create-track-action.spec.ts" name="createTrackAction &gt; Track Creation &gt; should handle service returning error without message" time="0.000358184">
        </testcase>
        <testcase classname="src/lib/actions/create-track-action.spec.ts" name="createTrackAction &gt; Track Creation &gt; should use default position when position is undefined" time="0.002274837">
        </testcase>
        <testcase classname="src/lib/actions/create-track-action.spec.ts" name="createTrackAction &gt; Security Logging &gt; should log successful track creation" time="0.000330723">
        </testcase>
        <testcase classname="src/lib/actions/create-track-action.spec.ts" name="createTrackAction &gt; Security Logging &gt; should log failed track creation attempt" time="0.000520906">
        </testcase>
        <testcase classname="src/lib/actions/create-track-action.spec.ts" name="createTrackAction &gt; Security Logging &gt; should filter out undefined fields in security log" time="0.000321015">
        </testcase>
        <testcase classname="src/lib/actions/create-track-action.spec.ts" name="createTrackAction &gt; Cache Revalidation &gt; should revalidate track creation page on success" time="0.000265653">
        </testcase>
        <testcase classname="src/lib/actions/create-track-action.spec.ts" name="createTrackAction &gt; Cache Revalidation &gt; should revalidate track creation page on failure" time="0.000253991">
        </testcase>
        <testcase classname="src/lib/actions/create-track-action.spec.ts" name="createTrackAction &gt; Error Handling &gt; should handle unexpected errors gracefully" time="0.000461446">
        </testcase>
        <testcase classname="src/lib/actions/create-track-action.spec.ts" name="createTrackAction &gt; Error Handling &gt; should detect title uniqueness error with various message formats" time="0.000707812">
        </testcase>
    </testsuite>
    <testsuite name="src/app/components/auth/generate-username-button.spec.tsx" timestamp="2026-02-06T06:11:34.377Z" hostname="runnervmkj6or" tests="20" failures="0" errors="0" skipped="0" time="0.373443428">
        <testcase classname="src/app/components/auth/generate-username-button.spec.tsx" name="GenerateUsernameButton &gt; rendering &gt; should render the button with correct text" time="0.002803447">
            <system-err>
An update to GenerateUsernameButton inside a test was not wrapped in act(...).

When testing, code that causes React state updates should be wrapped into act(...):

act(() =&gt; {
  /* fire events that update state */
});
/* assert on the output */

This ensures that you&apos;re testing the behavior the user would see in the browser. Learn more at https://react.dev/link/wrap-tests-with-act

            </system-err>
        </testcase>
        <testcase classname="src/app/components/auth/generate-username-button.spec.tsx" name="GenerateUsernameButton &gt; rendering &gt; should render with link variant" time="0.002246224">
            <system-err>
An update to GenerateUsernameButton inside a test was not wrapped in act(...).

When testing, code that causes React state updates should be wrapped into act(...):

act(() =&gt; {
  /* fire events that update state */
});
/* assert on the output */

This ensures that you&apos;re testing the behavior the user would see in the browser. Learn more at https://react.dev/link/wrap-tests-with-act

            </system-err>
        </testcase>
        <testcase classname="src/app/components/auth/generate-username-button.spec.tsx" name="GenerateUsernameButton &gt; rendering &gt; should render with correct type" time="0.003705849">
            <system-err>
An update to GenerateUsernameButton inside a test was not wrapped in act(...).

When testing, code that causes React state updates should be wrapped into act(...):

act(() =&gt; {
  /* fire events that update state */
});
/* assert on the output */

This ensures that you&apos;re testing the behavior the user would see in the browser. Learn more at https://react.dev/link/wrap-tests-with-act

            </system-err>
        </testcase>
        <testcase classname="src/app/components/auth/generate-username-button.spec.tsx" name="GenerateUsernameButton &gt; rendering &gt; should render the refresh icon" time="0.002916767">
            <system-err>
An update to GenerateUsernameButton inside a test was not wrapped in act(...).

When testing, code that causes React state updates should be wrapped into act(...):

act(() =&gt; {
  /* fire events that update state */
});
/* assert on the output */

This ensures that you&apos;re testing the behavior the user would see in the browser. Learn more at https://react.dev/link/wrap-tests-with-act

            </system-err>
        </testcase>
        <testcase classname="src/app/components/auth/generate-username-button.spec.tsx" name="GenerateUsernameButton &gt; rendering &gt; should apply correct CSS classes" time="0.0020928">
            <system-err>
An update to GenerateUsernameButton inside a test was not wrapped in act(...).

When testing, code that causes React state updates should be wrapped into act(...):

act(() =&gt; {
  /* fire events that update state */
});
/* assert on the output */

This ensures that you&apos;re testing the behavior the user would see in the browser. Learn more at https://react.dev/link/wrap-tests-with-act

            </system-err>
        </testcase>
        <testcase classname="src/app/components/auth/generate-username-button.spec.tsx" name="GenerateUsernameButton &gt; rendering &gt; should have proper aria-label for accessibility" time="0.002213994">
            <system-err>
An update to GenerateUsernameButton inside a test was not wrapped in act(...).

When testing, code that causes React state updates should be wrapped into act(...):

act(() =&gt; {
  /* fire events that update state */
});
/* assert on the output */

This ensures that you&apos;re testing the behavior the user would see in the browser. Learn more at https://react.dev/link/wrap-tests-with-act

            </system-err>
        </testcase>
        <testcase classname="src/app/components/auth/generate-username-button.spec.tsx" name="GenerateUsernameButton &gt; username generation &gt; should generate a random username when clicked" time="0.013089014">
        </testcase>
        <testcase classname="src/app/components/auth/generate-username-button.spec.tsx" name="GenerateUsernameButton &gt; username generation &gt; should set both username and confirmUsername fields with generated value" time="0.015180279">
        </testcase>
        <testcase classname="src/app/components/auth/generate-username-button.spec.tsx" name="GenerateUsernameButton &gt; username generation &gt; should trigger validation after setting values" time="0.013728538">
        </testcase>
        <testcase classname="src/app/components/auth/generate-username-button.spec.tsx" name="GenerateUsernameButton &gt; username generation &gt; should call setValue with correct options" time="0.01955108">
        </testcase>
        <testcase classname="src/app/components/auth/generate-username-button.spec.tsx" name="GenerateUsernameButton &gt; username generation &gt; should generate different usernames on multiple clicks" time="0.031762637">
        </testcase>
        <testcase classname="src/app/components/auth/generate-username-button.spec.tsx" name="GenerateUsernameButton &gt; confirmUsername clearing behavior &gt; should clear confirmUsername when usernames do not match on mount" time="0.055888929">
        </testcase>
        <testcase classname="src/app/components/auth/generate-username-button.spec.tsx" name="GenerateUsernameButton &gt; confirmUsername clearing behavior &gt; should not clear confirmUsername when usernames match" time="0.004942161">
            <system-err>
An update to GenerateUsernameButton inside a test was not wrapped in act(...).

When testing, code that causes React state updates should be wrapped into act(...):

act(() =&gt; {
  /* fire events that update state */
});
/* assert on the output */

This ensures that you&apos;re testing the behavior the user would see in the browser. Learn more at https://react.dev/link/wrap-tests-with-act

            </system-err>
        </testcase>
        <testcase classname="src/app/components/auth/generate-username-button.spec.tsx" name="GenerateUsernameButton &gt; confirmUsername clearing behavior &gt; should only clear confirmUsername once" time="0.055223606">
        </testcase>
        <testcase classname="src/app/components/auth/generate-username-button.spec.tsx" name="GenerateUsernameButton &gt; accessibility &gt; should be keyboard accessible" time="0.009575841">
        </testcase>
        <testcase classname="src/app/components/auth/generate-username-button.spec.tsx" name="GenerateUsernameButton &gt; accessibility &gt; should be clickable with mouse" time="0.01123153">
        </testcase>
        <testcase classname="src/app/components/auth/generate-username-button.spec.tsx" name="GenerateUsernameButton &gt; accessibility &gt; should have accessible button label" time="0.003212355">
            <system-err>
An update to GenerateUsernameButton inside a test was not wrapped in act(...).

When testing, code that causes React state updates should be wrapped into act(...):

act(() =&gt; {
  /* fire events that update state */
});
/* assert on the output */

This ensures that you&apos;re testing the behavior the user would see in the browser. Learn more at https://react.dev/link/wrap-tests-with-act

            </system-err>
        </testcase>
        <testcase classname="src/app/components/auth/generate-username-button.spec.tsx" name="GenerateUsernameButton &gt; accessibility &gt; should hide decorative icon from screen readers" time="0.001843307">
            <system-err>
An update to GenerateUsernameButton inside a test was not wrapped in act(...).

When testing, code that causes React state updates should be wrapped into act(...):

act(() =&gt; {
  /* fire events that update state */
});
/* assert on the output */

This ensures that you&apos;re testing the behavior the user would see in the browser. Learn more at https://react.dev/link/wrap-tests-with-act

            </system-err>
        </testcase>
        <testcase classname="src/app/components/auth/generate-username-button.spec.tsx" name="GenerateUsernameButton &gt; edge cases &gt; should handle empty initial values" time="0.028675153">
            <system-err>
An update to GenerateUsernameButton inside a test was not wrapped in act(...).

When testing, code that causes React state updates should be wrapped into act(...):

act(() =&gt; {
  /* fire events that update state */
});
/* assert on the output */

This ensures that you&apos;re testing the behavior the user would see in the browser. Learn more at https://react.dev/link/wrap-tests-with-act

            </system-err>
        </testcase>
        <testcase classname="src/app/components/auth/generate-username-button.spec.tsx" name="GenerateUsernameButton &gt; edge cases &gt; should handle rapid clicks gracefully" time="0.09053851">
        </testcase>
    </testsuite>
    <testsuite name="src/app/admin/page.spec.tsx" timestamp="2026-02-06T06:11:34.382Z" hostname="runnervmkj6or" tests="11" failures="0" errors="0" skipped="0" time="0.240748035">
        <testcase classname="src/app/admin/page.spec.tsx" name="AdminPage &gt; renders breadcrumb with Admin link" time="0.014555883">
        </testcase>
        <testcase classname="src/app/admin/page.spec.tsx" name="AdminPage &gt; renders combobox with entity options" time="0.005181384">
        </testcase>
        <testcase classname="src/app/admin/page.spec.tsx" name="AdminPage &gt; displays title cased options" time="0.006064882">
        </testcase>
        <testcase classname="src/app/admin/page.spec.tsx" name="AdminPage &gt; shows artist data view by default" time="0.030552193">
        </testcase>
        <testcase classname="src/app/admin/page.spec.tsx" name="AdminPage &gt; switches to group view when group is selected" time="0.015939787">
        </testcase>
        <testcase classname="src/app/admin/page.spec.tsx" name="AdminPage &gt; switches to release view when release is selected" time="0.069142487">
        </testcase>
        <testcase classname="src/app/admin/page.spec.tsx" name="AdminPage &gt; switches to track view when track is selected" time="0.016144116">
        </testcase>
        <testcase classname="src/app/admin/page.spec.tsx" name="AdminPage &gt; switches to featured artist view when featured artist is selected" time="0.020496854">
        </testcase>
        <testcase classname="src/app/admin/page.spec.tsx" name="AdminPage &gt; navigates to notifications page when notifications is selected" time="0.011399801">
        </testcase>
        <testcase classname="src/app/admin/page.spec.tsx" name="AdminPage &gt; navigates to bulk upload page when upload bulk tracks is selected" time="0.015758972">
        </testcase>
        <testcase classname="src/app/admin/page.spec.tsx" name="AdminPage &gt; can switch back to artist view after selecting another view" time="0.033260612">
        </testcase>
    </testsuite>
    <testsuite name="src/lib/prisma-adapter.spec.ts" timestamp="2026-02-06T06:11:34.384Z" hostname="runnervmkj6or" tests="33" failures="0" errors="0" skipped="0" time="0.234192393">
        <testcase classname="src/lib/prisma-adapter.spec.ts" name="CustomPrismaAdapter &gt; createUser &gt; should create a user with provided data" time="0.02896953">
        </testcase>
        <testcase classname="src/lib/prisma-adapter.spec.ts" name="CustomPrismaAdapter &gt; createUser &gt; should handle user creation with username and terms" time="0.028809704">
        </testcase>
        <testcase classname="src/lib/prisma-adapter.spec.ts" name="CustomPrismaAdapter &gt; createUser &gt; should handle database errors during user creation" time="0.031055767">
        </testcase>
        <testcase classname="src/lib/prisma-adapter.spec.ts" name="CustomPrismaAdapter &gt; createUser &gt; should return only specified fields in user object" time="0.033828376">
        </testcase>
        <testcase classname="src/lib/prisma-adapter.spec.ts" name="CustomPrismaAdapter &gt; createUser &gt; should update emailVerified for existing user when provided" time="0.000719193">
        </testcase>
        <testcase classname="src/lib/prisma-adapter.spec.ts" name="CustomPrismaAdapter &gt; createUser &gt; should not update emailVerified if it has not changed" time="0.000601515">
        </testcase>
        <testcase classname="src/lib/prisma-adapter.spec.ts" name="CustomPrismaAdapter &gt; createUser &gt; should not update emailVerified if new value is null" time="0.000573573">
        </testcase>
        <testcase classname="src/lib/prisma-adapter.spec.ts" name="CustomPrismaAdapter &gt; getUser &gt; should fetch user by id" time="0.00081424">
        </testcase>
        <testcase classname="src/lib/prisma-adapter.spec.ts" name="CustomPrismaAdapter &gt; getUser &gt; should return null when user not found" time="0.000505087">
        </testcase>
        <testcase classname="src/lib/prisma-adapter.spec.ts" name="CustomPrismaAdapter &gt; getUser &gt; should handle database errors during user fetch" time="0.000948749">
        </testcase>
        <testcase classname="src/lib/prisma-adapter.spec.ts" name="CustomPrismaAdapter &gt; getUserByEmail &gt; should fetch user by email" time="0.000570438">
        </testcase>
        <testcase classname="src/lib/prisma-adapter.spec.ts" name="CustomPrismaAdapter &gt; getUserByEmail &gt; should return null when user with email not found" time="0.000434665">
        </testcase>
        <testcase classname="src/lib/prisma-adapter.spec.ts" name="CustomPrismaAdapter &gt; getUserByEmail &gt; should handle email normalization" time="0.000527247">
        </testcase>
        <testcase classname="src/lib/prisma-adapter.spec.ts" name="CustomPrismaAdapter &gt; getUserByAccount &gt; should fetch user by provider account id" time="0.000616934">
        </testcase>
        <testcase classname="src/lib/prisma-adapter.spec.ts" name="CustomPrismaAdapter &gt; getUserByAccount &gt; should return null when account not found" time="0.000443793">
        </testcase>
        <testcase classname="src/lib/prisma-adapter.spec.ts" name="CustomPrismaAdapter &gt; getUserByAccount &gt; should return null when account exists but has no user" time="0.000354126">
        </testcase>
        <testcase classname="src/lib/prisma-adapter.spec.ts" name="CustomPrismaAdapter &gt; getUserByAccount &gt; should handle different provider types" time="0.000920807">
        </testcase>
        <testcase classname="src/lib/prisma-adapter.spec.ts" name="CustomPrismaAdapter &gt; updateUser &gt; should update user data using id when no previousEmail provided" time="0.000688186">
        </testcase>
        <testcase classname="src/lib/prisma-adapter.spec.ts" name="CustomPrismaAdapter &gt; updateUser &gt; should update user data using id and include previousEmail in data when provided" time="0.000760569">
        </testcase>
        <testcase classname="src/lib/prisma-adapter.spec.ts" name="CustomPrismaAdapter &gt; updateUser &gt; should exclude id but include previousEmail in update data" time="0.00072839">
        </testcase>
        <testcase classname="src/lib/prisma-adapter.spec.ts" name="CustomPrismaAdapter &gt; updateUser &gt; should handle partial updates" time="0.000896121">
        </testcase>
        <testcase classname="src/lib/prisma-adapter.spec.ts" name="CustomPrismaAdapter &gt; updateUser &gt; should handle update errors" time="0.000561561">
        </testcase>
        <testcase classname="src/lib/prisma-adapter.spec.ts" name="CustomPrismaAdapter &gt; adapter inheritance &gt; should extend base PrismaAdapter" time="0.000671875">
        </testcase>
        <testcase classname="src/lib/prisma-adapter.spec.ts" name="CustomPrismaAdapter &gt; adapter inheritance &gt; should override specific methods while keeping others" time="0.000513722">
        </testcase>
        <testcase classname="src/lib/prisma-adapter.spec.ts" name="CustomPrismaAdapter &gt; data validation and types &gt; should handle missing optional fields in user creation" time="0.026294771">
        </testcase>
        <testcase classname="src/lib/prisma-adapter.spec.ts" name="CustomPrismaAdapter &gt; data validation and types &gt; should handle date objects properly" time="0.033262317">
        </testcase>
        <testcase classname="src/lib/prisma-adapter.spec.ts" name="CustomPrismaAdapter &gt; data validation and types &gt; should convert string emailVerified to Date in createUser" time="0.026852084">
        </testcase>
        <testcase classname="src/lib/prisma-adapter.spec.ts" name="CustomPrismaAdapter &gt; data validation and types &gt; should convert string emailVerified to Date in updateUser" time="0.0007227">
        </testcase>
        <testcase classname="src/lib/prisma-adapter.spec.ts" name="CustomPrismaAdapter &gt; useVerificationToken &gt; should call base adapter useVerificationToken and update emailVerified" time="0.003036789">
        </testcase>
        <testcase classname="src/lib/prisma-adapter.spec.ts" name="CustomPrismaAdapter &gt; useVerificationToken &gt; should not update emailVerified if user already verified" time="0.000444083">
        </testcase>
        <testcase classname="src/lib/prisma-adapter.spec.ts" name="CustomPrismaAdapter &gt; useVerificationToken &gt; should return null if verification token not found" time="0.000799341">
        </testcase>
        <testcase classname="src/lib/prisma-adapter.spec.ts" name="CustomPrismaAdapter &gt; useVerificationToken &gt; should handle errors when updating emailVerified" time="0.000708524">
        </testcase>
        <testcase classname="src/lib/prisma-adapter.spec.ts" name="CustomPrismaAdapter &gt; useVerificationToken &gt; should rethrow error if base adapter useVerificationToken fails" time="0.003419148">
        </testcase>
    </testsuite>
    <testsuite name="src/app/components/auth/signin-link.spec.tsx" timestamp="2026-02-06T06:11:34.418Z" hostname="runnervmkj6or" tests="4" failures="0" errors="0" skipped="0" time="0.08557123">
        <testcase classname="src/app/components/auth/signin-link.spec.tsx" name="SignInLink &gt; renders the sign in link" time="0.047300739">
        </testcase>
        <testcase classname="src/app/components/auth/signin-link.spec.tsx" name="SignInLink &gt; displays the correct text" time="0.025436139">
        </testcase>
        <testcase classname="src/app/components/auth/signin-link.spec.tsx" name="SignInLink &gt; renders the login icon with correct size" time="0.004222808">
        </testcase>
        <testcase classname="src/app/components/auth/signin-link.spec.tsx" name="SignInLink &gt; applies the correct CSS classes" time="0.006630811">
        </testcase>
    </testsuite>
    <testsuite name="src/app/components/ui/context-menu.spec.tsx" timestamp="2026-02-06T06:11:34.419Z" hostname="runnervmkj6or" tests="15" failures="0" errors="0" skipped="0" time="0.044514577">
        <testcase classname="src/app/components/ui/context-menu.spec.tsx" name="ContextMenu &gt; can be imported" time="0.000301869">
        </testcase>
        <testcase classname="src/app/components/ui/context-menu.spec.tsx" name="ContextMenu &gt; renders trigger" time="0.031338482">
        </testcase>
        <testcase classname="src/app/components/ui/context-menu.spec.tsx" name="ContextMenu &gt; trigger has data-slot attribute" time="0.005093522">
        </testcase>
        <testcase classname="src/app/components/ui/context-menu.spec.tsx" name="ContextMenuGroup &gt; can be imported" time="0.000270221">
        </testcase>
        <testcase classname="src/app/components/ui/context-menu.spec.tsx" name="ContextMenuSub &gt; can be imported" time="0.000270361">
        </testcase>
        <testcase classname="src/app/components/ui/context-menu.spec.tsx" name="ContextMenuRadioGroup &gt; can be imported" time="0.000168653">
        </testcase>
        <testcase classname="src/app/components/ui/context-menu.spec.tsx" name="ContextMenuContent &gt; can be imported" time="0.000242148">
        </testcase>
        <testcase classname="src/app/components/ui/context-menu.spec.tsx" name="ContextMenuSubContent &gt; can be imported" time="0.000161599">
        </testcase>
        <testcase classname="src/app/components/ui/context-menu.spec.tsx" name="ContextMenuSubTrigger &gt; can be imported" time="0.00185039">
        </testcase>
        <testcase classname="src/app/components/ui/context-menu.spec.tsx" name="ContextMenuItem &gt; can be imported" time="0.000297632">
        </testcase>
        <testcase classname="src/app/components/ui/context-menu.spec.tsx" name="ContextMenuCheckboxItem &gt; can be imported" time="0.000355409">
        </testcase>
        <testcase classname="src/app/components/ui/context-menu.spec.tsx" name="ContextMenuRadioItem &gt; can be imported" time="0.000338898">
        </testcase>
        <testcase classname="src/app/components/ui/context-menu.spec.tsx" name="ContextMenuLabel &gt; can be imported" time="0.000144057">
        </testcase>
        <testcase classname="src/app/components/ui/context-menu.spec.tsx" name="ContextMenuSeparator &gt; can be imported" time="0.000206463">
        </testcase>
        <testcase classname="src/app/components/ui/context-menu.spec.tsx" name="ContextMenuShortcut &gt; can be imported" time="0.000245865">
        </testcase>
    </testsuite>
    <testsuite name="src/app/components/auth/admin-link.spec.tsx" timestamp="2026-02-06T06:11:34.423Z" hostname="runnervmkj6or" tests="17" failures="0" errors="0" skipped="0" time="0.136848401">
        <testcase classname="src/app/components/auth/admin-link.spec.tsx" name="AdminLink &gt; rendering &gt; should render admin link with correct text" time="0.004929808">
        </testcase>
        <testcase classname="src/app/components/auth/admin-link.spec.tsx" name="AdminLink &gt; rendering &gt; should render with shield icon" time="0.001950626">
        </testcase>
        <testcase classname="src/app/components/auth/admin-link.spec.tsx" name="AdminLink &gt; rendering &gt; should have correct href attribute" time="0.003852341">
        </testcase>
        <testcase classname="src/app/components/auth/admin-link.spec.tsx" name="AdminLink &gt; styling &gt; should have flex layout with items-center" time="0.003747788">
        </testcase>
        <testcase classname="src/app/components/auth/admin-link.spec.tsx" name="AdminLink &gt; styling &gt; should have gap-2 between icon and text" time="0.003356933">
        </testcase>
        <testcase classname="src/app/components/auth/admin-link.spec.tsx" name="AdminLink &gt; styling &gt; should have text-sm class" time="0.004065406">
        </testcase>
        <testcase classname="src/app/components/auth/admin-link.spec.tsx" name="AdminLink &gt; styling &gt; should have underline-offset-4 class" time="0.003308854">
        </testcase>
        <testcase classname="src/app/components/auth/admin-link.spec.tsx" name="AdminLink &gt; accessibility &gt; should be keyboard accessible" time="0.048609675">
        </testcase>
        <testcase classname="src/app/components/auth/admin-link.spec.tsx" name="AdminLink &gt; accessibility &gt; should have accessible link text" time="0.028442122">
        </testcase>
        <testcase classname="src/app/components/auth/admin-link.spec.tsx" name="AdminLink &gt; accessibility &gt; should render icon with correct dimensions" time="0.003895121">
        </testcase>
        <testcase classname="src/app/components/auth/admin-link.spec.tsx" name="AdminLink &gt; Next.js Link integration &gt; should use Next.js Link component for client-side navigation" time="0.002344556">
        </testcase>
        <testcase classname="src/app/components/auth/admin-link.spec.tsx" name="AdminLink &gt; Next.js Link integration &gt; should not have target=&quot;_blank&quot; (internal navigation)" time="0.004759602">
        </testcase>
        <testcase classname="src/app/components/auth/admin-link.spec.tsx" name="AdminLink &gt; icon rendering &gt; should render ShieldUser icon from lucide-react" time="0.001627016">
        </testcase>
        <testcase classname="src/app/components/auth/admin-link.spec.tsx" name="AdminLink &gt; icon rendering &gt; should have icon as first child" time="0.001604113">
        </testcase>
        <testcase classname="src/app/components/auth/admin-link.spec.tsx" name="AdminLink &gt; icon rendering &gt; should have text as second child" time="0.002956731">
        </testcase>
        <testcase classname="src/app/components/auth/admin-link.spec.tsx" name="AdminLink &gt; edge cases &gt; should render consistently across multiple instances" time="0.011123419">
        </testcase>
        <testcase classname="src/app/components/auth/admin-link.spec.tsx" name="AdminLink &gt; edge cases &gt; should not break when rendered in different contexts" time="0.003494147">
        </testcase>
    </testsuite>
    <testsuite name="src/app/components/ui/aspect-ratio.spec.tsx" timestamp="2026-02-06T06:11:34.426Z" hostname="runnervmkj6or" tests="7" failures="0" errors="0" skipped="0" time="0.048716424">
        <testcase classname="src/app/components/ui/aspect-ratio.spec.tsx" name="AspectRatio &gt; renders" time="0.002960507">
        </testcase>
        <testcase classname="src/app/components/ui/aspect-ratio.spec.tsx" name="AspectRatio &gt; has data-slot attribute" time="0.002379611">
        </testcase>
        <testcase classname="src/app/components/ui/aspect-ratio.spec.tsx" name="AspectRatio &gt; renders children" time="0.003509976">
        </testcase>
        <testcase classname="src/app/components/ui/aspect-ratio.spec.tsx" name="AspectRatio &gt; renders image inside aspect ratio" time="0.026572957">
        </testcase>
        <testcase classname="src/app/components/ui/aspect-ratio.spec.tsx" name="AspectRatio &gt; supports different ratios" time="0.00465013">
        </testcase>
        <testcase classname="src/app/components/ui/aspect-ratio.spec.tsx" name="AspectRatio &gt; passes additional props" time="0.002382716">
        </testcase>
        <testcase classname="src/app/components/ui/aspect-ratio.spec.tsx" name="AspectRatio &gt; renders without ratio (defaults)" time="0.004335526">
        </testcase>
    </testsuite>
    <testsuite name="src/lib/utils/audit-log.spec.ts" timestamp="2026-02-06T06:11:34.427Z" hostname="runnervmkj6or" tests="21" failures="0" errors="0" skipped="0" time="0.015754564">
        <testcase classname="src/lib/utils/audit-log.spec.ts" name="Audit Log &gt; logSecurityEvent &gt; should log security events with timestamp" time="0.000607136">
        </testcase>
        <testcase classname="src/lib/utils/audit-log.spec.ts" name="Audit Log &gt; logSecurityEvent &gt; should log all audit event types" time="0.000419047">
        </testcase>
        <testcase classname="src/lib/utils/audit-log.spec.ts" name="Audit Log &gt; logSecurityEvent &gt; should include optional metadata" time="0.000677596">
        </testcase>
        <testcase classname="src/lib/utils/audit-log.spec.ts" name="Audit Log &gt; logSecurityEvent &gt; should include IP address when provided" time="0.001162085">
        </testcase>
        <testcase classname="src/lib/utils/audit-log.spec.ts" name="Audit Log &gt; logSecurityEvent &gt; should include user agent when provided" time="0.000279328">
        </testcase>
        <testcase classname="src/lib/utils/audit-log.spec.ts" name="Audit Log &gt; logSecurityEvent &gt; should work without optional fields" time="0.000257948">
        </testcase>
        <testcase classname="src/lib/utils/audit-log.spec.ts" name="Audit Log &gt; logSecurityEvent &gt; should use JSON.stringify in production mode" time="0.001287897">
        </testcase>
        <testcase classname="src/lib/utils/audit-log.spec.ts" name="Audit Log &gt; extractRequestMetadata &gt; should extract IP from x-real-ip header" time="0.000459482">
        </testcase>
        <testcase classname="src/lib/utils/audit-log.spec.ts" name="Audit Log &gt; extractRequestMetadata &gt; should extract IP from x-forwarded-for header when x-real-ip is not present" time="0.000359727">
        </testcase>
        <testcase classname="src/lib/utils/audit-log.spec.ts" name="Audit Log &gt; extractRequestMetadata &gt; should prefer x-real-ip over x-forwarded-for" time="0.000354787">
        </testcase>
        <testcase classname="src/lib/utils/audit-log.spec.ts" name="Audit Log &gt; extractRequestMetadata &gt; should extract user agent" time="0.003256356">
        </testcase>
        <testcase classname="src/lib/utils/audit-log.spec.ts" name="Audit Log &gt; extractRequestMetadata &gt; should return undefined when headers are not present" time="0.000468649">
        </testcase>
        <testcase classname="src/lib/utils/audit-log.spec.ts" name="Audit Log &gt; extractRequestMetadata &gt; should handle both IP and user agent" time="0.000353796">
        </testcase>
        <testcase classname="src/lib/utils/audit-log.spec.ts" name="Audit Log &gt; extractRequestMetadata &gt; should handle empty header values" time="0.000644484">
        </testcase>
        <testcase classname="src/lib/utils/audit-log.spec.ts" name="Audit Log &gt; Event Type Coverage &gt; should support all defined audit event types" time="0.000192506">
        </testcase>
        <testcase classname="src/lib/utils/audit-log.spec.ts" name="Audit Log &gt; Event Type Coverage &gt; should support all media audit event types" time="0.000249101">
        </testcase>
        <testcase classname="src/lib/utils/audit-log.spec.ts" name="Audit Log &gt; Event Type Coverage &gt; should support notification banner audit event types" time="0.00019421">
        </testcase>
        <testcase classname="src/lib/utils/audit-log.spec.ts" name="Audit Log &gt; Event Type Coverage &gt; should support UI audit event types" time="0.00017305">
        </testcase>
        <testcase classname="src/lib/utils/audit-log.spec.ts" name="Audit Log &gt; Event Type Coverage &gt; should log media.artist.found with proper metadata" time="0.000479689">
        </testcase>
        <testcase classname="src/lib/utils/audit-log.spec.ts" name="Audit Log &gt; Event Type Coverage &gt; should log media.group.found with proper metadata" time="0.000393529">
        </testcase>
        <testcase classname="src/lib/utils/audit-log.spec.ts" name="Audit Log &gt; Event Type Coverage &gt; should log media.tracks.bulk_created with proper metadata" time="0.001213399">
        </testcase>
    </testsuite>
    <testsuite name="src/app/components/ui/card.spec.tsx" timestamp="2026-02-06T06:11:34.431Z" hostname="runnervmkj6or" tests="31" failures="0" errors="0" skipped="0" time="0.085452878">
        <testcase classname="src/app/components/ui/card.spec.tsx" name="Card Components &gt; Card &gt; should render the card" time="0.001226504">
        </testcase>
        <testcase classname="src/app/components/ui/card.spec.tsx" name="Card Components &gt; Card &gt; should have data-slot attribute" time="0.000981719">
        </testcase>
        <testcase classname="src/app/components/ui/card.spec.tsx" name="Card Components &gt; Card &gt; should render children" time="0.00133259">
        </testcase>
        <testcase classname="src/app/components/ui/card.spec.tsx" name="Card Components &gt; Card &gt; should apply custom className" time="0.000968555">
        </testcase>
        <testcase classname="src/app/components/ui/card.spec.tsx" name="Card Components &gt; Card &gt; should merge custom className with default classes" time="0.001351646">
        </testcase>
        <testcase classname="src/app/components/ui/card.spec.tsx" name="Card Components &gt; CardHeader &gt; should render the card header" time="0.000987991">
        </testcase>
        <testcase classname="src/app/components/ui/card.spec.tsx" name="Card Components &gt; CardHeader &gt; should have data-slot attribute" time="0.001201167">
        </testcase>
        <testcase classname="src/app/components/ui/card.spec.tsx" name="Card Components &gt; CardHeader &gt; should render children" time="0.001180138">
        </testcase>
        <testcase classname="src/app/components/ui/card.spec.tsx" name="Card Components &gt; CardHeader &gt; should apply custom className" time="0.001126839">
        </testcase>
        <testcase classname="src/app/components/ui/card.spec.tsx" name="Card Components &gt; CardTitle &gt; should render the card title" time="0.001361344">
        </testcase>
        <testcase classname="src/app/components/ui/card.spec.tsx" name="Card Components &gt; CardTitle &gt; should have data-slot attribute" time="0.001562166">
        </testcase>
        <testcase classname="src/app/components/ui/card.spec.tsx" name="Card Components &gt; CardTitle &gt; should render children" time="0.001709068">
        </testcase>
        <testcase classname="src/app/components/ui/card.spec.tsx" name="Card Components &gt; CardTitle &gt; should apply custom className" time="0.001488098">
        </testcase>
        <testcase classname="src/app/components/ui/card.spec.tsx" name="Card Components &gt; CardTitle &gt; should have font-semibold class by default" time="0.001994217">
        </testcase>
        <testcase classname="src/app/components/ui/card.spec.tsx" name="Card Components &gt; CardDescription &gt; should render the card description" time="0.001001305">
        </testcase>
        <testcase classname="src/app/components/ui/card.spec.tsx" name="Card Components &gt; CardDescription &gt; should have data-slot attribute" time="0.001351174">
        </testcase>
        <testcase classname="src/app/components/ui/card.spec.tsx" name="Card Components &gt; CardDescription &gt; should render children" time="0.001578606">
        </testcase>
        <testcase classname="src/app/components/ui/card.spec.tsx" name="Card Components &gt; CardDescription &gt; should apply custom className" time="0.001330777">
        </testcase>
        <testcase classname="src/app/components/ui/card.spec.tsx" name="Card Components &gt; CardAction &gt; should render the card action" time="0.002358142">
        </testcase>
        <testcase classname="src/app/components/ui/card.spec.tsx" name="Card Components &gt; CardAction &gt; should have data-slot attribute" time="0.003178051">
        </testcase>
        <testcase classname="src/app/components/ui/card.spec.tsx" name="Card Components &gt; CardAction &gt; should render children" time="0.00526551">
        </testcase>
        <testcase classname="src/app/components/ui/card.spec.tsx" name="Card Components &gt; CardAction &gt; should apply custom className" time="0.003110466">
        </testcase>
        <testcase classname="src/app/components/ui/card.spec.tsx" name="Card Components &gt; CardContent &gt; should render the card content" time="0.001206186">
        </testcase>
        <testcase classname="src/app/components/ui/card.spec.tsx" name="Card Components &gt; CardContent &gt; should have data-slot attribute" time="0.001014871">
        </testcase>
        <testcase classname="src/app/components/ui/card.spec.tsx" name="Card Components &gt; CardContent &gt; should render children" time="0.001092625">
        </testcase>
        <testcase classname="src/app/components/ui/card.spec.tsx" name="Card Components &gt; CardContent &gt; should apply custom className" time="0.001054425">
        </testcase>
        <testcase classname="src/app/components/ui/card.spec.tsx" name="Card Components &gt; CardFooter &gt; should render the card footer" time="0.001091263">
        </testcase>
        <testcase classname="src/app/components/ui/card.spec.tsx" name="Card Components &gt; CardFooter &gt; should have data-slot attribute" time="0.001145052">
        </testcase>
        <testcase classname="src/app/components/ui/card.spec.tsx" name="Card Components &gt; CardFooter &gt; should render children" time="0.00130552">
        </testcase>
        <testcase classname="src/app/components/ui/card.spec.tsx" name="Card Components &gt; CardFooter &gt; should apply custom className" time="0.001165971">
        </testcase>
        <testcase classname="src/app/components/ui/card.spec.tsx" name="Card Components &gt; Full Card composition &gt; should render a complete card with all parts" time="0.035349334">
        </testcase>
    </testsuite>
    <testsuite name="src/lib/actions/update-track-action.spec.ts" timestamp="2026-02-06T06:11:34.436Z" hostname="runnervmkj6or" tests="22" failures="0" errors="0" skipped="0" time="0.018963902">
        <testcase classname="src/lib/actions/update-track-action.spec.ts" name="updateTrackAction &gt; Authorization &gt; should require admin role" time="0.001623028">
        </testcase>
        <testcase classname="src/lib/actions/update-track-action.spec.ts" name="updateTrackAction &gt; Authorization &gt; should return error when user is not logged in" time="0.000324973">
        </testcase>
        <testcase classname="src/lib/actions/update-track-action.spec.ts" name="updateTrackAction &gt; Authorization &gt; should return error when user is not admin" time="0.000238242">
        </testcase>
        <testcase classname="src/lib/actions/update-track-action.spec.ts" name="updateTrackAction &gt; Authorization &gt; should allow admin users to update tracks" time="0.000243421">
        </testcase>
        <testcase classname="src/lib/actions/update-track-action.spec.ts" name="updateTrackAction &gt; Validation &gt; should validate form data with permitted fields only" time="0.001919037">
        </testcase>
        <testcase classname="src/lib/actions/update-track-action.spec.ts" name="updateTrackAction &gt; Validation &gt; should return validation errors when schema validation fails" time="0.000394802">
        </testcase>
        <testcase classname="src/lib/actions/update-track-action.spec.ts" name="updateTrackAction &gt; Validation &gt; should handle errors without path as general errors" time="0.000272265">
        </testcase>
        <testcase classname="src/lib/actions/update-track-action.spec.ts" name="updateTrackAction &gt; Track Update &gt; should update track successfully with all fields" time="0.001045999">
        </testcase>
        <testcase classname="src/lib/actions/update-track-action.spec.ts" name="updateTrackAction &gt; Track Update &gt; should update track with publishedOn date" time="0.000607517">
        </testcase>
        <testcase classname="src/lib/actions/update-track-action.spec.ts" name="updateTrackAction &gt; Track Update &gt; should handle empty coverArt as undefined" time="0.000599852">
        </testcase>
        <testcase classname="src/lib/actions/update-track-action.spec.ts" name="updateTrackAction &gt; Track Update &gt; should handle track update failure from service with title uniqueness error" time="0.000386496">
        </testcase>
        <testcase classname="src/lib/actions/update-track-action.spec.ts" name="updateTrackAction &gt; Track Update &gt; should handle track not found error" time="0.00093887">
        </testcase>
        <testcase classname="src/lib/actions/update-track-action.spec.ts" name="updateTrackAction &gt; Track Update &gt; should handle service returning generic error" time="0.000432773">
        </testcase>
        <testcase classname="src/lib/actions/update-track-action.spec.ts" name="updateTrackAction &gt; Track Update &gt; should handle service returning error without message" time="0.000369815">
        </testcase>
        <testcase classname="src/lib/actions/update-track-action.spec.ts" name="updateTrackAction &gt; Track Update &gt; should use default position when position is undefined" time="0.003924354">
        </testcase>
        <testcase classname="src/lib/actions/update-track-action.spec.ts" name="updateTrackAction &gt; Security Logging &gt; should log successful track update" time="0.000456597">
        </testcase>
        <testcase classname="src/lib/actions/update-track-action.spec.ts" name="updateTrackAction &gt; Security Logging &gt; should log failed track update attempt" time="0.00040457">
        </testcase>
        <testcase classname="src/lib/actions/update-track-action.spec.ts" name="updateTrackAction &gt; Security Logging &gt; should filter out undefined fields in security log" time="0.000429376">
        </testcase>
        <testcase classname="src/lib/actions/update-track-action.spec.ts" name="updateTrackAction &gt; Cache Revalidation &gt; should revalidate track page on success" time="0.000270842">
        </testcase>
        <testcase classname="src/lib/actions/update-track-action.spec.ts" name="updateTrackAction &gt; Cache Revalidation &gt; should revalidate track page on failure" time="0.000240275">
        </testcase>
        <testcase classname="src/lib/actions/update-track-action.spec.ts" name="updateTrackAction &gt; Error Handling &gt; should handle unexpected errors gracefully" time="0.000579304">
        </testcase>
        <testcase classname="src/lib/actions/update-track-action.spec.ts" name="updateTrackAction &gt; Error Handling &gt; should detect title uniqueness error with various message formats" time="0.000580396">
        </testcase>
    </testsuite>
    <testsuite name="src/app/components/ui/spinner/spinner.spec.tsx" timestamp="2026-02-06T06:11:34.440Z" hostname="runnervmkj6or" tests="24" failures="0" errors="0" skipped="0" time="0.114830624">
        <testcase classname="src/app/components/ui/spinner/spinner.spec.tsx" name="Spinner &gt; rendering &gt; should render the spinner" time="0.001353088">
        </testcase>
        <testcase classname="src/app/components/ui/spinner/spinner.spec.tsx" name="Spinner &gt; rendering &gt; should have proper aria-label for accessibility" time="0.01331992">
        </testcase>
        <testcase classname="src/app/components/ui/spinner/spinner.spec.tsx" name="Spinner &gt; size variants &gt; should render with default sm size" time="0.001537821">
        </testcase>
        <testcase classname="src/app/components/ui/spinner/spinner.spec.tsx" name="Spinner &gt; size variants &gt; should render with sm size" time="0.00141352">
        </testcase>
        <testcase classname="src/app/components/ui/spinner/spinner.spec.tsx" name="Spinner &gt; size variants &gt; should render with md size" time="0.001339253">
        </testcase>
        <testcase classname="src/app/components/ui/spinner/spinner.spec.tsx" name="Spinner &gt; size variants &gt; should render with lg size" time="0.001741197">
        </testcase>
        <testcase classname="src/app/components/ui/spinner/spinner.spec.tsx" name="Spinner &gt; variant styles &gt; should render with default variant" time="0.001951758">
        </testcase>
        <testcase classname="src/app/components/ui/spinner/spinner.spec.tsx" name="Spinner &gt; variant styles &gt; should render with primary variant" time="0.002745099">
        </testcase>
        <testcase classname="src/app/components/ui/spinner/spinner.spec.tsx" name="Spinner &gt; variant styles &gt; should render with secondary variant" time="0.003317739">
        </testcase>
        <testcase classname="src/app/components/ui/spinner/spinner.spec.tsx" name="Spinner &gt; variant styles &gt; should render with accent variant" time="0.001893871">
        </testcase>
        <testcase classname="src/app/components/ui/spinner/spinner.spec.tsx" name="Spinner &gt; className prop &gt; should apply custom className" time="0.030019014">
        </testcase>
        <testcase classname="src/app/components/ui/spinner/spinner.spec.tsx" name="Spinner &gt; className prop &gt; should merge custom className with variant classes" time="0.002764474">
        </testcase>
        <testcase classname="src/app/components/ui/spinner/spinner.spec.tsx" name="Spinner &gt; additional props &gt; should pass through data-testid" time="0.002530009">
        </testcase>
        <testcase classname="src/app/components/ui/spinner/spinner.spec.tsx" name="Spinner &gt; additional props &gt; should pass through style prop" time="0.039337377">
        </testcase>
        <testcase classname="src/app/components/ui/spinner/spinner.spec.tsx" name="Spinner &gt; additional props &gt; should pass through id prop" time="0.002186513">
        </testcase>
        <testcase classname="src/app/components/ui/spinner/spinner.spec.tsx" name="Spinner &gt; spinnerVariants &gt; should export spinnerVariants function" time="0.000257397">
        </testcase>
        <testcase classname="src/app/components/ui/spinner/spinner.spec.tsx" name="Spinner &gt; spinnerVariants &gt; should generate correct classes for sm size" time="0.000133397">
        </testcase>
        <testcase classname="src/app/components/ui/spinner/spinner.spec.tsx" name="Spinner &gt; spinnerVariants &gt; should generate correct classes for md size" time="0.000145961">
        </testcase>
        <testcase classname="src/app/components/ui/spinner/spinner.spec.tsx" name="Spinner &gt; spinnerVariants &gt; should generate correct classes for lg size" time="0.000134329">
        </testcase>
        <testcase classname="src/app/components/ui/spinner/spinner.spec.tsx" name="Spinner &gt; spinnerVariants &gt; should generate correct classes for primary variant" time="0.000189722">
        </testcase>
        <testcase classname="src/app/components/ui/spinner/spinner.spec.tsx" name="Spinner &gt; spinnerVariants &gt; should generate correct classes for secondary variant" time="0.000125373">
        </testcase>
        <testcase classname="src/app/components/ui/spinner/spinner.spec.tsx" name="Spinner &gt; spinnerVariants &gt; should generate correct classes for accent variant" time="0.000127206">
        </testcase>
        <testcase classname="src/app/components/ui/spinner/spinner.spec.tsx" name="Spinner &gt; spinnerVariants &gt; should generate correct default classes" time="0.000371479">
        </testcase>
        <testcase classname="src/app/components/ui/spinner/spinner.spec.tsx" name="Spinner &gt; animation &gt; should have animate-spin class" time="0.002884376">
        </testcase>
    </testsuite>
    <testsuite name="src/app/components/ui/status-indicator.spec.tsx" timestamp="2026-02-06T06:11:34.445Z" hostname="runnervmkj6or" tests="19" failures="0" errors="0" skipped="0" time="0.070576393">
        <testcase classname="src/app/components/ui/status-indicator.spec.tsx" name="StatusIndicator &gt; pending state &gt; should render loading spinner when isPending is true" time="0.001345094">
        </testcase>
        <testcase classname="src/app/components/ui/status-indicator.spec.tsx" name="StatusIndicator &gt; pending state &gt; should apply custom className when provided" time="0.001276686">
        </testcase>
        <testcase classname="src/app/components/ui/status-indicator.spec.tsx" name="StatusIndicator &gt; pending state &gt; should prioritize pending state over other states" time="0.001243826">
        </testcase>
        <testcase classname="src/app/components/ui/status-indicator.spec.tsx" name="StatusIndicator &gt; timeout state &gt; should render error icon when hasTimeout is true" time="0.001377474">
        </testcase>
        <testcase classname="src/app/components/ui/status-indicator.spec.tsx" name="StatusIndicator &gt; timeout state &gt; should apply red background styling for timeout" time="0.001125446">
        </testcase>
        <testcase classname="src/app/components/ui/status-indicator.spec.tsx" name="StatusIndicator &gt; timeout state &gt; should prioritize timeout over error and success states" time="0.002050501">
        </testcase>
        <testcase classname="src/app/components/ui/status-indicator.spec.tsx" name="StatusIndicator &gt; error state &gt; should render error icon when hasError is true" time="0.003519243">
        </testcase>
        <testcase classname="src/app/components/ui/status-indicator.spec.tsx" name="StatusIndicator &gt; error state &gt; should apply red background styling for error" time="0.003599652">
        </testcase>
        <testcase classname="src/app/components/ui/status-indicator.spec.tsx" name="StatusIndicator &gt; error state &gt; should prioritize error over success state" time="0.002505354">
        </testcase>
        <testcase classname="src/app/components/ui/status-indicator.spec.tsx" name="StatusIndicator &gt; success state &gt; should render check icon when isSuccess is true" time="0.002083031">
        </testcase>
        <testcase classname="src/app/components/ui/status-indicator.spec.tsx" name="StatusIndicator &gt; success state &gt; should apply green background styling for success" time="0.001888751">
        </testcase>
        <testcase classname="src/app/components/ui/status-indicator.spec.tsx" name="StatusIndicator &gt; success state &gt; should apply custom className when provided" time="0.001863684">
        </testcase>
        <testcase classname="src/app/components/ui/status-indicator.spec.tsx" name="StatusIndicator &gt; default state &gt; should render nothing when no states are active" time="0.002694384">
        </testcase>
        <testcase classname="src/app/components/ui/status-indicator.spec.tsx" name="StatusIndicator &gt; default state &gt; should render nothing when all states are false" time="0.001836283">
        </testcase>
        <testcase classname="src/app/components/ui/status-indicator.spec.tsx" name="StatusIndicator &gt; styling and layout &gt; should apply consistent size classes" time="0.001813892">
        </testcase>
        <testcase classname="src/app/components/ui/status-indicator.spec.tsx" name="StatusIndicator &gt; styling and layout &gt; should merge custom className with default classes" time="0.001886677">
        </testcase>
        <testcase classname="src/app/components/ui/status-indicator.spec.tsx" name="StatusIndicator &gt; styling and layout &gt; should apply correct icon sizes" time="0.001459024">
        </testcase>
        <testcase classname="src/app/components/ui/status-indicator.spec.tsx" name="StatusIndicator &gt; state priority hierarchy &gt; should follow correct priority: pending &gt; timeout &gt; error &gt; success" time="0.004255809">
        </testcase>
        <testcase classname="src/app/components/ui/status-indicator.spec.tsx" name="StatusIndicator &gt; accessibility &gt; should be focusable when needed" time="0.030010949">
        </testcase>
    </testsuite>
    <testsuite name="src/app/components/ui/form.spec.tsx" timestamp="2026-02-06T06:11:34.449Z" hostname="runnervmkj6or" tests="25" failures="0" errors="0" skipped="0" time="0.161406409">
        <testcase classname="src/app/components/ui/form.spec.tsx" name="Form Components &gt; Form (FormProvider) &gt; provides form context to children" time="0.002913601">
        </testcase>
        <testcase classname="src/app/components/ui/form.spec.tsx" name="Form Components &gt; FormField &gt; renders Controller with field context" time="0.004252652">
        </testcase>
        <testcase classname="src/app/components/ui/form.spec.tsx" name="Form Components &gt; useFormField &gt; returns field information when used correctly" time="0.003225098">
        </testcase>
        <testcase classname="src/app/components/ui/form.spec.tsx" name="Form Components &gt; useFormField &gt; throws error when used outside FormProvider" time="0.00159165">
        </testcase>
        <testcase classname="src/app/components/ui/form.spec.tsx" name="Form Components &gt; useFormField &gt; throws error when field context is empty" time="0.001010424">
        </testcase>
        <testcase classname="src/app/components/ui/form.spec.tsx" name="Form Components &gt; FormItem &gt; renders with data-slot attribute" time="0.005702421">
        </testcase>
        <testcase classname="src/app/components/ui/form.spec.tsx" name="Form Components &gt; FormItem &gt; applies custom className" time="0.042076194">
        </testcase>
        <testcase classname="src/app/components/ui/form.spec.tsx" name="Form Components &gt; FormItem &gt; provides id context to children" time="0.008440856">
        </testcase>
        <testcase classname="src/app/components/ui/form.spec.tsx" name="Form Components &gt; FormLabel &gt; renders with data-slot attribute" time="0.004135536">
        </testcase>
        <testcase classname="src/app/components/ui/form.spec.tsx" name="Form Components &gt; FormLabel &gt; has htmlFor pointing to form item id" time="0.00595601">
        </testcase>
        <testcase classname="src/app/components/ui/form.spec.tsx" name="Form Components &gt; FormLabel &gt; shows error state when field has error" time="0.005773873">
        </testcase>
        <testcase classname="src/app/components/ui/form.spec.tsx" name="Form Components &gt; FormLabel &gt; applies custom className" time="0.003390194">
        </testcase>
        <testcase classname="src/app/components/ui/form.spec.tsx" name="Form Components &gt; FormControl &gt; renders with data-slot attribute" time="0.005247657">
        </testcase>
        <testcase classname="src/app/components/ui/form.spec.tsx" name="Form Components &gt; FormControl &gt; sets aria-describedby to description id when no error" time="0.007034499">
        </testcase>
        <testcase classname="src/app/components/ui/form.spec.tsx" name="Form Components &gt; FormControl &gt; sets aria-describedby to both description and message when error" time="0.008838414">
            <system-err>
Cannot update a component (`FormLabel`) while rendering a different component (`CompleteFormField`). To locate the bad setState() call inside `CompleteFormField`, follow the stack trace as described in https://react.dev/link/setstate-in-render

            </system-err>
        </testcase>
        <testcase classname="src/app/components/ui/form.spec.tsx" name="Form Components &gt; FormControl &gt; sets aria-invalid when there is an error" time="0.004922154">
        </testcase>
        <testcase classname="src/app/components/ui/form.spec.tsx" name="Form Components &gt; FormDescription &gt; renders with data-slot attribute" time="0.003998922">
        </testcase>
        <testcase classname="src/app/components/ui/form.spec.tsx" name="Form Components &gt; FormDescription &gt; renders description text" time="0.003352233">
        </testcase>
        <testcase classname="src/app/components/ui/form.spec.tsx" name="Form Components &gt; FormDescription &gt; applies custom className" time="0.003373693">
        </testcase>
        <testcase classname="src/app/components/ui/form.spec.tsx" name="Form Components &gt; FormMessage &gt; renders error message when field has error" time="0.003796297">
        </testcase>
        <testcase classname="src/app/components/ui/form.spec.tsx" name="Form Components &gt; FormMessage &gt; renders with data-slot attribute" time="0.005051554">
        </testcase>
        <testcase classname="src/app/components/ui/form.spec.tsx" name="Form Components &gt; FormMessage &gt; renders nothing when no error and no children" time="0.003533691">
        </testcase>
        <testcase classname="src/app/components/ui/form.spec.tsx" name="Form Components &gt; FormMessage &gt; renders children as fallback when no error" time="0.003874321">
        </testcase>
        <testcase classname="src/app/components/ui/form.spec.tsx" name="Form Components &gt; FormMessage &gt; applies custom className" time="0.004770132">
        </testcase>
        <testcase classname="src/app/components/ui/form.spec.tsx" name="Form Components &gt; integration &gt; renders a complete form with all components" time="0.012031673">
        </testcase>
    </testsuite>
    <testsuite name="src/lib/utils/image-text-overlay.spec.ts" timestamp="2026-02-06T06:11:34.454Z" hostname="runnervmkj6or" tests="21" failures="0" errors="0" skipped="0" time="0.04138825">
        <testcase classname="src/lib/utils/image-text-overlay.spec.ts" name="addTextOverlayToImage &gt; successful overlay creation &gt; should add text overlay to image and return blob" time="0.001551045">
        </testcase>
        <testcase classname="src/lib/utils/image-text-overlay.spec.ts" name="addTextOverlayToImage &gt; successful overlay creation &gt; should set canvas dimensions to provided width and height" time="0.001517934">
        </testcase>
        <testcase classname="src/lib/utils/image-text-overlay.spec.ts" name="addTextOverlayToImage &gt; successful overlay creation &gt; should draw the image onto the canvas" time="0.001696896">
        </testcase>
        <testcase classname="src/lib/utils/image-text-overlay.spec.ts" name="addTextOverlayToImage &gt; successful overlay creation &gt; should create gradient overlay for text contrast" time="0.001383975">
        </testcase>
        <testcase classname="src/lib/utils/image-text-overlay.spec.ts" name="addTextOverlayToImage &gt; successful overlay creation &gt; should draw the main message text" time="0.001433027">
        </testcase>
        <testcase classname="src/lib/utils/image-text-overlay.spec.ts" name="addTextOverlayToImage &gt; secondary message handling &gt; should draw secondary message when provided" time="0.001533453">
        </testcase>
        <testcase classname="src/lib/utils/image-text-overlay.spec.ts" name="addTextOverlayToImage &gt; secondary message handling &gt; should not draw secondary message when not provided" time="0.00151576">
        </testcase>
        <testcase classname="src/lib/utils/image-text-overlay.spec.ts" name="addTextOverlayToImage &gt; text styling &gt; should apply text shadow settings" time="0.001407318">
        </testcase>
        <testcase classname="src/lib/utils/image-text-overlay.spec.ts" name="addTextOverlayToImage &gt; text styling &gt; should center text horizontally" time="0.001526129">
        </testcase>
        <testcase classname="src/lib/utils/image-text-overlay.spec.ts" name="addTextOverlayToImage &gt; word wrapping &gt; should wrap long messages across multiple lines" time="0.003655787">
        </testcase>
        <testcase classname="src/lib/utils/image-text-overlay.spec.ts" name="addTextOverlayToImage &gt; word wrapping &gt; should handle single word messages" time="0.001828649">
        </testcase>
        <testcase classname="src/lib/utils/image-text-overlay.spec.ts" name="addTextOverlayToImage &gt; error handling &gt; should reject when canvas context cannot be obtained" time="0.000510216">
        </testcase>
        <testcase classname="src/lib/utils/image-text-overlay.spec.ts" name="addTextOverlayToImage &gt; error handling &gt; should reject when image fails to load" time="0.002852818">
        </testcase>
        <testcase classname="src/lib/utils/image-text-overlay.spec.ts" name="addTextOverlayToImage &gt; error handling &gt; should reject when toBlob fails to create blob" time="0.001646282">
        </testcase>
        <testcase classname="src/lib/utils/image-text-overlay.spec.ts" name="addTextOverlayToImage &gt; output format &gt; should output JPEG format" time="0.001748631">
        </testcase>
        <testcase classname="src/lib/utils/image-text-overlay.spec.ts" name="addTextOverlayToImage &gt; output format &gt; should use 92% quality for JPEG" time="0.003308222">
        </testcase>
        <testcase classname="src/lib/utils/image-text-overlay.spec.ts" name="addTextOverlayToImage &gt; output format &gt; should return both blob and dataUrl" time="0.001826806">
        </testcase>
        <testcase classname="src/lib/utils/image-text-overlay.spec.ts" name="addTextOverlayToImage &gt; varied secondary message placement &gt; should apply consistent offset based on message content" time="0.002780224">
        </testcase>
        <testcase classname="src/lib/utils/image-text-overlay.spec.ts" name="addTextOverlayToImage &gt; font size calculation &gt; should scale font size based on image width" time="0.001455919">
        </testcase>
        <testcase classname="src/lib/utils/image-text-overlay.spec.ts" name="addTextOverlayToImage &gt; font size calculation &gt; should use minimum font size for very small images" time="0.001379857">
        </testcase>
        <testcase classname="src/lib/utils/image-text-overlay.spec.ts" name="addTextOverlayToImage &gt; URL cleanup &gt; should create and revoke object URL for blob" time="0.001491585">
        </testcase>
    </testsuite>
    <testsuite name="src/app/components/featured-artists-player.spec.tsx" timestamp="2026-02-06T06:11:34.458Z" hostname="runnervmkj6or" tests="33" failures="0" errors="0" skipped="0" time="0.225873015">
        <testcase classname="src/app/components/featured-artists-player.spec.tsx" name="FeaturedArtistsPlayer &gt; should render empty state when no featured artists" time="0.004488891">
        </testcase>
        <testcase classname="src/app/components/featured-artists-player.spec.tsx" name="FeaturedArtistsPlayer &gt; should render the media player with featured artists" time="0.002343504">
        </testcase>
        <testcase classname="src/app/components/featured-artists-player.spec.tsx" name="FeaturedArtistsPlayer &gt; should display the first artist as selected by default" time="0.002323837">
        </testcase>
        <testcase classname="src/app/components/featured-artists-player.spec.tsx" name="FeaturedArtistsPlayer &gt; should change selected artist when clicking on carousel item" time="0.005739078">
        </testcase>
        <testcase classname="src/app/components/featured-artists-player.spec.tsx" name="FeaturedArtistsPlayer &gt; should render audio controls when track has audioUrl" time="0.005998119">
        </testcase>
        <testcase classname="src/app/components/featured-artists-player.spec.tsx" name="FeaturedArtistsPlayer &gt; should not render audio controls when no track" time="0.001362095">
        </testcase>
        <testcase classname="src/app/components/featured-artists-player.spec.tsx" name="FeaturedArtistsPlayer &gt; should render cover art image" time="0.002133004">
        </testcase>
        <testcase classname="src/app/components/featured-artists-player.spec.tsx" name="FeaturedArtistsPlayer &gt; should set shouldAutoPlay to true when selecting artist from carousel" time="0.005244781">
        </testcase>
        <testcase classname="src/app/components/featured-artists-player.spec.tsx" name="FeaturedArtistsPlayer &gt; should update isPlaying state when onPlay is called" time="0.010289805">
        </testcase>
        <testcase classname="src/app/components/featured-artists-player.spec.tsx" name="FeaturedArtistsPlayer &gt; should update isPlaying state when onPause is called" time="0.005876502">
        </testcase>
        <testcase classname="src/app/components/featured-artists-player.spec.tsx" name="FeaturedArtistsPlayer &gt; track selection &gt; should change track when onTrackSelect is called" time="0.006954461">
        </testcase>
        <testcase classname="src/app/components/featured-artists-player.spec.tsx" name="FeaturedArtistsPlayer &gt; track selection &gt; should set shouldAutoPlay when track is selected" time="0.013362599">
        </testcase>
        <testcase classname="src/app/components/featured-artists-player.spec.tsx" name="FeaturedArtistsPlayer &gt; track selection &gt; should not change track when release has no tracks" time="0.004230382">
        </testcase>
        <testcase classname="src/app/components/featured-artists-player.spec.tsx" name="FeaturedArtistsPlayer &gt; auto-advance on track ended &gt; should advance to next track when current track ends" time="0.006383192">
        </testcase>
        <testcase classname="src/app/components/featured-artists-player.spec.tsx" name="FeaturedArtistsPlayer &gt; auto-advance on track ended &gt; should set shouldAutoPlay when track ends and advances" time="0.00697014">
        </testcase>
        <testcase classname="src/app/components/featured-artists-player.spec.tsx" name="FeaturedArtistsPlayer &gt; auto-advance on track ended &gt; should not advance when on last track" time="0.004129925">
        </testcase>
        <testcase classname="src/app/components/featured-artists-player.spec.tsx" name="FeaturedArtistsPlayer &gt; auto-advance on track ended &gt; should not advance when there is no release" time="0.004440681">
        </testcase>
        <testcase classname="src/app/components/featured-artists-player.spec.tsx" name="FeaturedArtistsPlayer &gt; previous track navigation &gt; should go to previous track when wasPlaying is true" time="0.007624444">
        </testcase>
        <testcase classname="src/app/components/featured-artists-player.spec.tsx" name="FeaturedArtistsPlayer &gt; previous track navigation &gt; should go to previous track when wasPlaying is false" time="0.043085996">
        </testcase>
        <testcase classname="src/app/components/featured-artists-player.spec.tsx" name="FeaturedArtistsPlayer &gt; previous track navigation &gt; should not change track when already on first track" time="0.009026492">
        </testcase>
        <testcase classname="src/app/components/featured-artists-player.spec.tsx" name="FeaturedArtistsPlayer &gt; previous track navigation &gt; should not change track when there is no release" time="0.00622559">
        </testcase>
        <testcase classname="src/app/components/featured-artists-player.spec.tsx" name="FeaturedArtistsPlayer &gt; next track navigation &gt; should go to next track when wasPlaying is true" time="0.008685077">
        </testcase>
        <testcase classname="src/app/components/featured-artists-player.spec.tsx" name="FeaturedArtistsPlayer &gt; next track navigation &gt; should go to next track when wasPlaying is false" time="0.009501402">
        </testcase>
        <testcase classname="src/app/components/featured-artists-player.spec.tsx" name="FeaturedArtistsPlayer &gt; next track navigation &gt; should not change track when already on last track" time="0.007752089">
        </testcase>
        <testcase classname="src/app/components/featured-artists-player.spec.tsx" name="FeaturedArtistsPlayer &gt; next track navigation &gt; should not change track when there is no release" time="0.005478375">
        </testcase>
        <testcase classname="src/app/components/featured-artists-player.spec.tsx" name="FeaturedArtistsPlayer &gt; display name resolution &gt; should use displayName when available" time="0.002085776">
        </testcase>
        <testcase classname="src/app/components/featured-artists-player.spec.tsx" name="FeaturedArtistsPlayer &gt; display name resolution &gt; should fall back to artist firstName/surname when no displayName" time="0.004295302">
        </testcase>
        <testcase classname="src/app/components/featured-artists-player.spec.tsx" name="FeaturedArtistsPlayer &gt; display name resolution &gt; should fall back to group name when no displayName and no artists" time="0.004155933">
        </testcase>
        <testcase classname="src/app/components/featured-artists-player.spec.tsx" name="FeaturedArtistsPlayer &gt; display name resolution &gt; should use artist displayName when available over firstName/surname" time="0.003750762">
        </testcase>
        <testcase classname="src/app/components/featured-artists-player.spec.tsx" name="FeaturedArtistsPlayer &gt; display name resolution &gt; should show Unknown Artist when no displayName, artists, or group" time="0.00240576">
        </testcase>
        <testcase classname="src/app/components/featured-artists-player.spec.tsx" name="FeaturedArtistsPlayer &gt; cover art resolution &gt; should use coverArt from featured artist when available" time="0.003376549">
        </testcase>
        <testcase classname="src/app/components/featured-artists-player.spec.tsx" name="FeaturedArtistsPlayer &gt; cover art resolution &gt; should fall back to release coverArt when featured artist coverArt is null" time="0.006908105">
        </testcase>
        <testcase classname="src/app/components/featured-artists-player.spec.tsx" name="FeaturedArtistsPlayer &gt; cover art resolution &gt; should not render cover art when both coverArt and release coverArt are null" time="0.005992929">
        </testcase>
    </testsuite>
    <testsuite name="src/app/components/forms/artist-form.spec.tsx" timestamp="2026-02-06T06:11:34.464Z" hostname="runnervmkj6or" tests="23" failures="0" errors="0" skipped="23" time="0">
        <testcase classname="src/app/components/forms/artist-form.spec.tsx" name="ArtistForm &gt; Rendering &gt; should render loading state when form control is not initialized" time="0">
            <skipped/>
        </testcase>
        <testcase classname="src/app/components/forms/artist-form.spec.tsx" name="ArtistForm &gt; Rendering &gt; should render form when control is initialized" time="0">
            <skipped/>
        </testcase>
        <testcase classname="src/app/components/forms/artist-form.spec.tsx" name="ArtistForm &gt; Rendering &gt; should render all required form sections" time="0">
            <skipped/>
        </testcase>
        <testcase classname="src/app/components/forms/artist-form.spec.tsx" name="ArtistForm &gt; Rendering &gt; should render all name fields" time="0">
            <skipped/>
        </testcase>
        <testcase classname="src/app/components/forms/artist-form.spec.tsx" name="ArtistForm &gt; Rendering &gt; should render biography fields" time="0">
            <skipped/>
        </testcase>
        <testcase classname="src/app/components/forms/artist-form.spec.tsx" name="ArtistForm &gt; Rendering &gt; should render music information fields" time="0">
            <skipped/>
        </testcase>
        <testcase classname="src/app/components/forms/artist-form.spec.tsx" name="ArtistForm &gt; Rendering &gt; should render date fields" time="0">
            <skipped/>
        </testcase>
        <testcase classname="src/app/components/forms/artist-form.spec.tsx" name="ArtistForm &gt; Rendering &gt; should render submit button" time="0">
            <skipped/>
        </testcase>
        <testcase classname="src/app/components/forms/artist-form.spec.tsx" name="ArtistForm &gt; Rendering &gt; should not render cancel button" time="0">
            <skipped/>
        </testcase>
        <testcase classname="src/app/components/forms/artist-form.spec.tsx" name="ArtistForm &gt; Form Submission &gt; should call form action on submit" time="0">
            <skipped/>
        </testcase>
        <testcase classname="src/app/components/forms/artist-form.spec.tsx" name="ArtistForm &gt; Form Submission &gt; should disable submit button when submitting" time="0">
            <skipped/>
        </testcase>
        <testcase classname="src/app/components/forms/artist-form.spec.tsx" name="ArtistForm &gt; Form Submission &gt; should disable submit button during transition" time="0">
            <skipped/>
        </testcase>
        <testcase classname="src/app/components/forms/artist-form.spec.tsx" name="ArtistForm &gt; Success Handling &gt; should show success toast on successful submission" time="0">
            <skipped/>
        </testcase>
        <testcase classname="src/app/components/forms/artist-form.spec.tsx" name="ArtistForm &gt; Success Handling &gt; should reset form on success" time="0">
            <skipped/>
        </testcase>
        <testcase classname="src/app/components/forms/artist-form.spec.tsx" name="ArtistForm &gt; Success Handling &gt; should include artist name in success toast" time="0">
            <skipped/>
        </testcase>
        <testcase classname="src/app/components/forms/artist-form.spec.tsx" name="ArtistForm &gt; Success Handling &gt; should use concatenated name when displayName is empty" time="0">
            <skipped/>
        </testcase>
        <testcase classname="src/app/components/forms/artist-form.spec.tsx" name="ArtistForm &gt; Error Handling &gt; should show error toast on submission failure" time="0">
            <skipped/>
        </testcase>
        <testcase classname="src/app/components/forms/artist-form.spec.tsx" name="ArtistForm &gt; Error Handling &gt; should not reset form on failure" time="0">
            <skipped/>
        </testcase>
        <testcase classname="src/app/components/forms/artist-form.spec.tsx" name="ArtistForm &gt; Form Data Preparation &gt; should only append non-empty values to FormData" time="0">
            <skipped/>
        </testcase>
        <testcase classname="src/app/components/forms/artist-form.spec.tsx" name="ArtistForm &gt; Loading States &gt; should not show toasts while pending" time="0">
            <skipped/>
        </testcase>
        <testcase classname="src/app/components/forms/artist-form.spec.tsx" name="ArtistForm &gt; Loading States &gt; should not show toasts during transition" time="0">
            <skipped/>
        </testcase>
        <testcase classname="src/app/components/forms/artist-form.spec.tsx" name="ArtistForm &gt; Session Handling &gt; should use user ID from session for createdBy field" time="0">
            <skipped/>
        </testcase>
        <testcase classname="src/app/components/forms/artist-form.spec.tsx" name="ArtistForm &gt; Session Handling &gt; should handle missing user session gracefully" time="0">
            <skipped/>
        </testcase>
    </testsuite>
    <testsuite name="src/lib/utils/email-security.spec.ts" timestamp="2026-02-06T06:11:34.469Z" hostname="runnervmkj6or" tests="15" failures="0" errors="0" skipped="0" time="0.007668477">
        <testcase classname="src/lib/utils/email-security.spec.ts" name="Email Security &gt; isDisposableEmail &gt; should identify common disposable email domains" time="0.000466433">
        </testcase>
        <testcase classname="src/lib/utils/email-security.spec.ts" name="Email Security &gt; isDisposableEmail &gt; should handle subdomain disposable emails" time="0.000290237">
        </testcase>
        <testcase classname="src/lib/utils/email-security.spec.ts" name="Email Security &gt; isDisposableEmail &gt; should return false for legitimate email domains" time="0.001440024">
        </testcase>
        <testcase classname="src/lib/utils/email-security.spec.ts" name="Email Security &gt; isDisposableEmail &gt; should handle case insensitivity" time="0.000356299">
        </testcase>
        <testcase classname="src/lib/utils/email-security.spec.ts" name="Email Security &gt; isDisposableEmail &gt; should handle emails without @ symbol" time="0.000211101">
        </testcase>
        <testcase classname="src/lib/utils/email-security.spec.ts" name="Email Security &gt; isDisposableEmail &gt; should handle emails with multiple @ symbols" time="0.00027014">
        </testcase>
        <testcase classname="src/lib/utils/email-security.spec.ts" name="Email Security &gt; validateEmailSecurity &gt; should validate correct email format" time="0.000114963">
        </testcase>
        <testcase classname="src/lib/utils/email-security.spec.ts" name="Email Security &gt; validateEmailSecurity &gt; should reject invalid email formats" time="0.000425016">
        </testcase>
        <testcase classname="src/lib/utils/email-security.spec.ts" name="Email Security &gt; validateEmailSecurity &gt; should reject disposable email addresses" time="0.000133517">
        </testcase>
        <testcase classname="src/lib/utils/email-security.spec.ts" name="Email Security &gt; validateEmailSecurity &gt; should reject emails with local part longer than 64 characters" time="0.000354375">
        </testcase>
        <testcase classname="src/lib/utils/email-security.spec.ts" name="Email Security &gt; validateEmailSecurity &gt; should accept emails with local part exactly 64 characters" time="0.000151079">
        </testcase>
        <testcase classname="src/lib/utils/email-security.spec.ts" name="Email Security &gt; validateEmailSecurity &gt; should validate common email formats" time="0.00048649">
        </testcase>
        <testcase classname="src/lib/utils/email-security.spec.ts" name="Email Security &gt; validateEmailSecurity &gt; should handle edge cases gracefully" time="0.000129018">
        </testcase>
        <testcase classname="src/lib/utils/email-security.spec.ts" name="Email Security &gt; validateEmailSecurity &gt; should reject emails with only @ symbol" time="0.000114141">
        </testcase>
        <testcase classname="src/lib/utils/email-security.spec.ts" name="Email Security &gt; validateEmailSecurity &gt; should handle unicode characters in email" time="0.000346701">
        </testcase>
    </testsuite>
    <testsuite name="src/app/components/data-store-health-status.spec.tsx" timestamp="2026-02-06T06:11:34.472Z" hostname="runnervmkj6or" tests="20" failures="0" errors="0" skipped="0" time="0.59489465">
        <testcase classname="src/app/components/data-store-health-status.spec.tsx" name="DataStoreHealthStatus &gt; rendering &gt; renders DB health status label" time="0.004682403">
        </testcase>
        <testcase classname="src/app/components/data-store-health-status.spec.tsx" name="DataStoreHealthStatus &gt; rendering &gt; renders health status icon" time="0.002510463">
        </testcase>
        <testcase classname="src/app/components/data-store-health-status.spec.tsx" name="DataStoreHealthStatus &gt; rendering &gt; renders health status message" time="0.001914643">
        </testcase>
        <testcase classname="src/app/components/data-store-health-status.spec.tsx" name="DataStoreHealthStatus &gt; rendering &gt; renders with centered flex layout" time="0.003053319">
        </testcase>
        <testcase classname="src/app/components/data-store-health-status.spec.tsx" name="DataStoreHealthStatus &gt; loading state &gt; shows loading state initially" time="0.002952752">
        </testcase>
        <testcase classname="src/app/components/data-store-health-status.spec.tsx" name="DataStoreHealthStatus &gt; loading state &gt; passes isLoading to health status message" time="0.002514462">
        </testcase>
        <testcase classname="src/app/components/data-store-health-status.spec.tsx" name="DataStoreHealthStatus &gt; successful health check &gt; fetches health status on mount" time="0.020968713">
        </testcase>
        <testcase classname="src/app/components/data-store-health-status.spec.tsx" name="DataStoreHealthStatus &gt; successful health check &gt; updates status after successful fetch" time="0.02026904">
        </testcase>
        <testcase classname="src/app/components/data-store-health-status.spec.tsx" name="DataStoreHealthStatus &gt; successful health check &gt; displays database status message on success" time="0.020709785">
        </testcase>
        <testcase classname="src/app/components/data-store-health-status.spec.tsx" name="DataStoreHealthStatus &gt; error handling &gt; sets error status when fetch fails with non-ok response" time="0.021169525">
        </testcase>
        <testcase classname="src/app/components/data-store-health-status.spec.tsx" name="DataStoreHealthStatus &gt; error handling &gt; handles malformed JSON response gracefully" time="0.021071112">
        </testcase>
        <testcase classname="src/app/components/data-store-health-status.spec.tsx" name="DataStoreHealthStatus &gt; retry logic &gt; retries on 500 server errors" time="0.041167624">
        </testcase>
        <testcase classname="src/app/components/data-store-health-status.spec.tsx" name="DataStoreHealthStatus &gt; retry logic &gt; retries on network errors" time="0.041933148">
        </testcase>
        <testcase classname="src/app/components/data-store-health-status.spec.tsx" name="DataStoreHealthStatus &gt; retry logic &gt; retries on abort/timeout errors" time="0.040731476">
        </testcase>
        <testcase classname="src/app/components/data-store-health-status.spec.tsx" name="DataStoreHealthStatus &gt; cleanup &gt; does not update state after unmount" time="0.00279413">
        </testcase>
        <testcase classname="src/app/components/data-store-health-status.spec.tsx" name="DataStoreHealthStatus &gt; SSL and network errors &gt; shows SSL-specific error message for SSL errors" time="0.242884274">
        </testcase>
        <testcase classname="src/app/components/data-store-health-status.spec.tsx" name="DataStoreHealthStatus &gt; failsafe timeout &gt; shows timeout error after 60 seconds of loading" time="0.020849894">
        </testcase>
        <testcase classname="src/app/components/data-store-health-status.spec.tsx" name="DataStoreHealthStatus &gt; failsafe timeout &gt; does not trigger failsafe if fetch succeeds before timeout" time="0.020953696">
        </testcase>
        <testcase classname="src/app/components/data-store-health-status.spec.tsx" name="DataStoreHealthStatus &gt; non-Error exceptions &gt; handles non-Error exceptions gracefully" time="0.037667128">
        </testcase>
        <testcase classname="src/app/components/data-store-health-status.spec.tsx" name="DataStoreHealthStatus &gt; error response without database field &gt; uses fallback message when errorData.database is undefined" time="0.020990195">
        </testcase>
    </testsuite>
    <testsuite name="src/app/components/forms/fields/checkbox-field.spec.tsx" timestamp="2026-02-06T06:11:34.475Z" hostname="runnervmkj6or" tests="12" failures="0" errors="0" skipped="0" time="0.083363819">
        <testcase classname="src/app/components/forms/fields/checkbox-field.spec.tsx" name="CheckboxField &gt; renders with correct label and id" time="0.003392918">
        </testcase>
        <testcase classname="src/app/components/forms/fields/checkbox-field.spec.tsx" name="CheckboxField &gt; renders with string label" time="0.005797837">
        </testcase>
        <testcase classname="src/app/components/forms/fields/checkbox-field.spec.tsx" name="CheckboxField &gt; calls onUserInteraction when checkbox changes" time="0.002800882">
        </testcase>
        <testcase classname="src/app/components/forms/fields/checkbox-field.spec.tsx" name="CheckboxField &gt; does not call onUserInteraction when not provided" time="0.03590109">
        </testcase>
        <testcase classname="src/app/components/forms/fields/checkbox-field.spec.tsx" name="CheckboxField &gt; applies correct CSS classes for layout" time="0.005272395">
        </testcase>
        <testcase classname="src/app/components/forms/fields/checkbox-field.spec.tsx" name="CheckboxField &gt; renders complex label content" time="0.004352433">
        </testcase>
        <testcase classname="src/app/components/forms/fields/checkbox-field.spec.tsx" name="CheckboxField &gt; applies correct label styles" time="0.004398137">
        </testcase>
        <testcase classname="src/app/components/forms/fields/checkbox-field.spec.tsx" name="CheckboxField &gt; renders all form structure components" time="0.003209097">
        </testcase>
        <testcase classname="src/app/components/forms/fields/checkbox-field.spec.tsx" name="CheckboxField &gt; passes setValue prop when provided" time="0.003888314">
        </testcase>
        <testcase classname="src/app/components/forms/fields/checkbox-field.spec.tsx" name="CheckboxField &gt; calls setValue with correct parameters when checkbox is changed" time="0.003173341">
        </testcase>
        <testcase classname="src/app/components/forms/fields/checkbox-field.spec.tsx" name="CheckboxField &gt; calls both setValue and onUserInteraction when both provided" time="0.005190272">
        </testcase>
        <testcase classname="src/app/components/forms/fields/checkbox-field.spec.tsx" name="CheckboxField &gt; handles checkbox state changes" time="0.003965787">
        </testcase>
    </testsuite>
    <testsuite name="src/app/components/ui/collapsible.spec.tsx" timestamp="2026-02-06T06:11:34.477Z" hostname="runnervmkj6or" tests="11" failures="0" errors="0" skipped="0" time="0.1861675">
        <testcase classname="src/app/components/ui/collapsible.spec.tsx" name="Collapsible Components &gt; Collapsible &gt; renders children" time="0.002439872">
        </testcase>
        <testcase classname="src/app/components/ui/collapsible.spec.tsx" name="Collapsible Components &gt; CollapsibleTrigger &gt; renders with data-slot attribute" time="0.003850317">
        </testcase>
        <testcase classname="src/app/components/ui/collapsible.spec.tsx" name="Collapsible Components &gt; CollapsibleTrigger &gt; renders children" time="0.028354669">
        </testcase>
        <testcase classname="src/app/components/ui/collapsible.spec.tsx" name="Collapsible Components &gt; CollapsibleTrigger &gt; toggles content on click" time="0.080114996">
        </testcase>
        <testcase classname="src/app/components/ui/collapsible.spec.tsx" name="Collapsible Components &gt; CollapsibleTrigger &gt; passes through props" time="0.003362313">
        </testcase>
        <testcase classname="src/app/components/ui/collapsible.spec.tsx" name="Collapsible Components &gt; CollapsibleContent &gt; renders with data-slot attribute when open" time="0.005453158">
        </testcase>
        <testcase classname="src/app/components/ui/collapsible.spec.tsx" name="Collapsible Components &gt; CollapsibleContent &gt; renders children when open" time="0.005619446">
        </testcase>
        <testcase classname="src/app/components/ui/collapsible.spec.tsx" name="Collapsible Components &gt; CollapsibleContent &gt; hides content when closed" time="0.004723966">
        </testcase>
        <testcase classname="src/app/components/ui/collapsible.spec.tsx" name="Collapsible Components &gt; integration &gt; expands and collapses content" time="0.029333484">
        </testcase>
        <testcase classname="src/app/components/ui/collapsible.spec.tsx" name="Collapsible Components &gt; integration &gt; renders controlled collapsible" time="0.01649189">
        </testcase>
        <testcase classname="src/app/components/ui/collapsible.spec.tsx" name="Collapsible Components &gt; integration &gt; renders with defaultOpen" time="0.003828948">
        </testcase>
    </testsuite>
    <testsuite name="src/app/components/ui/textarea.spec.tsx" timestamp="2026-02-06T06:11:34.480Z" hostname="runnervmkj6or" tests="19" failures="0" errors="0" skipped="0" time="0.176598111">
        <testcase classname="src/app/components/ui/textarea.spec.tsx" name="Textarea &gt; rendering &gt; should render the textarea" time="0.001135625">
        </testcase>
        <testcase classname="src/app/components/ui/textarea.spec.tsx" name="Textarea &gt; rendering &gt; should have data-slot attribute" time="0.001247893">
        </testcase>
        <testcase classname="src/app/components/ui/textarea.spec.tsx" name="Textarea &gt; rendering &gt; should render as textarea element" time="0.001360552">
        </testcase>
        <testcase classname="src/app/components/ui/textarea.spec.tsx" name="Textarea &gt; rendering &gt; should have default styling classes" time="0.001538563">
        </testcase>
        <testcase classname="src/app/components/ui/textarea.spec.tsx" name="Textarea &gt; className prop &gt; should apply custom className" time="0.001404372">
        </testcase>
        <testcase classname="src/app/components/ui/textarea.spec.tsx" name="Textarea &gt; className prop &gt; should merge custom className with default classes" time="0.001302294">
        </testcase>
        <testcase classname="src/app/components/ui/textarea.spec.tsx" name="Textarea &gt; standard textarea props &gt; should accept placeholder prop" time="0.001772025">
        </testcase>
        <testcase classname="src/app/components/ui/textarea.spec.tsx" name="Textarea &gt; standard textarea props &gt; should accept disabled prop" time="0.002331712">
        </testcase>
        <testcase classname="src/app/components/ui/textarea.spec.tsx" name="Textarea &gt; standard textarea props &gt; should accept readOnly prop" time="0.001973618">
        </testcase>
        <testcase classname="src/app/components/ui/textarea.spec.tsx" name="Textarea &gt; standard textarea props &gt; should accept rows prop" time="0.002657917">
        </testcase>
        <testcase classname="src/app/components/ui/textarea.spec.tsx" name="Textarea &gt; standard textarea props &gt; should accept name prop" time="0.001494831">
        </testcase>
        <testcase classname="src/app/components/ui/textarea.spec.tsx" name="Textarea &gt; standard textarea props &gt; should accept value prop" time="0.002057104">
        </testcase>
        <testcase classname="src/app/components/ui/textarea.spec.tsx" name="Textarea &gt; standard textarea props &gt; should accept defaultValue prop" time="0.00405121">
        </testcase>
        <testcase classname="src/app/components/ui/textarea.spec.tsx" name="Textarea &gt; events &gt; should handle onChange events" time="0.031017354">
        </testcase>
        <testcase classname="src/app/components/ui/textarea.spec.tsx" name="Textarea &gt; events &gt; should handle onFocus events" time="0.063453312">
        </testcase>
        <testcase classname="src/app/components/ui/textarea.spec.tsx" name="Textarea &gt; events &gt; should handle onBlur events" time="0.018109468">
        </testcase>
        <testcase classname="src/app/components/ui/textarea.spec.tsx" name="Textarea &gt; accessibility &gt; should accept aria-label prop" time="0.002764424">
        </testcase>
        <testcase classname="src/app/components/ui/textarea.spec.tsx" name="Textarea &gt; accessibility &gt; should accept aria-describedby prop" time="0.030688967">
        </testcase>
        <testcase classname="src/app/components/ui/textarea.spec.tsx" name="Textarea &gt; accessibility &gt; should accept required prop" time="0.003318591">
        </testcase>
    </testsuite>
    <testsuite name="src/app/(auth)/success/signout/container.spec.tsx" timestamp="2026-02-06T06:11:34.483Z" hostname="runnervmkj6or" tests="4" failures="0" errors="0" skipped="0" time="0.088756243">
        <testcase classname="src/app/(auth)/success/signout/container.spec.tsx" name="SignoutSuccessContainer &gt; renders success heading" time="0.050895383">
        </testcase>
        <testcase classname="src/app/(auth)/success/signout/container.spec.tsx" name="SignoutSuccessContainer &gt; renders signout success message" time="0.026761787">
        </testcase>
        <testcase classname="src/app/(auth)/success/signout/container.spec.tsx" name="SignoutSuccessContainer &gt; includes browser privacy reminder" time="0.00461249">
        </testcase>
        <testcase classname="src/app/(auth)/success/signout/container.spec.tsx" name="SignoutSuccessContainer &gt; renders link to signin page" time="0.004521331">
        </testcase>
    </testsuite>
    <testsuite name="src/app/components/ui/input.spec.tsx" timestamp="2026-02-06T06:11:34.484Z" hostname="runnervmkj6or" tests="40" failures="0" errors="0" skipped="0" time="0.38582101">
        <testcase classname="src/app/components/ui/input.spec.tsx" name="Input &gt; rendering &gt; should render an input element" time="0.002472663">
        </testcase>
        <testcase classname="src/app/components/ui/input.spec.tsx" name="Input &gt; rendering &gt; should render with default type text" time="0.002565155">
        </testcase>
        <testcase classname="src/app/components/ui/input.spec.tsx" name="Input &gt; rendering &gt; should render with specified type" time="0.002470329">
        </testcase>
        <testcase classname="src/app/components/ui/input.spec.tsx" name="Input &gt; rendering &gt; should render password input correctly" time="0.001080994">
        </testcase>
        <testcase classname="src/app/components/ui/input.spec.tsx" name="Input &gt; rendering &gt; should render number input correctly" time="0.006081683">
        </testcase>
        <testcase classname="src/app/components/ui/input.spec.tsx" name="Input &gt; styling &gt; should apply default CSS classes" time="0.002735641">
        </testcase>
        <testcase classname="src/app/components/ui/input.spec.tsx" name="Input &gt; styling &gt; should apply custom className along with default classes" time="0.002728738">
        </testcase>
        <testcase classname="src/app/components/ui/input.spec.tsx" name="Input &gt; styling &gt; should have focus styles in classes" time="0.001894622">
        </testcase>
        <testcase classname="src/app/components/ui/input.spec.tsx" name="Input &gt; styling &gt; should have disabled styles in classes" time="0.002782939">
        </testcase>
        <testcase classname="src/app/components/ui/input.spec.tsx" name="Input &gt; styling &gt; should have invalid styles in classes" time="0.00244902">
        </testcase>
        <testcase classname="src/app/components/ui/input.spec.tsx" name="Input &gt; states &gt; should be enabled by default" time="0.00385164">
        </testcase>
        <testcase classname="src/app/components/ui/input.spec.tsx" name="Input &gt; states &gt; should be disabled when disabled prop is true" time="0.004119165">
        </testcase>
        <testcase classname="src/app/components/ui/input.spec.tsx" name="Input &gt; states &gt; should show as required when required prop is true" time="0.003501911">
        </testcase>
        <testcase classname="src/app/components/ui/input.spec.tsx" name="Input &gt; states &gt; should show as invalid when aria-invalid is true" time="0.003826794">
        </testcase>
        <testcase classname="src/app/components/ui/input.spec.tsx" name="Input &gt; interactions &gt; should handle text input" time="0.044164665">
        </testcase>
        <testcase classname="src/app/components/ui/input.spec.tsx" name="Input &gt; interactions &gt; should call onChange handler" time="0.020335244">
        </testcase>
        <testcase classname="src/app/components/ui/input.spec.tsx" name="Input &gt; interactions &gt; should call onFocus handler" time="0.01666481">
        </testcase>
        <testcase classname="src/app/components/ui/input.spec.tsx" name="Input &gt; interactions &gt; should call onBlur handler" time="0.016851344">
        </testcase>
        <testcase classname="src/app/components/ui/input.spec.tsx" name="Input &gt; interactions &gt; should not call handlers when disabled" time="0.022198809">
        </testcase>
        <testcase classname="src/app/components/ui/input.spec.tsx" name="Input &gt; attributes &gt; should support placeholder" time="0.002171525">
        </testcase>
        <testcase classname="src/app/components/ui/input.spec.tsx" name="Input &gt; attributes &gt; should support defaultValue" time="0.002102838">
        </testcase>
        <testcase classname="src/app/components/ui/input.spec.tsx" name="Input &gt; attributes &gt; should support value (controlled)" time="0.004046521">
        </testcase>
        <testcase classname="src/app/components/ui/input.spec.tsx" name="Input &gt; attributes &gt; should support name attribute" time="0.005445234">
        </testcase>
        <testcase classname="src/app/components/ui/input.spec.tsx" name="Input &gt; attributes &gt; should support id attribute" time="0.006712442">
        </testcase>
        <testcase classname="src/app/components/ui/input.spec.tsx" name="Input &gt; attributes &gt; should support maxLength" time="0.004900554">
        </testcase>
        <testcase classname="src/app/components/ui/input.spec.tsx" name="Input &gt; attributes &gt; should support minLength" time="0.004528475">
        </testcase>
        <testcase classname="src/app/components/ui/input.spec.tsx" name="Input &gt; attributes &gt; should support pattern" time="0.048181663">
        </testcase>
        <testcase classname="src/app/components/ui/input.spec.tsx" name="Input &gt; accessibility &gt; should be focusable" time="0.002251112">
        </testcase>
        <testcase classname="src/app/components/ui/input.spec.tsx" name="Input &gt; accessibility &gt; should not be focusable when disabled" time="0.002663217">
        </testcase>
        <testcase classname="src/app/components/ui/input.spec.tsx" name="Input &gt; accessibility &gt; should support aria-label" time="0.003194101">
        </testcase>
        <testcase classname="src/app/components/ui/input.spec.tsx" name="Input &gt; accessibility &gt; should support aria-describedby" time="0.004629501">
        </testcase>
        <testcase classname="src/app/components/ui/input.spec.tsx" name="Input &gt; accessibility &gt; should support aria-invalid" time="0.002650654">
        </testcase>
        <testcase classname="src/app/components/ui/input.spec.tsx" name="Input &gt; input types &gt; should handle email type with validation" time="0.039844353">
        </testcase>
        <testcase classname="src/app/components/ui/input.spec.tsx" name="Input &gt; input types &gt; should handle password type" time="0.025253549">
        </testcase>
        <testcase classname="src/app/components/ui/input.spec.tsx" name="Input &gt; input types &gt; should handle number type" time="0.017701009">
        </testcase>
        <testcase classname="src/app/components/ui/input.spec.tsx" name="Input &gt; input types &gt; should handle search type" time="0.00414865">
        </testcase>
        <testcase classname="src/app/components/ui/input.spec.tsx" name="Input &gt; input types &gt; should handle tel type" time="0.002793458">
        </testcase>
        <testcase classname="src/app/components/ui/input.spec.tsx" name="Input &gt; input types &gt; should handle url type" time="0.003414039">
        </testcase>
        <testcase classname="src/app/components/ui/input.spec.tsx" name="Input &gt; file input &gt; should handle file input type" time="0.029976346">
        </testcase>
        <testcase classname="src/app/components/ui/input.spec.tsx" name="Input &gt; file input &gt; should apply file-specific styles" time="0.002964595">
        </testcase>
    </testsuite>
    <testsuite name="src/app/components/forms/signup-signin-form.spec.tsx" timestamp="2026-02-06T06:11:34.491Z" hostname="runnervmkj6or" tests="27" failures="0" errors="0" skipped="0" time="0.247794828">
        <testcase classname="src/app/components/forms/signup-signin-form.spec.tsx" name="SignupSigninForm &gt; email field &gt; should render email input field" time="0.003868921">
        </testcase>
        <testcase classname="src/app/components/forms/signup-signin-form.spec.tsx" name="SignupSigninForm &gt; email field &gt; should autofocus email input field on page load" time="0.003551312">
        </testcase>
        <testcase classname="src/app/components/forms/signup-signin-form.spec.tsx" name="SignupSigninForm &gt; email field &gt; should display email validation errors" time="0.00465094">
        </testcase>
        <testcase classname="src/app/components/forms/signup-signin-form.spec.tsx" name="SignupSigninForm &gt; email field &gt; should display first email error when multiple errors exist" time="0.00436985">
        </testcase>
        <testcase classname="src/app/components/forms/signup-signin-form.spec.tsx" name="SignupSigninForm &gt; email field &gt; should not display email errors when none exist" time="0.004531669">
        </testcase>
        <testcase classname="src/app/components/forms/signup-signin-form.spec.tsx" name="SignupSigninForm &gt; terms and conditions field &gt; should render terms and conditions when hasTermsAndConditions is true" time="0.00491982">
        </testcase>
        <testcase classname="src/app/components/forms/signup-signin-form.spec.tsx" name="SignupSigninForm &gt; terms and conditions field &gt; should not render terms and conditions when hasTermsAndConditions is false" time="0.00349087">
        </testcase>
        <testcase classname="src/app/components/forms/signup-signin-form.spec.tsx" name="SignupSigninForm &gt; terms and conditions field &gt; should display terms and conditions validation errors" time="0.004243766">
        </testcase>
        <testcase classname="src/app/components/forms/signup-signin-form.spec.tsx" name="SignupSigninForm &gt; terms and conditions field &gt; should link to terms and conditions page" time="0.00329093">
        </testcase>
        <testcase classname="src/app/components/forms/signup-signin-form.spec.tsx" name="SignupSigninForm &gt; terms and conditions field &gt; should mark terms switch as required" time="0.004330758">
        </testcase>
        <testcase classname="src/app/components/forms/signup-signin-form.spec.tsx" name="SignupSigninForm &gt; turnstile widget &gt; should render turnstile widget" time="0.004323283">
        </testcase>
        <testcase classname="src/app/components/forms/signup-signin-form.spec.tsx" name="SignupSigninForm &gt; turnstile widget &gt; should pass setIsVerified prop to turnstile widget" time="0.066464564">
        </testcase>
        <testcase classname="src/app/components/forms/signup-signin-form.spec.tsx" name="SignupSigninForm &gt; submit button and status &gt; should render submit button" time="0.004350303">
        </testcase>
        <testcase classname="src/app/components/forms/signup-signin-form.spec.tsx" name="SignupSigninForm &gt; submit button and status &gt; should disable submit button when pending" time="0.005094474">
        </testcase>
        <testcase classname="src/app/components/forms/signup-signin-form.spec.tsx" name="SignupSigninForm &gt; submit button and status &gt; should enable submit button when not pending" time="0.004918817">
        </testcase>
        <testcase classname="src/app/components/forms/signup-signin-form.spec.tsx" name="SignupSigninForm &gt; submit button and status &gt; should render status indicator with correct props" time="0.004511623">
        </testcase>
        <testcase classname="src/app/components/forms/signup-signin-form.spec.tsx" name="SignupSigninForm &gt; error states &gt; should display timeout error message when hasTimeout is true" time="0.007688652">
        </testcase>
        <testcase classname="src/app/components/forms/signup-signin-form.spec.tsx" name="SignupSigninForm &gt; error states &gt; should not display timeout error when hasTimeout is false" time="0.005498482">
        </testcase>
        <testcase classname="src/app/components/forms/signup-signin-form.spec.tsx" name="SignupSigninForm &gt; error states &gt; should display general error messages" time="0.006634798">
        </testcase>
        <testcase classname="src/app/components/forms/signup-signin-form.spec.tsx" name="SignupSigninForm &gt; error states &gt; should display first general error when multiple exist" time="0.006259081">
        </testcase>
        <testcase classname="src/app/components/forms/signup-signin-form.spec.tsx" name="SignupSigninForm &gt; error states &gt; should not display general error section when no general errors exist" time="0.009686064">
        </testcase>
        <testcase classname="src/app/components/forms/signup-signin-form.spec.tsx" name="SignupSigninForm &gt; form layout and styling &gt; should apply correct CSS classes to form container" time="0.005544928">
        </testcase>
        <testcase classname="src/app/components/forms/signup-signin-form.spec.tsx" name="SignupSigninForm &gt; form layout and styling &gt; should position elements correctly" time="0.005802304">
        </testcase>
        <testcase classname="src/app/components/forms/signup-signin-form.spec.tsx" name="SignupSigninForm &gt; accessibility &gt; should have proper labels for form fields" time="0.00397643">
        </testcase>
        <testcase classname="src/app/components/forms/signup-signin-form.spec.tsx" name="SignupSigninForm &gt; accessibility &gt; should associate terms label with checkbox" time="0.004495763">
        </testcase>
        <testcase classname="src/app/components/forms/signup-signin-form.spec.tsx" name="SignupSigninForm &gt; component integration &gt; should handle all props correctly" time="0.043460687">
            <system-err>
React does not recognize the `isVerified` prop on a DOM element. If you intentionally want it to appear in the DOM as a custom attribute, spell it as lowercase `isverified` instead. If you accidentally passed it from a parent component, remove it from the DOM element.
Unknown event handler property `onToken`. It will be ignored.

            </system-err>
        </testcase>
        <testcase classname="src/app/components/forms/signup-signin-form.spec.tsx" name="SignupSigninForm &gt; component integration &gt; should render all components when fully configured" time="0.01459908">
        </testcase>
    </testsuite>
    <testsuite name="src/app/components/ui/heading.spec.tsx" timestamp="2026-02-06T06:11:34.496Z" hostname="runnervmkj6or" tests="13" failures="0" errors="0" skipped="0" time="0.125264805">
        <testcase classname="src/app/components/ui/heading.spec.tsx" name="Heading &gt; renders" time="0.004117241">
        </testcase>
        <testcase classname="src/app/components/ui/heading.spec.tsx" name="Heading &gt; defaults to h1" time="0.003254423">
        </testcase>
        <testcase classname="src/app/components/ui/heading.spec.tsx" name="Heading &gt; applies custom className" time="0.003217554">
        </testcase>
        <testcase classname="src/app/components/ui/heading.spec.tsx" name="Heading &gt; renders children" time="0.002954426">
        </testcase>
        <testcase classname="src/app/components/ui/heading.spec.tsx" name="Heading &gt; levels &gt; renders level 1" time="0.00516782">
        </testcase>
        <testcase classname="src/app/components/ui/heading.spec.tsx" name="Heading &gt; levels &gt; renders level 2" time="0.003691383">
        </testcase>
        <testcase classname="src/app/components/ui/heading.spec.tsx" name="Heading &gt; levels &gt; renders level 3" time="0.005509883">
        </testcase>
        <testcase classname="src/app/components/ui/heading.spec.tsx" name="Heading &gt; levels &gt; renders level 4" time="0.074719766">
        </testcase>
        <testcase classname="src/app/components/ui/heading.spec.tsx" name="Heading &gt; levels &gt; renders level 5" time="0.004647555">
        </testcase>
        <testcase classname="src/app/components/ui/heading.spec.tsx" name="Heading &gt; levels &gt; renders level 6" time="0.002867555">
        </testcase>
        <testcase classname="src/app/components/ui/heading.spec.tsx" name="Heading &gt; levels &gt; falls back to h1 for invalid level" time="0.006143115">
        </testcase>
        <testcase classname="src/app/components/ui/heading.spec.tsx" name="Heading &gt; passes additional props" time="0.004319987">
        </testcase>
        <testcase classname="src/app/components/ui/heading.spec.tsx" name="Heading &gt; supports ref forwarding" time="0.002087449">
        </testcase>
    </testsuite>
    <testsuite name="src/app/api/releases/[id]/route.spec.ts" timestamp="2026-02-06T06:11:34.498Z" hostname="runnervmkj6or" tests="18" failures="0" errors="0" skipped="0" time="0.026837416">
        <testcase classname="src/app/api/releases/[id]/route.spec.ts" name="Release by ID API Routes &gt; GET /api/releases/[id] &gt; should return a release by ID" time="0.00056655">
        </testcase>
        <testcase classname="src/app/api/releases/[id]/route.spec.ts" name="Release by ID API Routes &gt; GET /api/releases/[id] &gt; should return 404 when release not found" time="0.000363714">
        </testcase>
        <testcase classname="src/app/api/releases/[id]/route.spec.ts" name="Release by ID API Routes &gt; GET /api/releases/[id] &gt; should return 503 when database is unavailable" time="0.000647951">
        </testcase>
        <testcase classname="src/app/api/releases/[id]/route.spec.ts" name="Release by ID API Routes &gt; GET /api/releases/[id] &gt; should return 500 for other service errors" time="0.000289597">
        </testcase>
        <testcase classname="src/app/api/releases/[id]/route.spec.ts" name="Release by ID API Routes &gt; GET /api/releases/[id] &gt; should return 500 when an exception is thrown" time="0.001442543">
            <system-err>
Release GET by ID error: Error: Unexpected error
    at [90m/home/runner/work/boudreaux/boudreaux/[39msrc/app/api/releases/[id]/route.spec.ts:125:66
    at [90mfile:///home/runner/work/boudreaux/boudreaux/[39mnode_modules/[4m@vitest/runner[24m/dist/index.js:145:11
    at [90mfile:///home/runner/work/boudreaux/boudreaux/[39mnode_modules/[4m@vitest/runner[24m/dist/index.js:915:26
    at [90mfile:///home/runner/work/boudreaux/boudreaux/[39mnode_modules/[4m@vitest/runner[24m/dist/index.js:1243:20
    at new Promise (&lt;anonymous&gt;)
    at runWithTimeout [90m(file:///home/runner/work/boudreaux/boudreaux/[39mnode_modules/[4m@vitest/runner[24m/dist/index.js:1209:10[90m)[39m
    at [90mfile:///home/runner/work/boudreaux/boudreaux/[39mnode_modules/[4m@vitest/runner[24m/dist/index.js:1653:37
    at Traces.$ [90m(file:///home/runner/work/boudreaux/boudreaux/[39mnode_modules/[4mvitest[24m/dist/chunks/traces.CCmnQaNT.js:142:27[90m)[39m
    at trace [90m(file:///home/runner/work/boudreaux/boudreaux/[39mnode_modules/[4mvitest[24m/dist/chunks/test.B8ej_ZHS.js:239:21[90m)[39m
    at runTest [90m(file:///home/runner/work/boudreaux/boudreaux/[39mnode_modules/[4m@vitest/runner[24m/dist/index.js:1653:12[90m)[39m

            </system-err>
        </testcase>
        <testcase classname="src/app/api/releases/[id]/route.spec.ts" name="Release by ID API Routes &gt; PATCH /api/releases/[id] &gt; should update a release successfully" time="0.00102506">
        </testcase>
        <testcase classname="src/app/api/releases/[id]/route.spec.ts" name="Release by ID API Routes &gt; PATCH /api/releases/[id] &gt; should return 404 when release not found" time="0.000589893">
        </testcase>
        <testcase classname="src/app/api/releases/[id]/route.spec.ts" name="Release by ID API Routes &gt; PATCH /api/releases/[id] &gt; should return 409 when title already exists" time="0.000688406">
        </testcase>
        <testcase classname="src/app/api/releases/[id]/route.spec.ts" name="Release by ID API Routes &gt; PATCH /api/releases/[id] &gt; should return 503 when database is unavailable" time="0.000567722">
        </testcase>
        <testcase classname="src/app/api/releases/[id]/route.spec.ts" name="Release by ID API Routes &gt; PATCH /api/releases/[id] &gt; should return 500 for other service errors" time="0.001254695">
        </testcase>
        <testcase classname="src/app/api/releases/[id]/route.spec.ts" name="Release by ID API Routes &gt; PATCH /api/releases/[id] &gt; should return 500 when an exception is thrown" time="0.005926135">
            <system-err>
Release PATCH error: Error: Unexpected error
    at [90m/home/runner/work/boudreaux/boudreaux/[39msrc/app/api/releases/[id]/route.spec.ts:227:65
    at [90mfile:///home/runner/work/boudreaux/boudreaux/[39mnode_modules/[4m@vitest/runner[24m/dist/index.js:145:11
    at [90mfile:///home/runner/work/boudreaux/boudreaux/[39mnode_modules/[4m@vitest/runner[24m/dist/index.js:915:26
    at [90mfile:///home/runner/work/boudreaux/boudreaux/[39mnode_modules/[4m@vitest/runner[24m/dist/index.js:1243:20
    at new Promise (&lt;anonymous&gt;)
    at runWithTimeout [90m(file:///home/runner/work/boudreaux/boudreaux/[39mnode_modules/[4m@vitest/runner[24m/dist/index.js:1209:10[90m)[39m
    at [90mfile:///home/runner/work/boudreaux/boudreaux/[39mnode_modules/[4m@vitest/runner[24m/dist/index.js:1653:37
    at Traces.$ [90m(file:///home/runner/work/boudreaux/boudreaux/[39mnode_modules/[4mvitest[24m/dist/chunks/traces.CCmnQaNT.js:142:27[90m)[39m
    at trace [90m(file:///home/runner/work/boudreaux/boudreaux/[39mnode_modules/[4mvitest[24m/dist/chunks/test.B8ej_ZHS.js:239:21[90m)[39m
    at runTest [90m(file:///home/runner/work/boudreaux/boudreaux/[39mnode_modules/[4m@vitest/runner[24m/dist/index.js:1653:12[90m)[39m

            </system-err>
        </testcase>
        <testcase classname="src/app/api/releases/[id]/route.spec.ts" name="Release by ID API Routes &gt; PATCH /api/releases/[id] &gt; should handle partial updates" time="0.000775047">
        </testcase>
        <testcase classname="src/app/api/releases/[id]/route.spec.ts" name="Release by ID API Routes &gt; PATCH /api/releases/[id] &gt; should handle publishedAt update" time="0.007672882">
        </testcase>
        <testcase classname="src/app/api/releases/[id]/route.spec.ts" name="Release by ID API Routes &gt; DELETE /api/releases/[id] &gt; should delete a release successfully" time="0.000385013">
        </testcase>
        <testcase classname="src/app/api/releases/[id]/route.spec.ts" name="Release by ID API Routes &gt; DELETE /api/releases/[id] &gt; should return 404 when release not found" time="0.000316246">
        </testcase>
        <testcase classname="src/app/api/releases/[id]/route.spec.ts" name="Release by ID API Routes &gt; DELETE /api/releases/[id] &gt; should return 503 when database is unavailable" time="0.00044199">
        </testcase>
        <testcase classname="src/app/api/releases/[id]/route.spec.ts" name="Release by ID API Routes &gt; DELETE /api/releases/[id] &gt; should return 500 for other service errors" time="0.000260323">
        </testcase>
        <testcase classname="src/app/api/releases/[id]/route.spec.ts" name="Release by ID API Routes &gt; DELETE /api/releases/[id] &gt; should return 500 when an exception is thrown" time="0.001123523">
            <system-err>
Release DELETE error: Error: Unexpected error
    at [90m/home/runner/work/boudreaux/boudreaux/[39msrc/app/api/releases/[id]/route.spec.ts:345:65
    at [90mfile:///home/runner/work/boudreaux/boudreaux/[39mnode_modules/[4m@vitest/runner[24m/dist/index.js:145:11
    at [90mfile:///home/runner/work/boudreaux/boudreaux/[39mnode_modules/[4m@vitest/runner[24m/dist/index.js:915:26
    at [90mfile:///home/runner/work/boudreaux/boudreaux/[39mnode_modules/[4m@vitest/runner[24m/dist/index.js:1243:20
    at new Promise (&lt;anonymous&gt;)
    at runWithTimeout [90m(file:///home/runner/work/boudreaux/boudreaux/[39mnode_modules/[4m@vitest/runner[24m/dist/index.js:1209:10[90m)[39m
    at [90mfile:///home/runner/work/boudreaux/boudreaux/[39mnode_modules/[4m@vitest/runner[24m/dist/index.js:1653:37
    at Traces.$ [90m(file:///home/runner/work/boudreaux/boudreaux/[39mnode_modules/[4mvitest[24m/dist/chunks/traces.CCmnQaNT.js:142:27[90m)[39m
    at trace [90m(file:///home/runner/work/boudreaux/boudreaux/[39mnode_modules/[4mvitest[24m/dist/chunks/test.B8ej_ZHS.js:239:21[90m)[39m
    at runTest [90m(file:///home/runner/work/boudreaux/boudreaux/[39mnode_modules/[4m@vitest/runner[24m/dist/index.js:1653:12[90m)[39m

            </system-err>
        </testcase>
    </testsuite>
    <testsuite name="src/app/components/ui/turnstile-widget.spec.tsx" timestamp="2026-02-06T06:11:34.502Z" hostname="runnervmkj6or" tests="21" failures="0" errors="0" skipped="0" time="0.16559156">
        <testcase classname="src/app/components/ui/turnstile-widget.spec.tsx" name="TurnstileWidget &gt; site key selection &gt; should use production site key in production environment" time="0.001841424">
        </testcase>
        <testcase classname="src/app/components/ui/turnstile-widget.spec.tsx" name="TurnstileWidget &gt; site key selection &gt; should use test site key in non-production environment" time="0.001890665">
        </testcase>
        <testcase classname="src/app/components/ui/turnstile-widget.spec.tsx" name="TurnstileWidget &gt; site key selection &gt; should use test site key when NODE_ENV is test" time="0.001492967">
        </testcase>
        <testcase classname="src/app/components/ui/turnstile-widget.spec.tsx" name="TurnstileWidget &gt; verification handling &gt; should call setIsVerified with true when verification succeeds" time="0.010708419">
        </testcase>
        <testcase classname="src/app/components/ui/turnstile-widget.spec.tsx" name="TurnstileWidget &gt; verification handling &gt; should provide onVerify callback to Turnstile component" time="0.001900343">
        </testcase>
        <testcase classname="src/app/components/ui/turnstile-widget.spec.tsx" name="TurnstileWidget &gt; error handling &gt; should reset turnstile and set verified to false on error" time="0.002502248">
        </testcase>
        <testcase classname="src/app/components/ui/turnstile-widget.spec.tsx" name="TurnstileWidget &gt; error handling &gt; should handle expire events" time="0.003883639">
        </testcase>
        <testcase classname="src/app/components/ui/turnstile-widget.spec.tsx" name="TurnstileWidget &gt; error handling &gt; should handle timeout events" time="0.002480217">
        </testcase>
        <testcase classname="src/app/components/ui/turnstile-widget.spec.tsx" name="TurnstileWidget &gt; turnstile integration &gt; should use turnstile hook for reset functionality" time="0.019007471">
        </testcase>
        <testcase classname="src/app/components/ui/turnstile-widget.spec.tsx" name="TurnstileWidget &gt; turnstile integration &gt; should pass correct props to Turnstile component" time="0.00936626">
        </testcase>
        <testcase classname="src/app/components/ui/turnstile-widget.spec.tsx" name="TurnstileWidget &gt; callback integration &gt; should accept and use setIsVerified callback properly" time="0.002660371">
        </testcase>
        <testcase classname="src/app/components/ui/turnstile-widget.spec.tsx" name="TurnstileWidget &gt; callback integration &gt; should handle multiple verification events" time="0.024567197">
        </testcase>
        <testcase classname="src/app/components/ui/turnstile-widget.spec.tsx" name="TurnstileWidget &gt; callback integration &gt; should call onToken callback with token when verification succeeds" time="0.058852005">
        </testcase>
        <testcase classname="src/app/components/ui/turnstile-widget.spec.tsx" name="TurnstileWidget &gt; callback integration &gt; should call onToken with empty string when verification is reset on error" time="0.003239365">
        </testcase>
        <testcase classname="src/app/components/ui/turnstile-widget.spec.tsx" name="TurnstileWidget &gt; callback integration &gt; should call onToken with empty string when verification expires" time="0.002559093">
        </testcase>
        <testcase classname="src/app/components/ui/turnstile-widget.spec.tsx" name="TurnstileWidget &gt; callback integration &gt; should call onToken with empty string when verification times out" time="0.002479776">
        </testcase>
        <testcase classname="src/app/components/ui/turnstile-widget.spec.tsx" name="TurnstileWidget &gt; callback integration &gt; should not throw when onToken is not provided and reset occurs" time="0.002633832">
        </testcase>
        <testcase classname="src/app/components/ui/turnstile-widget.spec.tsx" name="TurnstileWidget &gt; environment variable handling &gt; should handle missing environment variables gracefully" time="0.001649638">
        </testcase>
        <testcase classname="src/app/components/ui/turnstile-widget.spec.tsx" name="TurnstileWidget &gt; environment variable handling &gt; should prefer production key when NODE_ENV is production" time="0.001592963">
        </testcase>
        <testcase classname="src/app/components/ui/turnstile-widget.spec.tsx" name="TurnstileWidget &gt; component lifecycle &gt; should render without crashing" time="0.004023658">
        </testcase>
        <testcase classname="src/app/components/ui/turnstile-widget.spec.tsx" name="TurnstileWidget &gt; component lifecycle &gt; should be unmountable without errors" time="0.003445535">
        </testcase>
    </testsuite>
    <testsuite name="src/app/components/ui/hamburger-menu.spec.tsx" timestamp="2026-02-06T06:11:34.506Z" hostname="runnervmkj6or" tests="5" failures="0" errors="0" skipped="0" time="0.220325335">
        <testcase classname="src/app/components/ui/hamburger-menu.spec.tsx" name="HamburgerMenu &gt; renders" time="0.009639146">
        </testcase>
        <testcase classname="src/app/components/ui/hamburger-menu.spec.tsx" name="HamburgerMenu &gt; has screen reader text for closed menu" time="0.005481471">
        </testcase>
        <testcase classname="src/app/components/ui/hamburger-menu.spec.tsx" name="HamburgerMenu &gt; renders hamburger patties" time="0.007107125">
        </testcase>
        <testcase classname="src/app/components/ui/hamburger-menu.spec.tsx" name="HamburgerMenu &gt; button has transparent background" time="0.010037716">
        </testcase>
        <testcase classname="src/app/components/ui/hamburger-menu.spec.tsx" name="HamburgerMenu &gt; toggles screen reader text when clicked" time="0.185970856">
            <system-err>
React does not recognize the `isOpen` prop on a DOM element. If you intentionally want it to appear in the DOM as a custom attribute, spell it as lowercase `isopen` instead. If you accidentally passed it from a parent component, remove it from the DOM element.
Warning: Missing `Description` or `aria-describedby={undefined}` for {DialogContent}.

            </system-err>
        </testcase>
    </testsuite>
    <testsuite name="src/app/components/ui/slider.spec.tsx" timestamp="2026-02-06T06:11:34.507Z" hostname="runnervmkj6or" tests="21" failures="0" errors="0" skipped="0" time="0.317443435">
        <testcase classname="src/app/components/ui/slider.spec.tsx" name="Slider &gt; renders" time="0.007915442">
        </testcase>
        <testcase classname="src/app/components/ui/slider.spec.tsx" name="Slider &gt; has data-slot attribute" time="0.007428108">
        </testcase>
        <testcase classname="src/app/components/ui/slider.spec.tsx" name="Slider &gt; applies custom className" time="0.009497464">
        </testcase>
        <testcase classname="src/app/components/ui/slider.spec.tsx" name="Slider &gt; renders with default min and max" time="0.008396533">
        </testcase>
        <testcase classname="src/app/components/ui/slider.spec.tsx" name="Slider &gt; supports custom min and max" time="0.00980808">
        </testcase>
        <testcase classname="src/app/components/ui/slider.spec.tsx" name="Slider &gt; supports default value" time="0.006473399">
        </testcase>
        <testcase classname="src/app/components/ui/slider.spec.tsx" name="Slider &gt; supports controlled value" time="0.00600506">
        </testcase>
        <testcase classname="src/app/components/ui/slider.spec.tsx" name="Slider &gt; can be disabled" time="0.007323976">
        </testcase>
        <testcase classname="src/app/components/ui/slider.spec.tsx" name="Slider &gt; renders track element" time="0.007351526">
        </testcase>
        <testcase classname="src/app/components/ui/slider.spec.tsx" name="Slider &gt; renders range element" time="0.007539004">
        </testcase>
        <testcase classname="src/app/components/ui/slider.spec.tsx" name="Slider &gt; renders thumb element" time="0.005962492">
        </testcase>
        <testcase classname="src/app/components/ui/slider.spec.tsx" name="Slider &gt; renders multiple thumbs for range slider" time="0.010065898">
        </testcase>
        <testcase classname="src/app/components/ui/slider.spec.tsx" name="Slider &gt; calls onValueChange when value changes" time="0.013583909">
        </testcase>
        <testcase classname="src/app/components/ui/slider.spec.tsx" name="Slider &gt; supports step prop" time="0.006701201">
        </testcase>
        <testcase classname="src/app/components/ui/slider.spec.tsx" name="Slider &gt; supports orientation prop" time="0.007970102">
        </testcase>
        <testcase classname="src/app/components/ui/slider.spec.tsx" name="Slider &gt; keyboard navigation &gt; increases value with ArrowRight" time="0.017133127">
        </testcase>
        <testcase classname="src/app/components/ui/slider.spec.tsx" name="Slider &gt; keyboard navigation &gt; decreases value with ArrowLeft" time="0.113901391">
        </testcase>
        <testcase classname="src/app/components/ui/slider.spec.tsx" name="Slider &gt; keyboard navigation &gt; jumps to min with Home key" time="0.020528831">
        </testcase>
        <testcase classname="src/app/components/ui/slider.spec.tsx" name="Slider &gt; keyboard navigation &gt; jumps to max with End key" time="0.021605054">
        </testcase>
        <testcase classname="src/app/components/ui/slider.spec.tsx" name="Slider &gt; accessibility &gt; has proper slider role" time="0.010716283">
        </testcase>
        <testcase classname="src/app/components/ui/slider.spec.tsx" name="Slider &gt; accessibility &gt; exposes aria-valuenow" time="0.008650944">
        </testcase>
    </testsuite>
    <testsuite name="src/lib/actions/find-or-create-group-action.spec.ts" timestamp="2026-02-06T06:11:34.511Z" hostname="runnervmkj6or" tests="20" failures="0" errors="0" skipped="0" time="0.01917406">
        <testcase classname="src/lib/actions/find-or-create-group-action.spec.ts" name="findOrCreateGroupAction &gt; validation &gt; should reject empty group name" time="0.000195562">
        </testcase>
        <testcase classname="src/lib/actions/find-or-create-group-action.spec.ts" name="findOrCreateGroupAction &gt; validation &gt; should reject whitespace-only group name" time="0.000220138">
        </testcase>
        <testcase classname="src/lib/actions/find-or-create-group-action.spec.ts" name="findOrCreateGroupAction &gt; validation &gt; should require admin role" time="0.001407769">
        </testcase>
        <testcase classname="src/lib/actions/find-or-create-group-action.spec.ts" name="findOrCreateGroupAction &gt; authentication &gt; should reject if session is missing" time="0.000182859">
        </testcase>
        <testcase classname="src/lib/actions/find-or-create-group-action.spec.ts" name="findOrCreateGroupAction &gt; authentication &gt; should reject if user is not admin" time="0.000183279">
        </testcase>
        <testcase classname="src/lib/actions/find-or-create-group-action.spec.ts" name="findOrCreateGroupAction &gt; finding existing groups &gt; should find existing group by name (case-insensitive)" time="0.000303332">
        </testcase>
        <testcase classname="src/lib/actions/find-or-create-group-action.spec.ts" name="findOrCreateGroupAction &gt; finding existing groups &gt; should find existing group by displayName (case-insensitive)" time="0.000406243">
        </testcase>
        <testcase classname="src/lib/actions/find-or-create-group-action.spec.ts" name="findOrCreateGroupAction &gt; finding existing groups &gt; should use name when displayName is null" time="0.000292262">
        </testcase>
        <testcase classname="src/lib/actions/find-or-create-group-action.spec.ts" name="findOrCreateGroupAction &gt; finding existing groups &gt; should create ArtistGroup when artistId is provided for existing group" time="0.00043155">
        </testcase>
        <testcase classname="src/lib/actions/find-or-create-group-action.spec.ts" name="findOrCreateGroupAction &gt; finding existing groups &gt; should not duplicate ArtistGroup if it already exists" time="0.000376407">
        </testcase>
        <testcase classname="src/lib/actions/find-or-create-group-action.spec.ts" name="findOrCreateGroupAction &gt; creating new groups &gt; should create new group when none exists" time="0.001043224">
        </testcase>
        <testcase classname="src/lib/actions/find-or-create-group-action.spec.ts" name="findOrCreateGroupAction &gt; creating new groups &gt; should create group with ArtistGroup when artistId provided" time="0.003331976">
        </testcase>
        <testcase classname="src/lib/actions/find-or-create-group-action.spec.ts" name="findOrCreateGroupAction &gt; creating new groups &gt; should trim whitespace from group name" time="0.000444554">
        </testcase>
        <testcase classname="src/lib/actions/find-or-create-group-action.spec.ts" name="findOrCreateGroupAction &gt; transaction support &gt; should use provided transaction client" time="0.000527798">
        </testcase>
        <testcase classname="src/lib/actions/find-or-create-group-action.spec.ts" name="findOrCreateGroupAction &gt; transaction support &gt; should use transaction client for ArtistGroup operations" time="0.000476704">
        </testcase>
        <testcase classname="src/lib/actions/find-or-create-group-action.spec.ts" name="findOrCreateGroupAction &gt; error handling &gt; should handle database errors gracefully" time="0.003747537">
            <system-err>
Find or create group error: Error: Database connection failed
    at [90m/home/runner/work/boudreaux/boudreaux/[39msrc/lib/actions/find-or-create-group-action.spec.ts:359:50
    at [90mfile:///home/runner/work/boudreaux/boudreaux/[39mnode_modules/[4m@vitest/runner[24m/dist/index.js:145:11
    at [90mfile:///home/runner/work/boudreaux/boudreaux/[39mnode_modules/[4m@vitest/runner[24m/dist/index.js:915:26
    at [90mfile:///home/runner/work/boudreaux/boudreaux/[39mnode_modules/[4m@vitest/runner[24m/dist/index.js:1243:20
    at new Promise (&lt;anonymous&gt;)
    at runWithTimeout [90m(file:///home/runner/work/boudreaux/boudreaux/[39mnode_modules/[4m@vitest/runner[24m/dist/index.js:1209:10[90m)[39m
    at [90mfile:///home/runner/work/boudreaux/boudreaux/[39mnode_modules/[4m@vitest/runner[24m/dist/index.js:1653:37
    at Traces.$ [90m(file:///home/runner/work/boudreaux/boudreaux/[39mnode_modules/[4mvitest[24m/dist/chunks/traces.CCmnQaNT.js:142:27[90m)[39m
    at trace [90m(file:///home/runner/work/boudreaux/boudreaux/[39mnode_modules/[4mvitest[24m/dist/chunks/test.B8ej_ZHS.js:239:21[90m)[39m
    at runTest [90m(file:///home/runner/work/boudreaux/boudreaux/[39mnode_modules/[4m@vitest/runner[24m/dist/index.js:1653:12[90m)[39m

            </system-err>
        </testcase>
        <testcase classname="src/lib/actions/find-or-create-group-action.spec.ts" name="findOrCreateGroupAction &gt; error handling &gt; should handle unknown errors" time="0.001151725">
            <system-err>
Find or create group error: Unknown error

            </system-err>
        </testcase>
        <testcase classname="src/lib/actions/find-or-create-group-action.spec.ts" name="findOrCreateGroupAction &gt; error handling &gt; should handle group creation errors" time="0.000924022">
            <system-err>
Find or create group error: Error: Failed to create group
    at [90m/home/runner/work/boudreaux/boudreaux/[39msrc/lib/actions/find-or-create-group-action.spec.ts:382:47
    at [90mfile:///home/runner/work/boudreaux/boudreaux/[39mnode_modules/[4m@vitest/runner[24m/dist/index.js:145:11
    at [90mfile:///home/runner/work/boudreaux/boudreaux/[39mnode_modules/[4m@vitest/runner[24m/dist/index.js:915:26
    at [90mfile:///home/runner/work/boudreaux/boudreaux/[39mnode_modules/[4m@vitest/runner[24m/dist/index.js:1243:20
    at new Promise (&lt;anonymous&gt;)
    at runWithTimeout [90m(file:///home/runner/work/boudreaux/boudreaux/[39mnode_modules/[4m@vitest/runner[24m/dist/index.js:1209:10[90m)[39m
    at [90mfile:///home/runner/work/boudreaux/boudreaux/[39mnode_modules/[4m@vitest/runner[24m/dist/index.js:1653:37
    at Traces.$ [90m(file:///home/runner/work/boudreaux/boudreaux/[39mnode_modules/[4mvitest[24m/dist/chunks/traces.CCmnQaNT.js:142:27[90m)[39m
    at trace [90m(file:///home/runner/work/boudreaux/boudreaux/[39mnode_modules/[4mvitest[24m/dist/chunks/test.B8ej_ZHS.js:239:21[90m)[39m
    at runTest [90m(file:///home/runner/work/boudreaux/boudreaux/[39mnode_modules/[4m@vitest/runner[24m/dist/index.js:1653:12[90m)[39m

            </system-err>
        </testcase>
        <testcase classname="src/lib/actions/find-or-create-group-action.spec.ts" name="findOrCreateGroupAction &gt; logging &gt; should log found event with correct metadata" time="0.000471233">
        </testcase>
        <testcase classname="src/lib/actions/find-or-create-group-action.spec.ts" name="findOrCreateGroupAction &gt; logging &gt; should log created event with correct metadata" time="0.000424957">
        </testcase>
    </testsuite>
    <testsuite name="src/lib/validation/notification-banner-schema.spec.ts" timestamp="2026-02-06T06:11:34.515Z" hostname="runnervmkj6or" tests="65" failures="0" errors="0" skipped="0" time="0.028116355">
        <testcase classname="src/lib/validation/notification-banner-schema.spec.ts" name="notificationBannerSchema &gt; message field &gt; should accept valid message" time="0.000265772">
        </testcase>
        <testcase classname="src/lib/validation/notification-banner-schema.spec.ts" name="notificationBannerSchema &gt; message field &gt; should reject empty message" time="0.000384542">
        </testcase>
        <testcase classname="src/lib/validation/notification-banner-schema.spec.ts" name="notificationBannerSchema &gt; message field &gt; should reject message longer than 500 characters" time="0.000295738">
        </testcase>
        <testcase classname="src/lib/validation/notification-banner-schema.spec.ts" name="notificationBannerSchema &gt; secondaryMessage field &gt; should accept empty secondary message" time="0.000213666">
        </testcase>
        <testcase classname="src/lib/validation/notification-banner-schema.spec.ts" name="notificationBannerSchema &gt; secondaryMessage field &gt; should accept valid secondary message" time="0.000216822">
        </testcase>
        <testcase classname="src/lib/validation/notification-banner-schema.spec.ts" name="notificationBannerSchema &gt; secondaryMessage field &gt; should reject secondary message longer than 200 characters" time="0.000370637">
        </testcase>
        <testcase classname="src/lib/validation/notification-banner-schema.spec.ts" name="notificationBannerSchema &gt; imageUrl field &gt; should accept valid URL" time="0.000419458">
        </testcase>
        <testcase classname="src/lib/validation/notification-banner-schema.spec.ts" name="notificationBannerSchema &gt; imageUrl field &gt; should accept empty string" time="0.000324552">
        </testcase>
        <testcase classname="src/lib/validation/notification-banner-schema.spec.ts" name="notificationBannerSchema &gt; imageUrl field &gt; should reject invalid URL" time="0.000688236">
        </testcase>
        <testcase classname="src/lib/validation/notification-banner-schema.spec.ts" name="notificationBannerSchema &gt; backgroundColor field &gt; should accept valid hex color with 6 digits" time="0.000196565">
        </testcase>
        <testcase classname="src/lib/validation/notification-banner-schema.spec.ts" name="notificationBannerSchema &gt; backgroundColor field &gt; should accept valid hex color with 3 digits" time="0.000208006">
        </testcase>
        <testcase classname="src/lib/validation/notification-banner-schema.spec.ts" name="notificationBannerSchema &gt; backgroundColor field &gt; should accept empty string when imageUrl is provided" time="0.000191285">
        </testcase>
        <testcase classname="src/lib/validation/notification-banner-schema.spec.ts" name="notificationBannerSchema &gt; backgroundColor field &gt; should reject invalid hex color" time="0.000237801">
        </testcase>
        <testcase classname="src/lib/validation/notification-banner-schema.spec.ts" name="notificationBannerSchema &gt; backgroundColor field &gt; should reject hex color without hash" time="0.00029662">
        </testcase>
        <testcase classname="src/lib/validation/notification-banner-schema.spec.ts" name="notificationBannerSchema &gt; background requirement (imageUrl or backgroundColor) &gt; should pass when imageUrl is provided" time="0.000238002">
        </testcase>
        <testcase classname="src/lib/validation/notification-banner-schema.spec.ts" name="notificationBannerSchema &gt; background requirement (imageUrl or backgroundColor) &gt; should pass when backgroundColor is provided" time="0.000228474">
        </testcase>
        <testcase classname="src/lib/validation/notification-banner-schema.spec.ts" name="notificationBannerSchema &gt; background requirement (imageUrl or backgroundColor) &gt; should pass when both are provided" time="0.000199089">
        </testcase>
        <testcase classname="src/lib/validation/notification-banner-schema.spec.ts" name="notificationBannerSchema &gt; background requirement (imageUrl or backgroundColor) &gt; should fail when neither is provided" time="0.000538969">
        </testcase>
        <testcase classname="src/lib/validation/notification-banner-schema.spec.ts" name="notificationBannerSchema &gt; linkUrl field &gt; should accept valid URL" time="0.000218525">
        </testcase>
        <testcase classname="src/lib/validation/notification-banner-schema.spec.ts" name="notificationBannerSchema &gt; linkUrl field &gt; should accept empty string" time="0.00026933">
        </testcase>
        <testcase classname="src/lib/validation/notification-banner-schema.spec.ts" name="notificationBannerSchema &gt; linkUrl field &gt; should reject invalid URL" time="0.000337556">
        </testcase>
        <testcase classname="src/lib/validation/notification-banner-schema.spec.ts" name="notificationBannerSchema &gt; boolean fields &gt; should accept isOverlayed as true" time="0.000249883">
        </testcase>
        <testcase classname="src/lib/validation/notification-banner-schema.spec.ts" name="notificationBannerSchema &gt; boolean fields &gt; should accept isOverlayed as false" time="0.000372621">
        </testcase>
        <testcase classname="src/lib/validation/notification-banner-schema.spec.ts" name="notificationBannerSchema &gt; boolean fields &gt; should accept isActive as true" time="0.000300136">
        </testcase>
        <testcase classname="src/lib/validation/notification-banner-schema.spec.ts" name="notificationBannerSchema &gt; boolean fields &gt; should accept isActive as false" time="0.000192306">
        </testcase>
        <testcase classname="src/lib/validation/notification-banner-schema.spec.ts" name="notificationBannerSchema &gt; date fields &gt; should accept valid displayFrom date string" time="0.00022133">
        </testcase>
        <testcase classname="src/lib/validation/notification-banner-schema.spec.ts" name="notificationBannerSchema &gt; date fields &gt; should accept valid displayUntil date string" time="0.00024805">
        </testcase>
        <testcase classname="src/lib/validation/notification-banner-schema.spec.ts" name="notificationBannerSchema &gt; date fields &gt; should accept empty date strings" time="0.000203417">
        </testcase>
        <testcase classname="src/lib/validation/notification-banner-schema.spec.ts" name="notificationBannerSchema &gt; notes field &gt; should accept valid notes" time="0.000204309">
        </testcase>
        <testcase classname="src/lib/validation/notification-banner-schema.spec.ts" name="notificationBannerSchema &gt; notes field &gt; should accept empty notes" time="0.000245254">
        </testcase>
        <testcase classname="src/lib/validation/notification-banner-schema.spec.ts" name="notificationBannerSchema &gt; notes field &gt; should reject notes longer than 1000 characters" time="0.000323369">
        </testcase>
        <testcase classname="src/lib/validation/notification-banner-schema.spec.ts" name="notificationBannerSchema &gt; messageRotation field &gt; should accept valid rotation value of 0" time="0.000402005">
        </testcase>
        <testcase classname="src/lib/validation/notification-banner-schema.spec.ts" name="notificationBannerSchema &gt; messageRotation field &gt; should accept positive rotation up to 360" time="0.000303112">
        </testcase>
        <testcase classname="src/lib/validation/notification-banner-schema.spec.ts" name="notificationBannerSchema &gt; messageRotation field &gt; should accept negative rotation down to -360" time="0.000502111">
        </testcase>
        <testcase classname="src/lib/validation/notification-banner-schema.spec.ts" name="notificationBannerSchema &gt; messageRotation field &gt; should accept intermediate rotation values" time="0.004826106">
        </testcase>
        <testcase classname="src/lib/validation/notification-banner-schema.spec.ts" name="notificationBannerSchema &gt; messageRotation field &gt; should reject rotation greater than 360" time="0.000748367">
        </testcase>
        <testcase classname="src/lib/validation/notification-banner-schema.spec.ts" name="notificationBannerSchema &gt; messageRotation field &gt; should reject rotation less than -360" time="0.000455694">
        </testcase>
        <testcase classname="src/lib/validation/notification-banner-schema.spec.ts" name="notificationBannerSchema &gt; messageRotation field &gt; should default to 0 when not provided" time="0.000648412">
        </testcase>
        <testcase classname="src/lib/validation/notification-banner-schema.spec.ts" name="notificationBannerSchema &gt; secondaryMessageRotation field &gt; should accept valid rotation value of 0" time="0.00029185">
        </testcase>
        <testcase classname="src/lib/validation/notification-banner-schema.spec.ts" name="notificationBannerSchema &gt; secondaryMessageRotation field &gt; should accept positive rotation up to 360" time="0.000233252">
        </testcase>
        <testcase classname="src/lib/validation/notification-banner-schema.spec.ts" name="notificationBannerSchema &gt; secondaryMessageRotation field &gt; should accept negative rotation down to -360" time="0.000217493">
        </testcase>
        <testcase classname="src/lib/validation/notification-banner-schema.spec.ts" name="notificationBannerSchema &gt; secondaryMessageRotation field &gt; should reject rotation greater than 360" time="0.000306088">
        </testcase>
        <testcase classname="src/lib/validation/notification-banner-schema.spec.ts" name="notificationBannerSchema &gt; secondaryMessageRotation field &gt; should reject rotation less than -360" time="0.00040436">
        </testcase>
        <testcase classname="src/lib/validation/notification-banner-schema.spec.ts" name="notificationBannerSchema &gt; secondaryMessageRotation field &gt; should default to 0 when not provided" time="0.000205891">
        </testcase>
        <testcase classname="src/lib/validation/notification-banner-schema.spec.ts" name="notificationBannerSchema &gt; imageOffsetX field &gt; should accept valid offset value of 0" time="0.000197836">
        </testcase>
        <testcase classname="src/lib/validation/notification-banner-schema.spec.ts" name="notificationBannerSchema &gt; imageOffsetX field &gt; should accept positive offset up to 100" time="0.000191685">
        </testcase>
        <testcase classname="src/lib/validation/notification-banner-schema.spec.ts" name="notificationBannerSchema &gt; imageOffsetX field &gt; should accept negative offset down to -100" time="0.000193619">
        </testcase>
        <testcase classname="src/lib/validation/notification-banner-schema.spec.ts" name="notificationBannerSchema &gt; imageOffsetX field &gt; should accept intermediate offset values" time="0.000231449">
        </testcase>
        <testcase classname="src/lib/validation/notification-banner-schema.spec.ts" name="notificationBannerSchema &gt; imageOffsetX field &gt; should reject offset greater than 100" time="0.000320173">
        </testcase>
        <testcase classname="src/lib/validation/notification-banner-schema.spec.ts" name="notificationBannerSchema &gt; imageOffsetX field &gt; should reject offset less than -100" time="0.0003833">
        </testcase>
        <testcase classname="src/lib/validation/notification-banner-schema.spec.ts" name="notificationBannerSchema &gt; imageOffsetX field &gt; should default to 0 when not provided" time="0.000212433">
        </testcase>
        <testcase classname="src/lib/validation/notification-banner-schema.spec.ts" name="notificationBannerSchema &gt; imageOffsetY field &gt; should accept valid offset value of 0" time="0.000308111">
        </testcase>
        <testcase classname="src/lib/validation/notification-banner-schema.spec.ts" name="notificationBannerSchema &gt; imageOffsetY field &gt; should accept positive offset up to 100" time="0.000335171">
        </testcase>
        <testcase classname="src/lib/validation/notification-banner-schema.spec.ts" name="notificationBannerSchema &gt; imageOffsetY field &gt; should accept negative offset down to -100" time="0.000254542">
        </testcase>
        <testcase classname="src/lib/validation/notification-banner-schema.spec.ts" name="notificationBannerSchema &gt; imageOffsetY field &gt; should reject offset greater than 100" time="0.000332988">
        </testcase>
        <testcase classname="src/lib/validation/notification-banner-schema.spec.ts" name="notificationBannerSchema &gt; imageOffsetY field &gt; should reject offset less than -100" time="0.000438443">
        </testcase>
        <testcase classname="src/lib/validation/notification-banner-schema.spec.ts" name="notificationBannerSchema &gt; imageOffsetY field &gt; should default to 0 when not provided" time="0.000219858">
        </testcase>
        <testcase classname="src/lib/validation/notification-banner-schema.spec.ts" name="notificationBannerSchema &gt; font size fields with updated limits &gt; should accept messageFontSize at minimum 0.5" time="0.000253941">
        </testcase>
        <testcase classname="src/lib/validation/notification-banner-schema.spec.ts" name="notificationBannerSchema &gt; font size fields with updated limits &gt; should accept messageFontSize at maximum 10" time="0.000323219">
        </testcase>
        <testcase classname="src/lib/validation/notification-banner-schema.spec.ts" name="notificationBannerSchema &gt; font size fields with updated limits &gt; should reject messageFontSize below 0.5" time="0.000380115">
        </testcase>
        <testcase classname="src/lib/validation/notification-banner-schema.spec.ts" name="notificationBannerSchema &gt; font size fields with updated limits &gt; should reject messageFontSize above 10" time="0.000356251">
        </testcase>
        <testcase classname="src/lib/validation/notification-banner-schema.spec.ts" name="notificationBannerSchema &gt; font size fields with updated limits &gt; should accept secondaryMessageFontSize at minimum 0.5" time="0.000247719">
        </testcase>
        <testcase classname="src/lib/validation/notification-banner-schema.spec.ts" name="notificationBannerSchema &gt; font size fields with updated limits &gt; should accept secondaryMessageFontSize at maximum 10" time="0.000216722">
        </testcase>
        <testcase classname="src/lib/validation/notification-banner-schema.spec.ts" name="notificationBannerSchema &gt; font size fields with updated limits &gt; should reject secondaryMessageFontSize below 0.5" time="0.000432752">
        </testcase>
        <testcase classname="src/lib/validation/notification-banner-schema.spec.ts" name="notificationBannerSchema &gt; font size fields with updated limits &gt; should reject secondaryMessageFontSize above 10" time="0.00050194">
        </testcase>
    </testsuite>
    <testsuite name="src/lib/validation/profile-schema.spec.ts" timestamp="2026-02-06T06:11:34.526Z" hostname="runnervmkj6or" tests="23" failures="0" errors="0" skipped="0" time="0.013854179">
        <testcase classname="src/lib/validation/profile-schema.spec.ts" name="profile-schema &gt; valid data &gt; should validate correct profile data" time="0.000185705">
        </testcase>
        <testcase classname="src/lib/validation/profile-schema.spec.ts" name="profile-schema &gt; valid data &gt; should validate data without phone number" time="0.00019967">
        </testcase>
        <testcase classname="src/lib/validation/profile-schema.spec.ts" name="profile-schema &gt; valid data &gt; should validate various phone number formats" time="0.001094179">
        </testcase>
        <testcase classname="src/lib/validation/profile-schema.spec.ts" name="profile-schema &gt; valid data &gt; should validate complete profile data with address" time="0.000381627">
        </testcase>
        <testcase classname="src/lib/validation/profile-schema.spec.ts" name="profile-schema &gt; valid data &gt; should validate various ZIP code formats" time="0.001100881">
        </testcase>
        <testcase classname="src/lib/validation/profile-schema.spec.ts" name="profile-schema &gt; valid data &gt; should validate partial address information" time="0.000290287">
        </testcase>
        <testcase classname="src/lib/validation/profile-schema.spec.ts" name="profile-schema &gt; valid data &gt; should validate data without firstName and lastName" time="0.000171207">
        </testcase>
        <testcase classname="src/lib/validation/profile-schema.spec.ts" name="profile-schema &gt; valid data &gt; should validate completely empty data" time="0.002561998">
        </testcase>
        <testcase classname="src/lib/validation/profile-schema.spec.ts" name="profile-schema &gt; invalid data &gt; should accept empty first name" time="0.000125032">
        </testcase>
        <testcase classname="src/lib/validation/profile-schema.spec.ts" name="profile-schema &gt; invalid data &gt; should accept empty last name" time="0.000113721">
        </testcase>
        <testcase classname="src/lib/validation/profile-schema.spec.ts" name="profile-schema &gt; invalid data &gt; should reject first name that is too long" time="0.000242269">
        </testcase>
        <testcase classname="src/lib/validation/profile-schema.spec.ts" name="profile-schema &gt; invalid data &gt; should reject last name that is too long" time="0.000222332">
        </testcase>
        <testcase classname="src/lib/validation/profile-schema.spec.ts" name="profile-schema &gt; invalid data &gt; should reject invalid phone number formats" time="0.000520024">
        </testcase>
        <testcase classname="src/lib/validation/profile-schema.spec.ts" name="profile-schema &gt; invalid data &gt; should reject address lines that are too long" time="0.000236018">
        </testcase>
        <testcase classname="src/lib/validation/profile-schema.spec.ts" name="profile-schema &gt; invalid data &gt; should reject cities that are too long" time="0.000213936">
        </testcase>
        <testcase classname="src/lib/validation/profile-schema.spec.ts" name="profile-schema &gt; invalid data &gt; should reject invalid ZIP code formats" time="0.000830089">
        </testcase>
        <testcase classname="src/lib/validation/profile-schema.spec.ts" name="profile-schema &gt; invalid data &gt; country validation &gt; should accept valid country codes" time="0.000366219">
        </testcase>
        <testcase classname="src/lib/validation/profile-schema.spec.ts" name="profile-schema &gt; invalid data &gt; country validation &gt; should reject invalid country codes" time="0.00176451">
        </testcase>
        <testcase classname="src/lib/validation/profile-schema.spec.ts" name="profile-schema &gt; invalid data &gt; country validation &gt; should allow empty country" time="0.000281612">
        </testcase>
        <testcase classname="src/lib/validation/profile-schema.spec.ts" name="profile-schema &gt; invalid data &gt; country validation &gt; should allow undefined country" time="0.000168212">
        </testcase>
        <testcase classname="src/lib/validation/profile-schema.spec.ts" name="profile-schema &gt; invalid data &gt; allowSmsNotifications validation &gt; should accept true value" time="0.000122617">
        </testcase>
        <testcase classname="src/lib/validation/profile-schema.spec.ts" name="profile-schema &gt; invalid data &gt; allowSmsNotifications validation &gt; should accept false value" time="0.000171228">
        </testcase>
        <testcase classname="src/lib/validation/profile-schema.spec.ts" name="profile-schema &gt; invalid data &gt; allowSmsNotifications validation &gt; should allow undefined allowSmsNotifications" time="0.000142484">
        </testcase>
    </testsuite>
    <testsuite name="src/lib/actions/group-member-actions.spec.ts" timestamp="2026-02-06T06:11:34.530Z" hostname="runnervmkj6or" tests="12" failures="0" errors="0" skipped="0" time="0.010757209">
        <testcase classname="src/lib/actions/group-member-actions.spec.ts" name="group-member-actions &gt; addGroupMemberAction &gt; returns error when user is not logged in" time="0.000310455">
        </testcase>
        <testcase classname="src/lib/actions/group-member-actions.spec.ts" name="group-member-actions &gt; addGroupMemberAction &gt; returns error when session has no user id" time="0.000352273">
        </testcase>
        <testcase classname="src/lib/actions/group-member-actions.spec.ts" name="group-member-actions &gt; addGroupMemberAction &gt; successfully adds a member to a group" time="0.003564116">
        </testcase>
        <testcase classname="src/lib/actions/group-member-actions.spec.ts" name="group-member-actions &gt; addGroupMemberAction &gt; returns error when service returns failure" time="0.000511077">
        </testcase>
        <testcase classname="src/lib/actions/group-member-actions.spec.ts" name="group-member-actions &gt; addGroupMemberAction &gt; returns fallback error when service returns success without data" time="0.000241127">
        </testcase>
        <testcase classname="src/lib/actions/group-member-actions.spec.ts" name="group-member-actions &gt; addGroupMemberAction &gt; handles unexpected errors" time="0.001415704">
        </testcase>
        <testcase classname="src/lib/actions/group-member-actions.spec.ts" name="group-member-actions &gt; removeGroupMemberAction &gt; returns error when user is not logged in" time="0.000343126">
        </testcase>
        <testcase classname="src/lib/actions/group-member-actions.spec.ts" name="group-member-actions &gt; removeGroupMemberAction &gt; returns error when session has no user id" time="0.000227822">
        </testcase>
        <testcase classname="src/lib/actions/group-member-actions.spec.ts" name="group-member-actions &gt; removeGroupMemberAction &gt; successfully removes a member from a group" time="0.000617775">
        </testcase>
        <testcase classname="src/lib/actions/group-member-actions.spec.ts" name="group-member-actions &gt; removeGroupMemberAction &gt; returns error when service returns failure" time="0.00040468">
        </testcase>
        <testcase classname="src/lib/actions/group-member-actions.spec.ts" name="group-member-actions &gt; removeGroupMemberAction &gt; handles unexpected errors" time="0.0004476">
        </testcase>
        <testcase classname="src/lib/actions/group-member-actions.spec.ts" name="group-member-actions &gt; removeGroupMemberAction &gt; returns undefined error when service failure has no error message" time="0.000225147">
        </testcase>
    </testsuite>
    <testsuite name="src/app/components/ui/hamburger-menu-sheet.spec.tsx" timestamp="2026-02-06T06:11:34.532Z" hostname="runnervmkj6or" tests="8" failures="0" errors="0" skipped="0" time="0.371945829">
        <testcase classname="src/app/components/ui/hamburger-menu-sheet.spec.tsx" name="HamburgerMenuSheet &gt; renders when open" time="0.020526006">
            <system-err>
Warning: Missing `Description` or `aria-describedby={undefined}` for {DialogContent}.

            </system-err>
        </testcase>
        <testcase classname="src/app/components/ui/hamburger-menu-sheet.spec.tsx" name="HamburgerMenuSheet &gt; renders menu items" time="0.022967292">
            <system-err>
Warning: Missing `Description` or `aria-describedby={undefined}` for {DialogContent}.

            </system-err>
        </testcase>
        <testcase classname="src/app/components/ui/hamburger-menu-sheet.spec.tsx" name="HamburgerMenuSheet &gt; renders children" time="0.027782667">
            <system-err>
Warning: Missing `Description` or `aria-describedby={undefined}` for {DialogContent}.

            </system-err>
        </testcase>
        <testcase classname="src/app/components/ui/hamburger-menu-sheet.spec.tsx" name="HamburgerMenuSheet &gt; menu items have correct href" time="0.035219711">
            <system-err>
Warning: Missing `Description` or `aria-describedby={undefined}` for {DialogContent}.

            </system-err>
        </testcase>
        <testcase classname="src/app/components/ui/hamburger-menu-sheet.spec.tsx" name="HamburgerMenuSheet &gt; calls onOpenChange when menu item is clicked" time="0.071034385">
            <system-err>
Warning: Missing `Description` or `aria-describedby={undefined}` for {DialogContent}.

            </system-err>
        </testcase>
        <testcase classname="src/app/components/ui/hamburger-menu-sheet.spec.tsx" name="HamburgerMenuSheet &gt; has accessible navigation structure" time="0.03415608">
            <system-err>
Warning: Missing `Description` or `aria-describedby={undefined}` for {DialogContent}.

            </system-err>
        </testcase>
        <testcase classname="src/app/components/ui/hamburger-menu-sheet.spec.tsx" name="HamburgerMenuSheet &gt; renders social media links" time="0.023660485">
            <system-err>
Warning: Missing `Description` or `aria-describedby={undefined}` for {DialogContent}.

            </system-err>
        </testcase>
        <testcase classname="src/app/components/ui/hamburger-menu-sheet.spec.tsx" name="HamburgerMenuSheet &gt; has sr-only title" time="0.134376694">
            <system-err>
React does not recognize the `isOpen` prop on a DOM element. If you intentionally want it to appear in the DOM as a custom attribute, spell it as lowercase `isopen` instead. If you accidentally passed it from a parent component, remove it from the DOM element.
Warning: Missing `Description` or `aria-describedby={undefined}` for {DialogContent}.

            </system-err>
        </testcase>
    </testsuite>
    <testsuite name="src/app/components/ui/radio-group.spec.tsx" timestamp="2026-02-06T06:11:34.535Z" hostname="runnervmkj6or" tests="16" failures="0" errors="0" skipped="0" time="0.368572295">
        <testcase classname="src/app/components/ui/radio-group.spec.tsx" name="RadioGroup &gt; RadioGroup root &gt; renders" time="0.006337597">
        </testcase>
        <testcase classname="src/app/components/ui/radio-group.spec.tsx" name="RadioGroup &gt; RadioGroup root &gt; has data-slot attribute" time="0.004469805">
        </testcase>
        <testcase classname="src/app/components/ui/radio-group.spec.tsx" name="RadioGroup &gt; RadioGroup root &gt; applies custom className" time="0.004353149">
        </testcase>
        <testcase classname="src/app/components/ui/radio-group.spec.tsx" name="RadioGroup &gt; RadioGroup root &gt; allows selecting a radio item" time="0.029033032">
        </testcase>
        <testcase classname="src/app/components/ui/radio-group.spec.tsx" name="RadioGroup &gt; RadioGroup root &gt; only allows one selection" time="0.041931522">
        </testcase>
        <testcase classname="src/app/components/ui/radio-group.spec.tsx" name="RadioGroup &gt; RadioGroup root &gt; supports controlled value" time="0.021198803">
        </testcase>
        <testcase classname="src/app/components/ui/radio-group.spec.tsx" name="RadioGroup &gt; RadioGroup root &gt; supports default value" time="0.009910519">
        </testcase>
        <testcase classname="src/app/components/ui/radio-group.spec.tsx" name="RadioGroup &gt; RadioGroupItem &gt; has data-slot attribute" time="0.007470306">
        </testcase>
        <testcase classname="src/app/components/ui/radio-group.spec.tsx" name="RadioGroup &gt; RadioGroupItem &gt; applies custom className" time="0.00691645">
        </testcase>
        <testcase classname="src/app/components/ui/radio-group.spec.tsx" name="RadioGroup &gt; RadioGroupItem &gt; can be disabled" time="0.013319851">
        </testcase>
        <testcase classname="src/app/components/ui/radio-group.spec.tsx" name="RadioGroup &gt; RadioGroupItem &gt; passes additional props" time="0.010381433">
        </testcase>
        <testcase classname="src/app/components/ui/radio-group.spec.tsx" name="RadioGroup &gt; RadioGroupItem &gt; shows indicator when checked" time="0.130451277">
        </testcase>
        <testcase classname="src/app/components/ui/radio-group.spec.tsx" name="RadioGroup &gt; keyboard navigation &gt; navigates with arrow keys" time="0.042521526">
            <system-err>
An update to ForwardRef inside a test was not wrapped in act(...).

When testing, code that causes React state updates should be wrapped into act(...):

act(() =&gt; {
  /* fire events that update state */
});
/* assert on the output */

This ensures that you&apos;re testing the behavior the user would see in the browser. Learn more at https://react.dev/link/wrap-tests-with-act

            </system-err>
        </testcase>
        <testcase classname="src/app/components/ui/radio-group.spec.tsx" name="RadioGroup &gt; keyboard navigation &gt; selects with Space key" time="0.020906481">
            <system-err>
An update to ForwardRef inside a test was not wrapped in act(...).

When testing, code that causes React state updates should be wrapped into act(...):

act(() =&gt; {
  /* fire events that update state */
});
/* assert on the output */

This ensures that you&apos;re testing the behavior the user would see in the browser. Learn more at https://react.dev/link/wrap-tests-with-act

            </system-err>
        </testcase>
        <testcase classname="src/app/components/ui/radio-group.spec.tsx" name="RadioGroup &gt; accessibility &gt; has correct role" time="0.008428082">
        </testcase>
        <testcase classname="src/app/components/ui/radio-group.spec.tsx" name="RadioGroup &gt; accessibility &gt; supports aria-label on group" time="0.007478582">
        </testcase>
    </testsuite>
    <testsuite name="src/lib/actions/bulk-create-tracks-action.spec.ts" timestamp="2026-02-06T06:11:34.538Z" hostname="runnervmkj6or" tests="34" failures="0" errors="0" skipped="0" time="0.03250546">
        <testcase classname="src/lib/actions/bulk-create-tracks-action.spec.ts" name="bulkCreateTracksAction &gt; validation &gt; should reject empty tracks array" time="0.000206754">
        </testcase>
        <testcase classname="src/lib/actions/bulk-create-tracks-action.spec.ts" name="bulkCreateTracksAction &gt; validation &gt; should reject more than 100 tracks" time="0.000293784">
        </testcase>
        <testcase classname="src/lib/actions/bulk-create-tracks-action.spec.ts" name="bulkCreateTracksAction &gt; validation &gt; should require admin role" time="0.001522493">
        </testcase>
        <testcase classname="src/lib/actions/bulk-create-tracks-action.spec.ts" name="bulkCreateTracksAction &gt; authentication &gt; should reject if session is missing" time="0.000272485">
        </testcase>
        <testcase classname="src/lib/actions/bulk-create-tracks-action.spec.ts" name="bulkCreateTracksAction &gt; authentication &gt; should reject if user is not admin" time="0.00026415">
        </testcase>
        <testcase classname="src/lib/actions/bulk-create-tracks-action.spec.ts" name="bulkCreateTracksAction &gt; track validation &gt; should validate required title" time="0.000346893">
        </testcase>
        <testcase classname="src/lib/actions/bulk-create-tracks-action.spec.ts" name="bulkCreateTracksAction &gt; track validation &gt; should validate required audioUrl" time="0.000290107">
        </testcase>
        <testcase classname="src/lib/actions/bulk-create-tracks-action.spec.ts" name="bulkCreateTracksAction &gt; track validation &gt; should validate duration" time="0.000305066">
        </testcase>
        <testcase classname="src/lib/actions/bulk-create-tracks-action.spec.ts" name="bulkCreateTracksAction &gt; track creation &gt; should create a single track successfully" time="0.000326114">
        </testcase>
        <testcase classname="src/lib/actions/bulk-create-tracks-action.spec.ts" name="bulkCreateTracksAction &gt; track creation &gt; should create multiple tracks successfully" time="0.000385214">
        </testcase>
        <testcase classname="src/lib/actions/bulk-create-tracks-action.spec.ts" name="bulkCreateTracksAction &gt; track creation &gt; should handle partial failures" time="0.000467867">
        </testcase>
        <testcase classname="src/lib/actions/bulk-create-tracks-action.spec.ts" name="bulkCreateTracksAction &gt; track creation &gt; should detect duplicate title errors" time="0.000258419">
        </testcase>
        <testcase classname="src/lib/actions/bulk-create-tracks-action.spec.ts" name="bulkCreateTracksAction &gt; release association &gt; should create release when autoCreateRelease is true and album is present" time="0.00066357">
        </testcase>
        <testcase classname="src/lib/actions/bulk-create-tracks-action.spec.ts" name="bulkCreateTracksAction &gt; release association &gt; should pass coverArt to ReleaseTrack when creating track with release" time="0.000831742">
        </testcase>
        <testcase classname="src/lib/actions/bulk-create-tracks-action.spec.ts" name="bulkCreateTracksAction &gt; release association &gt; should skip release creation when autoCreateRelease is false" time="0.000503333">
        </testcase>
        <testcase classname="src/lib/actions/bulk-create-tracks-action.spec.ts" name="bulkCreateTracksAction &gt; release association &gt; should cache release lookups for same album" time="0.000321396">
        </testcase>
        <testcase classname="src/lib/actions/bulk-create-tracks-action.spec.ts" name="bulkCreateTracksAction &gt; release association &gt; should handle case-insensitive album caching" time="0.000466344">
        </testcase>
        <testcase classname="src/lib/actions/bulk-create-tracks-action.spec.ts" name="bulkCreateTracksAction &gt; error handling &gt; should handle database errors gracefully" time="0.000480691">
        </testcase>
        <testcase classname="src/lib/actions/bulk-create-tracks-action.spec.ts" name="bulkCreateTracksAction &gt; publishTracks parameter &gt; should not set publishedOn when publishTracks is false" time="0.004588746">
        </testcase>
        <testcase classname="src/lib/actions/bulk-create-tracks-action.spec.ts" name="bulkCreateTracksAction &gt; publishTracks parameter &gt; should set publishedOn to current date when publishTracks is true" time="0.001068541">
        </testcase>
        <testcase classname="src/lib/actions/bulk-create-tracks-action.spec.ts" name="bulkCreateTracksAction &gt; artist creation and association &gt; should call findOrCreateArtistAction when artist metadata is present" time="0.000494547">
        </testcase>
        <testcase classname="src/lib/actions/bulk-create-tracks-action.spec.ts" name="bulkCreateTracksAction &gt; artist creation and association &gt; should use albumArtist when artist is not provided" time="0.000607306">
        </testcase>
        <testcase classname="src/lib/actions/bulk-create-tracks-action.spec.ts" name="bulkCreateTracksAction &gt; artist creation and association &gt; should cache artist lookups for same artist name" time="0.000385935">
        </testcase>
        <testcase classname="src/lib/actions/bulk-create-tracks-action.spec.ts" name="bulkCreateTracksAction &gt; artist creation and association &gt; should connect track to artist when artist is found/created" time="0.000476844">
        </testcase>
        <testcase classname="src/lib/actions/bulk-create-tracks-action.spec.ts" name="bulkCreateTracksAction &gt; group creation from albumArtist metadata &gt; should create group when albumArtist differs from artist" time="0.001083789">
        </testcase>
        <testcase classname="src/lib/actions/bulk-create-tracks-action.spec.ts" name="bulkCreateTracksAction &gt; group creation from albumArtist metadata &gt; should not create group when albumArtist matches artist" time="0.000712331">
        </testcase>
        <testcase classname="src/lib/actions/bulk-create-tracks-action.spec.ts" name="bulkCreateTracksAction &gt; group creation from albumArtist metadata &gt; should not create group when albumArtist matches artist (case-insensitive)" time="0.000525665">
        </testcase>
        <testcase classname="src/lib/actions/bulk-create-tracks-action.spec.ts" name="bulkCreateTracksAction &gt; group creation from albumArtist metadata &gt; should cache group lookups for same group name" time="0.00082572">
        </testcase>
        <testcase classname="src/lib/actions/bulk-create-tracks-action.spec.ts" name="bulkCreateTracksAction &gt; albumArtist and release association &gt; should link albumArtist to release when both are present" time="0.000963365">
        </testcase>
        <testcase classname="src/lib/actions/bulk-create-tracks-action.spec.ts" name="bulkCreateTracksAction &gt; transaction support &gt; should wrap track creation in a transaction" time="0.000377359">
        </testcase>
        <testcase classname="src/lib/actions/bulk-create-tracks-action.spec.ts" name="bulkCreateTracksAction &gt; transaction support &gt; should pass transaction client to findOrCreateArtistAction" time="0.000682775">
        </testcase>
        <testcase classname="src/lib/actions/bulk-create-tracks-action.spec.ts" name="bulkCreateTracksAction &gt; albumArtist caching across multiple tracks &gt; should create ArtistRelease for cached albumArtist on new release" time="0.000612626">
        </testcase>
        <testcase classname="src/lib/actions/bulk-create-tracks-action.spec.ts" name="bulkCreateTracksAction &gt; global error handling &gt; should handle errors thrown outside transaction loop" time="0.00755856">
            <system-err>
Bulk track creation error: Error: Unexpected error
    at [90m/home/runner/work/boudreaux/boudreaux/[39msrc/lib/actions/bulk-create-tracks-action.spec.ts:1325:49
    at [90mfile:///home/runner/work/boudreaux/boudreaux/[39mnode_modules/[4m@vitest/runner[24m/dist/index.js:145:11
    at [90mfile:///home/runner/work/boudreaux/boudreaux/[39mnode_modules/[4m@vitest/runner[24m/dist/index.js:915:26
    at [90mfile:///home/runner/work/boudreaux/boudreaux/[39mnode_modules/[4m@vitest/runner[24m/dist/index.js:1243:20
    at new Promise (&lt;anonymous&gt;)
    at runWithTimeout [90m(file:///home/runner/work/boudreaux/boudreaux/[39mnode_modules/[4m@vitest/runner[24m/dist/index.js:1209:10[90m)[39m
    at [90mfile:///home/runner/work/boudreaux/boudreaux/[39mnode_modules/[4m@vitest/runner[24m/dist/index.js:1653:37
    at Traces.$ [90m(file:///home/runner/work/boudreaux/boudreaux/[39mnode_modules/[4mvitest[24m/dist/chunks/traces.CCmnQaNT.js:142:27[90m)[39m
    at trace [90m(file:///home/runner/work/boudreaux/boudreaux/[39mnode_modules/[4mvitest[24m/dist/chunks/test.B8ej_ZHS.js:239:21[90m)[39m
    at runTest [90m(file:///home/runner/work/boudreaux/boudreaux/[39mnode_modules/[4m@vitest/runner[24m/dist/index.js:1653:12[90m)[39m

            </system-err>
        </testcase>
        <testcase classname="src/lib/actions/bulk-create-tracks-action.spec.ts" name="bulkCreateTracksAction &gt; global error handling &gt; should handle non-Error objects thrown" time="0.000532337">
            <system-err>
Bulk track creation error: string error

            </system-err>
        </testcase>
    </testsuite>
    <testsuite name="src/app/components/ui/menubar.spec.tsx" timestamp="2026-02-06T06:11:34.544Z" hostname="runnervmkj6or" tests="19" failures="0" errors="0" skipped="0" time="0.128276276">
        <testcase classname="src/app/components/ui/menubar.spec.tsx" name="Menubar &gt; renders" time="0.045598109">
        </testcase>
        <testcase classname="src/app/components/ui/menubar.spec.tsx" name="Menubar &gt; has data-slot attribute" time="0.006988113">
        </testcase>
        <testcase classname="src/app/components/ui/menubar.spec.tsx" name="Menubar &gt; applies custom className" time="0.010281768">
        </testcase>
        <testcase classname="src/app/components/ui/menubar.spec.tsx" name="MenubarTrigger &gt; renders" time="0.049252552">
        </testcase>
        <testcase classname="src/app/components/ui/menubar.spec.tsx" name="MenubarTrigger &gt; has data-slot attribute" time="0.008361027">
        </testcase>
        <testcase classname="src/app/components/ui/menubar.spec.tsx" name="MenubarMenu &gt; can be imported" time="0.000310716">
        </testcase>
        <testcase classname="src/app/components/ui/menubar.spec.tsx" name="MenubarGroup &gt; can be imported" time="0.00018905">
        </testcase>
        <testcase classname="src/app/components/ui/menubar.spec.tsx" name="MenubarPortal &gt; can be imported" time="0.000260644">
        </testcase>
        <testcase classname="src/app/components/ui/menubar.spec.tsx" name="MenubarRadioGroup &gt; can be imported" time="0.000281252">
        </testcase>
        <testcase classname="src/app/components/ui/menubar.spec.tsx" name="MenubarContent &gt; can be imported" time="0.001314737">
        </testcase>
        <testcase classname="src/app/components/ui/menubar.spec.tsx" name="MenubarSubContent &gt; can be imported" time="0.000272165">
        </testcase>
        <testcase classname="src/app/components/ui/menubar.spec.tsx" name="MenubarSubTrigger &gt; can be imported" time="0.000233363">
        </testcase>
        <testcase classname="src/app/components/ui/menubar.spec.tsx" name="MenubarSub &gt; can be imported" time="0.000223494">
        </testcase>
        <testcase classname="src/app/components/ui/menubar.spec.tsx" name="MenubarItem &gt; can be imported" time="0.000268247">
        </testcase>
        <testcase classname="src/app/components/ui/menubar.spec.tsx" name="MenubarCheckboxItem &gt; can be imported" time="0.000324581">
        </testcase>
        <testcase classname="src/app/components/ui/menubar.spec.tsx" name="MenubarRadioItem &gt; can be imported" time="0.000152523">
        </testcase>
        <testcase classname="src/app/components/ui/menubar.spec.tsx" name="MenubarLabel &gt; can be imported" time="0.000234424">
        </testcase>
        <testcase classname="src/app/components/ui/menubar.spec.tsx" name="MenubarSeparator &gt; can be imported" time="0.000337356">
        </testcase>
        <testcase classname="src/app/components/ui/menubar.spec.tsx" name="MenubarShortcut &gt; can be imported" time="0.000290639">
        </testcase>
    </testsuite>
    <testsuite name="src/lib/actions/presigned-upload-actions.spec.ts" timestamp="2026-02-06T06:11:34.548Z" hostname="runnervmkj6or" tests="35" failures="0" errors="0" skipped="0" time="0.019882934">
        <testcase classname="src/lib/actions/presigned-upload-actions.spec.ts" name="presigned-upload-actions &gt; getPresignedUploadUrlsAction &gt; authorization &gt; should require admin role" time="0.002178417">
        </testcase>
        <testcase classname="src/lib/actions/presigned-upload-actions.spec.ts" name="presigned-upload-actions &gt; getPresignedUploadUrlsAction &gt; authorization &gt; should return error when user is not logged in" time="0.000226641">
        </testcase>
        <testcase classname="src/lib/actions/presigned-upload-actions.spec.ts" name="presigned-upload-actions &gt; getPresignedUploadUrlsAction &gt; authorization &gt; should return error when user is not admin" time="0.000211612">
        </testcase>
        <testcase classname="src/lib/actions/presigned-upload-actions.spec.ts" name="presigned-upload-actions &gt; getPresignedUploadUrlsAction &gt; authorization &gt; should return error when user session has no id" time="0.000257668">
        </testcase>
        <testcase classname="src/lib/actions/presigned-upload-actions.spec.ts" name="presigned-upload-actions &gt; getPresignedUploadUrlsAction &gt; input validation &gt; should return error when no files provided" time="0.000287503">
        </testcase>
        <testcase classname="src/lib/actions/presigned-upload-actions.spec.ts" name="presigned-upload-actions &gt; getPresignedUploadUrlsAction &gt; input validation &gt; should return error for invalid content type" time="0.00025869">
        </testcase>
        <testcase classname="src/lib/actions/presigned-upload-actions.spec.ts" name="presigned-upload-actions &gt; getPresignedUploadUrlsAction &gt; input validation &gt; should return error for file exceeding size limit" time="0.000224235">
        </testcase>
        <testcase classname="src/lib/actions/presigned-upload-actions.spec.ts" name="presigned-upload-actions &gt; getPresignedUploadUrlsAction &gt; input validation &gt; should accept valid image files" time="0.000346212">
        </testcase>
        <testcase classname="src/lib/actions/presigned-upload-actions.spec.ts" name="presigned-upload-actions &gt; getPresignedUploadUrlsAction &gt; input validation &gt; should accept PNG images" time="0.000212003">
        </testcase>
        <testcase classname="src/lib/actions/presigned-upload-actions.spec.ts" name="presigned-upload-actions &gt; getPresignedUploadUrlsAction &gt; input validation &gt; should accept WebP images" time="0.000204089">
        </testcase>
        <testcase classname="src/lib/actions/presigned-upload-actions.spec.ts" name="presigned-upload-actions &gt; getPresignedUploadUrlsAction &gt; input validation &gt; should accept GIF images" time="0.000241908">
        </testcase>
        <testcase classname="src/lib/actions/presigned-upload-actions.spec.ts" name="presigned-upload-actions &gt; getPresignedUploadUrlsAction &gt; input validation &gt; should accept TIFF images" time="0.000227151">
        </testcase>
        <testcase classname="src/lib/actions/presigned-upload-actions.spec.ts" name="presigned-upload-actions &gt; getPresignedUploadUrlsAction &gt; input validation &gt; should accept FLAC audio files" time="0.000227171">
        </testcase>
        <testcase classname="src/lib/actions/presigned-upload-actions.spec.ts" name="presigned-upload-actions &gt; getPresignedUploadUrlsAction &gt; input validation &gt; should accept WAV audio files" time="0.000220148">
        </testcase>
        <testcase classname="src/lib/actions/presigned-upload-actions.spec.ts" name="presigned-upload-actions &gt; getPresignedUploadUrlsAction &gt; input validation &gt; should accept MP3 audio files" time="0.000217613">
        </testcase>
        <testcase classname="src/lib/actions/presigned-upload-actions.spec.ts" name="presigned-upload-actions &gt; getPresignedUploadUrlsAction &gt; input validation &gt; should allow larger audio files up to 1GB" time="0.00021572">
        </testcase>
        <testcase classname="src/lib/actions/presigned-upload-actions.spec.ts" name="presigned-upload-actions &gt; getPresignedUploadUrlsAction &gt; input validation &gt; should reject audio files over 1GB" time="0.000219948">
        </testcase>
        <testcase classname="src/lib/actions/presigned-upload-actions.spec.ts" name="presigned-upload-actions &gt; getPresignedUploadUrlsAction &gt; S3 configuration &gt; should return error when S3_BUCKET is not configured" time="0.000263218">
        </testcase>
        <testcase classname="src/lib/actions/presigned-upload-actions.spec.ts" name="presigned-upload-actions &gt; getPresignedUploadUrlsAction &gt; presigned URL generation &gt; should generate presigned URLs for multiple files" time="0.001218638">
        </testcase>
        <testcase classname="src/lib/actions/presigned-upload-actions.spec.ts" name="presigned-upload-actions &gt; getPresignedUploadUrlsAction &gt; presigned URL generation &gt; should include s3Key and cdnUrl in result" time="0.000638463">
        </testcase>
        <testcase classname="src/lib/actions/presigned-upload-actions.spec.ts" name="presigned-upload-actions &gt; getPresignedUploadUrlsAction &gt; presigned URL generation &gt; should generate S3 key with correct entity type and ID" time="0.002572017">
        </testcase>
        <testcase classname="src/lib/actions/presigned-upload-actions.spec.ts" name="presigned-upload-actions &gt; getPresignedUploadUrlsAction &gt; presigned URL generation &gt; should generate CDN URL using CDN_DOMAIN when configured" time="0.000460043">
        </testcase>
        <testcase classname="src/lib/actions/presigned-upload-actions.spec.ts" name="presigned-upload-actions &gt; getPresignedUploadUrlsAction &gt; presigned URL generation &gt; should use direct S3 URL when CDN_DOMAIN is not configured" time="0.000390053">
        </testcase>
        <testcase classname="src/lib/actions/presigned-upload-actions.spec.ts" name="presigned-upload-actions &gt; getPresignedUploadUrlsAction &gt; presigned URL generation &gt; should handle CDN_DOMAIN with https:// prefix" time="0.000876715">
        </testcase>
        <testcase classname="src/lib/actions/presigned-upload-actions.spec.ts" name="presigned-upload-actions &gt; getPresignedUploadUrlsAction &gt; entity types &gt; should work with artists entity type" time="0.000308041">
        </testcase>
        <testcase classname="src/lib/actions/presigned-upload-actions.spec.ts" name="presigned-upload-actions &gt; getPresignedUploadUrlsAction &gt; entity types &gt; should work with groups entity type" time="0.000276973">
        </testcase>
        <testcase classname="src/lib/actions/presigned-upload-actions.spec.ts" name="presigned-upload-actions &gt; getPresignedUploadUrlsAction &gt; entity types &gt; should work with releases entity type" time="0.000295859">
        </testcase>
        <testcase classname="src/lib/actions/presigned-upload-actions.spec.ts" name="presigned-upload-actions &gt; getPresignedUploadUrlsAction &gt; entity types &gt; should work with tracks entity type" time="0.000266073">
        </testcase>
        <testcase classname="src/lib/actions/presigned-upload-actions.spec.ts" name="presigned-upload-actions &gt; getPresignedUploadUrlsAction &gt; entity types &gt; should work with notifications entity type" time="0.000420099">
        </testcase>
        <testcase classname="src/lib/actions/presigned-upload-actions.spec.ts" name="presigned-upload-actions &gt; getPresignedUploadUrlsAction &gt; error handling &gt; should handle S3 signing errors" time="0.000379483">
        </testcase>
        <testcase classname="src/lib/actions/presigned-upload-actions.spec.ts" name="presigned-upload-actions &gt; getPresignedUploadUrlsAction &gt; error handling &gt; should handle unknown errors" time="0.000283064">
        </testcase>
        <testcase classname="src/lib/actions/presigned-upload-actions.spec.ts" name="presigned-upload-actions &gt; getPresignedUploadUrlsAction &gt; file name handling &gt; should sanitize file names with special characters" time="0.000834778">
        </testcase>
        <testcase classname="src/lib/actions/presigned-upload-actions.spec.ts" name="presigned-upload-actions &gt; getPresignedUploadUrlsAction &gt; file name handling &gt; should preserve file extension" time="0.000470692">
        </testcase>
        <testcase classname="src/lib/actions/presigned-upload-actions.spec.ts" name="presigned-upload-actions &gt; getPresignedUploadUrlsAction &gt; file name handling &gt; should handle file names without extension" time="0.000440166">
        </testcase>
        <testcase classname="src/lib/actions/presigned-upload-actions.spec.ts" name="presigned-upload-actions &gt; getPresignedUploadUrlsAction &gt; file name handling &gt; should truncate long file names" time="0.000491601">
        </testcase>
    </testsuite>
    <testsuite name="src/app/components/auth/signout-button.spec.tsx" timestamp="2026-02-06T06:11:34.554Z" hostname="runnervmkj6or" tests="12" failures="0" errors="0" skipped="0" time="0.261951599">
        <testcase classname="src/app/components/auth/signout-button.spec.tsx" name="SignedinToolbar &gt; rendering &gt; renders all components on desktop" time="0.009298076">
        </testcase>
        <testcase classname="src/app/components/auth/signout-button.spec.tsx" name="SignedinToolbar &gt; rendering &gt; renders without vertical separators on mobile" time="0.007035421">
        </testcase>
        <testcase classname="src/app/components/auth/signout-button.spec.tsx" name="SignedinToolbar &gt; rendering &gt; renders logout icon" time="0.004930548">
        </testcase>
        <testcase classname="src/app/components/auth/signout-button.spec.tsx" name="SignedinToolbar &gt; rendering &gt; applies flex layout on desktop" time="0.005172196">
        </testcase>
        <testcase classname="src/app/components/auth/signout-button.spec.tsx" name="SignedinToolbar &gt; rendering &gt; applies flex layout with additional classes on mobile" time="0.002402553">
        </testcase>
        <testcase classname="src/app/components/auth/signout-button.spec.tsx" name="SignedinToolbar &gt; rendering &gt; applies custom className when provided" time="0.005638253">
        </testcase>
        <testcase classname="src/app/components/auth/signout-button.spec.tsx" name="SignedinToolbar &gt; sign out functionality &gt; calls signOut with redirect: false and callbackUrl when sign out button is clicked" time="0.011877165">
        </testcase>
        <testcase classname="src/app/components/auth/signout-button.spec.tsx" name="SignedinToolbar &gt; sign out functionality &gt; navigates to URL returned from signOut" time="0.141066734">
        </testcase>
        <testcase classname="src/app/components/auth/signout-button.spec.tsx" name="SignedinToolbar &gt; sign out functionality &gt; handles sign out click on mobile" time="0.058802522">
        </testcase>
        <testcase classname="src/app/components/auth/signout-button.spec.tsx" name="SignedinToolbar &gt; button variant &gt; applies link:narrow variant to sign out button" time="0.008990476">
        </testcase>
        <testcase classname="src/app/components/auth/signout-button.spec.tsx" name="SignedinToolbar &gt; mobile responsiveness &gt; hides vertical separator on mobile" time="0.002157499">
        </testcase>
        <testcase classname="src/app/components/auth/signout-button.spec.tsx" name="SignedinToolbar &gt; mobile responsiveness &gt; shows vertical separator on desktop" time="0.001938493">
        </testcase>
    </testsuite>
    <testsuite name="src/app/components/ui/sidebar.spec.tsx" timestamp="2026-02-06T06:11:34.557Z" hostname="runnervmkj6or" tests="56" failures="0" errors="0" skipped="0" time="0.300740883">
        <testcase classname="src/app/components/ui/sidebar.spec.tsx" name="SidebarProvider &gt; renders with data-slot attribute" time="0.001298968">
        </testcase>
        <testcase classname="src/app/components/ui/sidebar.spec.tsx" name="SidebarProvider &gt; applies custom className" time="0.001489692">
        </testcase>
        <testcase classname="src/app/components/ui/sidebar.spec.tsx" name="SidebarProvider &gt; renders children" time="0.001425052">
        </testcase>
        <testcase classname="src/app/components/ui/sidebar.spec.tsx" name="SidebarProvider &gt; sets CSS variables for sidebar width" time="0.003725325">
        </testcase>
        <testcase classname="src/app/components/ui/sidebar.spec.tsx" name="Sidebar &gt; renders with data-slot attribute" time="0.001789297">
        </testcase>
        <testcase classname="src/app/components/ui/sidebar.spec.tsx" name="Sidebar &gt; renders with default side prop (left)" time="0.002487">
        </testcase>
        <testcase classname="src/app/components/ui/sidebar.spec.tsx" name="Sidebar &gt; renders with right side prop" time="0.002380873">
        </testcase>
        <testcase classname="src/app/components/ui/sidebar.spec.tsx" name="Sidebar &gt; renders with data-state attribute" time="0.001922303">
        </testcase>
        <testcase classname="src/app/components/ui/sidebar.spec.tsx" name="Sidebar &gt; renders with collapsed state when defaultOpen is false" time="0.00274554">
        </testcase>
        <testcase classname="src/app/components/ui/sidebar.spec.tsx" name="Sidebar &gt; renders children" time="0.002340608">
        </testcase>
        <testcase classname="src/app/components/ui/sidebar.spec.tsx" name="Sidebar &gt; renders with collapsible=&quot;none&quot; variant" time="0.002062342">
        </testcase>
        <testcase classname="src/app/components/ui/sidebar.spec.tsx" name="SidebarTrigger &gt; renders with data-slot attribute" time="0.003984646">
        </testcase>
        <testcase classname="src/app/components/ui/sidebar.spec.tsx" name="SidebarTrigger &gt; has sr-only text for accessibility" time="0.011101367">
        </testcase>
        <testcase classname="src/app/components/ui/sidebar.spec.tsx" name="SidebarTrigger &gt; applies custom className" time="0.003675713">
        </testcase>
        <testcase classname="src/app/components/ui/sidebar.spec.tsx" name="SidebarRail &gt; renders with data-slot attribute" time="0.001943151">
        </testcase>
        <testcase classname="src/app/components/ui/sidebar.spec.tsx" name="SidebarRail &gt; has aria-label for accessibility" time="0.002451253">
        </testcase>
        <testcase classname="src/app/components/ui/sidebar.spec.tsx" name="SidebarInset &gt; renders with data-slot attribute" time="0.001728273">
        </testcase>
        <testcase classname="src/app/components/ui/sidebar.spec.tsx" name="SidebarInset &gt; renders as main element" time="0.002348052">
        </testcase>
        <testcase classname="src/app/components/ui/sidebar.spec.tsx" name="SidebarInset &gt; applies custom className" time="0.001770672">
        </testcase>
        <testcase classname="src/app/components/ui/sidebar.spec.tsx" name="SidebarInput &gt; renders with data-slot attribute" time="0.002767971">
        </testcase>
        <testcase classname="src/app/components/ui/sidebar.spec.tsx" name="SidebarInput &gt; accepts input" time="0.087131945">
        </testcase>
        <testcase classname="src/app/components/ui/sidebar.spec.tsx" name="SidebarHeader &gt; renders with data-slot attribute" time="0.001944484">
        </testcase>
        <testcase classname="src/app/components/ui/sidebar.spec.tsx" name="SidebarHeader &gt; renders children" time="0.001459045">
        </testcase>
        <testcase classname="src/app/components/ui/sidebar.spec.tsx" name="SidebarFooter &gt; renders with data-slot attribute" time="0.004892458">
        </testcase>
        <testcase classname="src/app/components/ui/sidebar.spec.tsx" name="SidebarFooter &gt; renders children" time="0.00460786">
        </testcase>
        <testcase classname="src/app/components/ui/sidebar.spec.tsx" name="SidebarSeparator &gt; renders with data-slot attribute" time="0.002146038">
        </testcase>
        <testcase classname="src/app/components/ui/sidebar.spec.tsx" name="SidebarContent &gt; renders with data-slot attribute" time="0.001436402">
        </testcase>
        <testcase classname="src/app/components/ui/sidebar.spec.tsx" name="SidebarContent &gt; renders children" time="0.001644117">
        </testcase>
        <testcase classname="src/app/components/ui/sidebar.spec.tsx" name="SidebarGroup &gt; renders with data-slot attribute" time="0.003670404">
        </testcase>
        <testcase classname="src/app/components/ui/sidebar.spec.tsx" name="SidebarGroupLabel &gt; renders with data-slot attribute" time="0.001953231">
        </testcase>
        <testcase classname="src/app/components/ui/sidebar.spec.tsx" name="SidebarGroupLabel &gt; renders text content" time="0.001464895">
        </testcase>
        <testcase classname="src/app/components/ui/sidebar.spec.tsx" name="SidebarGroupAction &gt; renders with data-slot attribute" time="0.033903864">
        </testcase>
        <testcase classname="src/app/components/ui/sidebar.spec.tsx" name="SidebarGroupContent &gt; renders with data-slot attribute" time="0.001802602">
        </testcase>
        <testcase classname="src/app/components/ui/sidebar.spec.tsx" name="SidebarMenu &gt; renders with data-slot attribute" time="0.001699249">
        </testcase>
        <testcase classname="src/app/components/ui/sidebar.spec.tsx" name="SidebarMenu &gt; renders as ul element" time="0.001600827">
        </testcase>
        <testcase classname="src/app/components/ui/sidebar.spec.tsx" name="SidebarMenuItem &gt; renders with data-slot attribute" time="0.002093931">
        </testcase>
        <testcase classname="src/app/components/ui/sidebar.spec.tsx" name="SidebarMenuItem &gt; renders as li element" time="0.002343023">
        </testcase>
        <testcase classname="src/app/components/ui/sidebar.spec.tsx" name="SidebarMenuButton &gt; renders with data-slot attribute" time="0.001820915">
        </testcase>
        <testcase classname="src/app/components/ui/sidebar.spec.tsx" name="SidebarMenuButton &gt; handles click events" time="0.01615823">
        </testcase>
        <testcase classname="src/app/components/ui/sidebar.spec.tsx" name="SidebarMenuButton &gt; renders with active state" time="0.002134166">
        </testcase>
        <testcase classname="src/app/components/ui/sidebar.spec.tsx" name="SidebarMenuButton &gt; renders with tooltip when provided as string" time="0.008633633">
        </testcase>
        <testcase classname="src/app/components/ui/sidebar.spec.tsx" name="SidebarMenuAction &gt; renders with data-slot attribute" time="0.001740016">
        </testcase>
        <testcase classname="src/app/components/ui/sidebar.spec.tsx" name="SidebarMenuBadge &gt; renders with data-slot attribute" time="0.002539768">
        </testcase>
        <testcase classname="src/app/components/ui/sidebar.spec.tsx" name="SidebarMenuBadge &gt; renders badge content" time="0.00185581">
        </testcase>
        <testcase classname="src/app/components/ui/sidebar.spec.tsx" name="SidebarMenuSkeleton &gt; renders with data-slot attribute" time="0.002048507">
        </testcase>
        <testcase classname="src/app/components/ui/sidebar.spec.tsx" name="SidebarMenuSkeleton &gt; renders with icon skeleton when showIcon is true" time="0.002333185">
        </testcase>
        <testcase classname="src/app/components/ui/sidebar.spec.tsx" name="SidebarMenuSkeleton &gt; always renders text skeleton" time="0.001567455">
        </testcase>
        <testcase classname="src/app/components/ui/sidebar.spec.tsx" name="SidebarMenuSub &gt; renders with data-slot attribute" time="0.001628128">
        </testcase>
        <testcase classname="src/app/components/ui/sidebar.spec.tsx" name="SidebarMenuSub &gt; renders as ul element" time="0.001847344">
        </testcase>
        <testcase classname="src/app/components/ui/sidebar.spec.tsx" name="SidebarMenuSubItem &gt; renders with data-slot attribute" time="0.003021441">
        </testcase>
        <testcase classname="src/app/components/ui/sidebar.spec.tsx" name="SidebarMenuSubButton &gt; renders with data-slot attribute" time="0.001824261">
        </testcase>
        <testcase classname="src/app/components/ui/sidebar.spec.tsx" name="SidebarMenuSubButton &gt; renders with active state" time="0.002131301">
        </testcase>
        <testcase classname="src/app/components/ui/sidebar.spec.tsx" name="SidebarMenuSubButton &gt; renders with sm size" time="0.001805537">
        </testcase>
        <testcase classname="src/app/components/ui/sidebar.spec.tsx" name="useSidebar hook &gt; throws error when used outside SidebarProvider" time="0.005039662">
        </testcase>
        <testcase classname="src/app/components/ui/sidebar.spec.tsx" name="Keyboard shortcut &gt; toggles sidebar on Ctrl+B" time="0.021448845">
        </testcase>
        <testcase classname="src/app/components/ui/sidebar.spec.tsx" name="Keyboard shortcut &gt; toggles sidebar on Cmd+B (Mac)" time="0.005800381">
        </testcase>
    </testsuite>
    <testsuite name="src/app/components/providers.spec.tsx" timestamp="2026-02-06T06:11:34.566Z" hostname="runnervmkj6or" tests="2" failures="0" errors="0" skipped="0" time="0.043354881">
        <testcase classname="src/app/components/providers.spec.tsx" name="Providers &gt; renders children within SessionProvider" time="0.035348942">
        </testcase>
        <testcase classname="src/app/components/providers.spec.tsx" name="Providers &gt; provides session context to children" time="0.006174855">
        </testcase>
    </testsuite>
    <testsuite name="src/app/components/ui/badge.spec.tsx" timestamp="2026-02-06T06:11:34.567Z" hostname="runnervmkj6or" tests="15" failures="0" errors="0" skipped="0" time="0.061913862">
        <testcase classname="src/app/components/ui/badge.spec.tsx" name="Badge &gt; renders" time="0.003916429">
        </testcase>
        <testcase classname="src/app/components/ui/badge.spec.tsx" name="Badge &gt; has data-slot attribute" time="0.002136521">
        </testcase>
        <testcase classname="src/app/components/ui/badge.spec.tsx" name="Badge &gt; applies custom className" time="0.001819282">
        </testcase>
        <testcase classname="src/app/components/ui/badge.spec.tsx" name="Badge &gt; renders children" time="0.001189355">
        </testcase>
        <testcase classname="src/app/components/ui/badge.spec.tsx" name="Badge &gt; variants &gt; renders default variant" time="0.002797675">
        </testcase>
        <testcase classname="src/app/components/ui/badge.spec.tsx" name="Badge &gt; variants &gt; renders secondary variant" time="0.003531486">
        </testcase>
        <testcase classname="src/app/components/ui/badge.spec.tsx" name="Badge &gt; variants &gt; renders destructive variant" time="0.002991725">
        </testcase>
        <testcase classname="src/app/components/ui/badge.spec.tsx" name="Badge &gt; variants &gt; renders outline variant" time="0.001946166">
        </testcase>
        <testcase classname="src/app/components/ui/badge.spec.tsx" name="Badge &gt; asChild &gt; renders as span by default" time="0.030535872">
        </testcase>
        <testcase classname="src/app/components/ui/badge.spec.tsx" name="Badge &gt; asChild &gt; renders child element when asChild is true" time="0.005326583">
        </testcase>
        <testcase classname="src/app/components/ui/badge.spec.tsx" name="Badge &gt; passes additional props" time="0.002140448">
        </testcase>
        <testcase classname="src/app/components/ui/badge.spec.tsx" name="Badge &gt; badgeVariants &gt; returns default variant classes" time="0.000258028">
        </testcase>
        <testcase classname="src/app/components/ui/badge.spec.tsx" name="Badge &gt; badgeVariants &gt; returns secondary variant classes" time="0.000394982">
        </testcase>
        <testcase classname="src/app/components/ui/badge.spec.tsx" name="Badge &gt; badgeVariants &gt; returns destructive variant classes" time="0.000149888">
        </testcase>
        <testcase classname="src/app/components/ui/badge.spec.tsx" name="Badge &gt; badgeVariants &gt; returns outline variant classes" time="0.000303282">
        </testcase>
    </testsuite>
    <testsuite name="src/lib/actions/signup-action.spec.ts" timestamp="2026-02-06T06:11:34.570Z" hostname="runnervmkj6or" tests="19" failures="0" errors="0" skipped="0" time="0.021320459">
        <testcase classname="src/lib/actions/signup-action.spec.ts" name="signupAction &gt; successful signup flow &gt; should create user and send magic link when data is valid" time="0.002435755">
        </testcase>
        <testcase classname="src/lib/actions/signup-action.spec.ts" name="signupAction &gt; successful signup flow &gt; should generate username when creating user" time="0.00121416">
        </testcase>
        <testcase classname="src/lib/actions/signup-action.spec.ts" name="signupAction &gt; Turnstile verification &gt; should return error when Turnstile token is missing" time="0.000460533">
        </testcase>
        <testcase classname="src/lib/actions/signup-action.spec.ts" name="signupAction &gt; Turnstile verification &gt; should return error when Turnstile verification fails" time="0.000668579">
        </testcase>
        <testcase classname="src/lib/actions/signup-action.spec.ts" name="signupAction &gt; Turnstile verification &gt; should proceed when Turnstile verification succeeds" time="0.000657078">
        </testcase>
        <testcase classname="src/lib/actions/signup-action.spec.ts" name="signupAction &gt; validation failures &gt; should return form state with errors when validation fails" time="0.000910698">
        </testcase>
        <testcase classname="src/lib/actions/signup-action.spec.ts" name="signupAction &gt; validation failures &gt; should return error when email security validation fails" time="0.003303293">
        </testcase>
        <testcase classname="src/lib/actions/signup-action.spec.ts" name="signupAction &gt; validation failures &gt; should return generic error when email security validation fails without error message" time="0.000783061">
        </testcase>
        <testcase classname="src/lib/actions/signup-action.spec.ts" name="signupAction &gt; database errors &gt; should handle duplicate email errors" time="0.000382739">
        </testcase>
        <testcase classname="src/lib/actions/signup-action.spec.ts" name="signupAction &gt; database errors &gt; should handle duplicate email errors when formState.errors is undefined" time="0.000503614">
        </testcase>
        <testcase classname="src/lib/actions/signup-action.spec.ts" name="signupAction &gt; database errors &gt; should handle P2002 error with different target (not email)" time="0.000796747">
        </testcase>
        <testcase classname="src/lib/actions/signup-action.spec.ts" name="signupAction &gt; database errors &gt; should handle timeout errors" time="0.000634005">
        </testcase>
        <testcase classname="src/lib/actions/signup-action.spec.ts" name="signupAction &gt; database errors &gt; should handle timeout errors when formState.errors is undefined" time="0.000570477">
        </testcase>
        <testcase classname="src/lib/actions/signup-action.spec.ts" name="signupAction &gt; database errors &gt; should handle various timeout error formats" time="0.001011896">
        </testcase>
        <testcase classname="src/lib/actions/signup-action.spec.ts" name="signupAction &gt; database errors &gt; should handle unknown Prisma errors" time="0.000568073">
        </testcase>
        <testcase classname="src/lib/actions/signup-action.spec.ts" name="signupAction &gt; database errors &gt; should handle general errors" time="0.002172727">
        </testcase>
        <testcase classname="src/lib/actions/signup-action.spec.ts" name="signupAction &gt; signIn errors &gt; should handle signIn failures gracefully" time="0.000382088">
        </testcase>
        <testcase classname="src/lib/actions/signup-action.spec.ts" name="signupAction &gt; edge cases &gt; should not redirect when signup fails" time="0.000671224">
        </testcase>
        <testcase classname="src/lib/actions/signup-action.spec.ts" name="signupAction &gt; edge cases &gt; should preserve form state fields and errors" time="0.000535573">
        </testcase>
    </testsuite>
    <testsuite name="src/app/components/health-status-message.spec.tsx" timestamp="2026-02-06T06:11:34.573Z" hostname="runnervmkj6or" tests="11" failures="0" errors="0" skipped="0" time="0.037018666">
        <testcase classname="src/app/components/health-status-message.spec.tsx" name="HealthStatusMessage &gt; Loading State &gt; should display loading message when isLoading is true" time="0.001381321">
        </testcase>
        <testcase classname="src/app/components/health-status-message.spec.tsx" name="HealthStatusMessage &gt; Loading State &gt; should display loading message when isLoading is true regardless of healthStatus" time="0.001388453">
        </testcase>
        <testcase classname="src/app/components/health-status-message.spec.tsx" name="HealthStatusMessage &gt; Null Health Status &gt; should display initializing message when healthStatus is null and not loading" time="0.001249787">
        </testcase>
        <testcase classname="src/app/components/health-status-message.spec.tsx" name="HealthStatusMessage &gt; Healthy Status &gt; should display database name when status is healthy" time="0.002483614">
        </testcase>
        <testcase classname="src/app/components/health-status-message.spec.tsx" name="HealthStatusMessage &gt; Healthy Status &gt; should display database name with latency when latency is provided" time="0.002398626">
        </testcase>
        <testcase classname="src/app/components/health-status-message.spec.tsx" name="HealthStatusMessage &gt; Healthy Status &gt; should not display latency when it is zero" time="0.001917444">
        </testcase>
        <testcase classname="src/app/components/health-status-message.spec.tsx" name="HealthStatusMessage &gt; Error Display in Development &gt; should display error message in development mode" time="0.016075237">
        </testcase>
        <testcase classname="src/app/components/health-status-message.spec.tsx" name="HealthStatusMessage &gt; Error Display in Development &gt; should display database name without error when no error is provided" time="0.002351759">
        </testcase>
        <testcase classname="src/app/components/health-status-message.spec.tsx" name="HealthStatusMessage &gt; Error Display in Production &gt; should not display error message in production mode" time="0.001508766">
        </testcase>
        <testcase classname="src/app/components/health-status-message.spec.tsx" name="HealthStatusMessage &gt; Complex Scenarios &gt; should display all information when status has latency and error in development" time="0.001326409">
        </testcase>
        <testcase classname="src/app/components/health-status-message.spec.tsx" name="HealthStatusMessage &gt; Accessibility &gt; should render without accessibility violations" time="0.002255321">
        </testcase>
    </testsuite>
    <testsuite name="src/lib/utils/sanitization.spec.ts" timestamp="2026-02-06T06:11:34.575Z" hostname="runnervmkj6or" tests="55" failures="0" errors="0" skipped="0" time="0.010873815">
        <testcase classname="src/lib/utils/sanitization.spec.ts" name="sanitization utilities &gt; sanitizeHtml &gt; returns empty string for empty input" time="0.000078546">
        </testcase>
        <testcase classname="src/lib/utils/sanitization.spec.ts" name="sanitization utilities &gt; sanitizeHtml &gt; returns empty string for null/undefined-like values" time="0.000099424">
        </testcase>
        <testcase classname="src/lib/utils/sanitization.spec.ts" name="sanitization utilities &gt; sanitizeHtml &gt; escapes ampersands" time="0.000082673">
        </testcase>
        <testcase classname="src/lib/utils/sanitization.spec.ts" name="sanitization utilities &gt; sanitizeHtml &gt; escapes less than signs" time="0.000211552">
        </testcase>
        <testcase classname="src/lib/utils/sanitization.spec.ts" name="sanitization utilities &gt; sanitizeHtml &gt; escapes greater than signs" time="0.000083745">
        </testcase>
        <testcase classname="src/lib/utils/sanitization.spec.ts" name="sanitization utilities &gt; sanitizeHtml &gt; escapes double quotes" time="0.00009669">
        </testcase>
        <testcase classname="src/lib/utils/sanitization.spec.ts" name="sanitization utilities &gt; sanitizeHtml &gt; escapes single quotes" time="0.000082483">
        </testcase>
        <testcase classname="src/lib/utils/sanitization.spec.ts" name="sanitization utilities &gt; sanitizeHtml &gt; escapes forward slashes" time="0.000081611">
        </testcase>
        <testcase classname="src/lib/utils/sanitization.spec.ts" name="sanitization utilities &gt; sanitizeHtml &gt; handles multiple special characters" time="0.000087893">
        </testcase>
        <testcase classname="src/lib/utils/sanitization.spec.ts" name="sanitization utilities &gt; sanitizeString &gt; returns empty string for empty input" time="0.000076251">
        </testcase>
        <testcase classname="src/lib/utils/sanitization.spec.ts" name="sanitization utilities &gt; sanitizeString &gt; returns empty string for null/undefined-like values" time="0.000076231">
        </testcase>
        <testcase classname="src/lib/utils/sanitization.spec.ts" name="sanitization utilities &gt; sanitizeString &gt; removes null bytes" time="0.000091439">
        </testcase>
        <testcase classname="src/lib/utils/sanitization.spec.ts" name="sanitization utilities &gt; sanitizeString &gt; removes control characters" time="0.000103672">
        </testcase>
        <testcase classname="src/lib/utils/sanitization.spec.ts" name="sanitization utilities &gt; sanitizeString &gt; trims whitespace" time="0.000081901">
        </testcase>
        <testcase classname="src/lib/utils/sanitization.spec.ts" name="sanitization utilities &gt; sanitizeString &gt; preserves normal characters" time="0.000081021">
        </testcase>
        <testcase classname="src/lib/utils/sanitization.spec.ts" name="sanitization utilities &gt; sanitizeString &gt; preserves apostrophes and special punctuation" time="0.000111336">
        </testcase>
        <testcase classname="src/lib/utils/sanitization.spec.ts" name="sanitization utilities &gt; sanitizeEmail &gt; returns empty string for empty input" time="0.000087031">
        </testcase>
        <testcase classname="src/lib/utils/sanitization.spec.ts" name="sanitization utilities &gt; sanitizeEmail &gt; returns empty string for null/undefined-like values" time="0.000089446">
        </testcase>
        <testcase classname="src/lib/utils/sanitization.spec.ts" name="sanitization utilities &gt; sanitizeEmail &gt; converts to lowercase" time="0.000090137">
        </testcase>
        <testcase classname="src/lib/utils/sanitization.spec.ts" name="sanitization utilities &gt; sanitizeEmail &gt; trims whitespace" time="0.000197616">
        </testcase>
        <testcase classname="src/lib/utils/sanitization.spec.ts" name="sanitization utilities &gt; sanitizeEmail &gt; removes non-email characters" time="0.000098152">
        </testcase>
        <testcase classname="src/lib/utils/sanitization.spec.ts" name="sanitization utilities &gt; sanitizeEmail &gt; preserves plus signs" time="0.000108591">
        </testcase>
        <testcase classname="src/lib/utils/sanitization.spec.ts" name="sanitization utilities &gt; sanitizeEmail &gt; preserves dots and hyphens" time="0.000100527">
        </testcase>
        <testcase classname="src/lib/utils/sanitization.spec.ts" name="sanitization utilities &gt; sanitizePhone &gt; returns empty string for empty input" time="0.000154457">
        </testcase>
        <testcase classname="src/lib/utils/sanitization.spec.ts" name="sanitization utilities &gt; sanitizePhone &gt; returns empty string for null/undefined-like values" time="0.000156861">
        </testcase>
        <testcase classname="src/lib/utils/sanitization.spec.ts" name="sanitization utilities &gt; sanitizePhone &gt; preserves numbers" time="0.000147674">
        </testcase>
        <testcase classname="src/lib/utils/sanitization.spec.ts" name="sanitization utilities &gt; sanitizePhone &gt; preserves plus sign" time="0.00019972">
        </testcase>
        <testcase classname="src/lib/utils/sanitization.spec.ts" name="sanitization utilities &gt; sanitizePhone &gt; preserves parentheses, dashes, and spaces" time="0.000116446">
        </testcase>
        <testcase classname="src/lib/utils/sanitization.spec.ts" name="sanitization utilities &gt; sanitizePhone &gt; removes letters and special characters" time="0.000139077">
        </testcase>
        <testcase classname="src/lib/utils/sanitization.spec.ts" name="sanitization utilities &gt; sanitizeUrl &gt; returns empty string for empty input" time="0.000152342">
        </testcase>
        <testcase classname="src/lib/utils/sanitization.spec.ts" name="sanitization utilities &gt; sanitizeUrl &gt; returns empty string for null/undefined-like values" time="0.000140251">
        </testcase>
        <testcase classname="src/lib/utils/sanitization.spec.ts" name="sanitization utilities &gt; sanitizeUrl &gt; returns valid http URL" time="0.000141703">
        </testcase>
        <testcase classname="src/lib/utils/sanitization.spec.ts" name="sanitization utilities &gt; sanitizeUrl &gt; returns valid https URL" time="0.000249232">
        </testcase>
        <testcase classname="src/lib/utils/sanitization.spec.ts" name="sanitization utilities &gt; sanitizeUrl &gt; returns empty string for javascript protocol" time="0.000160317">
        </testcase>
        <testcase classname="src/lib/utils/sanitization.spec.ts" name="sanitization utilities &gt; sanitizeUrl &gt; returns empty string for data protocol" time="0.000220358">
        </testcase>
        <testcase classname="src/lib/utils/sanitization.spec.ts" name="sanitization utilities &gt; sanitizeUrl &gt; returns empty string for invalid URLs" time="0.000125132">
        </testcase>
        <testcase classname="src/lib/utils/sanitization.spec.ts" name="sanitization utilities &gt; sanitizeUrl &gt; returns empty string for ftp protocol" time="0.000215509">
        </testcase>
        <testcase classname="src/lib/utils/sanitization.spec.ts" name="sanitization utilities &gt; sanitizeUsername &gt; returns empty string for empty input" time="0.000082864">
        </testcase>
        <testcase classname="src/lib/utils/sanitization.spec.ts" name="sanitization utilities &gt; sanitizeUsername &gt; returns empty string for null/undefined-like values" time="0.000076572">
        </testcase>
        <testcase classname="src/lib/utils/sanitization.spec.ts" name="sanitization utilities &gt; sanitizeUsername &gt; converts to lowercase" time="0.000085288">
        </testcase>
        <testcase classname="src/lib/utils/sanitization.spec.ts" name="sanitization utilities &gt; sanitizeUsername &gt; trims whitespace" time="0.000143105">
        </testcase>
        <testcase classname="src/lib/utils/sanitization.spec.ts" name="sanitization utilities &gt; sanitizeUsername &gt; preserves dots, dashes, and underscores" time="0.000089206">
        </testcase>
        <testcase classname="src/lib/utils/sanitization.spec.ts" name="sanitization utilities &gt; sanitizeUsername &gt; removes special characters" time="0.000078215">
        </testcase>
        <testcase classname="src/lib/utils/sanitization.spec.ts" name="sanitization utilities &gt; sanitizeUsername &gt; removes spaces" time="0.000088364">
        </testcase>
        <testcase classname="src/lib/utils/sanitization.spec.ts" name="sanitization utilities &gt; normalizeWhitespace &gt; returns empty string for empty input" time="0.000080139">
        </testcase>
        <testcase classname="src/lib/utils/sanitization.spec.ts" name="sanitization utilities &gt; normalizeWhitespace &gt; returns empty string for null/undefined-like values" time="0.000130132">
        </testcase>
        <testcase classname="src/lib/utils/sanitization.spec.ts" name="sanitization utilities &gt; normalizeWhitespace &gt; replaces multiple spaces with single space" time="0.00009742">
        </testcase>
        <testcase classname="src/lib/utils/sanitization.spec.ts" name="sanitization utilities &gt; normalizeWhitespace &gt; trims leading and trailing whitespace" time="0.000084316">
        </testcase>
        <testcase classname="src/lib/utils/sanitization.spec.ts" name="sanitization utilities &gt; normalizeWhitespace &gt; handles tabs and newlines" time="0.000165456">
        </testcase>
        <testcase classname="src/lib/utils/sanitization.spec.ts" name="sanitization utilities &gt; normalizeWhitespace &gt; preserves single spaces" time="0.000081511">
        </testcase>
        <testcase classname="src/lib/utils/sanitization.spec.ts" name="sanitization utilities &gt; sanitizeTextField &gt; returns empty string for empty input" time="0.000272986">
        </testcase>
        <testcase classname="src/lib/utils/sanitization.spec.ts" name="sanitization utilities &gt; sanitizeTextField &gt; returns empty string for null/undefined-like values" time="0.000227652">
        </testcase>
        <testcase classname="src/lib/utils/sanitization.spec.ts" name="sanitization utilities &gt; sanitizeTextField &gt; removes control characters and normalizes whitespace" time="0.000244623">
        </testcase>
        <testcase classname="src/lib/utils/sanitization.spec.ts" name="sanitization utilities &gt; sanitizeTextField &gt; trims and normalizes spaces" time="0.000244694">
        </testcase>
        <testcase classname="src/lib/utils/sanitization.spec.ts" name="sanitization utilities &gt; sanitizeTextField &gt; preserves special characters in names" time="0.001305951">
        </testcase>
    </testsuite>
    <testsuite name="src/lib/utils/image-resize.spec.ts" timestamp="2026-02-06T06:11:34.585Z" hostname="runnervmkj6or" tests="16" failures="0" errors="0" skipped="0" time="0.033248748">
        <testcase classname="src/lib/utils/image-resize.spec.ts" name="image-resize &gt; resizeImage &gt; should resize image larger than maxWidth" time="0.001629871">
        </testcase>
        <testcase classname="src/lib/utils/image-resize.spec.ts" name="image-resize &gt; resizeImage &gt; should not resize image smaller than maxWidth" time="0.001677729">
        </testcase>
        <testcase classname="src/lib/utils/image-resize.spec.ts" name="image-resize &gt; resizeImage &gt; should respect maxHeight constraint" time="0.001676578">
        </testcase>
        <testcase classname="src/lib/utils/image-resize.spec.ts" name="image-resize &gt; resizeImage &gt; should use default quality of 0.9" time="0.001692637">
        </testcase>
        <testcase classname="src/lib/utils/image-resize.spec.ts" name="image-resize &gt; resizeImage &gt; should support custom quality" time="0.001824962">
        </testcase>
        <testcase classname="src/lib/utils/image-resize.spec.ts" name="image-resize &gt; resizeImage &gt; should convert format when specified" time="0.001610605">
        </testcase>
        <testcase classname="src/lib/utils/image-resize.spec.ts" name="image-resize &gt; resizeImage &gt; should preserve PNG format by default" time="0.004495453">
        </testcase>
        <testcase classname="src/lib/utils/image-resize.spec.ts" name="image-resize &gt; resizeImage &gt; should preserve WebP format by default" time="0.00171554">
        </testcase>
        <testcase classname="src/lib/utils/image-resize.spec.ts" name="image-resize &gt; resizeImage &gt; should convert GIF to JPEG by default" time="0.002127734">
        </testcase>
        <testcase classname="src/lib/utils/image-resize.spec.ts" name="image-resize &gt; resizeImage &gt; should generate correct filename with dimensions" time="0.001873824">
        </testcase>
        <testcase classname="src/lib/utils/image-resize.spec.ts" name="image-resize &gt; resizeImage &gt; should clean up object URL after loading" time="0.001474433">
        </testcase>
        <testcase classname="src/lib/utils/image-resize.spec.ts" name="image-resize &gt; resizeImage &gt; should throw error when canvas context is null" time="0.002611781">
        </testcase>
        <testcase classname="src/lib/utils/image-resize.spec.ts" name="image-resize &gt; resizeImage &gt; should throw error when toBlob fails" time="0.001635421">
        </testcase>
        <testcase classname="src/lib/utils/image-resize.spec.ts" name="image-resize &gt; resizeNotificationBannerImage &gt; should resize to 880px width" time="0.001425001">
        </testcase>
        <testcase classname="src/lib/utils/image-resize.spec.ts" name="image-resize &gt; resizeNotificationBannerImage &gt; should convert to JPEG format" time="0.001501293">
        </testcase>
        <testcase classname="src/lib/utils/image-resize.spec.ts" name="image-resize &gt; resizeNotificationBannerImage &gt; should not resize images already 880px or smaller" time="0.001353139">
        </testcase>
    </testsuite>
    <testsuite name="src/app/page.spec.tsx" timestamp="2026-02-06T06:11:34.588Z" hostname="runnervmkj6or" tests="8" failures="0" errors="0" skipped="0" time="0.111508187">
        <testcase classname="src/app/page.spec.tsx" name="Home Page &gt; should render page structure" time="0.002756178">
        </testcase>
        <testcase classname="src/app/page.spec.tsx" name="Home Page &gt; should render featured artists heading" time="0.006616023">
        </testcase>
        <testcase classname="src/app/page.spec.tsx" name="Home Page &gt; should render featured artists player" time="0.005924332">
        </testcase>
        <testcase classname="src/app/page.spec.tsx" name="Home Page &gt; should have proper heading hierarchy" time="0.056869">
        </testcase>
        <testcase classname="src/app/page.spec.tsx" name="Home Page &gt; should render empty array when featuredArtists fetch fails" time="0.004831205">
        </testcase>
        <testcase classname="src/app/page.spec.tsx" name="Home Page &gt; should render empty array when notifications fetch fails" time="0.003738099">
        </testcase>
        <testcase classname="src/app/page.spec.tsx" name="Home Page &gt; should render notification banner when notifications exist" time="0.002667054">
        </testcase>
        <testcase classname="src/app/page.spec.tsx" name="Home Page &gt; should not render notification banner when notifications array is empty" time="0.026028786">
        </testcase>
    </testsuite>
    <testsuite name="src/app/hooks/use-featured-artists-query.spec.tsx" timestamp="2026-02-06T06:11:34.589Z" hostname="runnervmkj6or" tests="3" failures="0" errors="0" skipped="0" time="0.183087093">
        <testcase classname="src/app/hooks/use-featured-artists-query.spec.tsx" name="useFeaturedArtistsQuery &gt; should fetch featured artists successfully" time="0.055069044">
        </testcase>
        <testcase classname="src/app/hooks/use-featured-artists-query.spec.tsx" name="useFeaturedArtistsQuery &gt; should handle fetch error" time="0.071096511">
        </testcase>
        <testcase classname="src/app/hooks/use-featured-artists-query.spec.tsx" name="useFeaturedArtistsQuery &gt; should provide refetch function" time="0.05497944">
        </testcase>
    </testsuite>
    <testsuite name="src/app/components/ui/label.spec.tsx" timestamp="2026-02-06T06:11:34.590Z" hostname="runnervmkj6or" tests="23" failures="0" errors="0" skipped="0" time="0.237987164">
        <testcase classname="src/app/components/ui/label.spec.tsx" name="Label &gt; rendering &gt; should render a label element" time="0.001643827">
        </testcase>
        <testcase classname="src/app/components/ui/label.spec.tsx" name="Label &gt; rendering &gt; should render children correctly" time="0.001666689">
        </testcase>
        <testcase classname="src/app/components/ui/label.spec.tsx" name="Label &gt; rendering &gt; should render complex children" time="0.001691355">
        </testcase>
        <testcase classname="src/app/components/ui/label.spec.tsx" name="Label &gt; styling &gt; should apply default CSS classes" time="0.001148539">
        </testcase>
        <testcase classname="src/app/components/ui/label.spec.tsx" name="Label &gt; styling &gt; should apply custom className along with default classes" time="0.001288759">
        </testcase>
        <testcase classname="src/app/components/ui/label.spec.tsx" name="Label &gt; styling &gt; should have disabled state styles in classes" time="0.001396879">
        </testcase>
        <testcase classname="src/app/components/ui/label.spec.tsx" name="Label &gt; interactions &gt; should call onClick handler when clicked" time="0.012738401">
        </testcase>
        <testcase classname="src/app/components/ui/label.spec.tsx" name="Label &gt; interactions &gt; should focus associated input when clicked" time="0.07190506">
        </testcase>
        <testcase classname="src/app/components/ui/label.spec.tsx" name="Label &gt; interactions &gt; should work with nested inputs" time="0.014401575">
        </testcase>
        <testcase classname="src/app/components/ui/label.spec.tsx" name="Label &gt; accessibility &gt; should associate with input using htmlFor" time="0.006020018">
        </testcase>
        <testcase classname="src/app/components/ui/label.spec.tsx" name="Label &gt; accessibility &gt; should work with implicit association (nested input)" time="0.007774972">
        </testcase>
        <testcase classname="src/app/components/ui/label.spec.tsx" name="Label &gt; accessibility &gt; should support aria-label" time="0.003652228">
        </testcase>
        <testcase classname="src/app/components/ui/label.spec.tsx" name="Label &gt; accessibility &gt; should support aria-describedby" time="0.001861941">
        </testcase>
        <testcase classname="src/app/components/ui/label.spec.tsx" name="Label &gt; HTML attributes &gt; should pass through HTML attributes" time="0.003925055">
        </testcase>
        <testcase classname="src/app/components/ui/label.spec.tsx" name="Label &gt; HTML attributes &gt; should support custom data attributes" time="0.002877504">
        </testcase>
        <testcase classname="src/app/components/ui/label.spec.tsx" name="Label &gt; form integration &gt; should work with checkbox inputs" time="0.019935142">
        </testcase>
        <testcase classname="src/app/components/ui/label.spec.tsx" name="Label &gt; form integration &gt; should work with radio inputs" time="0.024508891">
        </testcase>
        <testcase classname="src/app/components/ui/label.spec.tsx" name="Label &gt; form integration &gt; should work with select elements" time="0.007510341">
        </testcase>
        <testcase classname="src/app/components/ui/label.spec.tsx" name="Label &gt; form integration &gt; should work with textarea elements" time="0.007704731">
        </testcase>
        <testcase classname="src/app/components/ui/label.spec.tsx" name="Label &gt; required field indicators &gt; should render required indicator" time="0.001316029">
        </testcase>
        <testcase classname="src/app/components/ui/label.spec.tsx" name="Label &gt; required field indicators &gt; should handle complex required indicators" time="0.0017803">
        </testcase>
        <testcase classname="src/app/components/ui/label.spec.tsx" name="Label &gt; disabled states &gt; should handle disabled state through group context" time="0.032264064">
        </testcase>
        <testcase classname="src/app/components/ui/label.spec.tsx" name="Label &gt; disabled states &gt; should handle peer disabled states" time="0.005963243">
        </testcase>
    </testsuite>
    <testsuite name="src/app/components/ui/audio/media-player/media-player.spec.tsx" timestamp="2026-02-06T06:11:34.594Z" hostname="runnervmkj6or" tests="30" failures="0" errors="0" skipped="0" time="0.243479689">
        <testcase classname="src/app/components/ui/audio/media-player/media-player.spec.tsx" name="MediaPlayer &gt; MediaPlayer container &gt; should render children" time="0.001021513">
        </testcase>
        <testcase classname="src/app/components/ui/audio/media-player/media-player.spec.tsx" name="MediaPlayer &gt; MediaPlayer container &gt; should apply custom className" time="0.001023166">
        </testcase>
        <testcase classname="src/app/components/ui/audio/media-player/media-player.spec.tsx" name="MediaPlayer &gt; Controls component &gt; should render the container div" time="0.00375521">
        </testcase>
        <testcase classname="src/app/components/ui/audio/media-player/media-player.spec.tsx" name="MediaPlayer &gt; InfoTickerTape component &gt; should render track title and display name with featuredArtist" time="0.002292309">
        </testcase>
        <testcase classname="src/app/components/ui/audio/media-player/media-player.spec.tsx" name="MediaPlayer &gt; InfoTickerTape component &gt; should use text-xs font class for ticker text" time="0.003305387">
        </testcase>
        <testcase classname="src/app/components/ui/audio/media-player/media-player.spec.tsx" name="MediaPlayer &gt; InfoTickerTape component &gt; should apply marquee animation when isPlaying is true" time="0.001982595">
        </testcase>
        <testcase classname="src/app/components/ui/audio/media-player/media-player.spec.tsx" name="MediaPlayer &gt; InfoTickerTape component &gt; should center text when isPlaying is false" time="0.003104916">
        </testcase>
        <testcase classname="src/app/components/ui/audio/media-player/media-player.spec.tsx" name="MediaPlayer &gt; InfoTickerTape component &gt; should fall back to artist firstName surname when no displayName on featuredArtist" time="0.00315074">
        </testcase>
        <testcase classname="src/app/components/ui/audio/media-player/media-player.spec.tsx" name="MediaPlayer &gt; InfoTickerTape component &gt; should use artist displayName when available" time="0.002079264">
        </testcase>
        <testcase classname="src/app/components/ui/audio/media-player/media-player.spec.tsx" name="MediaPlayer &gt; InfoTickerTape component &gt; should fall back to group name when no displayName and no artists" time="0.005194699">
        </testcase>
        <testcase classname="src/app/components/ui/audio/media-player/media-player.spec.tsx" name="MediaPlayer &gt; InfoTickerTape component &gt; should display Unknown Artist when no displayName, artists, or group" time="0.00196944">
        </testcase>
        <testcase classname="src/app/components/ui/audio/media-player/media-player.spec.tsx" name="MediaPlayer &gt; InfoTickerTape component &gt; should show TrackListDrawer when release has more than 1 track" time="0.036620871">
        </testcase>
        <testcase classname="src/app/components/ui/audio/media-player/media-player.spec.tsx" name="MediaPlayer &gt; InfoTickerTape component &gt; should not show TrackListDrawer when release has only 1 track" time="0.001455578">
        </testcase>
        <testcase classname="src/app/components/ui/audio/media-player/media-player.spec.tsx" name="MediaPlayer &gt; TrackListDrawer component &gt; should render track count in trigger button" time="0.01416114">
        </testcase>
        <testcase classname="src/app/components/ui/audio/media-player/media-player.spec.tsx" name="MediaPlayer &gt; TrackListDrawer component &gt; should render all tracks sorted by position" time="0.010481569">
        </testcase>
        <testcase classname="src/app/components/ui/audio/media-player/media-player.spec.tsx" name="MediaPlayer &gt; TrackListDrawer component &gt; should display track numbers correctly" time="0.009841713">
        </testcase>
        <testcase classname="src/app/components/ui/audio/media-player/media-player.spec.tsx" name="MediaPlayer &gt; TrackListDrawer component &gt; should format track duration correctly" time="0.0100449">
        </testcase>
        <testcase classname="src/app/components/ui/audio/media-player/media-player.spec.tsx" name="MediaPlayer &gt; TrackListDrawer component &gt; should calculate and display total time" time="0.008886943">
        </testcase>
        <testcase classname="src/app/components/ui/audio/media-player/media-player.spec.tsx" name="MediaPlayer &gt; TrackListDrawer component &gt; should call onTrackSelect when a track is clicked" time="0.008105164">
        </testcase>
        <testcase classname="src/app/components/ui/audio/media-player/media-player.spec.tsx" name="MediaPlayer &gt; TrackListDrawer component &gt; should wrap track items in DrawerClose when onTrackSelect is provided" time="0.007605457">
        </testcase>
        <testcase classname="src/app/components/ui/audio/media-player/media-player.spec.tsx" name="MediaPlayer &gt; TrackListDrawer component &gt; should display album title in drawer description" time="0.004973108">
        </testcase>
        <testcase classname="src/app/components/ui/audio/media-player/media-player.spec.tsx" name="MediaPlayer &gt; TrackListDrawer component &gt; should highlight current track" time="0.007613682">
        </testcase>
        <testcase classname="src/app/components/ui/audio/media-player/media-player.spec.tsx" name="MediaPlayer &gt; TrackListDrawer component &gt; should display cover art thumbnails when available" time="0.003288165">
        </testcase>
        <testcase classname="src/app/components/ui/audio/media-player/media-player.spec.tsx" name="MediaPlayer &gt; TrackListDrawer component &gt; should fall back to track coverArt when releaseTrack coverArt is not available" time="0.005244471">
        </testcase>
        <testcase classname="src/app/components/ui/audio/media-player/media-player.spec.tsx" name="MediaPlayer &gt; TrackListDrawer component &gt; should fall back to release coverArt when no track coverArt is available" time="0.003354397">
        </testcase>
        <testcase classname="src/app/components/ui/audio/media-player/media-player.spec.tsx" name="MediaPlayer &gt; Description component &gt; should render description text" time="0.000956152">
        </testcase>
        <testcase classname="src/app/components/ui/audio/media-player/media-player.spec.tsx" name="MediaPlayer &gt; FeaturedArtistCarousel component &gt; should render carousel with featured artists" time="0.003693326">
        </testcase>
        <testcase classname="src/app/components/ui/audio/media-player/media-player.spec.tsx" name="MediaPlayer &gt; FeaturedArtistCarousel component &gt; should render navigation buttons" time="0.004297877">
        </testcase>
        <testcase classname="src/app/components/ui/audio/media-player/media-player.spec.tsx" name="MediaPlayer &gt; FeaturedArtistCarousel component &gt; should call onSelect when a featured artist is clicked" time="0.058975118">
        </testcase>
        <testcase classname="src/app/components/ui/audio/media-player/media-player.spec.tsx" name="MediaPlayer &gt; FeaturedArtistCarousel component &gt; should sort artists by position" time="0.011994373">
        </testcase>
    </testsuite>
    <testsuite name="src/app/(auth)/success/signup/container.spec.tsx" timestamp="2026-02-06T06:11:34.600Z" hostname="runnervmkj6or" tests="9" failures="0" errors="0" skipped="0" time="0.116320524">
        <testcase classname="src/app/(auth)/success/signup/container.spec.tsx" name="SignupSuccessContainer &gt; renders success heading" time="0.052717258">
        </testcase>
        <testcase classname="src/app/(auth)/success/signup/container.spec.tsx" name="SignupSuccessContainer &gt; renders PageContainer component" time="0.003341845">
        </testcase>
        <testcase classname="src/app/(auth)/success/signup/container.spec.tsx" name="SignupSuccessContainer &gt; renders ContentContainer component" time="0.002772049">
        </testcase>
        <testcase classname="src/app/(auth)/success/signup/container.spec.tsx" name="SignupSuccessContainer &gt; renders Card component" time="0.02662361">
        </testcase>
        <testcase classname="src/app/(auth)/success/signup/container.spec.tsx" name="SignupSuccessContainer &gt; renders check email instruction" time="0.004209683">
        </testcase>
        <testcase classname="src/app/(auth)/success/signup/container.spec.tsx" name="SignupSuccessContainer &gt; renders link was sent message" time="0.007492909">
        </testcase>
        <testcase classname="src/app/(auth)/success/signup/container.spec.tsx" name="SignupSuccessContainer &gt; displays the email address" time="0.002756489">
        </testcase>
        <testcase classname="src/app/(auth)/success/signup/container.spec.tsx" name="SignupSuccessContainer &gt; renders email as a mailto link" time="0.010069476">
        </testcase>
        <testcase classname="src/app/(auth)/success/signup/container.spec.tsx" name="SignupSuccessContainer &gt; renders to sign in instruction" time="0.004200066">
        </testcase>
    </testsuite>
    <testsuite name="src/app/components/ui/button.spec.tsx" timestamp="2026-02-06T06:11:34.601Z" hostname="runnervmkj6or" tests="27" failures="0" errors="0" skipped="0" time="0.29923649">
        <testcase classname="src/app/components/ui/button.spec.tsx" name="Button &gt; rendering &gt; should render with default variant and size" time="0.003381989">
        </testcase>
        <testcase classname="src/app/components/ui/button.spec.tsx" name="Button &gt; rendering &gt; should render children correctly" time="0.001535275">
        </testcase>
        <testcase classname="src/app/components/ui/button.spec.tsx" name="Button &gt; rendering &gt; should render as child component when asChild is true" time="0.004850861">
        </testcase>
        <testcase classname="src/app/components/ui/button.spec.tsx" name="Button &gt; variants &gt; should apply default variant classes" time="0.002726524">
        </testcase>
        <testcase classname="src/app/components/ui/button.spec.tsx" name="Button &gt; variants &gt; should apply destructive variant classes" time="0.002975385">
        </testcase>
        <testcase classname="src/app/components/ui/button.spec.tsx" name="Button &gt; variants &gt; should apply outline variant classes" time="0.002754616">
        </testcase>
        <testcase classname="src/app/components/ui/button.spec.tsx" name="Button &gt; variants &gt; should apply secondary variant classes" time="0.002861164">
        </testcase>
        <testcase classname="src/app/components/ui/button.spec.tsx" name="Button &gt; variants &gt; should apply ghost variant classes" time="0.002457636">
        </testcase>
        <testcase classname="src/app/components/ui/button.spec.tsx" name="Button &gt; variants &gt; should apply link variant classes" time="0.003841298">
        </testcase>
        <testcase classname="src/app/components/ui/button.spec.tsx" name="Button &gt; sizes &gt; should apply default size classes" time="0.002521585">
        </testcase>
        <testcase classname="src/app/components/ui/button.spec.tsx" name="Button &gt; sizes &gt; should apply small size classes" time="0.003179654">
        </testcase>
        <testcase classname="src/app/components/ui/button.spec.tsx" name="Button &gt; sizes &gt; should apply large size classes" time="0.002363231">
        </testcase>
        <testcase classname="src/app/components/ui/button.spec.tsx" name="Button &gt; sizes &gt; should apply icon size classes" time="0.002815399">
        </testcase>
        <testcase classname="src/app/components/ui/button.spec.tsx" name="Button &gt; states &gt; should be disabled when disabled prop is true" time="0.002309832">
        </testcase>
        <testcase classname="src/app/components/ui/button.spec.tsx" name="Button &gt; states &gt; should apply custom className along with variant classes" time="0.002574873">
        </testcase>
        <testcase classname="src/app/components/ui/button.spec.tsx" name="Button &gt; interactions &gt; should call onClick handler when clicked" time="0.014901391">
        </testcase>
        <testcase classname="src/app/components/ui/button.spec.tsx" name="Button &gt; interactions &gt; should not call onClick when disabled" time="0.028643205">
        </testcase>
        <testcase classname="src/app/components/ui/button.spec.tsx" name="Button &gt; interactions &gt; should handle keyboard interactions" time="0.010534738">
        </testcase>
        <testcase classname="src/app/components/ui/button.spec.tsx" name="Button &gt; accessibility &gt; should have correct button role" time="0.00210415">
        </testcase>
        <testcase classname="src/app/components/ui/button.spec.tsx" name="Button &gt; accessibility &gt; should support aria-label" time="0.002220486">
        </testcase>
        <testcase classname="src/app/components/ui/button.spec.tsx" name="Button &gt; accessibility &gt; should support aria-describedby" time="0.004942662">
        </testcase>
        <testcase classname="src/app/components/ui/button.spec.tsx" name="Button &gt; accessibility &gt; should be focusable" time="0.002548624">
        </testcase>
        <testcase classname="src/app/components/ui/button.spec.tsx" name="Button &gt; accessibility &gt; should not be focusable when disabled" time="0.003050234">
        </testcase>
        <testcase classname="src/app/components/ui/button.spec.tsx" name="Button &gt; HTML attributes &gt; should pass through HTML button attributes" time="0.002948976">
        </testcase>
        <testcase classname="src/app/components/ui/button.spec.tsx" name="Button &gt; HTML attributes &gt; should support data attributes" time="0.001392602">
        </testcase>
        <testcase classname="src/app/components/ui/button.spec.tsx" name="Button &gt; variant and size combinations &gt; should apply both variant and size classes correctly" time="0.080589653">
        </testcase>
        <testcase classname="src/app/components/ui/button.spec.tsx" name="Button &gt; variant and size combinations &gt; should handle all combinations without conflicts" time="0.099021989">
        </testcase>
    </testsuite>
    <testsuite name="src/app/components/ui/tabs.spec.tsx" timestamp="2026-02-06T06:11:34.606Z" hostname="runnervmkj6or" tests="16" failures="0" errors="0" skipped="0" time="0.240935855">
        <testcase classname="src/app/components/ui/tabs.spec.tsx" name="Tabs Components &gt; Tabs &gt; renders children" time="0.004389518">
        </testcase>
        <testcase classname="src/app/components/ui/tabs.spec.tsx" name="Tabs Components &gt; Tabs &gt; has data-slot attribute" time="0.005183859">
        </testcase>
        <testcase classname="src/app/components/ui/tabs.spec.tsx" name="Tabs Components &gt; Tabs &gt; applies custom className" time="0.004427627">
        </testcase>
        <testcase classname="src/app/components/ui/tabs.spec.tsx" name="Tabs Components &gt; TabsList &gt; renders with data-slot attribute" time="0.004006537">
        </testcase>
        <testcase classname="src/app/components/ui/tabs.spec.tsx" name="Tabs Components &gt; TabsList &gt; applies custom className" time="0.004369179">
        </testcase>
        <testcase classname="src/app/components/ui/tabs.spec.tsx" name="Tabs Components &gt; TabsList &gt; renders children" time="0.00529237">
        </testcase>
        <testcase classname="src/app/components/ui/tabs.spec.tsx" name="Tabs Components &gt; TabsTrigger &gt; renders with data-slot attribute" time="0.00517316">
        </testcase>
        <testcase classname="src/app/components/ui/tabs.spec.tsx" name="Tabs Components &gt; TabsTrigger &gt; applies custom className" time="0.006112641">
        </testcase>
        <testcase classname="src/app/components/ui/tabs.spec.tsx" name="Tabs Components &gt; TabsTrigger &gt; renders children" time="0.005407132">
        </testcase>
        <testcase classname="src/app/components/ui/tabs.spec.tsx" name="Tabs Components &gt; TabsTrigger &gt; changes tab on click" time="0.031421954">
        </testcase>
        <testcase classname="src/app/components/ui/tabs.spec.tsx" name="Tabs Components &gt; TabsContent &gt; renders with data-slot attribute" time="0.005479026">
        </testcase>
        <testcase classname="src/app/components/ui/tabs.spec.tsx" name="Tabs Components &gt; TabsContent &gt; applies custom className" time="0.006125745">
        </testcase>
        <testcase classname="src/app/components/ui/tabs.spec.tsx" name="Tabs Components &gt; TabsContent &gt; renders children when active" time="0.005627281">
        </testcase>
        <testcase classname="src/app/components/ui/tabs.spec.tsx" name="Tabs Components &gt; TabsContent &gt; hides content when not active" time="0.00836184">
        </testcase>
        <testcase classname="src/app/components/ui/tabs.spec.tsx" name="Tabs Components &gt; integration &gt; renders complete tabs with multiple panels" time="0.095160502">
        </testcase>
        <testcase classname="src/app/components/ui/tabs.spec.tsx" name="Tabs Components &gt; integration &gt; supports controlled tabs" time="0.041352462">
        </testcase>
    </testsuite>
    <testsuite name="src/lib/utils/get-artist-display-name.spec.ts" timestamp="2026-02-06T06:11:34.609Z" hostname="runnervmkj6or" tests="28" failures="0" errors="0" skipped="0" time="0.009400595">
        <testcase classname="src/lib/utils/get-artist-display-name.spec.ts" name="getArtistDisplayName &gt; when displayName is provided &gt; should return displayName when it exists" time="0.000120804">
        </testcase>
        <testcase classname="src/lib/utils/get-artist-display-name.spec.ts" name="getArtistDisplayName &gt; when displayName is provided &gt; should prefer displayName over constructed name parts" time="0.00014024">
        </testcase>
        <testcase classname="src/lib/utils/get-artist-display-name.spec.ts" name="getArtistDisplayName &gt; when displayName is provided &gt; should return displayName even with empty name parts" time="0.000105585">
        </testcase>
        <testcase classname="src/lib/utils/get-artist-display-name.spec.ts" name="getArtistDisplayName &gt; when displayName is not provided &gt; should construct name from firstName and surname only" time="0.000181447">
        </testcase>
        <testcase classname="src/lib/utils/get-artist-display-name.spec.ts" name="getArtistDisplayName &gt; when displayName is not provided &gt; should include title when provided" time="0.000127396">
        </testcase>
        <testcase classname="src/lib/utils/get-artist-display-name.spec.ts" name="getArtistDisplayName &gt; when displayName is not provided &gt; should include suffix when provided" time="0.000219147">
        </testcase>
        <testcase classname="src/lib/utils/get-artist-display-name.spec.ts" name="getArtistDisplayName &gt; when displayName is not provided &gt; should include title and suffix together" time="0.000122577">
        </testcase>
        <testcase classname="src/lib/utils/get-artist-display-name.spec.ts" name="getArtistDisplayName &gt; when displayName is not provided &gt; should handle single middle name with initial" time="0.000200431">
        </testcase>
        <testcase classname="src/lib/utils/get-artist-display-name.spec.ts" name="getArtistDisplayName &gt; when displayName is not provided &gt; should handle multiple middle names with initials" time="0.000121716">
        </testcase>
        <testcase classname="src/lib/utils/get-artist-display-name.spec.ts" name="getArtistDisplayName &gt; when displayName is not provided &gt; should handle multiple middle names with spaces" time="0.000177789">
        </testcase>
        <testcase classname="src/lib/utils/get-artist-display-name.spec.ts" name="getArtistDisplayName &gt; when displayName is not provided &gt; should construct full name with all components" time="0.000126905">
        </testcase>
        <testcase classname="src/lib/utils/get-artist-display-name.spec.ts" name="getArtistDisplayName &gt; when displayName is not provided &gt; should trim extra whitespace from constructed name" time="0.000149036">
        </testcase>
        <testcase classname="src/lib/utils/get-artist-display-name.spec.ts" name="getArtistDisplayName &gt; edge cases &gt; should handle empty middleName gracefully" time="0.000252979">
        </testcase>
        <testcase classname="src/lib/utils/get-artist-display-name.spec.ts" name="getArtistDisplayName &gt; edge cases &gt; should handle undefined middleName" time="0.000254452">
        </testcase>
        <testcase classname="src/lib/utils/get-artist-display-name.spec.ts" name="getArtistDisplayName &gt; edge cases &gt; should handle empty title gracefully" time="0.000276352">
        </testcase>
        <testcase classname="src/lib/utils/get-artist-display-name.spec.ts" name="getArtistDisplayName &gt; edge cases &gt; should handle undefined title" time="0.00018333">
        </testcase>
        <testcase classname="src/lib/utils/get-artist-display-name.spec.ts" name="getArtistDisplayName &gt; edge cases &gt; should handle empty suffix gracefully" time="0.000241528">
        </testcase>
        <testcase classname="src/lib/utils/get-artist-display-name.spec.ts" name="getArtistDisplayName &gt; edge cases &gt; should handle undefined suffix" time="0.000136102">
        </testcase>
        <testcase classname="src/lib/utils/get-artist-display-name.spec.ts" name="getArtistDisplayName &gt; edge cases &gt; should handle all optional fields as empty strings" time="0.00039885">
        </testcase>
        <testcase classname="src/lib/utils/get-artist-display-name.spec.ts" name="getArtistDisplayName &gt; edge cases &gt; should handle all optional fields as undefined" time="0.000164284">
        </testcase>
        <testcase classname="src/lib/utils/get-artist-display-name.spec.ts" name="getArtistDisplayName &gt; edge cases &gt; should handle middle name with only commas" time="0.000430999">
        </testcase>
        <testcase classname="src/lib/utils/get-artist-display-name.spec.ts" name="getArtistDisplayName &gt; edge cases &gt; should handle single-character middle names" time="0.000153334">
        </testcase>
        <testcase classname="src/lib/utils/get-artist-display-name.spec.ts" name="getArtistDisplayName &gt; real-world examples &gt; should format Dr. Martin Luther King Jr. correctly" time="0.000123609">
        </testcase>
        <testcase classname="src/lib/utils/get-artist-display-name.spec.ts" name="getArtistDisplayName &gt; real-world examples &gt; should format stage name over real name" time="0.000102931">
        </testcase>
        <testcase classname="src/lib/utils/get-artist-display-name.spec.ts" name="getArtistDisplayName &gt; real-world examples &gt; should format classical composer names" time="0.000112158">
        </testcase>
        <testcase classname="src/lib/utils/get-artist-display-name.spec.ts" name="getArtistDisplayName &gt; real-world examples &gt; should format names with multiple titles" time="0.000099074">
        </testcase>
        <testcase classname="src/lib/utils/get-artist-display-name.spec.ts" name="getArtistDisplayName &gt; real-world examples &gt; should format names with Roman numeral suffixes" time="0.000111687">
        </testcase>
        <testcase classname="src/lib/utils/get-artist-display-name.spec.ts" name="getArtistDisplayName &gt; type safety &gt; should accept Artist type with all required fields" time="0.001903719">
        </testcase>
    </testsuite>
    <testsuite name="src/app/components/ui/table.spec.tsx" timestamp="2026-02-06T06:11:34.615Z" hostname="runnervmkj6or" tests="27" failures="0" errors="0" skipped="0" time="0.202182719">
        <testcase classname="src/app/components/ui/table.spec.tsx" name="Table &gt; renders" time="0.004084121">
        </testcase>
        <testcase classname="src/app/components/ui/table.spec.tsx" name="Table &gt; renders with data-slot attribute" time="0.002221668">
        </testcase>
        <testcase classname="src/app/components/ui/table.spec.tsx" name="Table &gt; wraps table in container" time="0.002021657">
        </testcase>
        <testcase classname="src/app/components/ui/table.spec.tsx" name="Table &gt; applies custom className" time="0.004333223">
        </testcase>
        <testcase classname="src/app/components/ui/table.spec.tsx" name="TableHeader &gt; renders" time="0.007895305">
        </testcase>
        <testcase classname="src/app/components/ui/table.spec.tsx" name="TableHeader &gt; renders with data-slot attribute" time="0.002542272">
        </testcase>
        <testcase classname="src/app/components/ui/table.spec.tsx" name="TableHeader &gt; applies custom className" time="0.002876642">
        </testcase>
        <testcase classname="src/app/components/ui/table.spec.tsx" name="TableBody &gt; renders" time="0.004581132">
        </testcase>
        <testcase classname="src/app/components/ui/table.spec.tsx" name="TableBody &gt; renders with data-slot attribute" time="0.002739217">
        </testcase>
        <testcase classname="src/app/components/ui/table.spec.tsx" name="TableBody &gt; applies custom className" time="0.001957727">
        </testcase>
        <testcase classname="src/app/components/ui/table.spec.tsx" name="TableFooter &gt; renders" time="0.034245879">
        </testcase>
        <testcase classname="src/app/components/ui/table.spec.tsx" name="TableFooter &gt; applies custom className" time="0.004890776">
        </testcase>
        <testcase classname="src/app/components/ui/table.spec.tsx" name="TableRow &gt; renders" time="0.006272847">
        </testcase>
        <testcase classname="src/app/components/ui/table.spec.tsx" name="TableRow &gt; renders with data-slot attribute" time="0.002774022">
        </testcase>
        <testcase classname="src/app/components/ui/table.spec.tsx" name="TableRow &gt; applies custom className" time="0.005778802">
        </testcase>
        <testcase classname="src/app/components/ui/table.spec.tsx" name="TableHead &gt; renders" time="0.054161013">
        </testcase>
        <testcase classname="src/app/components/ui/table.spec.tsx" name="TableHead &gt; renders with data-slot attribute" time="0.004472831">
        </testcase>
        <testcase classname="src/app/components/ui/table.spec.tsx" name="TableHead &gt; renders children" time="0.005806002">
        </testcase>
        <testcase classname="src/app/components/ui/table.spec.tsx" name="TableHead &gt; applies custom className" time="0.008008865">
        </testcase>
        <testcase classname="src/app/components/ui/table.spec.tsx" name="TableCell &gt; renders" time="0.005372228">
        </testcase>
        <testcase classname="src/app/components/ui/table.spec.tsx" name="TableCell &gt; renders with data-slot attribute" time="0.002635796">
        </testcase>
        <testcase classname="src/app/components/ui/table.spec.tsx" name="TableCell &gt; renders children" time="0.002164572">
        </testcase>
        <testcase classname="src/app/components/ui/table.spec.tsx" name="TableCell &gt; applies custom className" time="0.004989609">
        </testcase>
        <testcase classname="src/app/components/ui/table.spec.tsx" name="TableCaption &gt; renders" time="0.002004436">
        </testcase>
        <testcase classname="src/app/components/ui/table.spec.tsx" name="TableCaption &gt; renders with data-slot attribute" time="0.001962267">
        </testcase>
        <testcase classname="src/app/components/ui/table.spec.tsx" name="TableCaption &gt; applies custom className" time="0.002352621">
        </testcase>
        <testcase classname="src/app/components/ui/table.spec.tsx" name="Full Table Integration &gt; renders a complete table" time="0.015392201">
        </testcase>
    </testsuite>
    <testsuite name="src/app/components/ui/popover.spec.tsx" timestamp="2026-02-06T06:11:34.621Z" hostname="runnervmkj6or" tests="11" failures="0" errors="0" skipped="0" time="0.4116214">
        <testcase classname="src/app/components/ui/popover.spec.tsx" name="Popover Components &gt; Popover &gt; should render a popover with trigger and content" time="0.027704834">
        </testcase>
        <testcase classname="src/app/components/ui/popover.spec.tsx" name="Popover Components &gt; PopoverTrigger &gt; should render the trigger button" time="0.00353909">
        </testcase>
        <testcase classname="src/app/components/ui/popover.spec.tsx" name="Popover Components &gt; PopoverTrigger &gt; should have data-slot attribute" time="0.003110716">
        </testcase>
        <testcase classname="src/app/components/ui/popover.spec.tsx" name="Popover Components &gt; PopoverContent &gt; should render content when popover is open" time="0.032328695">
        </testcase>
        <testcase classname="src/app/components/ui/popover.spec.tsx" name="Popover Components &gt; PopoverContent &gt; should have data-slot attribute on content" time="0.03437053">
        </testcase>
        <testcase classname="src/app/components/ui/popover.spec.tsx" name="Popover Components &gt; PopoverContent &gt; should apply custom className" time="0.029918828">
        </testcase>
        <testcase classname="src/app/components/ui/popover.spec.tsx" name="Popover Components &gt; PopoverContent &gt; should merge custom className with default classes" time="0.036263619">
        </testcase>
        <testcase classname="src/app/components/ui/popover.spec.tsx" name="Popover Components &gt; PopoverAnchor &gt; should render the anchor element" time="0.003793702">
        </testcase>
        <testcase classname="src/app/components/ui/popover.spec.tsx" name="Popover Components &gt; PopoverAnchor &gt; should have data-slot attribute" time="0.003116206">
        </testcase>
        <testcase classname="src/app/components/ui/popover.spec.tsx" name="Popover Components &gt; Popover open/close behavior &gt; should close when clicking outside" time="0.175581262">
        </testcase>
        <testcase classname="src/app/components/ui/popover.spec.tsx" name="Popover Components &gt; Popover open/close behavior &gt; should close when trigger is clicked again" time="0.058921516">
        </testcase>
    </testsuite>
    <testsuite name="src/app/components/ui/page-section.spec.tsx" timestamp="2026-02-06T06:11:34.623Z" hostname="runnervmkj6or" tests="7" failures="0" errors="0" skipped="0" time="0.101107977">
        <testcase classname="src/app/components/ui/page-section.spec.tsx" name="PageSection &gt; renders" time="0.003452149">
        </testcase>
        <testcase classname="src/app/components/ui/page-section.spec.tsx" name="PageSection &gt; renders with id attribute" time="0.001857553">
        </testcase>
        <testcase classname="src/app/components/ui/page-section.spec.tsx" name="PageSection &gt; renders title as h2" time="0.052555058">
        </testcase>
        <testcase classname="src/app/components/ui/page-section.spec.tsx" name="PageSection &gt; renders children" time="0.030246425">
        </testcase>
        <testcase classname="src/app/components/ui/page-section.spec.tsx" name="PageSection &gt; applies custom className" time="0.003472767">
        </testcase>
        <testcase classname="src/app/components/ui/page-section.spec.tsx" name="PageSection &gt; has default margin-top class" time="0.002524038">
        </testcase>
        <testcase classname="src/app/components/ui/page-section.spec.tsx" name="PageSection &gt; renders multiple children" time="0.004832167">
        </testcase>
    </testsuite>
    <testsuite name="src/app/components/ui/command.spec.tsx" timestamp="2026-02-06T06:11:34.624Z" hostname="runnervmkj6or" tests="36" failures="0" errors="0" skipped="0" time="0.479573668">
        <testcase classname="src/app/components/ui/command.spec.tsx" name="Command &gt; Command component &gt; renders with default props" time="0.00363588">
        </testcase>
        <testcase classname="src/app/components/ui/command.spec.tsx" name="Command &gt; Command component &gt; applies custom className" time="0.003863982">
        </testcase>
        <testcase classname="src/app/components/ui/command.spec.tsx" name="Command &gt; Command component &gt; forwards additional props" time="0.003648363">
        </testcase>
        <testcase classname="src/app/components/ui/command.spec.tsx" name="Command &gt; CommandInput component &gt; renders input with search icon" time="0.003026469">
        </testcase>
        <testcase classname="src/app/components/ui/command.spec.tsx" name="Command &gt; CommandInput component &gt; applies custom className" time="0.004851903">
        </testcase>
        <testcase classname="src/app/components/ui/command.spec.tsx" name="Command &gt; CommandInput component &gt; forwards ref correctly" time="0.003462748">
        </testcase>
        <testcase classname="src/app/components/ui/command.spec.tsx" name="Command &gt; CommandInput component &gt; handles disabled state" time="0.002580493">
        </testcase>
        <testcase classname="src/app/components/ui/command.spec.tsx" name="Command &gt; CommandInput component &gt; has the command-input-wrapper data slot" time="0.01449679">
        </testcase>
        <testcase classname="src/app/components/ui/command.spec.tsx" name="Command &gt; CommandList component &gt; renders children" time="0.003611263">
        </testcase>
        <testcase classname="src/app/components/ui/command.spec.tsx" name="Command &gt; CommandList component &gt; applies custom className" time="0.003715637">
        </testcase>
        <testcase classname="src/app/components/ui/command.spec.tsx" name="Command &gt; CommandList component &gt; has the command-list data slot" time="0.003115616">
        </testcase>
        <testcase classname="src/app/components/ui/command.spec.tsx" name="Command &gt; CommandEmpty component &gt; renders empty message" time="0.00265458">
        </testcase>
        <testcase classname="src/app/components/ui/command.spec.tsx" name="Command &gt; CommandEmpty component &gt; has the command-empty data slot" time="0.002045822">
        </testcase>
        <testcase classname="src/app/components/ui/command.spec.tsx" name="Command &gt; CommandGroup component &gt; renders group with heading" time="0.004765112">
        </testcase>
        <testcase classname="src/app/components/ui/command.spec.tsx" name="Command &gt; CommandGroup component &gt; applies custom className" time="0.005187745">
        </testcase>
        <testcase classname="src/app/components/ui/command.spec.tsx" name="Command &gt; CommandGroup component &gt; has the command-group data slot" time="0.004547078">
        </testcase>
        <testcase classname="src/app/components/ui/command.spec.tsx" name="Command &gt; CommandItem component &gt; renders item with content" time="0.003263048">
        </testcase>
        <testcase classname="src/app/components/ui/command.spec.tsx" name="Command &gt; CommandItem component &gt; applies custom className" time="0.002877844">
        </testcase>
        <testcase classname="src/app/components/ui/command.spec.tsx" name="Command &gt; CommandItem component &gt; handles onSelect callback" time="0.013853739">
        </testcase>
        <testcase classname="src/app/components/ui/command.spec.tsx" name="Command &gt; CommandItem component &gt; has the command-item data slot" time="0.003074529">
        </testcase>
        <testcase classname="src/app/components/ui/command.spec.tsx" name="Command &gt; CommandItem component &gt; handles disabled state" time="0.003001543">
        </testcase>
        <testcase classname="src/app/components/ui/command.spec.tsx" name="Command &gt; CommandSeparator component &gt; renders separator" time="0.003245195">
        </testcase>
        <testcase classname="src/app/components/ui/command.spec.tsx" name="Command &gt; CommandSeparator component &gt; applies custom className" time="0.004192441">
        </testcase>
        <testcase classname="src/app/components/ui/command.spec.tsx" name="Command &gt; CommandSeparator component &gt; has the command-separator data slot" time="0.003338007">
        </testcase>
        <testcase classname="src/app/components/ui/command.spec.tsx" name="Command &gt; CommandShortcut component &gt; renders shortcut text" time="0.00423518">
        </testcase>
        <testcase classname="src/app/components/ui/command.spec.tsx" name="Command &gt; CommandShortcut component &gt; applies custom className" time="0.004420694">
        </testcase>
        <testcase classname="src/app/components/ui/command.spec.tsx" name="Command &gt; CommandShortcut component &gt; has the command-shortcut data slot" time="0.008289455">
        </testcase>
        <testcase classname="src/app/components/ui/command.spec.tsx" name="Command &gt; CommandDialog component &gt; renders dialog with default title and description" time="0.023312512">
        </testcase>
        <testcase classname="src/app/components/ui/command.spec.tsx" name="Command &gt; CommandDialog component &gt; renders dialog with custom title and description" time="0.020944571">
        </testcase>
        <testcase classname="src/app/components/ui/command.spec.tsx" name="Command &gt; CommandDialog component &gt; applies custom className to dialog content" time="0.024124908">
        </testcase>
        <testcase classname="src/app/components/ui/command.spec.tsx" name="Command &gt; CommandDialog component &gt; shows close button by default" time="0.137337105">
        </testcase>
        <testcase classname="src/app/components/ui/command.spec.tsx" name="Command &gt; CommandDialog component &gt; hides close button when showCloseButton is false" time="0.020902705">
        </testcase>
        <testcase classname="src/app/components/ui/command.spec.tsx" name="Command &gt; CommandDialog component &gt; renders children within command" time="0.02692534">
        </testcase>
        <testcase classname="src/app/components/ui/command.spec.tsx" name="Command &gt; CommandDialog component &gt; handles onOpenChange callback" time="0.049931202">
        </testcase>
        <testcase classname="src/app/components/ui/command.spec.tsx" name="Command &gt; integration &gt; filters items based on input" time="0.036189861">
        </testcase>
        <testcase classname="src/app/components/ui/command.spec.tsx" name="Command &gt; integration &gt; renders complete command structure" time="0.012877791">
        </testcase>
    </testsuite>
    <testsuite name="src/app/components/ui/scroll-area.spec.tsx" timestamp="2026-02-06T06:11:34.631Z" hostname="runnervmkj6or" tests="8" failures="0" errors="0" skipped="0" time="0.087813549">
        <testcase classname="src/app/components/ui/scroll-area.spec.tsx" name="ScrollArea Components &gt; ScrollArea &gt; renders children" time="0.00654914">
        </testcase>
        <testcase classname="src/app/components/ui/scroll-area.spec.tsx" name="ScrollArea Components &gt; ScrollArea &gt; has data-slot attribute" time="0.00522231">
        </testcase>
        <testcase classname="src/app/components/ui/scroll-area.spec.tsx" name="ScrollArea Components &gt; ScrollArea &gt; applies custom className" time="0.00826511">
        </testcase>
        <testcase classname="src/app/components/ui/scroll-area.spec.tsx" name="ScrollArea Components &gt; ScrollArea &gt; renders viewport with data-slot" time="0.005945831">
        </testcase>
        <testcase classname="src/app/components/ui/scroll-area.spec.tsx" name="ScrollArea Components &gt; ScrollArea &gt; passes additional props" time="0.04531758">
        </testcase>
        <testcase classname="src/app/components/ui/scroll-area.spec.tsx" name="ScrollArea Components &gt; ScrollBar &gt; can be imported and has the correct export" time="0.001283119">
        </testcase>
        <testcase classname="src/app/components/ui/scroll-area.spec.tsx" name="ScrollArea Components &gt; integration &gt; renders scrollable content container" time="0.007664778">
        </testcase>
        <testcase classname="src/app/components/ui/scroll-area.spec.tsx" name="ScrollArea Components &gt; integration &gt; renders multiple children" time="0.005388638">
        </testcase>
    </testsuite>
    <testsuite name="src/app/components/ui/resizable-text-box.spec.tsx" timestamp="2026-02-06T06:11:34.632Z" hostname="runnervmkj6or" tests="24" failures="0" errors="0" skipped="0" time="0.231042546">
        <testcase classname="src/app/components/ui/resizable-text-box.spec.tsx" name="ResizableTextBox &gt; rendering &gt; renders the children content" time="0.004193634">
        </testcase>
        <testcase classname="src/app/components/ui/resizable-text-box.spec.tsx" name="ResizableTextBox &gt; rendering &gt; applies the correct position and dimensions" time="0.004317654">
        </testcase>
        <testcase classname="src/app/components/ui/resizable-text-box.spec.tsx" name="ResizableTextBox &gt; rendering &gt; applies rotation transform" time="0.003204509">
        </testcase>
        <testcase classname="src/app/components/ui/resizable-text-box.spec.tsx" name="ResizableTextBox &gt; rendering &gt; does not show resize handles when not selected" time="0.003256566">
        </testcase>
        <testcase classname="src/app/components/ui/resizable-text-box.spec.tsx" name="ResizableTextBox &gt; rendering &gt; shows resize handles when selected" time="0.004635723">
        </testcase>
        <testcase classname="src/app/components/ui/resizable-text-box.spec.tsx" name="ResizableTextBox &gt; rendering &gt; shows marching ants border when selected" time="0.003116597">
        </testcase>
        <testcase classname="src/app/components/ui/resizable-text-box.spec.tsx" name="ResizableTextBox &gt; rendering &gt; does not show marching ants border when not selected" time="0.001921101">
        </testcase>
        <testcase classname="src/app/components/ui/resizable-text-box.spec.tsx" name="ResizableTextBox &gt; interactions &gt; calls onSelect when clicked" time="0.012625653">
        </testcase>
        <testcase classname="src/app/components/ui/resizable-text-box.spec.tsx" name="ResizableTextBox &gt; interactions &gt; calls onDragStart when mouse down on content" time="0.001625343">
        </testcase>
        <testcase classname="src/app/components/ui/resizable-text-box.spec.tsx" name="ResizableTextBox &gt; interactions &gt; calls onDragStart when touch start on content" time="0.002648489">
        </testcase>
        <testcase classname="src/app/components/ui/resizable-text-box.spec.tsx" name="ResizableTextBox &gt; interactions &gt; calls onDoubleClick when content is double-clicked" time="0.028535653">
        </testcase>
        <testcase classname="src/app/components/ui/resizable-text-box.spec.tsx" name="ResizableTextBox &gt; interactions &gt; shows rotation handle when onRotateStart is provided and selected" time="0.002829505">
        </testcase>
        <testcase classname="src/app/components/ui/resizable-text-box.spec.tsx" name="ResizableTextBox &gt; interactions &gt; calls onRotateStart when rotation handle is clicked" time="0.004376412">
        </testcase>
        <testcase classname="src/app/components/ui/resizable-text-box.spec.tsx" name="ResizableTextBox &gt; styling &gt; applies custom text styles" time="0.043022846">
        </testcase>
        <testcase classname="src/app/components/ui/resizable-text-box.spec.tsx" name="ResizableTextBox &gt; styling &gt; shows grabbing cursor when dragging" time="0.003267938">
        </testcase>
        <testcase classname="src/app/components/ui/resizable-text-box.spec.tsx" name="ResizableTextBox &gt; styling &gt; shows grab cursor when not dragging" time="0.005022069">
        </testcase>
        <testcase classname="src/app/components/ui/resizable-text-box.spec.tsx" name="ResizableTextBox &gt; styling &gt; applies custom className" time="0.00367425">
        </testcase>
        <testcase classname="src/app/components/ui/resizable-text-box.spec.tsx" name="ResizableTextBox &gt; styling &gt; renders title attribute" time="0.032277699">
        </testcase>
        <testcase classname="src/app/components/ui/resizable-text-box.spec.tsx" name="ResizableTextBox &gt; resize handles &gt; triggers resize when north handle is dragged" time="0.005936763">
        </testcase>
        <testcase classname="src/app/components/ui/resizable-text-box.spec.tsx" name="ResizableTextBox &gt; resize handles &gt; triggers resize when east handle is dragged" time="0.01105967">
        </testcase>
        <testcase classname="src/app/components/ui/resizable-text-box.spec.tsx" name="ResizableTextBox &gt; resize handles &gt; stops resize on mouse up" time="0.00794123">
        </testcase>
        <testcase classname="src/app/components/ui/resizable-text-box.spec.tsx" name="ResizableTextBox &gt; touch support &gt; handles touch resize on north handle" time="0.004654678">
        </testcase>
        <testcase classname="src/app/components/ui/resizable-text-box.spec.tsx" name="ResizableTextBox &gt; constraints &gt; respects minimum width constraint" time="0.02989906">
        </testcase>
        <testcase classname="src/app/components/ui/resizable-text-box.spec.tsx" name="ResizableTextBox &gt; constraints &gt; respects maximum height constraint" time="0.004187141">
        </testcase>
    </testsuite>
    <testsuite name="src/lib/validation/create-release-schema.spec.ts" timestamp="2026-02-06T06:11:34.637Z" hostname="runnervmkj6or" tests="54" failures="0" errors="0" skipped="0" time="0.0408992">
        <testcase classname="src/lib/validation/create-release-schema.spec.ts" name="create-release-schema &gt; title validation &gt; should accept valid titles" time="0.000421982">
        </testcase>
        <testcase classname="src/lib/validation/create-release-schema.spec.ts" name="create-release-schema &gt; title validation &gt; should reject empty title" time="0.000449182">
        </testcase>
        <testcase classname="src/lib/validation/create-release-schema.spec.ts" name="create-release-schema &gt; title validation &gt; should reject title exceeding 200 characters" time="0.000364446">
        </testcase>
        <testcase classname="src/lib/validation/create-release-schema.spec.ts" name="create-release-schema &gt; title validation &gt; should accept title at max length" time="0.000204829">
        </testcase>
        <testcase classname="src/lib/validation/create-release-schema.spec.ts" name="create-release-schema &gt; releasedOn validation &gt; should accept valid date strings" time="0.000426651">
        </testcase>
        <testcase classname="src/lib/validation/create-release-schema.spec.ts" name="create-release-schema &gt; releasedOn validation &gt; should reject empty date" time="0.000415821">
        </testcase>
        <testcase classname="src/lib/validation/create-release-schema.spec.ts" name="create-release-schema &gt; coverArt validation &gt; should accept valid URLs" time="0.00053957">
        </testcase>
        <testcase classname="src/lib/validation/create-release-schema.spec.ts" name="create-release-schema &gt; coverArt validation &gt; should reject empty coverArt" time="0.000512119">
        </testcase>
        <testcase classname="src/lib/validation/create-release-schema.spec.ts" name="create-release-schema &gt; coverArt validation &gt; should reject invalid URLs" time="0.000892314">
        </testcase>
        <testcase classname="src/lib/validation/create-release-schema.spec.ts" name="create-release-schema &gt; formats validation &gt; should accept valid format arrays" time="0.000961642">
        </testcase>
        <testcase classname="src/lib/validation/create-release-schema.spec.ts" name="create-release-schema &gt; formats validation &gt; should reject empty formats array" time="0.006966353">
        </testcase>
        <testcase classname="src/lib/validation/create-release-schema.spec.ts" name="create-release-schema &gt; formats validation &gt; should reject invalid format values" time="0.001101031">
        </testcase>
        <testcase classname="src/lib/validation/create-release-schema.spec.ts" name="create-release-schema &gt; formats validation &gt; should accept all valid format types" time="0.002176374">
        </testcase>
        <testcase classname="src/lib/validation/create-release-schema.spec.ts" name="create-release-schema &gt; optional fields validation &gt; should accept empty optional fields" time="0.000213656">
        </testcase>
        <testcase classname="src/lib/validation/create-release-schema.spec.ts" name="create-release-schema &gt; optional fields validation &gt; should accept labels as empty string" time="0.000198368">
        </testcase>
        <testcase classname="src/lib/validation/create-release-schema.spec.ts" name="create-release-schema &gt; optional fields validation &gt; should reject labels exceeding 500 characters" time="0.000478927">
        </testcase>
        <testcase classname="src/lib/validation/create-release-schema.spec.ts" name="create-release-schema &gt; optional fields validation &gt; should reject catalogNumber exceeding 100 characters" time="0.0004533">
        </testcase>
        <testcase classname="src/lib/validation/create-release-schema.spec.ts" name="create-release-schema &gt; optional fields validation &gt; should reject description exceeding 5000 characters" time="0.000424336">
        </testcase>
        <testcase classname="src/lib/validation/create-release-schema.spec.ts" name="create-release-schema &gt; optional fields validation &gt; should reject notes exceeding 2000 characters" time="0.000416653">
        </testcase>
        <testcase classname="src/lib/validation/create-release-schema.spec.ts" name="create-release-schema &gt; credits fields validation &gt; should accept empty executiveProducedBy" time="0.000163122">
        </testcase>
        <testcase classname="src/lib/validation/create-release-schema.spec.ts" name="create-release-schema &gt; credits fields validation &gt; should reject executiveProducedBy exceeding 500 characters" time="0.000375857">
        </testcase>
        <testcase classname="src/lib/validation/create-release-schema.spec.ts" name="create-release-schema &gt; credits fields validation &gt; should accept empty coProducedBy" time="0.000201774">
        </testcase>
        <testcase classname="src/lib/validation/create-release-schema.spec.ts" name="create-release-schema &gt; credits fields validation &gt; should reject coProducedBy exceeding 500 characters" time="0.000854253">
        </testcase>
        <testcase classname="src/lib/validation/create-release-schema.spec.ts" name="create-release-schema &gt; credits fields validation &gt; should accept empty masteredBy" time="0.000153985">
        </testcase>
        <testcase classname="src/lib/validation/create-release-schema.spec.ts" name="create-release-schema &gt; credits fields validation &gt; should reject masteredBy exceeding 500 characters" time="0.000436298">
        </testcase>
        <testcase classname="src/lib/validation/create-release-schema.spec.ts" name="create-release-schema &gt; credits fields validation &gt; should accept empty mixedBy" time="0.000310625">
        </testcase>
        <testcase classname="src/lib/validation/create-release-schema.spec.ts" name="create-release-schema &gt; credits fields validation &gt; should reject mixedBy exceeding 500 characters" time="0.000464882">
        </testcase>
        <testcase classname="src/lib/validation/create-release-schema.spec.ts" name="create-release-schema &gt; credits fields validation &gt; should accept empty recordedBy" time="0.000197476">
        </testcase>
        <testcase classname="src/lib/validation/create-release-schema.spec.ts" name="create-release-schema &gt; credits fields validation &gt; should reject recordedBy exceeding 500 characters" time="0.000375416">
        </testcase>
        <testcase classname="src/lib/validation/create-release-schema.spec.ts" name="create-release-schema &gt; credits fields validation &gt; should accept empty artBy" time="0.000337817">
        </testcase>
        <testcase classname="src/lib/validation/create-release-schema.spec.ts" name="create-release-schema &gt; credits fields validation &gt; should reject artBy exceeding 500 characters" time="0.00038311">
        </testcase>
        <testcase classname="src/lib/validation/create-release-schema.spec.ts" name="create-release-schema &gt; credits fields validation &gt; should accept empty designBy" time="0.003196525">
        </testcase>
        <testcase classname="src/lib/validation/create-release-schema.spec.ts" name="create-release-schema &gt; credits fields validation &gt; should reject designBy exceeding 500 characters" time="0.000355469">
        </testcase>
        <testcase classname="src/lib/validation/create-release-schema.spec.ts" name="create-release-schema &gt; credits fields validation &gt; should accept empty photographyBy" time="0.000179302">
        </testcase>
        <testcase classname="src/lib/validation/create-release-schema.spec.ts" name="create-release-schema &gt; credits fields validation &gt; should reject photographyBy exceeding 500 characters" time="0.000367041">
        </testcase>
        <testcase classname="src/lib/validation/create-release-schema.spec.ts" name="create-release-schema &gt; credits fields validation &gt; should accept empty linerNotesBy" time="0.000258169">
        </testcase>
        <testcase classname="src/lib/validation/create-release-schema.spec.ts" name="create-release-schema &gt; credits fields validation &gt; should reject linerNotesBy exceeding 500 characters" time="0.000421801">
        </testcase>
        <testcase classname="src/lib/validation/create-release-schema.spec.ts" name="create-release-schema &gt; featured fields validation &gt; should accept empty featured fields" time="0.000276653">
        </testcase>
        <testcase classname="src/lib/validation/create-release-schema.spec.ts" name="create-release-schema &gt; featured fields validation &gt; should accept valid featured dates" time="0.000417564">
        </testcase>
        <testcase classname="src/lib/validation/create-release-schema.spec.ts" name="create-release-schema &gt; featured fields validation &gt; should reject featuredDescription exceeding 500 characters" time="0.000542946">
        </testcase>
        <testcase classname="src/lib/validation/create-release-schema.spec.ts" name="create-release-schema &gt; createdBy validation &gt; should accept valid MongoDB ObjectId" time="0.000204449">
        </testcase>
        <testcase classname="src/lib/validation/create-release-schema.spec.ts" name="create-release-schema &gt; createdBy validation &gt; should accept undefined createdBy" time="0.000267416">
        </testcase>
        <testcase classname="src/lib/validation/create-release-schema.spec.ts" name="create-release-schema &gt; createdBy validation &gt; should reject invalid MongoDB ObjectId format" time="0.001237815">
        </testcase>
        <testcase classname="src/lib/validation/create-release-schema.spec.ts" name="create-release-schema &gt; publishedAt validation &gt; should accept valid ISO date string" time="0.000235326">
        </testcase>
        <testcase classname="src/lib/validation/create-release-schema.spec.ts" name="create-release-schema &gt; publishedAt validation &gt; should accept empty publishedAt" time="0.000254612">
        </testcase>
        <testcase classname="src/lib/validation/create-release-schema.spec.ts" name="create-release-schema &gt; publishedAt validation &gt; should accept undefined publishedAt" time="0.00019991">
        </testcase>
        <testcase classname="src/lib/validation/create-release-schema.spec.ts" name="create-release-schema &gt; full form validation &gt; should accept complete valid data" time="0.000988092">
        </testcase>
        <testcase classname="src/lib/validation/create-release-schema.spec.ts" name="create-release-schema &gt; full form validation &gt; should accept minimal required data" time="0.000284507">
        </testcase>
        <testcase classname="src/lib/validation/create-release-schema.spec.ts" name="create-release-schema &gt; full form validation &gt; should reject data missing required fields" time="0.000520044">
        </testcase>
        <testcase classname="src/lib/validation/create-release-schema.spec.ts" name="create-release-schema &gt; artist and group validation &gt; should accept data with at least one artist" time="0.000218515">
        </testcase>
        <testcase classname="src/lib/validation/create-release-schema.spec.ts" name="create-release-schema &gt; artist and group validation &gt; should accept data with at least one group" time="0.000218144">
        </testcase>
        <testcase classname="src/lib/validation/create-release-schema.spec.ts" name="create-release-schema &gt; artist and group validation &gt; should accept data with both artists and groups" time="0.000323069">
        </testcase>
        <testcase classname="src/lib/validation/create-release-schema.spec.ts" name="create-release-schema &gt; artist and group validation &gt; should reject data with no artists and no groups" time="0.000342465">
        </testcase>
        <testcase classname="src/lib/validation/create-release-schema.spec.ts" name="create-release-schema &gt; artist and group validation &gt; should reject data with undefined artists and groups" time="0.000459973">
        </testcase>
    </testsuite>
    <testsuite name="src/app/components/ui/vertical-separator.spec.tsx" timestamp="2026-02-06T06:11:34.646Z" hostname="runnervmkj6or" tests="5" failures="0" errors="0" skipped="0" time="0.043859938">
        <testcase classname="src/app/components/ui/vertical-separator.spec.tsx" name="VerticalSeparator &gt; renders" time="0.003131475">
        </testcase>
        <testcase classname="src/app/components/ui/vertical-separator.spec.tsx" name="VerticalSeparator &gt; has vertical orientation" time="0.003006362">
        </testcase>
        <testcase classname="src/app/components/ui/vertical-separator.spec.tsx" name="VerticalSeparator &gt; has default height class" time="0.003309344">
        </testcase>
        <testcase classname="src/app/components/ui/vertical-separator.spec.tsx" name="VerticalSeparator &gt; applies custom className" time="0.003028514">
        </testcase>
        <testcase classname="src/app/components/ui/vertical-separator.spec.tsx" name="VerticalSeparator &gt; has margin class" time="0.029160652">
        </testcase>
    </testsuite>
    <testsuite name="src/app/admin/data-views/featured-artist-data-view.spec.tsx" timestamp="2026-02-06T06:11:34.647Z" hostname="runnervmkj6or" tests="4" failures="0" errors="0" skipped="0" time="0.126027842">
        <testcase classname="src/app/admin/data-views/featured-artist-data-view.spec.tsx" name="FeaturedArtistDataView &gt; should render loading state when pending" time="0.002817623">
        </testcase>
        <testcase classname="src/app/admin/data-views/featured-artist-data-view.spec.tsx" name="FeaturedArtistDataView &gt; should render error state when error occurs" time="0.024785202">
        </testcase>
        <testcase classname="src/app/admin/data-views/featured-artist-data-view.spec.tsx" name="FeaturedArtistDataView &gt; should render featured artists data when loaded" time="0.071946648">
        </testcase>
        <testcase classname="src/app/admin/data-views/featured-artist-data-view.spec.tsx" name="FeaturedArtistDataView &gt; should display correct fields for featured artist" time="0.024422058">
        </testcase>
    </testsuite>
    <testsuite name="src/app/components/ui/alert.spec.tsx" timestamp="2026-02-06T06:11:34.648Z" hostname="runnervmkj6or" tests="15" failures="0" errors="0" skipped="0" time="0.11928241">
        <testcase classname="src/app/components/ui/alert.spec.tsx" name="Alert &gt; Alert root &gt; renders" time="0.004282818">
        </testcase>
        <testcase classname="src/app/components/ui/alert.spec.tsx" name="Alert &gt; Alert root &gt; has data-slot attribute" time="0.001357997">
        </testcase>
        <testcase classname="src/app/components/ui/alert.spec.tsx" name="Alert &gt; Alert root &gt; has role=&quot;alert&quot;" time="0.0396476">
        </testcase>
        <testcase classname="src/app/components/ui/alert.spec.tsx" name="Alert &gt; Alert root &gt; applies custom className" time="0.004368768">
        </testcase>
        <testcase classname="src/app/components/ui/alert.spec.tsx" name="Alert &gt; Alert root &gt; renders children" time="0.002038899">
        </testcase>
        <testcase classname="src/app/components/ui/alert.spec.tsx" name="Alert &gt; Alert root &gt; variants &gt; renders default variant" time="0.001741097">
        </testcase>
        <testcase classname="src/app/components/ui/alert.spec.tsx" name="Alert &gt; Alert root &gt; variants &gt; renders destructive variant" time="0.001728513">
        </testcase>
        <testcase classname="src/app/components/ui/alert.spec.tsx" name="Alert &gt; AlertTitle &gt; renders" time="0.006156882">
        </testcase>
        <testcase classname="src/app/components/ui/alert.spec.tsx" name="Alert &gt; AlertTitle &gt; has data-slot attribute" time="0.030832661">
        </testcase>
        <testcase classname="src/app/components/ui/alert.spec.tsx" name="Alert &gt; AlertTitle &gt; applies custom className" time="0.003643975">
        </testcase>
        <testcase classname="src/app/components/ui/alert.spec.tsx" name="Alert &gt; AlertDescription &gt; renders" time="0.003564797">
        </testcase>
        <testcase classname="src/app/components/ui/alert.spec.tsx" name="Alert &gt; AlertDescription &gt; has data-slot attribute" time="0.003048631">
        </testcase>
        <testcase classname="src/app/components/ui/alert.spec.tsx" name="Alert &gt; AlertDescription &gt; applies custom className" time="0.002271761">
        </testcase>
        <testcase classname="src/app/components/ui/alert.spec.tsx" name="Alert &gt; integration &gt; renders complete alert with icon, title, and description" time="0.008248378">
        </testcase>
        <testcase classname="src/app/components/ui/alert.spec.tsx" name="Alert &gt; integration &gt; renders destructive alert" time="0.003518311">
        </testcase>
    </testsuite>
    <testsuite name="src/lib/utils/split-full-name.spec.ts" timestamp="2026-02-06T06:11:34.651Z" hostname="runnervmkj6or" tests="15" failures="0" errors="0" skipped="0" time="0.007491686">
        <testcase classname="src/lib/utils/split-full-name.spec.ts" name="splitFullName &gt; basic splitting &gt; should split a simple first and last name" time="0.000297331">
        </testcase>
        <testcase classname="src/lib/utils/split-full-name.spec.ts" name="splitFullName &gt; basic splitting &gt; should handle three-part names" time="0.000293323">
        </testcase>
        <testcase classname="src/lib/utils/split-full-name.spec.ts" name="splitFullName &gt; basic splitting &gt; should handle four-part names" time="0.000201283">
        </testcase>
        <testcase classname="src/lib/utils/split-full-name.spec.ts" name="splitFullName &gt; single name &gt; should handle a single name (first name only)" time="0.000172319">
        </testcase>
        <testcase classname="src/lib/utils/split-full-name.spec.ts" name="splitFullName &gt; single name &gt; should handle a single name with spaces before/after" time="0.000151391">
        </testcase>
        <testcase classname="src/lib/utils/split-full-name.spec.ts" name="splitFullName &gt; edge cases &gt; should return empty strings for empty input" time="0.000276122">
        </testcase>
        <testcase classname="src/lib/utils/split-full-name.spec.ts" name="splitFullName &gt; edge cases &gt; should return empty strings for whitespace-only input" time="0.000195633">
        </testcase>
        <testcase classname="src/lib/utils/split-full-name.spec.ts" name="splitFullName &gt; edge cases &gt; should handle multiple spaces between names" time="0.000341634">
        </testcase>
        <testcase classname="src/lib/utils/split-full-name.spec.ts" name="splitFullName &gt; edge cases &gt; should trim leading and trailing whitespace" time="0.000342975">
        </testcase>
        <testcase classname="src/lib/utils/split-full-name.spec.ts" name="splitFullName &gt; edge cases &gt; should handle tabs as whitespace" time="0.000172059">
        </testcase>
        <testcase classname="src/lib/utils/split-full-name.spec.ts" name="splitFullName &gt; edge cases &gt; should handle newlines as whitespace" time="0.000260903">
        </testcase>
        <testcase classname="src/lib/utils/split-full-name.spec.ts" name="splitFullName &gt; hyphenated names &gt; should keep hyphenated last names together" time="0.000154045">
        </testcase>
        <testcase classname="src/lib/utils/split-full-name.spec.ts" name="splitFullName &gt; hyphenated names &gt; should keep hyphenated first names together" time="0.000136042">
        </testcase>
        <testcase classname="src/lib/utils/split-full-name.spec.ts" name="splitFullName &gt; names with special characters &gt; should handle names with apostrophes" time="0.00171053">
        </testcase>
        <testcase classname="src/lib/utils/split-full-name.spec.ts" name="splitFullName &gt; names with special characters &gt; should handle names with accented characters" time="0.000282573">
        </testcase>
    </testsuite>
    <testsuite name="src/app/components/ui/toggle.spec.tsx" timestamp="2026-02-06T06:11:34.654Z" hostname="runnervmkj6or" tests="16" failures="0" errors="0" skipped="0" time="0.180207649">
        <testcase classname="src/app/components/ui/toggle.spec.tsx" name="Toggle &gt; renders" time="0.004898721">
        </testcase>
        <testcase classname="src/app/components/ui/toggle.spec.tsx" name="Toggle &gt; has data-slot attribute" time="0.002066571">
        </testcase>
        <testcase classname="src/app/components/ui/toggle.spec.tsx" name="Toggle &gt; applies custom className" time="0.002235413">
        </testcase>
        <testcase classname="src/app/components/ui/toggle.spec.tsx" name="Toggle &gt; can be pressed" time="0.015843077">
        </testcase>
        <testcase classname="src/app/components/ui/toggle.spec.tsx" name="Toggle &gt; can be unpressed" time="0.020157201">
        </testcase>
        <testcase classname="src/app/components/ui/toggle.spec.tsx" name="Toggle &gt; supports controlled state" time="0.014159065">
        </testcase>
        <testcase classname="src/app/components/ui/toggle.spec.tsx" name="Toggle &gt; can be disabled" time="0.004561014">
        </testcase>
        <testcase classname="src/app/components/ui/toggle.spec.tsx" name="Toggle &gt; variants &gt; renders default variant" time="0.002808206">
        </testcase>
        <testcase classname="src/app/components/ui/toggle.spec.tsx" name="Toggle &gt; variants &gt; renders outline variant" time="0.003355229">
        </testcase>
        <testcase classname="src/app/components/ui/toggle.spec.tsx" name="Toggle &gt; sizes &gt; renders default size" time="0.004041431">
        </testcase>
        <testcase classname="src/app/components/ui/toggle.spec.tsx" name="Toggle &gt; sizes &gt; renders small size" time="0.031981661">
        </testcase>
        <testcase classname="src/app/components/ui/toggle.spec.tsx" name="Toggle &gt; sizes &gt; renders large size" time="0.003168413">
        </testcase>
        <testcase classname="src/app/components/ui/toggle.spec.tsx" name="Toggle &gt; toggles via keyboard" time="0.067527237">
        </testcase>
        <testcase classname="src/app/components/ui/toggle.spec.tsx" name="Toggle &gt; toggleVariants &gt; returns default variant classes" time="0.000175125">
        </testcase>
        <testcase classname="src/app/components/ui/toggle.spec.tsx" name="Toggle &gt; toggleVariants &gt; returns outline variant classes" time="0.000485971">
        </testcase>
        <testcase classname="src/app/components/ui/toggle.spec.tsx" name="Toggle &gt; toggleVariants &gt; returns size classes" time="0.000166829">
        </testcase>
    </testsuite>
    <testsuite name="src/lib/utils/rate-limit.spec.ts" timestamp="2026-02-06T06:11:34.656Z" hostname="runnervmkj6or" tests="16" failures="0" errors="0" skipped="0" time="0.017936199">
        <testcase classname="src/lib/utils/rate-limit.spec.ts" name="rateLimit &gt; should allow requests within limit" time="0.000278116">
        </testcase>
        <testcase classname="src/lib/utils/rate-limit.spec.ts" name="rateLimit &gt; should reject requests exceeding limit" time="0.000258468">
        </testcase>
        <testcase classname="src/lib/utils/rate-limit.spec.ts" name="rateLimit &gt; should track different tokens independently" time="0.000416232">
        </testcase>
        <testcase classname="src/lib/utils/rate-limit.spec.ts" name="rateLimit &gt; should handle zero limit" time="0.000418816">
        </testcase>
        <testcase classname="src/lib/utils/rate-limit.spec.ts" name="rateLimit &gt; should handle high limit" time="0.002919061">
        </testcase>
        <testcase classname="src/lib/utils/rate-limit.spec.ts" name="rateLimit &gt; should handle concurrent requests from same token" time="0.000396485">
        </testcase>
        <testcase classname="src/lib/utils/rate-limit.spec.ts" name="rateLimit &gt; should use configured interval and token limit" time="0.000512811">
        </testcase>
        <testcase classname="src/lib/utils/rate-limit.spec.ts" name="rateLimit &gt; real-world scenarios &gt; should handle API rate limiting scenario" time="0.000783131">
        </testcase>
        <testcase classname="src/lib/utils/rate-limit.spec.ts" name="rateLimit &gt; real-world scenarios &gt; should handle login attempt rate limiting" time="0.003947928">
        </testcase>
        <testcase classname="src/lib/utils/rate-limit.spec.ts" name="rateLimit &gt; real-world scenarios &gt; should handle multiple users accessing API" time="0.0023738">
        </testcase>
        <testcase classname="src/lib/utils/rate-limit.spec.ts" name="rateLimit &gt; real-world scenarios &gt; should handle burst traffic" time="0.000501921">
        </testcase>
        <testcase classname="src/lib/utils/rate-limit.spec.ts" name="rateLimit &gt; edge cases &gt; should handle empty token string" time="0.000433303">
        </testcase>
        <testcase classname="src/lib/utils/rate-limit.spec.ts" name="rateLimit &gt; edge cases &gt; should handle very long token strings" time="0.000429787">
        </testcase>
        <testcase classname="src/lib/utils/rate-limit.spec.ts" name="rateLimit &gt; edge cases &gt; should handle special characters in tokens" time="0.000589272">
        </testcase>
        <testcase classname="src/lib/utils/rate-limit.spec.ts" name="rateLimit &gt; edge cases &gt; should handle limit of 1" time="0.000509615">
        </testcase>
        <testcase classname="src/lib/utils/rate-limit.spec.ts" name="rateLimit &gt; edge cases &gt; should maintain separate counters for different limiters" time="0.000730233">
        </testcase>
    </testsuite>
    <testsuite name="src/app/admin/data-views/track-data-view.spec.tsx" timestamp="2026-02-06T06:11:34.660Z" hostname="runnervmkj6or" tests="6" failures="0" errors="0" skipped="0" time="0.228587771">
        <testcase classname="src/app/admin/data-views/track-data-view.spec.tsx" name="TrackDataView &gt; should render loading state when pending" time="0.002769614">
        </testcase>
        <testcase classname="src/app/admin/data-views/track-data-view.spec.tsx" name="TrackDataView &gt; should render error state when error occurs" time="0.002716806">
        </testcase>
        <testcase classname="src/app/admin/data-views/track-data-view.spec.tsx" name="TrackDataView &gt; should render tracks when data is available" time="0.104466849">
        </testcase>
        <testcase classname="src/app/admin/data-views/track-data-view.spec.tsx" name="TrackDataView &gt; should render create track button" time="0.078277903">
        </testcase>
        <testcase classname="src/app/admin/data-views/track-data-view.spec.tsx" name="TrackDataView &gt; should render search input" time="0.023104398">
        </testcase>
        <testcase classname="src/app/admin/data-views/track-data-view.spec.tsx" name="TrackDataView &gt; should render no data message when tracks array is empty" time="0.015002399">
        </testcase>
    </testsuite>
    <testsuite name="src/app/components/ui/breadcrumb.spec.tsx" timestamp="2026-02-06T06:11:34.661Z" hostname="runnervmkj6or" tests="37" failures="0" errors="0" skipped="0" time="0.180290352">
        <testcase classname="src/app/components/ui/breadcrumb.spec.tsx" name="Breadcrumb Components &gt; Breadcrumb &gt; renders with aria-label" time="0.001020982">
        </testcase>
        <testcase classname="src/app/components/ui/breadcrumb.spec.tsx" name="Breadcrumb Components &gt; Breadcrumb &gt; renders with data-slot attribute" time="0.00125725">
        </testcase>
        <testcase classname="src/app/components/ui/breadcrumb.spec.tsx" name="Breadcrumb Components &gt; Breadcrumb &gt; forwards additional props" time="0.001194975">
        </testcase>
        <testcase classname="src/app/components/ui/breadcrumb.spec.tsx" name="Breadcrumb Components &gt; BreadcrumbList &gt; renders as an ordered list" time="0.000905207">
        </testcase>
        <testcase classname="src/app/components/ui/breadcrumb.spec.tsx" name="Breadcrumb Components &gt; BreadcrumbList &gt; renders with data-slot attribute" time="0.001311121">
        </testcase>
        <testcase classname="src/app/components/ui/breadcrumb.spec.tsx" name="Breadcrumb Components &gt; BreadcrumbList &gt; applies custom className" time="0.001056839">
        </testcase>
        <testcase classname="src/app/components/ui/breadcrumb.spec.tsx" name="Breadcrumb Components &gt; BreadcrumbList &gt; renders children" time="0.001156293">
        </testcase>
        <testcase classname="src/app/components/ui/breadcrumb.spec.tsx" name="Breadcrumb Components &gt; BreadcrumbItem &gt; renders as a list item" time="0.001105489">
        </testcase>
        <testcase classname="src/app/components/ui/breadcrumb.spec.tsx" name="Breadcrumb Components &gt; BreadcrumbItem &gt; renders with data-slot attribute" time="0.001945416">
        </testcase>
        <testcase classname="src/app/components/ui/breadcrumb.spec.tsx" name="Breadcrumb Components &gt; BreadcrumbItem &gt; applies custom className" time="0.00151068">
        </testcase>
        <testcase classname="src/app/components/ui/breadcrumb.spec.tsx" name="Breadcrumb Components &gt; BreadcrumbItem &gt; renders children" time="0.001132038">
        </testcase>
        <testcase classname="src/app/components/ui/breadcrumb.spec.tsx" name="Breadcrumb Components &gt; BreadcrumbLink &gt; renders as an anchor by default" time="0.001633328">
        </testcase>
        <testcase classname="src/app/components/ui/breadcrumb.spec.tsx" name="Breadcrumb Components &gt; BreadcrumbLink &gt; renders with data-slot attribute" time="0.001286655">
        </testcase>
        <testcase classname="src/app/components/ui/breadcrumb.spec.tsx" name="Breadcrumb Components &gt; BreadcrumbLink &gt; applies custom className" time="0.001439057">
        </testcase>
        <testcase classname="src/app/components/ui/breadcrumb.spec.tsx" name="Breadcrumb Components &gt; BreadcrumbLink &gt; renders as Slot when asChild is true" time="0.002682073">
        </testcase>
        <testcase classname="src/app/components/ui/breadcrumb.spec.tsx" name="Breadcrumb Components &gt; BreadcrumbPage &gt; renders as a span" time="0.002112616">
        </testcase>
        <testcase classname="src/app/components/ui/breadcrumb.spec.tsx" name="Breadcrumb Components &gt; BreadcrumbPage &gt; renders with data-slot attribute" time="0.001352928">
        </testcase>
        <testcase classname="src/app/components/ui/breadcrumb.spec.tsx" name="Breadcrumb Components &gt; BreadcrumbPage &gt; has aria-current=&quot;page&quot;" time="0.002521274">
        </testcase>
        <testcase classname="src/app/components/ui/breadcrumb.spec.tsx" name="Breadcrumb Components &gt; BreadcrumbPage &gt; has aria-disabled=&quot;true&quot;" time="0.002952022">
        </testcase>
        <testcase classname="src/app/components/ui/breadcrumb.spec.tsx" name="Breadcrumb Components &gt; BreadcrumbPage &gt; has role=&quot;link&quot;" time="0.00333918">
        </testcase>
        <testcase classname="src/app/components/ui/breadcrumb.spec.tsx" name="Breadcrumb Components &gt; BreadcrumbPage &gt; applies custom className" time="0.002731444">
        </testcase>
        <testcase classname="src/app/components/ui/breadcrumb.spec.tsx" name="Breadcrumb Components &gt; BreadcrumbSeparator &gt; renders as a list item" time="0.001619292">
        </testcase>
        <testcase classname="src/app/components/ui/breadcrumb.spec.tsx" name="Breadcrumb Components &gt; BreadcrumbSeparator &gt; renders with data-slot attribute" time="0.001481517">
        </testcase>
        <testcase classname="src/app/components/ui/breadcrumb.spec.tsx" name="Breadcrumb Components &gt; BreadcrumbSeparator &gt; has role=&quot;presentation&quot;" time="0.001806859">
        </testcase>
        <testcase classname="src/app/components/ui/breadcrumb.spec.tsx" name="Breadcrumb Components &gt; BreadcrumbSeparator &gt; has aria-hidden=&quot;true&quot;" time="0.002064696">
        </testcase>
        <testcase classname="src/app/components/ui/breadcrumb.spec.tsx" name="Breadcrumb Components &gt; BreadcrumbSeparator &gt; renders ChevronRight icon by default" time="0.002090495">
        </testcase>
        <testcase classname="src/app/components/ui/breadcrumb.spec.tsx" name="Breadcrumb Components &gt; BreadcrumbSeparator &gt; renders custom children when provided" time="0.001344683">
        </testcase>
        <testcase classname="src/app/components/ui/breadcrumb.spec.tsx" name="Breadcrumb Components &gt; BreadcrumbSeparator &gt; applies custom className" time="0.001488729">
        </testcase>
        <testcase classname="src/app/components/ui/breadcrumb.spec.tsx" name="Breadcrumb Components &gt; BreadcrumbEllipsis &gt; renders as a span" time="0.002210978">
        </testcase>
        <testcase classname="src/app/components/ui/breadcrumb.spec.tsx" name="Breadcrumb Components &gt; BreadcrumbEllipsis &gt; renders with data-slot attribute" time="0.002001902">
        </testcase>
        <testcase classname="src/app/components/ui/breadcrumb.spec.tsx" name="Breadcrumb Components &gt; BreadcrumbEllipsis &gt; has role=&quot;presentation&quot;" time="0.002070028">
        </testcase>
        <testcase classname="src/app/components/ui/breadcrumb.spec.tsx" name="Breadcrumb Components &gt; BreadcrumbEllipsis &gt; has aria-hidden=&quot;true&quot;" time="0.001976915">
        </testcase>
        <testcase classname="src/app/components/ui/breadcrumb.spec.tsx" name="Breadcrumb Components &gt; BreadcrumbEllipsis &gt; renders MoreHorizontal icon" time="0.002015776">
        </testcase>
        <testcase classname="src/app/components/ui/breadcrumb.spec.tsx" name="Breadcrumb Components &gt; BreadcrumbEllipsis &gt; has screen reader text" time="0.009468141">
        </testcase>
        <testcase classname="src/app/components/ui/breadcrumb.spec.tsx" name="Breadcrumb Components &gt; BreadcrumbEllipsis &gt; applies custom className" time="0.001788876">
        </testcase>
        <testcase classname="src/app/components/ui/breadcrumb.spec.tsx" name="Breadcrumb Components &gt; integration &gt; renders a complete breadcrumb structure" time="0.098509937">
        </testcase>
        <testcase classname="src/app/components/ui/breadcrumb.spec.tsx" name="Breadcrumb Components &gt; integration &gt; renders breadcrumb with ellipsis for truncated paths" time="0.009487877">
        </testcase>
    </testsuite>
    <testsuite name="src/app/components/ui/checkbox.spec.tsx" timestamp="2026-02-06T06:11:34.668Z" hostname="runnervmkj6or" tests="38" failures="0" errors="0" skipped="0" time="0.455865572">
        <testcase classname="src/app/components/ui/checkbox.spec.tsx" name="Checkbox &gt; rendering &gt; should render a checkbox" time="0.003787692">
        </testcase>
        <testcase classname="src/app/components/ui/checkbox.spec.tsx" name="Checkbox &gt; rendering &gt; should render with correct initial state" time="0.003645407">
        </testcase>
        <testcase classname="src/app/components/ui/checkbox.spec.tsx" name="Checkbox &gt; rendering &gt; should render as checked when defaultChecked is true" time="0.005553154">
        </testcase>
        <testcase classname="src/app/components/ui/checkbox.spec.tsx" name="Checkbox &gt; rendering &gt; should render as checked when checked is true" time="0.005441927">
        </testcase>
        <testcase classname="src/app/components/ui/checkbox.spec.tsx" name="Checkbox &gt; rendering &gt; should render the check icon indicator" time="0.00600968">
        </testcase>
        <testcase classname="src/app/components/ui/checkbox.spec.tsx" name="Checkbox &gt; styling &gt; should apply default CSS classes" time="0.002424244">
        </testcase>
        <testcase classname="src/app/components/ui/checkbox.spec.tsx" name="Checkbox &gt; styling &gt; should apply custom className along with default classes" time="0.002759535">
        </testcase>
        <testcase classname="src/app/components/ui/checkbox.spec.tsx" name="Checkbox &gt; styling &gt; should have checked state styles in classes" time="0.004294361">
        </testcase>
        <testcase classname="src/app/components/ui/checkbox.spec.tsx" name="Checkbox &gt; styling &gt; should have focus styles in classes" time="0.002257104">
        </testcase>
        <testcase classname="src/app/components/ui/checkbox.spec.tsx" name="Checkbox &gt; styling &gt; should have disabled styles in classes" time="0.002513008">
        </testcase>
        <testcase classname="src/app/components/ui/checkbox.spec.tsx" name="Checkbox &gt; styling &gt; should have invalid styles in classes" time="0.002768572">
        </testcase>
        <testcase classname="src/app/components/ui/checkbox.spec.tsx" name="Checkbox &gt; states &gt; should be enabled by default" time="0.004859438">
        </testcase>
        <testcase classname="src/app/components/ui/checkbox.spec.tsx" name="Checkbox &gt; states &gt; should be disabled when disabled prop is true" time="0.004837086">
        </testcase>
        <testcase classname="src/app/components/ui/checkbox.spec.tsx" name="Checkbox &gt; states &gt; should be required when required prop is true" time="0.005624656">
        </testcase>
        <testcase classname="src/app/components/ui/checkbox.spec.tsx" name="Checkbox &gt; states &gt; should show as invalid when aria-invalid is true" time="0.00553504">
        </testcase>
        <testcase classname="src/app/components/ui/checkbox.spec.tsx" name="Checkbox &gt; states &gt; should support indeterminate state" time="0.007403734">
        </testcase>
        <testcase classname="src/app/components/ui/checkbox.spec.tsx" name="Checkbox &gt; interactions &gt; should toggle when clicked" time="0.041459674">
        </testcase>
        <testcase classname="src/app/components/ui/checkbox.spec.tsx" name="Checkbox &gt; interactions &gt; should call onCheckedChange handler" time="0.013311625">
        </testcase>
        <testcase classname="src/app/components/ui/checkbox.spec.tsx" name="Checkbox &gt; interactions &gt; should call onCheckedChange with false when unchecking" time="0.016877625">
        </testcase>
        <testcase classname="src/app/components/ui/checkbox.spec.tsx" name="Checkbox &gt; interactions &gt; should work as controlled component" time="0.025821004">
        </testcase>
        <testcase classname="src/app/components/ui/checkbox.spec.tsx" name="Checkbox &gt; interactions &gt; should not toggle when disabled" time="0.011417494">
        </testcase>
        <testcase classname="src/app/components/ui/checkbox.spec.tsx" name="Checkbox &gt; interactions &gt; should handle keyboard interactions" time="0.024557663">
        </testcase>
        <testcase classname="src/app/components/ui/checkbox.spec.tsx" name="Checkbox &gt; accessibility &gt; should be focusable" time="0.005826861">
        </testcase>
        <testcase classname="src/app/components/ui/checkbox.spec.tsx" name="Checkbox &gt; accessibility &gt; should not be focusable when disabled" time="0.005113469">
        </testcase>
        <testcase classname="src/app/components/ui/checkbox.spec.tsx" name="Checkbox &gt; accessibility &gt; should support aria-label" time="0.007186401">
        </testcase>
        <testcase classname="src/app/components/ui/checkbox.spec.tsx" name="Checkbox &gt; accessibility &gt; should support aria-labelledby" time="0.010472633">
        </testcase>
        <testcase classname="src/app/components/ui/checkbox.spec.tsx" name="Checkbox &gt; accessibility &gt; should support aria-describedby" time="0.007771736">
        </testcase>
        <testcase classname="src/app/components/ui/checkbox.spec.tsx" name="Checkbox &gt; accessibility &gt; should have correct checked state for screen readers" time="0.007623752">
        </testcase>
        <testcase classname="src/app/components/ui/checkbox.spec.tsx" name="Checkbox &gt; form integration &gt; should support name attribute for form submission" time="0.004672351">
        </testcase>
        <testcase classname="src/app/components/ui/checkbox.spec.tsx" name="Checkbox &gt; form integration &gt; should support value attribute" time="0.004020373">
        </testcase>
        <testcase classname="src/app/components/ui/checkbox.spec.tsx" name="Checkbox &gt; form integration &gt; should work with form labels" time="0.019753447">
        </testcase>
        <testcase classname="src/app/components/ui/checkbox.spec.tsx" name="Checkbox &gt; form integration &gt; should support form validation" time="0.004271879">
        </testcase>
        <testcase classname="src/app/components/ui/checkbox.spec.tsx" name="Checkbox &gt; indicator behavior &gt; should show indicator when checked" time="0.003812377">
        </testcase>
        <testcase classname="src/app/components/ui/checkbox.spec.tsx" name="Checkbox &gt; indicator behavior &gt; should have proper indicator styling" time="0.003372502">
        </testcase>
        <testcase classname="src/app/components/ui/checkbox.spec.tsx" name="Checkbox &gt; indicator behavior &gt; should contain check icon in indicator" time="0.003851288">
        </testcase>
        <testcase classname="src/app/components/ui/checkbox.spec.tsx" name="Checkbox &gt; edge cases &gt; should handle rapid clicks" time="0.109261226">
        </testcase>
        <testcase classname="src/app/components/ui/checkbox.spec.tsx" name="Checkbox &gt; edge cases &gt; should handle ref forwarding" time="0.041543168">
        </testcase>
        <testcase classname="src/app/components/ui/checkbox.spec.tsx" name="Checkbox &gt; edge cases &gt; should maintain state after re-render" time="0.010594269">
        </testcase>
    </testsuite>
    <testsuite name="src/lib/actions/find-or-create-artist-action.spec.ts" timestamp="2026-02-06T06:11:34.675Z" hostname="runnervmkj6or" tests="23" failures="0" errors="0" skipped="0" time="0.024664901">
        <testcase classname="src/lib/actions/find-or-create-artist-action.spec.ts" name="findOrCreateArtistAction &gt; validation &gt; should reject empty artist name" time="0.000177038">
        </testcase>
        <testcase classname="src/lib/actions/find-or-create-artist-action.spec.ts" name="findOrCreateArtistAction &gt; validation &gt; should reject whitespace-only artist name" time="0.000189732">
        </testcase>
        <testcase classname="src/lib/actions/find-or-create-artist-action.spec.ts" name="findOrCreateArtistAction &gt; validation &gt; should require admin role" time="0.001420544">
        </testcase>
        <testcase classname="src/lib/actions/find-or-create-artist-action.spec.ts" name="findOrCreateArtistAction &gt; authentication &gt; should reject if session is missing" time="0.000202345">
        </testcase>
        <testcase classname="src/lib/actions/find-or-create-artist-action.spec.ts" name="findOrCreateArtistAction &gt; authentication &gt; should reject if user is not admin" time="0.000208978">
        </testcase>
        <testcase classname="src/lib/actions/find-or-create-artist-action.spec.ts" name="findOrCreateArtistAction &gt; finding existing artists &gt; should find existing artist by display name (case-insensitive)" time="0.000461185">
        </testcase>
        <testcase classname="src/lib/actions/find-or-create-artist-action.spec.ts" name="findOrCreateArtistAction &gt; finding existing artists &gt; should construct display name from firstName and surname when displayName is null" time="0.000269008">
        </testcase>
        <testcase classname="src/lib/actions/find-or-create-artist-action.spec.ts" name="findOrCreateArtistAction &gt; finding existing artists &gt; should create ArtistRelease when releaseId is provided for existing artist" time="0.000711358">
        </testcase>
        <testcase classname="src/lib/actions/find-or-create-artist-action.spec.ts" name="findOrCreateArtistAction &gt; finding existing artists &gt; should not duplicate ArtistRelease if it already exists" time="0.00041535">
        </testcase>
        <testcase classname="src/lib/actions/find-or-create-artist-action.spec.ts" name="findOrCreateArtistAction &gt; finding existing artists &gt; should create TrackArtist when trackId is provided for existing artist" time="0.000330662">
        </testcase>
        <testcase classname="src/lib/actions/find-or-create-artist-action.spec.ts" name="findOrCreateArtistAction &gt; finding existing artists &gt; should not duplicate TrackArtist if it already exists" time="0.000480561">
        </testcase>
        <testcase classname="src/lib/actions/find-or-create-artist-action.spec.ts" name="findOrCreateArtistAction &gt; creating new artists &gt; should create new artist when none exists" time="0.001070885">
        </testcase>
        <testcase classname="src/lib/actions/find-or-create-artist-action.spec.ts" name="findOrCreateArtistAction &gt; creating new artists &gt; should handle single-name artists (like Madonna)" time="0.000621553">
        </testcase>
        <testcase classname="src/lib/actions/find-or-create-artist-action.spec.ts" name="findOrCreateArtistAction &gt; creating new artists &gt; should handle multi-word surnames" time="0.000636039">
        </testcase>
        <testcase classname="src/lib/actions/find-or-create-artist-action.spec.ts" name="findOrCreateArtistAction &gt; creating new artists &gt; should generate unique slug when collision detected" time="0.004958512">
        </testcase>
        <testcase classname="src/lib/actions/find-or-create-artist-action.spec.ts" name="findOrCreateArtistAction &gt; creating new artists &gt; should create artist with ArtistRelease when releaseId provided" time="0.000911429">
        </testcase>
        <testcase classname="src/lib/actions/find-or-create-artist-action.spec.ts" name="findOrCreateArtistAction &gt; creating new artists &gt; should create artist with TrackArtist when trackId provided" time="0.000531646">
        </testcase>
        <testcase classname="src/lib/actions/find-or-create-artist-action.spec.ts" name="findOrCreateArtistAction &gt; creating new artists &gt; should create artist with both ArtistRelease and TrackArtist" time="0.000988622">
        </testcase>
        <testcase classname="src/lib/actions/find-or-create-artist-action.spec.ts" name="findOrCreateArtistAction &gt; slug generation &gt; should generate clean slug from artist name" time="0.000369124">
        </testcase>
        <testcase classname="src/lib/actions/find-or-create-artist-action.spec.ts" name="findOrCreateArtistAction &gt; slug generation &gt; should remove special characters from slug" time="0.000387608">
        </testcase>
        <testcase classname="src/lib/actions/find-or-create-artist-action.spec.ts" name="findOrCreateArtistAction &gt; transaction support &gt; should use provided transaction client" time="0.000495919">
        </testcase>
        <testcase classname="src/lib/actions/find-or-create-artist-action.spec.ts" name="findOrCreateArtistAction &gt; error handling &gt; should handle database errors gracefully" time="0.005530391">
            <system-err>
Find or create artist error: Error: Database connection failed
    at [90m/home/runner/work/boudreaux/boudreaux/[39msrc/lib/actions/find-or-create-artist-action.spec.ts:528:51
    at [90mfile:///home/runner/work/boudreaux/boudreaux/[39mnode_modules/[4m@vitest/runner[24m/dist/index.js:145:11
    at [90mfile:///home/runner/work/boudreaux/boudreaux/[39mnode_modules/[4m@vitest/runner[24m/dist/index.js:915:26
    at [90mfile:///home/runner/work/boudreaux/boudreaux/[39mnode_modules/[4m@vitest/runner[24m/dist/index.js:1243:20
    at new Promise (&lt;anonymous&gt;)
    at runWithTimeout [90m(file:///home/runner/work/boudreaux/boudreaux/[39mnode_modules/[4m@vitest/runner[24m/dist/index.js:1209:10[90m)[39m
    at [90mfile:///home/runner/work/boudreaux/boudreaux/[39mnode_modules/[4m@vitest/runner[24m/dist/index.js:1653:37
    at Traces.$ [90m(file:///home/runner/work/boudreaux/boudreaux/[39mnode_modules/[4mvitest[24m/dist/chunks/traces.CCmnQaNT.js:142:27[90m)[39m
    at trace [90m(file:///home/runner/work/boudreaux/boudreaux/[39mnode_modules/[4mvitest[24m/dist/chunks/test.B8ej_ZHS.js:239:21[90m)[39m
    at runTest [90m(file:///home/runner/work/boudreaux/boudreaux/[39mnode_modules/[4m@vitest/runner[24m/dist/index.js:1653:12[90m)[39m

            </system-err>
        </testcase>
        <testcase classname="src/lib/actions/find-or-create-artist-action.spec.ts" name="findOrCreateArtistAction &gt; error handling &gt; should handle unknown errors" time="0.000690741">
            <system-err>
Find or create artist error: Unknown error

            </system-err>
        </testcase>
    </testsuite>
    <testsuite name="src/lib/actions/update-artist-action.spec.ts" timestamp="2026-02-06T06:11:34.679Z" hostname="runnervmkj6or" tests="22" failures="0" errors="0" skipped="0" time="0.016778713">
        <testcase classname="src/lib/actions/update-artist-action.spec.ts" name="updateArtistAction &gt; Authorization &gt; should require admin role" time="0.001493298">
        </testcase>
        <testcase classname="src/lib/actions/update-artist-action.spec.ts" name="updateArtistAction &gt; Authorization &gt; should return error when user is not logged in" time="0.000375225">
        </testcase>
        <testcase classname="src/lib/actions/update-artist-action.spec.ts" name="updateArtistAction &gt; Authorization &gt; should return error when user is not admin" time="0.000274078">
        </testcase>
        <testcase classname="src/lib/actions/update-artist-action.spec.ts" name="updateArtistAction &gt; Authorization &gt; should return error when session user is missing id" time="0.00024802">
        </testcase>
        <testcase classname="src/lib/actions/update-artist-action.spec.ts" name="updateArtistAction &gt; Validation &gt; should validate form data with all permitted fields" time="0.001791891">
        </testcase>
        <testcase classname="src/lib/actions/update-artist-action.spec.ts" name="updateArtistAction &gt; Validation &gt; should return validation errors when schema validation fails" time="0.000363294">
        </testcase>
        <testcase classname="src/lib/actions/update-artist-action.spec.ts" name="updateArtistAction &gt; Validation &gt; should handle validation errors with empty path" time="0.00021559">
        </testcase>
        <testcase classname="src/lib/actions/update-artist-action.spec.ts" name="updateArtistAction &gt; Validation &gt; should accumulate multiple errors for the same field" time="0.00024812">
        </testcase>
        <testcase classname="src/lib/actions/update-artist-action.spec.ts" name="updateArtistAction &gt; Artist Update &gt; should update artist successfully with all fields" time="0.001144972">
        </testcase>
        <testcase classname="src/lib/actions/update-artist-action.spec.ts" name="updateArtistAction &gt; Artist Update &gt; should update artist with minimal required fields" time="0.000500428">
        </testcase>
        <testcase classname="src/lib/actions/update-artist-action.spec.ts" name="updateArtistAction &gt; Artist Update &gt; should handle artist update failure from service" time="0.000418926">
        </testcase>
        <testcase classname="src/lib/actions/update-artist-action.spec.ts" name="updateArtistAction &gt; Artist Update &gt; should handle slug unique constraint error" time="0.002500665">
        </testcase>
        <testcase classname="src/lib/actions/update-artist-action.spec.ts" name="updateArtistAction &gt; Artist Update &gt; should handle service returning generic error" time="0.000354778">
        </testcase>
        <testcase classname="src/lib/actions/update-artist-action.spec.ts" name="updateArtistAction &gt; Artist Update &gt; should handle service returning error without message" time="0.00037716">
        </testcase>
        <testcase classname="src/lib/actions/update-artist-action.spec.ts" name="updateArtistAction &gt; Artist Update &gt; should handle exception during update" time="0.001565442">
        </testcase>
        <testcase classname="src/lib/actions/update-artist-action.spec.ts" name="updateArtistAction &gt; Security Logging &gt; should log successful artist update" time="0.000314963">
        </testcase>
        <testcase classname="src/lib/actions/update-artist-action.spec.ts" name="updateArtistAction &gt; Security Logging &gt; should log failed artist update attempt" time="0.000466996">
        </testcase>
        <testcase classname="src/lib/actions/update-artist-action.spec.ts" name="updateArtistAction &gt; Security Logging &gt; should filter out undefined fields in security log" time="0.000335923">
        </testcase>
        <testcase classname="src/lib/actions/update-artist-action.spec.ts" name="updateArtistAction &gt; Cache Revalidation &gt; should revalidate artists page and individual artist page on success" time="0.000359226">
        </testcase>
        <testcase classname="src/lib/actions/update-artist-action.spec.ts" name="updateArtistAction &gt; Cache Revalidation &gt; should revalidate paths even on failure" time="0.000252678">
        </testcase>
        <testcase classname="src/lib/actions/update-artist-action.spec.ts" name="updateArtistAction &gt; FormState handling &gt; should preserve existing errors object structure" time="0.000268988">
        </testcase>
        <testcase classname="src/lib/actions/update-artist-action.spec.ts" name="updateArtistAction &gt; FormState handling &gt; should initialize errors object when not present in formState" time="0.000378161">
        </testcase>
    </testsuite>
    <testsuite name="src/app/(auth)/success/change-email/container.spec.tsx" timestamp="2026-02-06T06:11:34.685Z" hostname="runnervmkj6or" tests="5" failures="0" errors="0" skipped="0" time="0.089498272">
        <testcase classname="src/app/(auth)/success/change-email/container.spec.tsx" name="ChangeEmailSuccessContainer &gt; renders success heading" time="0.048925423">
        </testcase>
        <testcase classname="src/app/(auth)/success/change-email/container.spec.tsx" name="ChangeEmailSuccessContainer &gt; renders email change success message" time="0.003665484">
        </testcase>
        <testcase classname="src/app/(auth)/success/change-email/container.spec.tsx" name="ChangeEmailSuccessContainer &gt; indicates user was signed out" time="0.006753108">
        </testcase>
        <testcase classname="src/app/(auth)/success/change-email/container.spec.tsx" name="ChangeEmailSuccessContainer &gt; displays the new email address" time="0.002912859">
        </testcase>
        <testcase classname="src/app/(auth)/success/change-email/container.spec.tsx" name="ChangeEmailSuccessContainer &gt; renders link to signin page" time="0.025373996">
        </testcase>
    </testsuite>
    <testsuite name="src/lib/utils/auth/auth-utils.spec.ts" timestamp="2026-02-06T06:11:34.686Z" hostname="runnervmkj6or" tests="10" failures="0" errors="0" skipped="0" time="0.007958874">
        <testcase classname="src/lib/utils/auth/auth-utils.spec.ts" name="auth-utils &gt; EMAIL_REGEX &gt; should be defined" time="0.000485109">
        </testcase>
        <testcase classname="src/lib/utils/auth/auth-utils.spec.ts" name="auth-utils &gt; EMAIL_REGEX &gt; should match valid email formats" time="0.000269279">
        </testcase>
        <testcase classname="src/lib/utils/auth/auth-utils.spec.ts" name="auth-utils &gt; EMAIL_REGEX &gt; should not match invalid email formats" time="0.000394662">
        </testcase>
        <testcase classname="src/lib/utils/auth/auth-utils.spec.ts" name="auth-utils &gt; isValidEmail &gt; should validate correct email addresses" time="0.000539109">
        </testcase>
        <testcase classname="src/lib/utils/auth/auth-utils.spec.ts" name="auth-utils &gt; isValidEmail &gt; should reject invalid email addresses" time="0.001566323">
        </testcase>
        <testcase classname="src/lib/utils/auth/auth-utils.spec.ts" name="auth-utils &gt; isValidEmail &gt; should handle edge cases" time="0.000289717">
        </testcase>
        <testcase classname="src/lib/utils/auth/auth-utils.spec.ts" name="auth-utils &gt; setUnknownError &gt; should set general error when errors object does not exist" time="0.00042099">
        </testcase>
        <testcase classname="src/lib/utils/auth/auth-utils.spec.ts" name="auth-utils &gt; setUnknownError &gt; should set general error when errors object exists but general does not" time="0.000948428">
        </testcase>
        <testcase classname="src/lib/utils/auth/auth-utils.spec.ts" name="auth-utils &gt; setUnknownError &gt; should append to existing general errors" time="0.000264561">
        </testcase>
        <testcase classname="src/lib/utils/auth/auth-utils.spec.ts" name="auth-utils &gt; setUnknownError &gt; should use custom error message when provided" time="0.000373041">
        </testcase>
    </testsuite>
    <testsuite name="src/lib/utils/profile-utils.spec.ts" timestamp="2026-02-06T06:11:34.688Z" hostname="runnervmkj6or" tests="9" failures="0" errors="0" skipped="0" time="0.00624737">
        <testcase classname="src/lib/utils/profile-utils.spec.ts" name="profile-utils &gt; splitFullName &gt; should split a full name into first and last name" time="0.000322228">
        </testcase>
        <testcase classname="src/lib/utils/profile-utils.spec.ts" name="profile-utils &gt; splitFullName &gt; should handle single names" time="0.000273057">
        </testcase>
        <testcase classname="src/lib/utils/profile-utils.spec.ts" name="profile-utils &gt; splitFullName &gt; should handle multiple middle names" time="0.0002911">
        </testcase>
        <testcase classname="src/lib/utils/profile-utils.spec.ts" name="profile-utils &gt; splitFullName &gt; should handle empty or null names" time="0.000431189">
        </testcase>
        <testcase classname="src/lib/utils/profile-utils.spec.ts" name="profile-utils &gt; splitFullName &gt; should handle names with extra whitespace" time="0.00173717">
        </testcase>
        <testcase classname="src/lib/utils/profile-utils.spec.ts" name="profile-utils &gt; formatPhoneNumber &gt; should format 10-digit US phone numbers" time="0.000157953">
        </testcase>
        <testcase classname="src/lib/utils/profile-utils.spec.ts" name="profile-utils &gt; formatPhoneNumber &gt; should format 11-digit US phone numbers with country code" time="0.000403568">
        </testcase>
        <testcase classname="src/lib/utils/profile-utils.spec.ts" name="profile-utils &gt; formatPhoneNumber &gt; should handle empty or null phone numbers" time="0.000207315">
        </testcase>
        <testcase classname="src/lib/utils/profile-utils.spec.ts" name="profile-utils &gt; formatPhoneNumber &gt; should return original format for unrecognized patterns" time="0.000273617">
        </testcase>
    </testsuite>
    <testsuite name="src/app/components/ui/avatar.spec.tsx" timestamp="2026-02-06T06:11:34.690Z" hostname="runnervmkj6or" tests="13" failures="0" errors="0" skipped="0" time="0.067515454">
        <testcase classname="src/app/components/ui/avatar.spec.tsx" name="Avatar &gt; Avatar root &gt; renders" time="0.002134174">
        </testcase>
        <testcase classname="src/app/components/ui/avatar.spec.tsx" name="Avatar &gt; Avatar root &gt; has data-slot attribute" time="0.00237897">
        </testcase>
        <testcase classname="src/app/components/ui/avatar.spec.tsx" name="Avatar &gt; Avatar root &gt; applies custom className" time="0.002309882">
        </testcase>
        <testcase classname="src/app/components/ui/avatar.spec.tsx" name="Avatar &gt; Avatar root &gt; has default rounded-full class" time="0.002136139">
        </testcase>
        <testcase classname="src/app/components/ui/avatar.spec.tsx" name="Avatar &gt; Avatar root &gt; passes additional props" time="0.00254594">
        </testcase>
        <testcase classname="src/app/components/ui/avatar.spec.tsx" name="Avatar &gt; AvatarImage &gt; can be imported" time="0.001290703">
        </testcase>
        <testcase classname="src/app/components/ui/avatar.spec.tsx" name="Avatar &gt; AvatarFallback &gt; renders fallback content" time="0.005625608">
        </testcase>
        <testcase classname="src/app/components/ui/avatar.spec.tsx" name="Avatar &gt; AvatarFallback &gt; has data-slot attribute" time="0.003561602">
        </testcase>
        <testcase classname="src/app/components/ui/avatar.spec.tsx" name="Avatar &gt; AvatarFallback &gt; applies custom className" time="0.004592943">
        </testcase>
        <testcase classname="src/app/components/ui/avatar.spec.tsx" name="Avatar &gt; AvatarFallback &gt; has default background class" time="0.003318912">
        </testcase>
        <testcase classname="src/app/components/ui/avatar.spec.tsx" name="Avatar &gt; AvatarFallback &gt; renders with icon as fallback" time="0.031657248">
        </testcase>
        <testcase classname="src/app/components/ui/avatar.spec.tsx" name="Avatar &gt; integration &gt; renders avatar with fallback" time="0.001800518">
        </testcase>
        <testcase classname="src/app/components/ui/avatar.spec.tsx" name="Avatar &gt; integration &gt; shows fallback when no image" time="0.001684162">
        </testcase>
    </testsuite>
    <testsuite name="src/app/components/ui/accordion.spec.tsx" timestamp="2026-02-06T06:11:34.692Z" hostname="runnervmkj6or" tests="19" failures="0" errors="0" skipped="0" time="0.456123335">
        <testcase classname="src/app/components/ui/accordion.spec.tsx" name="Accordion &gt; Accordion root &gt; renders" time="0.00879909">
        </testcase>
        <testcase classname="src/app/components/ui/accordion.spec.tsx" name="Accordion &gt; Accordion root &gt; has data-slot attribute" time="0.005279656">
        </testcase>
        <testcase classname="src/app/components/ui/accordion.spec.tsx" name="Accordion &gt; Accordion root &gt; supports single type - only one item open" time="0.041474246">
        </testcase>
        <testcase classname="src/app/components/ui/accordion.spec.tsx" name="Accordion &gt; Accordion root &gt; supports multiple type - multiple items open" time="0.043599465">
        </testcase>
        <testcase classname="src/app/components/ui/accordion.spec.tsx" name="Accordion &gt; Accordion root &gt; supports collapsible prop" time="0.039584421">
        </testcase>
        <testcase classname="src/app/components/ui/accordion.spec.tsx" name="Accordion &gt; AccordionItem &gt; has data-slot attribute" time="0.004706534">
        </testcase>
        <testcase classname="src/app/components/ui/accordion.spec.tsx" name="Accordion &gt; AccordionItem &gt; applies custom className" time="0.004222507">
        </testcase>
        <testcase classname="src/app/components/ui/accordion.spec.tsx" name="Accordion &gt; AccordionItem &gt; has border-b class" time="0.003831011">
        </testcase>
        <testcase classname="src/app/components/ui/accordion.spec.tsx" name="Accordion &gt; AccordionTrigger &gt; has data-slot attribute" time="0.012743942">
        </testcase>
        <testcase classname="src/app/components/ui/accordion.spec.tsx" name="Accordion &gt; AccordionTrigger &gt; applies custom className" time="0.010342291">
        </testcase>
        <testcase classname="src/app/components/ui/accordion.spec.tsx" name="Accordion &gt; AccordionTrigger &gt; renders children" time="0.011429685">
        </testcase>
        <testcase classname="src/app/components/ui/accordion.spec.tsx" name="Accordion &gt; AccordionTrigger &gt; includes chevron icon" time="0.011956312">
        </testcase>
        <testcase classname="src/app/components/ui/accordion.spec.tsx" name="Accordion &gt; AccordionTrigger &gt; can be disabled" time="0.100652648">
        </testcase>
        <testcase classname="src/app/components/ui/accordion.spec.tsx" name="Accordion &gt; AccordionContent &gt; has data-slot attribute" time="0.020488988">
        </testcase>
        <testcase classname="src/app/components/ui/accordion.spec.tsx" name="Accordion &gt; AccordionContent &gt; applies custom className" time="0.0265114">
        </testcase>
        <testcase classname="src/app/components/ui/accordion.spec.tsx" name="Accordion &gt; AccordionContent &gt; shows content when expanded" time="0.02400754">
        </testcase>
        <testcase classname="src/app/components/ui/accordion.spec.tsx" name="Accordion &gt; keyboard navigation &gt; toggles with Enter key" time="0.026289399">
        </testcase>
        <testcase classname="src/app/components/ui/accordion.spec.tsx" name="Accordion &gt; keyboard navigation &gt; toggles with Space key" time="0.01772798">
        </testcase>
        <testcase classname="src/app/components/ui/accordion.spec.tsx" name="Accordion &gt; controlled state &gt; supports controlled value in single mode" time="0.039160977">
        </testcase>
    </testsuite>
    <testsuite name="src/app/hooks/use-artists-query.spec.tsx" timestamp="2026-02-06T06:11:34.696Z" hostname="runnervmkj6or" tests="7" failures="0" errors="0" skipped="0" time="0.346281885">
        <testcase classname="src/app/hooks/use-artists-query.spec.tsx" name="useArtistsQuery &gt; returns isPending true initially" time="0.003356491">
        </testcase>
        <testcase classname="src/app/hooks/use-artists-query.spec.tsx" name="useArtistsQuery &gt; fetches artists data successfully" time="0.053238839">
        </testcase>
        <testcase classname="src/app/hooks/use-artists-query.spec.tsx" name="useArtistsQuery &gt; handles fetch error when response is not ok" time="0.054880184">
        </testcase>
        <testcase classname="src/app/hooks/use-artists-query.spec.tsx" name="useArtistsQuery &gt; handles network error" time="0.071084038">
        </testcase>
        <testcase classname="src/app/hooks/use-artists-query.spec.tsx" name="useArtistsQuery &gt; returns refetch function" time="0.053857188">
        </testcase>
        <testcase classname="src/app/hooks/use-artists-query.spec.tsx" name="useArtistsQuery &gt; refetch triggers new API call" time="0.052706597">
        </testcase>
        <testcase classname="src/app/hooks/use-artists-query.spec.tsx" name="useArtistsQuery &gt; returns empty array when no artists exist" time="0.054868333">
        </testcase>
    </testsuite>
    <testsuite name="src/app/hooks/use-groups-query.spec.tsx" timestamp="2026-02-06T06:11:34.697Z" hostname="runnervmkj6or" tests="7" failures="0" errors="0" skipped="0" time="0.347891601">
        <testcase classname="src/app/hooks/use-groups-query.spec.tsx" name="useGroupsQuery &gt; returns isPending true initially" time="0.003194431">
        </testcase>
        <testcase classname="src/app/hooks/use-groups-query.spec.tsx" name="useGroupsQuery &gt; fetches groups data successfully" time="0.054879592">
        </testcase>
        <testcase classname="src/app/hooks/use-groups-query.spec.tsx" name="useGroupsQuery &gt; handles fetch error when response is not ok" time="0.053471915">
        </testcase>
        <testcase classname="src/app/hooks/use-groups-query.spec.tsx" name="useGroupsQuery &gt; handles network error" time="0.072539708">
        </testcase>
        <testcase classname="src/app/hooks/use-groups-query.spec.tsx" name="useGroupsQuery &gt; returns refetch function" time="0.053838462">
        </testcase>
        <testcase classname="src/app/hooks/use-groups-query.spec.tsx" name="useGroupsQuery &gt; refetch triggers new API call" time="0.052974653">
        </testcase>
        <testcase classname="src/app/hooks/use-groups-query.spec.tsx" name="useGroupsQuery &gt; returns empty array when no groups exist" time="0.054952107">
        </testcase>
    </testsuite>
    <testsuite name="src/app/components/ui/sonner.spec.tsx" timestamp="2026-02-06T06:11:34.698Z" hostname="runnervmkj6or" tests="5" failures="0" errors="0" skipped="0" time="0.105926994">
        <testcase classname="src/app/components/ui/sonner.spec.tsx" name="Toaster &gt; renders" time="0.006532789">
        </testcase>
        <testcase classname="src/app/components/ui/sonner.spec.tsx" name="Toaster &gt; renders with bottom-right position by default" time="0.005724531">
        </testcase>
        <testcase classname="src/app/components/ui/sonner.spec.tsx" name="Toaster &gt; accepts position prop" time="0.007048024">
        </testcase>
        <testcase classname="src/app/components/ui/sonner.spec.tsx" name="Toaster &gt; accepts richColors prop" time="0.006144149">
        </testcase>
        <testcase classname="src/app/components/ui/sonner.spec.tsx" name="Toaster &gt; accepts duration prop" time="0.07775229">
        </testcase>
    </testsuite>
    <testsuite name="src/app/components/ui/audio-player.spec.tsx" timestamp="2026-02-06T06:11:34.699Z" hostname="runnervmkj6or" tests="11" failures="0" errors="0" skipped="0" time="0.061148852">
        <testcase classname="src/app/components/ui/audio-player.spec.tsx" name="AudioPlayer &gt; renders the player container" time="0.002129187">
        </testcase>
        <testcase classname="src/app/components/ui/audio-player.spec.tsx" name="AudioPlayer &gt; renders with default audio type" time="0.002492691">
        </testcase>
        <testcase classname="src/app/components/ui/audio-player.spec.tsx" name="AudioPlayer &gt; renders with custom audio type" time="0.00192015">
        </testcase>
        <testcase classname="src/app/components/ui/audio-player.spec.tsx" name="AudioPlayer &gt; renders poster image when provided" time="0.029091853">
            <system-err>
Received `true` for a non-boolean attribute `priority`.

If you want to write it to the DOM, pass a string instead: priority=&quot;true&quot; or priority={value.toString()}.

            </system-err>
        </testcase>
        <testcase classname="src/app/components/ui/audio-player.spec.tsx" name="AudioPlayer &gt; does not render poster image when not provided" time="0.002025354">
        </testcase>
        <testcase classname="src/app/components/ui/audio-player.spec.tsx" name="AudioPlayer &gt; calls onReady callback when player is ready" time="0.004422448">
        </testcase>
        <testcase classname="src/app/components/ui/audio-player.spec.tsx" name="AudioPlayer &gt; does not call onReady when not provided" time="0.001824432">
        </testcase>
        <testcase classname="src/app/components/ui/audio-player.spec.tsx" name="AudioPlayer &gt; has responsive player container classes" time="0.003834097">
        </testcase>
        <testcase classname="src/app/components/ui/audio-player.spec.tsx" name="AudioPlayer &gt; renders poster container with correct classes" time="0.00234683">
        </testcase>
        <testcase classname="src/app/components/ui/audio-player.spec.tsx" name="AudioPlayer &gt; disposes player on unmount" time="0.00603138">
        </testcase>
        <testcase classname="src/app/components/ui/audio-player.spec.tsx" name="AudioPlayer &gt; does not dispose already disposed player" time="0.002988629">
        </testcase>
    </testsuite>
    <testsuite name="src/app/components/forms/fields/combobox.spec.tsx" timestamp="2026-02-06T06:11:34.701Z" hostname="runnervmkj6or" tests="11" failures="0" errors="0" skipped="0" time="0.525869113">
        <testcase classname="src/app/components/forms/fields/combobox.spec.tsx" name="Combobox &gt; renders with default selected value" time="0.004022095">
        </testcase>
        <testcase classname="src/app/components/forms/fields/combobox.spec.tsx" name="Combobox &gt; renders with custom className" time="0.006589214">
        </testcase>
        <testcase classname="src/app/components/forms/fields/combobox.spec.tsx" name="Combobox &gt; has combobox role with aria-expanded attribute" time="0.003863251">
        </testcase>
        <testcase classname="src/app/components/forms/fields/combobox.spec.tsx" name="Combobox &gt; opens popover on click" time="0.175940929">
        </testcase>
        <testcase classname="src/app/components/forms/fields/combobox.spec.tsx" name="Combobox &gt; shows all options when opened" time="0.037693397">
        </testcase>
        <testcase classname="src/app/components/forms/fields/combobox.spec.tsx" name="Combobox &gt; shows search input with placeholder" time="0.050240163">
        </testcase>
        <testcase classname="src/app/components/forms/fields/combobox.spec.tsx" name="Combobox &gt; calls onSelectAction when option is selected" time="0.054094998">
        </testcase>
        <testcase classname="src/app/components/forms/fields/combobox.spec.tsx" name="Combobox &gt; updates displayed value when option is selected" time="0.078738677">
        </testcase>
        <testcase classname="src/app/components/forms/fields/combobox.spec.tsx" name="Combobox &gt; closes popover after selection" time="0.056778453">
        </testcase>
        <testcase classname="src/app/components/forms/fields/combobox.spec.tsx" name="Combobox &gt; shows check icon for selected option" time="0.050417089">
        </testcase>
        <testcase classname="src/app/components/forms/fields/combobox.spec.tsx" name="Combobox &gt; renders chevron icon" time="0.005245874">
        </testcase>
    </testsuite>
    <testsuite name="src/lib/prisma.spec.ts" timestamp="2026-02-06T06:11:34.703Z" hostname="runnervmkj6or" tests="6" failures="0" errors="0" skipped="0" time="0.007965683">
        <testcase classname="src/lib/prisma.spec.ts" name="prisma &gt; should export a prisma client object" time="0.000326796">
        </testcase>
        <testcase classname="src/lib/prisma.spec.ts" name="prisma &gt; should be a singleton across imports" time="0.000271183">
        </testcase>
        <testcase classname="src/lib/prisma.spec.ts" name="prisma &gt; should be usable in test environment" time="0.003791136">
        </testcase>
        <testcase classname="src/lib/prisma.spec.ts" name="prisma &gt; should handle multiple property accesses" time="0.000416712">
        </testcase>
        <testcase classname="src/lib/prisma.spec.ts" name="prisma &gt; should maintain consistent reference" time="0.000710527">
        </testcase>
        <testcase classname="src/lib/prisma.spec.ts" name="prisma &gt; should export valid prisma instance" time="0.000533328">
        </testcase>
    </testsuite>
    <testsuite name="src/lib/validation/change-email-schema.spec.ts" timestamp="2026-02-06T06:11:34.705Z" hostname="runnervmkj6or" tests="9" failures="0" errors="0" skipped="0" time="0.008719943">
        <testcase classname="src/lib/validation/change-email-schema.spec.ts" name="changeEmailSchema &gt; valid data &gt; should accept valid email data without previousEmail" time="0.000259561">
        </testcase>
        <testcase classname="src/lib/validation/change-email-schema.spec.ts" name="changeEmailSchema &gt; valid data &gt; should accept valid email data with previousEmail" time="0.000376878">
        </testcase>
        <testcase classname="src/lib/validation/change-email-schema.spec.ts" name="changeEmailSchema &gt; valid data &gt; should accept previousEmail as undefined" time="0.000269169">
        </testcase>
        <testcase classname="src/lib/validation/change-email-schema.spec.ts" name="changeEmailSchema &gt; invalid data &gt; should reject invalid email format" time="0.000539501">
        </testcase>
        <testcase classname="src/lib/validation/change-email-schema.spec.ts" name="changeEmailSchema &gt; invalid data &gt; should reject mismatched emails" time="0.003407015">
        </testcase>
        <testcase classname="src/lib/validation/change-email-schema.spec.ts" name="changeEmailSchema &gt; invalid data &gt; should require email field" time="0.000586868">
        </testcase>
        <testcase classname="src/lib/validation/change-email-schema.spec.ts" name="changeEmailSchema &gt; invalid data &gt; should require confirmEmail field" time="0.000302431">
        </testcase>
        <testcase classname="src/lib/validation/change-email-schema.spec.ts" name="changeEmailSchema &gt; edge cases &gt; should handle empty strings in email fields" time="0.000251295">
        </testcase>
        <testcase classname="src/lib/validation/change-email-schema.spec.ts" name="changeEmailSchema &gt; edge cases &gt; should handle whitespace-only emails" time="0.00040437">
        </testcase>
    </testsuite>
    <testsuite name="src/lib/actions/update-release-action.spec.ts" timestamp="2026-02-06T06:11:34.706Z" hostname="runnervmkj6or" tests="21" failures="0" errors="0" skipped="0" time="0.020104455">
        <testcase classname="src/lib/actions/update-release-action.spec.ts" name="updateReleaseAction &gt; Authorization &gt; should require admin role" time="0.001606928">
        </testcase>
        <testcase classname="src/lib/actions/update-release-action.spec.ts" name="updateReleaseAction &gt; Authorization &gt; should return error when user is not logged in" time="0.000271063">
        </testcase>
        <testcase classname="src/lib/actions/update-release-action.spec.ts" name="updateReleaseAction &gt; Authorization &gt; should return error when user is not admin" time="0.000246958">
        </testcase>
        <testcase classname="src/lib/actions/update-release-action.spec.ts" name="updateReleaseAction &gt; Authorization &gt; should allow admin users to update releases" time="0.000230427">
        </testcase>
        <testcase classname="src/lib/actions/update-release-action.spec.ts" name="updateReleaseAction &gt; Validation &gt; should validate form data with all permitted fields" time="0.001989097">
        </testcase>
        <testcase classname="src/lib/actions/update-release-action.spec.ts" name="updateReleaseAction &gt; Validation &gt; should return validation errors when data is invalid" time="0.000445035">
        </testcase>
        <testcase classname="src/lib/actions/update-release-action.spec.ts" name="updateReleaseAction &gt; Release Update &gt; should update release successfully with all fields" time="0.001101621">
        </testcase>
        <testcase classname="src/lib/actions/update-release-action.spec.ts" name="updateReleaseAction &gt; Release Update &gt; should parse comma-separated credits fields" time="0.000969557">
        </testcase>
        <testcase classname="src/lib/actions/update-release-action.spec.ts" name="updateReleaseAction &gt; Release Update &gt; should handle empty credits fields" time="0.000651368">
        </testcase>
        <testcase classname="src/lib/actions/update-release-action.spec.ts" name="updateReleaseAction &gt; Release Update &gt; should handle featured dates" time="0.004327572">
        </testcase>
        <testcase classname="src/lib/actions/update-release-action.spec.ts" name="updateReleaseAction &gt; Release Update &gt; should handle release update failure" time="0.000354767">
        </testcase>
        <testcase classname="src/lib/actions/update-release-action.spec.ts" name="updateReleaseAction &gt; Release Update &gt; should handle title uniqueness error" time="0.001015873">
        </testcase>
        <testcase classname="src/lib/actions/update-release-action.spec.ts" name="updateReleaseAction &gt; Release Update &gt; should handle title unique constraint error" time="0.000429236">
        </testcase>
        <testcase classname="src/lib/actions/update-release-action.spec.ts" name="updateReleaseAction &gt; Release Update &gt; should handle duplicate title error" time="0.000515876">
        </testcase>
        <testcase classname="src/lib/actions/update-release-action.spec.ts" name="updateReleaseAction &gt; Release Update &gt; should handle error with no message" time="0.000341983">
        </testcase>
        <testcase classname="src/lib/actions/update-release-action.spec.ts" name="updateReleaseAction &gt; Release Update &gt; should preserve existing errors on failure" time="0.000488605">
        </testcase>
        <testcase classname="src/lib/actions/update-release-action.spec.ts" name="updateReleaseAction &gt; Release Update &gt; should handle release not found error" time="0.000466735">
        </testcase>
        <testcase classname="src/lib/actions/update-release-action.spec.ts" name="updateReleaseAction &gt; Security Logging &gt; should log successful release update" time="0.000470732">
        </testcase>
        <testcase classname="src/lib/actions/update-release-action.spec.ts" name="updateReleaseAction &gt; Security Logging &gt; should log failed release update" time="0.000472807">
        </testcase>
        <testcase classname="src/lib/actions/update-release-action.spec.ts" name="updateReleaseAction &gt; Cache Revalidation &gt; should revalidate release page on success" time="0.000323199">
        </testcase>
        <testcase classname="src/lib/actions/update-release-action.spec.ts" name="updateReleaseAction &gt; Error Handling &gt; should handle unexpected errors gracefully" time="0.00054003">
        </testcase>
    </testsuite>
    <testsuite name="src/app/components/auth/signup-link.spec.tsx" timestamp="2026-02-06T06:11:34.710Z" hostname="runnervmkj6or" tests="4" failures="0" errors="0" skipped="0" time="0.080989668">
        <testcase classname="src/app/components/auth/signup-link.spec.tsx" name="SignUpLink &gt; renders the sign up link" time="0.044113336">
        </testcase>
        <testcase classname="src/app/components/auth/signup-link.spec.tsx" name="SignUpLink &gt; displays the correct text" time="0.025279406">
        </testcase>
        <testcase classname="src/app/components/auth/signup-link.spec.tsx" name="SignUpLink &gt; renders the user plus icon with correct size" time="0.00414899">
        </testcase>
        <testcase classname="src/app/components/auth/signup-link.spec.tsx" name="SignUpLink &gt; applies the correct CSS classes" time="0.005501297">
        </testcase>
    </testsuite>
    <testsuite name="src/lib/actions/change-email-action.spec.ts" timestamp="2026-02-06T06:11:34.711Z" hostname="runnervmkj6or" tests="27" failures="0" errors="0" skipped="0" time="0.022786776">
        <testcase classname="src/lib/actions/change-email-action.spec.ts" name="changeEmailAction &gt; successful email change flow &gt; should update email and sign out when data is valid" time="0.000863771">
        </testcase>
        <testcase classname="src/lib/actions/change-email-action.spec.ts" name="changeEmailAction &gt; successful email change flow &gt; should use session email as previousEmail when not provided" time="0.002081789">
        </testcase>
        <testcase classname="src/lib/actions/change-email-action.spec.ts" name="changeEmailAction &gt; successful email change flow &gt; should use empty string for previousEmail when session has no email" time="0.00060426">
        </testcase>
        <testcase classname="src/lib/actions/change-email-action.spec.ts" name="changeEmailAction &gt; successful email change flow &gt; should set hasTimeout to false on successful update" time="0.000487243">
        </testcase>
        <testcase classname="src/lib/actions/change-email-action.spec.ts" name="changeEmailAction &gt; security audit logging &gt; should log security event when email is successfully changed" time="0.000593189">
        </testcase>
        <testcase classname="src/lib/actions/change-email-action.spec.ts" name="changeEmailAction &gt; security audit logging &gt; should log security event with session email when previousEmail not provided" time="0.000672847">
        </testcase>
        <testcase classname="src/lib/actions/change-email-action.spec.ts" name="changeEmailAction &gt; security audit logging &gt; should log security event with empty string when no email in session" time="0.000735734">
        </testcase>
        <testcase classname="src/lib/actions/change-email-action.spec.ts" name="changeEmailAction &gt; security audit logging &gt; should handle logSecurityEvent failures gracefully" time="0.000627393">
        </testcase>
        <testcase classname="src/lib/actions/change-email-action.spec.ts" name="changeEmailAction &gt; security audit logging &gt; should not log security event when email update fails" time="0.000463388">
        </testcase>
        <testcase classname="src/lib/actions/change-email-action.spec.ts" name="changeEmailAction &gt; security audit logging &gt; should not log security event when user is not authenticated" time="0.000298694">
        </testcase>
        <testcase classname="src/lib/actions/change-email-action.spec.ts" name="changeEmailAction &gt; validation failures &gt; should return form state with errors when validation fails" time="0.000480321">
        </testcase>
        <testcase classname="src/lib/actions/change-email-action.spec.ts" name="changeEmailAction &gt; validation failures &gt; should return error when emails do not match" time="0.00052327">
        </testcase>
        <testcase classname="src/lib/actions/change-email-action.spec.ts" name="changeEmailAction &gt; authentication failures &gt; should return error when user is not authenticated" time="0.003076553">
        </testcase>
        <testcase classname="src/lib/actions/change-email-action.spec.ts" name="changeEmailAction &gt; authentication failures &gt; should return error when session has no user id" time="0.00066936">
        </testcase>
        <testcase classname="src/lib/actions/change-email-action.spec.ts" name="changeEmailAction &gt; database errors &gt; should handle duplicate email errors" time="0.000374614">
        </testcase>
        <testcase classname="src/lib/actions/change-email-action.spec.ts" name="changeEmailAction &gt; database errors &gt; should handle timeout errors with ETIMEOUT in message" time="0.000531205">
        </testcase>
        <testcase classname="src/lib/actions/change-email-action.spec.ts" name="changeEmailAction &gt; database errors &gt; should handle timeout errors with &quot;timeout&quot; in message" time="0.000394972">
        </testcase>
        <testcase classname="src/lib/actions/change-email-action.spec.ts" name="changeEmailAction &gt; database errors &gt; should handle timeout errors with &quot;timed out&quot; in message" time="0.000709886">
        </testcase>
        <testcase classname="src/lib/actions/change-email-action.spec.ts" name="changeEmailAction &gt; database errors &gt; should handle timeout errors with ETIMEOUT error code" time="0.000328379">
        </testcase>
        <testcase classname="src/lib/actions/change-email-action.spec.ts" name="changeEmailAction &gt; database errors &gt; should handle unknown Prisma errors with P2002 but different target" time="0.0019148">
        </testcase>
        <testcase classname="src/lib/actions/change-email-action.spec.ts" name="changeEmailAction &gt; database errors &gt; should handle other Prisma errors" time="0.000461867">
        </testcase>
        <testcase classname="src/lib/actions/change-email-action.spec.ts" name="changeEmailAction &gt; database errors &gt; should handle general errors" time="0.000470973">
        </testcase>
        <testcase classname="src/lib/actions/change-email-action.spec.ts" name="changeEmailAction &gt; database errors &gt; should handle non-Error thrown values" time="0.000471183">
        </testcase>
        <testcase classname="src/lib/actions/change-email-action.spec.ts" name="changeEmailAction &gt; signOut errors &gt; should handle signOut failures gracefully" time="0.000490189">
        </testcase>
        <testcase classname="src/lib/actions/change-email-action.spec.ts" name="changeEmailAction &gt; edge cases &gt; should preserve form state fields when returning errors" time="0.000552033">
        </testcase>
        <testcase classname="src/lib/actions/change-email-action.spec.ts" name="changeEmailAction &gt; edge cases &gt; should handle empty email strings" time="0.00054444">
        </testcase>
        <testcase classname="src/lib/actions/change-email-action.spec.ts" name="changeEmailAction &gt; edge cases &gt; should not redirect when email update fails" time="0.000689548">
        </testcase>
    </testsuite>
    <testsuite name="src/app/actions/get-featured-artists.spec.ts" timestamp="2026-02-06T06:11:34.716Z" hostname="runnervmkj6or" tests="3" failures="0" errors="0" skipped="0" time="0.006875894">
        <testcase classname="src/app/actions/get-featured-artists.spec.ts" name="getFeaturedArtistsAction &gt; should return featured artists with default limit" time="0.00060443">
        </testcase>
        <testcase classname="src/app/actions/get-featured-artists.spec.ts" name="getFeaturedArtistsAction &gt; should return featured artists with custom limit" time="0.003255495">
        </testcase>
        <testcase classname="src/app/actions/get-featured-artists.spec.ts" name="getFeaturedArtistsAction &gt; should return empty array on error" time="0.001272949">
            <system-err>
Failed to fetch featured artists: Database unavailable

            </system-err>
        </testcase>
    </testsuite>
    <testsuite name="src/lib/utils/get-display-name.spec.ts" timestamp="2026-02-06T06:11:34.717Z" hostname="runnervmkj6or" tests="22" failures="0" errors="0" skipped="0" time="0.010146046">
        <testcase classname="src/lib/utils/get-display-name.spec.ts" name="getDisplayName &gt; displayName priority &gt; should return displayName when available" time="0.000218065">
        </testcase>
        <testcase classname="src/lib/utils/get-display-name.spec.ts" name="getDisplayName &gt; displayName priority &gt; should handle displayName with special characters" time="0.000161369">
        </testcase>
        <testcase classname="src/lib/utils/get-display-name.spec.ts" name="getDisplayName &gt; title fallback &gt; should return title when displayName is not available" time="0.000174684">
        </testcase>
        <testcase classname="src/lib/utils/get-display-name.spec.ts" name="getDisplayName &gt; title fallback &gt; should prefer displayName over title" time="0.000144017">
        </testcase>
        <testcase classname="src/lib/utils/get-display-name.spec.ts" name="getDisplayName &gt; name fallback &gt; should return name when displayName and title are not available" time="0.0018936">
        </testcase>
        <testcase classname="src/lib/utils/get-display-name.spec.ts" name="getDisplayName &gt; name fallback &gt; should prefer title over name" time="0.000481473">
        </testcase>
        <testcase classname="src/lib/utils/get-display-name.spec.ts" name="getDisplayName &gt; firstName/surname fallback &gt; should return formatted name when firstName and surname are available" time="0.00037781">
        </testcase>
        <testcase classname="src/lib/utils/get-display-name.spec.ts" name="getDisplayName &gt; firstName/surname fallback &gt; should prefer displayName over firstName/surname" time="0.000276673">
        </testcase>
        <testcase classname="src/lib/utils/get-display-name.spec.ts" name="getDisplayName &gt; firstName/surname fallback &gt; should prefer title over firstName/surname" time="0.000220038">
        </testcase>
        <testcase classname="src/lib/utils/get-display-name.spec.ts" name="getDisplayName &gt; firstName/surname fallback &gt; should prefer name over firstName/surname" time="0.000281923">
        </testcase>
        <testcase classname="src/lib/utils/get-display-name.spec.ts" name="getDisplayName &gt; error handling &gt; should return error message when no valid fields are available" time="0.000368223">
        </testcase>
        <testcase classname="src/lib/utils/get-display-name.spec.ts" name="getDisplayName &gt; error handling &gt; should return error when displayName is not a string" time="0.000267055">
        </testcase>
        <testcase classname="src/lib/utils/get-display-name.spec.ts" name="getDisplayName &gt; error handling &gt; should return error when title is not a string" time="0.000166229">
        </testcase>
        <testcase classname="src/lib/utils/get-display-name.spec.ts" name="getDisplayName &gt; error handling &gt; should return error when name is not a string" time="0.000184021">
        </testcase>
        <testcase classname="src/lib/utils/get-display-name.spec.ts" name="getDisplayName &gt; error handling &gt; should return error when firstName is available but surname is not" time="0.000160587">
        </testcase>
        <testcase classname="src/lib/utils/get-display-name.spec.ts" name="getDisplayName &gt; error handling &gt; should return error when surname is available but firstName is not" time="0.000158313">
        </testcase>
        <testcase classname="src/lib/utils/get-display-name.spec.ts" name="getDisplayName &gt; error handling &gt; should return error when firstName is not a string" time="0.000336494">
        </testcase>
        <testcase classname="src/lib/utils/get-display-name.spec.ts" name="getDisplayName &gt; error handling &gt; should return error when surname is not a string" time="0.000155649">
        </testcase>
        <testcase classname="src/lib/utils/get-display-name.spec.ts" name="getDisplayName &gt; edge cases &gt; should handle empty string displayName" time="0.000375436">
        </testcase>
        <testcase classname="src/lib/utils/get-display-name.spec.ts" name="getDisplayName &gt; edge cases &gt; should handle whitespace-only displayName" time="0.000282153">
        </testcase>
        <testcase classname="src/lib/utils/get-display-name.spec.ts" name="getDisplayName &gt; edge cases &gt; should handle null values" time="0.000541493">
        </testcase>
        <testcase classname="src/lib/utils/get-display-name.spec.ts" name="getDisplayName &gt; edge cases &gt; should handle undefined values" time="0.000317969">
        </testcase>
    </testsuite>
    <testsuite name="src/lib/utils/verify-turnstile.spec.ts" timestamp="2026-02-06T06:11:34.720Z" hostname="runnervmkj6or" tests="12" failures="0" errors="0" skipped="0" time="0.021170801">
        <testcase classname="src/lib/utils/verify-turnstile.spec.ts" name="verifyTurnstile &gt; successful verification &gt; should return success when Cloudflare returns success" time="0.002903993">
        </testcase>
        <testcase classname="src/lib/utils/verify-turnstile.spec.ts" name="verifyTurnstile &gt; successful verification &gt; should include token and secret in request body" time="0.000791417">
        </testcase>
        <testcase classname="src/lib/utils/verify-turnstile.spec.ts" name="verifyTurnstile &gt; successful verification &gt; should work without remote IP" time="0.000845807">
        </testcase>
        <testcase classname="src/lib/utils/verify-turnstile.spec.ts" name="verifyTurnstile &gt; verification failures &gt; should return error when Cloudflare returns error codes" time="0.001189415">
            <system-err>
Turnstile verification failed: [ [32m&apos;invalid-input-response&apos;[39m, [32m&apos;timeout-or-duplicate&apos;[39m ]

            </system-err>
        </testcase>
        <testcase classname="src/lib/utils/verify-turnstile.spec.ts" name="verifyTurnstile &gt; verification failures &gt; should return generic error when no error codes provided" time="0.003391366">
            <system-err>
Turnstile verification failed: []

            </system-err>
        </testcase>
        <testcase classname="src/lib/utils/verify-turnstile.spec.ts" name="verifyTurnstile &gt; verification failures &gt; should return generic error when error codes do not contain invalid-input-response" time="0.000921348">
            <system-err>
Turnstile verification failed: [ [32m&apos;timeout-or-duplicate&apos;[39m ]

            </system-err>
        </testcase>
        <testcase classname="src/lib/utils/verify-turnstile.spec.ts" name="verifyTurnstile &gt; missing configuration &gt; should return error when CLOUDFLARE_SECRET is not set" time="0.000964457">
            <system-err>
CLOUDFLARE_SECRET environment variable is not set

            </system-err>
        </testcase>
        <testcase classname="src/lib/utils/verify-turnstile.spec.ts" name="verifyTurnstile &gt; missing configuration &gt; should return error when CLOUDFLARE_SECRET is empty string" time="0.001085933">
            <system-err>
CLOUDFLARE_SECRET environment variable is not set

            </system-err>
        </testcase>
        <testcase classname="src/lib/utils/verify-turnstile.spec.ts" name="verifyTurnstile &gt; missing configuration &gt; should return error when token is empty" time="0.000565939">
        </testcase>
        <testcase classname="src/lib/utils/verify-turnstile.spec.ts" name="verifyTurnstile &gt; network errors &gt; should return error when fetch fails" time="0.003689308">
            <system-err>
Turnstile verification error: Error: Network error
    at [90m/home/runner/work/boudreaux/boudreaux/[39msrc/lib/utils/verify-turnstile.spec.ts:153:35
    at [90mfile:///home/runner/work/boudreaux/boudreaux/[39mnode_modules/[4m@vitest/runner[24m/dist/index.js:145:11
    at [90mfile:///home/runner/work/boudreaux/boudreaux/[39mnode_modules/[4m@vitest/runner[24m/dist/index.js:915:26
    at [90mfile:///home/runner/work/boudreaux/boudreaux/[39mnode_modules/[4m@vitest/runner[24m/dist/index.js:1243:20
    at new Promise (&lt;anonymous&gt;)
    at runWithTimeout [90m(file:///home/runner/work/boudreaux/boudreaux/[39mnode_modules/[4m@vitest/runner[24m/dist/index.js:1209:10[90m)[39m
    at [90mfile:///home/runner/work/boudreaux/boudreaux/[39mnode_modules/[4m@vitest/runner[24m/dist/index.js:1653:37
    at Traces.$ [90m(file:///home/runner/work/boudreaux/boudreaux/[39mnode_modules/[4mvitest[24m/dist/chunks/traces.CCmnQaNT.js:142:27[90m)[39m
    at trace [90m(file:///home/runner/work/boudreaux/boudreaux/[39mnode_modules/[4mvitest[24m/dist/chunks/test.B8ej_ZHS.js:239:21[90m)[39m
    at runTest [90m(file:///home/runner/work/boudreaux/boudreaux/[39mnode_modules/[4m@vitest/runner[24m/dist/index.js:1653:12[90m)[39m

            </system-err>
        </testcase>
        <testcase classname="src/lib/utils/verify-turnstile.spec.ts" name="verifyTurnstile &gt; network errors &gt; should return error when response is not ok" time="0.000975769">
            <system-err>
Turnstile verification request failed: [33m500[39m

            </system-err>
        </testcase>
        <testcase classname="src/lib/utils/verify-turnstile.spec.ts" name="verifyTurnstile &gt; network errors &gt; should return error when JSON parsing fails" time="0.001539955">
            <system-err>
Turnstile verification error: Error: Invalid JSON
    at Object.json [90m(/home/runner/work/boudreaux/boudreaux/[39msrc/lib/utils/verify-turnstile.spec.ts:176:36[90m)[39m
    at Module.verifyTurnstile [90m(/home/runner/work/boudreaux/boudreaux/[39msrc/lib/utils/verify-turnstile.ts:54:60[90m)[39m
[90m    at processTicksAndRejections (node:internal/process/task_queues:103:5)[39m
    at [90m/home/runner/work/boudreaux/boudreaux/[39msrc/lib/utils/verify-turnstile.spec.ts:179:22
    at [90mfile:///home/runner/work/boudreaux/boudreaux/[39mnode_modules/[4m@vitest/runner[24m/dist/index.js:915:20

            </system-err>
        </testcase>
    </testsuite>
    <testsuite name="src/lib/utils/account-lockout.spec.ts" timestamp="2026-02-06T06:11:34.724Z" hostname="runnervmkj6or" tests="24" failures="0" errors="0" skipped="0" time="0.014542946">
        <testcase classname="src/lib/utils/account-lockout.spec.ts" name="account-lockout &gt; checkAccountLockout &gt; should return not locked when user does not exist" time="0.000449844">
        </testcase>
        <testcase classname="src/lib/utils/account-lockout.spec.ts" name="account-lockout &gt; checkAccountLockout &gt; should return not locked when user has no lockout" time="0.000347254">
        </testcase>
        <testcase classname="src/lib/utils/account-lockout.spec.ts" name="account-lockout &gt; checkAccountLockout &gt; should return locked with remaining time when account is locked" time="0.000367041">
        </testcase>
        <testcase classname="src/lib/utils/account-lockout.spec.ts" name="account-lockout &gt; checkAccountLockout &gt; should reset lockout when lockout period has expired" time="0.000618927">
        </testcase>
        <testcase classname="src/lib/utils/account-lockout.spec.ts" name="account-lockout &gt; checkAccountLockout &gt; should not reset if lockout is expired but attempts is already 0" time="0.000400061">
        </testcase>
        <testcase classname="src/lib/utils/account-lockout.spec.ts" name="account-lockout &gt; recordFailedLogin &gt; should return not locked when user does not exist" time="0.000183079">
        </testcase>
        <testcase classname="src/lib/utils/account-lockout.spec.ts" name="account-lockout &gt; recordFailedLogin &gt; should increment failed attempts without locking (first attempt)" time="0.000277815">
        </testcase>
        <testcase classname="src/lib/utils/account-lockout.spec.ts" name="account-lockout &gt; recordFailedLogin &gt; should increment failed attempts without locking (second attempt)" time="0.0003239">
        </testcase>
        <testcase classname="src/lib/utils/account-lockout.spec.ts" name="account-lockout &gt; recordFailedLogin &gt; should increment failed attempts without locking (fourth attempt)" time="0.000353335">
        </testcase>
        <testcase classname="src/lib/utils/account-lockout.spec.ts" name="account-lockout &gt; recordFailedLogin &gt; should lock account on 5th failed attempt" time="0.000420659">
        </testcase>
        <testcase classname="src/lib/utils/account-lockout.spec.ts" name="account-lockout &gt; recordFailedLogin &gt; should handle undefined failedLoginAttempts as 0" time="0.00025898">
        </testcase>
        <testcase classname="src/lib/utils/account-lockout.spec.ts" name="account-lockout &gt; recordFailedLogin &gt; should continue incrementing after threshold (6th attempt)" time="0.00154301">
        </testcase>
        <testcase classname="src/lib/utils/account-lockout.spec.ts" name="account-lockout &gt; resetFailedLogins &gt; should reset failed login attempts and lockout" time="0.001303536">
        </testcase>
        <testcase classname="src/lib/utils/account-lockout.spec.ts" name="account-lockout &gt; resetFailedLogins &gt; should handle multiple resets" time="0.000531164">
        </testcase>
        <testcase classname="src/lib/utils/account-lockout.spec.ts" name="account-lockout &gt; formatLockoutTime &gt; should format 1 minute correctly (singular)" time="0.000089196">
        </testcase>
        <testcase classname="src/lib/utils/account-lockout.spec.ts" name="account-lockout &gt; formatLockoutTime &gt; should format multiple minutes correctly (plural)" time="0.000119693">
        </testcase>
        <testcase classname="src/lib/utils/account-lockout.spec.ts" name="account-lockout &gt; formatLockoutTime &gt; should format 15 minutes correctly" time="0.000098192">
        </testcase>
        <testcase classname="src/lib/utils/account-lockout.spec.ts" name="account-lockout &gt; formatLockoutTime &gt; should round up partial minutes" time="0.000182358">
        </testcase>
        <testcase classname="src/lib/utils/account-lockout.spec.ts" name="account-lockout &gt; formatLockoutTime &gt; should handle very small values" time="0.000110094">
        </testcase>
        <testcase classname="src/lib/utils/account-lockout.spec.ts" name="account-lockout &gt; formatLockoutTime &gt; should handle large values" time="0.000098413">
        </testcase>
        <testcase classname="src/lib/utils/account-lockout.spec.ts" name="account-lockout &gt; formatLockoutTime &gt; should handle zero" time="0.000105055">
        </testcase>
        <testcase classname="src/lib/utils/account-lockout.spec.ts" name="account-lockout &gt; integration scenarios &gt; should handle complete lockout flow" time="0.000948909">
        </testcase>
        <testcase classname="src/lib/utils/account-lockout.spec.ts" name="account-lockout &gt; integration scenarios &gt; should handle check after lockout" time="0.001816978">
        </testcase>
        <testcase classname="src/lib/utils/account-lockout.spec.ts" name="account-lockout &gt; integration scenarios &gt; should handle successful login after failed attempts" time="0.000952456">
        </testcase>
    </testsuite>
    <testsuite name="src/lib/actions/change-username-action.spec.ts" timestamp="2026-02-06T06:11:34.729Z" hostname="runnervmkj6or" tests="19" failures="0" errors="0" skipped="0" time="0.018107934">
        <testcase classname="src/lib/actions/change-username-action.spec.ts" name="changeUsernameAction &gt; successful username change flow &gt; should update username when data is valid and user is authenticated" time="0.001630502">
            <system-out>
[SECURITY_AUDIT] {
  event: [32m&apos;user.username.changed&apos;[39m,
  userId: [32m&apos;user-123&apos;[39m,
  metadata: { previousUsername: [90mundefined[39m, newUsername: [32m&apos;newusername&apos;[39m },
  timestamp: [35m2026-02-06T06:10:36.799Z[39m
}

            </system-out>
        </testcase>
        <testcase classname="src/lib/actions/change-username-action.spec.ts" name="changeUsernameAction &gt; successful username change flow &gt; should set hasTimeout to false on successful update" time="0.000639806">
            <system-out>
[SECURITY_AUDIT] {
  event: [32m&apos;user.username.changed&apos;[39m,
  userId: [32m&apos;user-123&apos;[39m,
  metadata: { previousUsername: [90mundefined[39m, newUsername: [32m&apos;newusername&apos;[39m },
  timestamp: [35m2026-02-06T06:10:36.800Z[39m
}

            </system-out>
        </testcase>
        <testcase classname="src/lib/actions/change-username-action.spec.ts" name="changeUsernameAction &gt; validation failures &gt; should return form state with errors when validation fails" time="0.000594873">
        </testcase>
        <testcase classname="src/lib/actions/change-username-action.spec.ts" name="changeUsernameAction &gt; validation failures &gt; should return error when usernames do not match" time="0.000528049">
        </testcase>
        <testcase classname="src/lib/actions/change-username-action.spec.ts" name="changeUsernameAction &gt; authentication failures &gt; should throw error when user is not authenticated" time="0.000600052">
        </testcase>
        <testcase classname="src/lib/actions/change-username-action.spec.ts" name="changeUsernameAction &gt; authentication failures &gt; should throw error when session has no user id" time="0.000328829">
        </testcase>
        <testcase classname="src/lib/actions/change-username-action.spec.ts" name="changeUsernameAction &gt; database errors &gt; should handle duplicate username errors" time="0.000369735">
        </testcase>
        <testcase classname="src/lib/actions/change-username-action.spec.ts" name="changeUsernameAction &gt; database errors &gt; should handle timeout errors with ETIMEOUT in message" time="0.000360277">
        </testcase>
        <testcase classname="src/lib/actions/change-username-action.spec.ts" name="changeUsernameAction &gt; database errors &gt; should handle timeout errors with &quot;timeout&quot; in message" time="0.000332797">
        </testcase>
        <testcase classname="src/lib/actions/change-username-action.spec.ts" name="changeUsernameAction &gt; database errors &gt; should handle timeout errors with &quot;timed out&quot; in message" time="0.000470532">
        </testcase>
        <testcase classname="src/lib/actions/change-username-action.spec.ts" name="changeUsernameAction &gt; database errors &gt; should handle timeout errors with ETIMEOUT error code" time="0.000380826">
        </testcase>
        <testcase classname="src/lib/actions/change-username-action.spec.ts" name="changeUsernameAction &gt; database errors &gt; should handle unknown Prisma errors with P2002 but different target" time="0.001459455">
        </testcase>
        <testcase classname="src/lib/actions/change-username-action.spec.ts" name="changeUsernameAction &gt; database errors &gt; should handle other Prisma errors" time="0.000482064">
        </testcase>
        <testcase classname="src/lib/actions/change-username-action.spec.ts" name="changeUsernameAction &gt; database errors &gt; should handle general errors" time="0.000386577">
        </testcase>
        <testcase classname="src/lib/actions/change-username-action.spec.ts" name="changeUsernameAction &gt; database errors &gt; should handle non-Error thrown values" time="0.000380825">
        </testcase>
        <testcase classname="src/lib/actions/change-username-action.spec.ts" name="changeUsernameAction &gt; edge cases &gt; should call setUnknownError when success but fields not properly set" time="0.001995609">
            <system-out>
[SECURITY_AUDIT] {
  event: [32m&apos;user.username.changed&apos;[39m,
  userId: [32m&apos;user-123&apos;[39m,
  metadata: { previousUsername: [90mundefined[39m, newUsername: [32m&apos;newusername&apos;[39m },
  timestamp: [35m2026-02-06T06:10:36.795Z[39m
}

            </system-out>
        </testcase>
        <testcase classname="src/lib/actions/change-username-action.spec.ts" name="changeUsernameAction &gt; edge cases &gt; should preserve form state fields when returning errors" time="0.002813244">
        </testcase>
        <testcase classname="src/lib/actions/change-username-action.spec.ts" name="changeUsernameAction &gt; edge cases &gt; should handle duplicate username error without calling setUnknownError" time="0.00129474">
        </testcase>
        <testcase classname="src/lib/actions/change-username-action.spec.ts" name="changeUsernameAction &gt; edge cases &gt; should handle empty username strings" time="0.00047502">
        </testcase>
    </testsuite>
    <testsuite name="src/app/components/header/header.spec.tsx" timestamp="2026-02-06T06:11:34.732Z" hostname="runnervmkj6or" tests="16" failures="0" errors="0" skipped="0" time="0.198860716">
        <testcase classname="src/app/components/header/header.spec.tsx" name="Header &gt; renders without crashing" time="0.007395498">
        </testcase>
        <testcase classname="src/app/components/header/header.spec.tsx" name="Header &gt; renders with sticky positioning" time="0.016322104">
        </testcase>
        <testcase classname="src/app/components/header/header.spec.tsx" name="Header &gt; renders Logo component with isMobile=false by default" time="0.008628081">
        </testcase>
        <testcase classname="src/app/components/header/header.spec.tsx" name="Header &gt; renders Logo component with isMobile=true when passed" time="0.005628412">
        </testcase>
        <testcase classname="src/app/components/header/header.spec.tsx" name="Header &gt; mobile mode &gt; renders hamburger menu in mobile mode" time="0.012330695">
        </testcase>
        <testcase classname="src/app/components/header/header.spec.tsx" name="Header &gt; mobile mode &gt; renders Fake Four Inc words image in mobile mode" time="0.016086316">
        </testcase>
        <testcase classname="src/app/components/header/header.spec.tsx" name="Header &gt; mobile mode &gt; renders image with correct dimensions" time="0.011007163">
        </testcase>
        <testcase classname="src/app/components/header/header.spec.tsx" name="Header &gt; mobile mode &gt; image has priority flag set" time="0.010206538">
        </testcase>
        <testcase classname="src/app/components/header/header.spec.tsx" name="Header &gt; desktop mode &gt; does not render hamburger menu in desktop mode" time="0.008699064">
        </testcase>
        <testcase classname="src/app/components/header/header.spec.tsx" name="Header &gt; desktop mode &gt; does not render Fake Four Inc words image in desktop mode" time="0.009828968">
        </testcase>
        <testcase classname="src/app/components/header/header.spec.tsx" name="Header &gt; animated background &gt; renders motion div for animated background" time="0.012614852">
        </testcase>
        <testcase classname="src/app/components/header/header.spec.tsx" name="Header &gt; sparkle effects &gt; renders sparkle container with suppressHydrationWarning" time="0.008380553">
        </testcase>
        <testcase classname="src/app/components/header/header.spec.tsx" name="Header &gt; sparkle effects &gt; generates sparkles on initial render" time="0.008937557">
        </testcase>
        <testcase classname="src/app/components/header/header.spec.tsx" name="Header &gt; header content &gt; renders header element with flex layout" time="0.012210353">
        </testcase>
        <testcase classname="src/app/components/header/header.spec.tsx" name="Header &gt; header content &gt; applies desktop height styles" time="0.037393099">
        </testcase>
        <testcase classname="src/app/components/header/header.spec.tsx" name="Header &gt; header content &gt; applies mobile height styles" time="0.010214363">
        </testcase>
    </testsuite>
    <testsuite name="src/lib/validation/change-username-schema.spec.ts" timestamp="2026-02-06T06:11:34.735Z" hostname="runnervmkj6or" tests="23" failures="0" errors="0" skipped="0" time="0.012537921">
        <testcase classname="src/lib/validation/change-username-schema.spec.ts" name="changeUsernameSchema &gt; valid data &gt; should accept valid username data" time="0.000159285">
        </testcase>
        <testcase classname="src/lib/validation/change-username-schema.spec.ts" name="changeUsernameSchema &gt; valid data &gt; should accept username with letters only" time="0.000137485">
        </testcase>
        <testcase classname="src/lib/validation/change-username-schema.spec.ts" name="changeUsernameSchema &gt; valid data &gt; should accept username with numbers only" time="0.000269751">
        </testcase>
        <testcase classname="src/lib/validation/change-username-schema.spec.ts" name="changeUsernameSchema &gt; valid data &gt; should accept username with underscores" time="0.000223063">
        </testcase>
        <testcase classname="src/lib/validation/change-username-schema.spec.ts" name="changeUsernameSchema &gt; valid data &gt; should accept username with dashes" time="0.000355198">
        </testcase>
        <testcase classname="src/lib/validation/change-username-schema.spec.ts" name="changeUsernameSchema &gt; valid data &gt; should accept username at minimum length (2 characters)" time="0.000206924">
        </testcase>
        <testcase classname="src/lib/validation/change-username-schema.spec.ts" name="changeUsernameSchema &gt; valid data &gt; should accept username at maximum length (100 characters)" time="0.00015102">
        </testcase>
        <testcase classname="src/lib/validation/change-username-schema.spec.ts" name="changeUsernameSchema &gt; valid data &gt; should accept mixed alphanumeric with special characters" time="0.000228373">
        </testcase>
        <testcase classname="src/lib/validation/change-username-schema.spec.ts" name="changeUsernameSchema &gt; invalid data &gt; should reject mismatched usernames" time="0.000916168">
        </testcase>
        <testcase classname="src/lib/validation/change-username-schema.spec.ts" name="changeUsernameSchema &gt; invalid data &gt; should reject username shorter than 2 characters" time="0.000270462">
        </testcase>
        <testcase classname="src/lib/validation/change-username-schema.spec.ts" name="changeUsernameSchema &gt; invalid data &gt; should reject username longer than 100 characters" time="0.000521416">
        </testcase>
        <testcase classname="src/lib/validation/change-username-schema.spec.ts" name="changeUsernameSchema &gt; invalid data &gt; should reject username with spaces" time="0.002759565">
        </testcase>
        <testcase classname="src/lib/validation/change-username-schema.spec.ts" name="changeUsernameSchema &gt; invalid data &gt; should reject username with special characters (other than dash and underscore)" time="0.001851884">
        </testcase>
        <testcase classname="src/lib/validation/change-username-schema.spec.ts" name="changeUsernameSchema &gt; invalid data &gt; should require username field" time="0.000184071">
        </testcase>
        <testcase classname="src/lib/validation/change-username-schema.spec.ts" name="changeUsernameSchema &gt; invalid data &gt; should require confirmUsername field" time="0.000594913">
        </testcase>
        <testcase classname="src/lib/validation/change-username-schema.spec.ts" name="changeUsernameSchema &gt; edge cases &gt; should handle empty strings in username fields" time="0.000189111">
        </testcase>
        <testcase classname="src/lib/validation/change-username-schema.spec.ts" name="changeUsernameSchema &gt; edge cases &gt; should handle whitespace-only usernames" time="0.000140721">
        </testcase>
        <testcase classname="src/lib/validation/change-username-schema.spec.ts" name="changeUsernameSchema &gt; edge cases &gt; should be case-sensitive for matching" time="0.000171408">
        </testcase>
        <testcase classname="src/lib/validation/change-username-schema.spec.ts" name="changeUsernameSchema &gt; edge cases &gt; should reject username with leading/trailing spaces" time="0.000137735">
        </testcase>
        <testcase classname="src/lib/validation/change-username-schema.spec.ts" name="changeUsernameSchema &gt; edge cases &gt; should reject null values" time="0.000176297">
        </testcase>
        <testcase classname="src/lib/validation/change-username-schema.spec.ts" name="changeUsernameSchema &gt; edge cases &gt; should reject undefined values" time="0.000148004">
        </testcase>
        <testcase classname="src/lib/validation/change-username-schema.spec.ts" name="changeUsernameSchema &gt; edge cases &gt; should handle unicode characters" time="0.000156791">
        </testcase>
        <testcase classname="src/lib/validation/change-username-schema.spec.ts" name="changeUsernameSchema &gt; edge cases &gt; should handle emojis" time="0.000227471">
        </testcase>
    </testsuite>
    <testsuite name="src/app/components/ui/audio/carousel-number-up.spec.tsx" timestamp="2026-02-06T06:11:34.739Z" hostname="runnervmkj6or" tests="14" failures="0" errors="0" skipped="0" time="0.13650409">
        <testcase classname="src/app/components/ui/audio/carousel-number-up.spec.tsx" name="CarouselNumberUp &gt; renders carousel with aria-label" time="0.003851679">
        </testcase>
        <testcase classname="src/app/components/ui/audio/carousel-number-up.spec.tsx" name="CarouselNumberUp &gt; renders carousel content" time="0.003417044">
        </testcase>
        <testcase classname="src/app/components/ui/audio/carousel-number-up.spec.tsx" name="CarouselNumberUp &gt; renders navigation buttons" time="0.005295625">
        </testcase>
        <testcase classname="src/app/components/ui/audio/carousel-number-up.spec.tsx" name="CarouselNumberUp &gt; limits displayed artists to numberUp value" time="0.002717356">
        </testcase>
        <testcase classname="src/app/components/ui/audio/carousel-number-up.spec.tsx" name="CarouselNumberUp &gt; renders all artists when numberUp is greater than array length" time="0.005889015">
        </testcase>
        <testcase classname="src/app/components/ui/audio/carousel-number-up.spec.tsx" name="CarouselNumberUp &gt; renders images with correct cover art" time="0.010546579">
        </testcase>
        <testcase classname="src/app/components/ui/audio/carousel-number-up.spec.tsx" name="CarouselNumberUp &gt; uses displayName when available for alt text" time="0.002548154">
        </testcase>
        <testcase classname="src/app/components/ui/audio/carousel-number-up.spec.tsx" name="CarouselNumberUp &gt; uses firstName and surname when displayName is null" time="0.003262307">
        </testcase>
        <testcase classname="src/app/components/ui/audio/carousel-number-up.spec.tsx" name="CarouselNumberUp &gt; renders with default numberUp when not specified" time="0.0039271">
        </testcase>
        <testcase classname="src/app/components/ui/audio/carousel-number-up.spec.tsx" name="CarouselNumberUp &gt; renders with horizontal orientation" time="0.030850223">
        </testcase>
        <testcase classname="src/app/components/ui/audio/carousel-number-up.spec.tsx" name="CarouselNumberUp &gt; handles empty artists array" time="0.001477108">
        </testcase>
        <testcase classname="src/app/components/ui/audio/carousel-number-up.spec.tsx" name="CarouselNumberUp &gt; sorts releases by date and uses most recent cover art" time="0.004765634">
        </testcase>
        <testcase classname="src/app/components/ui/audio/carousel-number-up.spec.tsx" name="CarouselNumberUp &gt; uses displayName when available" time="0.005281189">
        </testcase>
        <testcase classname="src/app/components/ui/audio/carousel-number-up.spec.tsx" name="CarouselNumberUp &gt; uses firstName and surname fallback when displayName is null" time="0.050390342">
        </testcase>
    </testsuite>
    <testsuite name="src/lib/utils/auth/require-role.spec.ts" timestamp="2026-02-06T06:11:34.742Z" hostname="runnervmkj6or" tests="10" failures="0" errors="0" skipped="0" time="0.008244953">
        <testcase classname="src/lib/utils/auth/require-role.spec.ts" name="requireRole &gt; when user has required role &gt; should resolve successfully for admin role" time="0.000472806">
        </testcase>
        <testcase classname="src/lib/utils/auth/require-role.spec.ts" name="requireRole &gt; when user has required role &gt; should resolve successfully for user role" time="0.000213486">
        </testcase>
        <testcase classname="src/lib/utils/auth/require-role.spec.ts" name="requireRole &gt; when user does not have required role &gt; should throw Unauthorized when user has different role" time="0.002617221">
        </testcase>
        <testcase classname="src/lib/utils/auth/require-role.spec.ts" name="requireRole &gt; when user does not have required role &gt; should throw Unauthorized when user role is undefined" time="0.000481111">
        </testcase>
        <testcase classname="src/lib/utils/auth/require-role.spec.ts" name="requireRole &gt; when session is invalid &gt; should throw Unauthorized when session is null" time="0.000354557">
        </testcase>
        <testcase classname="src/lib/utils/auth/require-role.spec.ts" name="requireRole &gt; when session is invalid &gt; should throw Unauthorized when user is null" time="0.000336143">
        </testcase>
        <testcase classname="src/lib/utils/auth/require-role.spec.ts" name="requireRole &gt; when session is invalid &gt; should throw Unauthorized when user is undefined" time="0.000370657">
        </testcase>
        <testcase classname="src/lib/utils/auth/require-role.spec.ts" name="requireRole &gt; edge cases &gt; should handle case-sensitive role comparison" time="0.00048007">
        </testcase>
        <testcase classname="src/lib/utils/auth/require-role.spec.ts" name="requireRole &gt; edge cases &gt; should throw Unauthorized for empty role string when user has a role" time="0.000409699">
        </testcase>
        <testcase classname="src/lib/utils/auth/require-role.spec.ts" name="requireRole &gt; edge cases &gt; should throw Unauthorized for empty role string when user has empty role" time="0.000367642">
        </testcase>
    </testsuite>
    <testsuite name="src/app/components/ui/carousel.spec.tsx" timestamp="2026-02-06T06:11:34.743Z" hostname="runnervmkj6or" tests="33" failures="0" errors="0" skipped="0" time="0.26615577">
        <testcase classname="src/app/components/ui/carousel.spec.tsx" name="Carousel &gt; renders with children" time="0.003402858">
        </testcase>
        <testcase classname="src/app/components/ui/carousel.spec.tsx" name="Carousel &gt; has carousel role with aria-roledescription" time="0.0035174">
        </testcase>
        <testcase classname="src/app/components/ui/carousel.spec.tsx" name="Carousel &gt; renders with data-slot attribute" time="0.002219925">
        </testcase>
        <testcase classname="src/app/components/ui/carousel.spec.tsx" name="Carousel &gt; applies custom className" time="0.002648319">
        </testcase>
        <testcase classname="src/app/components/ui/carousel.spec.tsx" name="Carousel &gt; renders with default horizontal orientation" time="0.002273755">
        </testcase>
        <testcase classname="src/app/components/ui/carousel.spec.tsx" name="CarouselContent &gt; renders with data-slot attribute" time="0.001518845">
        </testcase>
        <testcase classname="src/app/components/ui/carousel.spec.tsx" name="CarouselContent &gt; applies overflow-hidden class" time="0.001935607">
        </testcase>
        <testcase classname="src/app/components/ui/carousel.spec.tsx" name="CarouselContent &gt; applies custom className" time="0.002168129">
        </testcase>
        <testcase classname="src/app/components/ui/carousel.spec.tsx" name="CarouselItem &gt; renders with group role and slide aria-roledescription" time="0.006135212">
        </testcase>
        <testcase classname="src/app/components/ui/carousel.spec.tsx" name="CarouselItem &gt; renders with data-slot attribute" time="0.004001708">
        </testcase>
        <testcase classname="src/app/components/ui/carousel.spec.tsx" name="CarouselItem &gt; applies custom className" time="0.009720177">
        </testcase>
        <testcase classname="src/app/components/ui/carousel.spec.tsx" name="CarouselItem &gt; handles click events" time="0.02459581">
        </testcase>
        <testcase classname="src/app/components/ui/carousel.spec.tsx" name="CarouselPrevious &gt; renders previous button with data-slot attribute" time="0.003008477">
        </testcase>
        <testcase classname="src/app/components/ui/carousel.spec.tsx" name="CarouselPrevious &gt; has sr-only text for accessibility" time="0.003270202">
        </testcase>
        <testcase classname="src/app/components/ui/carousel.spec.tsx" name="CarouselPrevious &gt; applies custom className" time="0.003449463">
        </testcase>
        <testcase classname="src/app/components/ui/carousel.spec.tsx" name="CarouselNext &gt; renders next button with data-slot attribute" time="0.002679316">
        </testcase>
        <testcase classname="src/app/components/ui/carousel.spec.tsx" name="CarouselNext &gt; has sr-only text for accessibility" time="0.003178742">
        </testcase>
        <testcase classname="src/app/components/ui/carousel.spec.tsx" name="CarouselNext &gt; applies custom className" time="0.002890387">
        </testcase>
        <testcase classname="src/app/components/ui/carousel.spec.tsx" name="useCarousel hook error &gt; throws error when used outside Carousel context" time="0.004941991">
        </testcase>
        <testcase classname="src/app/components/ui/carousel.spec.tsx" name="Carousel keyboard navigation &gt; scrolls to previous slide on ArrowLeft key press" time="0.016897371">
        </testcase>
        <testcase classname="src/app/components/ui/carousel.spec.tsx" name="Carousel keyboard navigation &gt; scrolls to next slide on ArrowRight key press" time="0.013199887">
        </testcase>
        <testcase classname="src/app/components/ui/carousel.spec.tsx" name="Carousel with setApi callback &gt; calls setApi when api is available" time="0.001868514">
        </testcase>
        <testcase classname="src/app/components/ui/carousel.spec.tsx" name="Carousel vertical orientation &gt; applies vertical orientation styling" time="0.001901645">
        </testcase>
        <testcase classname="src/app/components/ui/carousel.spec.tsx" name="Carousel vertical orientation &gt; renders previous button with vertical positioning" time="0.002881732">
        </testcase>
        <testcase classname="src/app/components/ui/carousel.spec.tsx" name="Carousel vertical orientation &gt; renders next button with vertical positioning" time="0.003342034">
        </testcase>
        <testcase classname="src/app/components/ui/carousel.spec.tsx" name="CarouselPrevious button click &gt; calls scrollPrev when clicked" time="0.101451368">
        </testcase>
        <testcase classname="src/app/components/ui/carousel.spec.tsx" name="CarouselNext button click &gt; calls scrollNext when clicked" time="0.01211146">
        </testcase>
        <testcase classname="src/app/components/ui/carousel.spec.tsx" name="Carousel with null api edge cases &gt; handles api being null in onSelect" time="0.003571169">
        </testcase>
        <testcase classname="src/app/components/ui/carousel.spec.tsx" name="Carousel with null api edge cases &gt; handles no setApi callback provided" time="0.002678485">
        </testcase>
        <testcase classname="src/app/components/ui/carousel.spec.tsx" name="Carousel orientation from opts &gt; derives vertical orientation from opts.axis when orientation not specified" time="0.004011175">
        </testcase>
        <testcase classname="src/app/components/ui/carousel.spec.tsx" name="Carousel orientation from opts &gt; uses horizontal as default when no opts.axis provided" time="0.00299417">
        </testcase>
        <testcase classname="src/app/components/ui/carousel.spec.tsx" name="Carousel button disabled states &gt; previous button respects canScrollPrev state" time="0.004021213">
        </testcase>
        <testcase classname="src/app/components/ui/carousel.spec.tsx" name="Carousel button disabled states &gt; next button respects canScrollNext state" time="0.00421893">
        </testcase>
    </testsuite>
    <testsuite name="src/lib/actions/release-image-actions.spec.ts" timestamp="2026-02-06T06:11:34.749Z" hostname="runnervmkj6or" tests="38" failures="0" errors="0" skipped="0" time="0.028482134">
        <testcase classname="src/lib/actions/release-image-actions.spec.ts" name="release-image-actions &gt; deleteReleaseImageAction &gt; should require admin role" time="0.000376899">
        </testcase>
        <testcase classname="src/lib/actions/release-image-actions.spec.ts" name="release-image-actions &gt; deleteReleaseImageAction &gt; should return error when user is not logged in" time="0.000222622">
        </testcase>
        <testcase classname="src/lib/actions/release-image-actions.spec.ts" name="release-image-actions &gt; deleteReleaseImageAction &gt; should return error when user is not admin" time="0.000213676">
        </testcase>
        <testcase classname="src/lib/actions/release-image-actions.spec.ts" name="release-image-actions &gt; deleteReleaseImageAction &gt; should return error when user session has no id" time="0.000242339">
        </testcase>
        <testcase classname="src/lib/actions/release-image-actions.spec.ts" name="release-image-actions &gt; deleteReleaseImageAction &gt; should skip S3 delete when no S3 bucket configured" time="0.000351081">
        </testcase>
        <testcase classname="src/lib/actions/release-image-actions.spec.ts" name="release-image-actions &gt; deleteReleaseImageAction &gt; should skip S3 delete when image src is empty" time="0.00029622">
        </testcase>
        <testcase classname="src/lib/actions/release-image-actions.spec.ts" name="release-image-actions &gt; deleteReleaseImageAction &gt; should skip S3 delete when URL does not match any known pattern" time="0.000250114">
        </testcase>
        <testcase classname="src/lib/actions/release-image-actions.spec.ts" name="release-image-actions &gt; deleteReleaseImageAction &gt; should return error when image not found" time="0.0002483">
        </testcase>
        <testcase classname="src/lib/actions/release-image-actions.spec.ts" name="release-image-actions &gt; deleteReleaseImageAction &gt; should delete image from S3 and database" time="0.000459051">
        </testcase>
        <testcase classname="src/lib/actions/release-image-actions.spec.ts" name="release-image-actions &gt; deleteReleaseImageAction &gt; should delete from S3 with S3 URL format" time="0.000634135">
        </testcase>
        <testcase classname="src/lib/actions/release-image-actions.spec.ts" name="release-image-actions &gt; deleteReleaseImageAction &gt; should continue with DB delete even if S3 delete fails" time="0.000810743">
            <system-err>
S3 delete error (continuing with DB delete): Error: S3 error
    at [90m/home/runner/work/boudreaux/boudreaux/[39msrc/lib/actions/release-image-actions.spec.ts:213:40
    at [90mfile:///home/runner/work/boudreaux/boudreaux/[39mnode_modules/[4m@vitest/runner[24m/dist/index.js:145:11
    at [90mfile:///home/runner/work/boudreaux/boudreaux/[39mnode_modules/[4m@vitest/runner[24m/dist/index.js:915:26
    at [90mfile:///home/runner/work/boudreaux/boudreaux/[39mnode_modules/[4m@vitest/runner[24m/dist/index.js:1243:20
    at new Promise (&lt;anonymous&gt;)
    at runWithTimeout [90m(file:///home/runner/work/boudreaux/boudreaux/[39mnode_modules/[4m@vitest/runner[24m/dist/index.js:1209:10[90m)[39m
    at [90mfile:///home/runner/work/boudreaux/boudreaux/[39mnode_modules/[4m@vitest/runner[24m/dist/index.js:1653:37
    at Traces.$ [90m(file:///home/runner/work/boudreaux/boudreaux/[39mnode_modules/[4mvitest[24m/dist/chunks/traces.CCmnQaNT.js:142:27[90m)[39m
    at trace [90m(file:///home/runner/work/boudreaux/boudreaux/[39mnode_modules/[4mvitest[24m/dist/chunks/test.B8ej_ZHS.js:239:21[90m)[39m
    at runTest [90m(file:///home/runner/work/boudreaux/boudreaux/[39mnode_modules/[4m@vitest/runner[24m/dist/index.js:1653:12[90m)[39m

            </system-err>
        </testcase>
        <testcase classname="src/lib/actions/release-image-actions.spec.ts" name="release-image-actions &gt; deleteReleaseImageAction &gt; should log security event on successful deletion" time="0.000380165">
        </testcase>
        <testcase classname="src/lib/actions/release-image-actions.spec.ts" name="release-image-actions &gt; deleteReleaseImageAction &gt; should revalidate paths on successful deletion" time="0.000476323">
        </testcase>
        <testcase classname="src/lib/actions/release-image-actions.spec.ts" name="release-image-actions &gt; deleteReleaseImageAction &gt; should return error on unexpected failure" time="0.000921909">
            <system-err>
Delete release image action error: Error: Database error
    at [90m/home/runner/work/boudreaux/boudreaux/[39msrc/lib/actions/release-image-actions.spec.ts:261:60
    at [90mfile:///home/runner/work/boudreaux/boudreaux/[39mnode_modules/[4m@vitest/runner[24m/dist/index.js:145:11
    at [90mfile:///home/runner/work/boudreaux/boudreaux/[39mnode_modules/[4m@vitest/runner[24m/dist/index.js:915:26
    at [90mfile:///home/runner/work/boudreaux/boudreaux/[39mnode_modules/[4m@vitest/runner[24m/dist/index.js:1243:20
    at new Promise (&lt;anonymous&gt;)
    at runWithTimeout [90m(file:///home/runner/work/boudreaux/boudreaux/[39mnode_modules/[4m@vitest/runner[24m/dist/index.js:1209:10[90m)[39m
    at [90mfile:///home/runner/work/boudreaux/boudreaux/[39mnode_modules/[4m@vitest/runner[24m/dist/index.js:1653:37
    at Traces.$ [90m(file:///home/runner/work/boudreaux/boudreaux/[39mnode_modules/[4mvitest[24m/dist/chunks/traces.CCmnQaNT.js:142:27[90m)[39m
    at trace [90m(file:///home/runner/work/boudreaux/boudreaux/[39mnode_modules/[4mvitest[24m/dist/chunks/test.B8ej_ZHS.js:239:21[90m)[39m
    at runTest [90m(file:///home/runner/work/boudreaux/boudreaux/[39mnode_modules/[4m@vitest/runner[24m/dist/index.js:1653:12[90m)[39m

            </system-err>
        </testcase>
        <testcase classname="src/lib/actions/release-image-actions.spec.ts" name="release-image-actions &gt; getReleaseImagesAction &gt; should return images for a release" time="0.000928872">
        </testcase>
        <testcase classname="src/lib/actions/release-image-actions.spec.ts" name="release-image-actions &gt; getReleaseImagesAction &gt; should return empty array when no images found" time="0.000359427">
        </testcase>
        <testcase classname="src/lib/actions/release-image-actions.spec.ts" name="release-image-actions &gt; getReleaseImagesAction &gt; should handle null values in image data" time="0.000809761">
        </testcase>
        <testcase classname="src/lib/actions/release-image-actions.spec.ts" name="release-image-actions &gt; getReleaseImagesAction &gt; should return error on database failure" time="0.005607764">
            <system-err>
Get release images action error: Error: Database error
    at [90m/home/runner/work/boudreaux/boudreaux/[39msrc/lib/actions/release-image-actions.spec.ts:334:58
    at [90mfile:///home/runner/work/boudreaux/boudreaux/[39mnode_modules/[4m@vitest/runner[24m/dist/index.js:145:11
    at [90mfile:///home/runner/work/boudreaux/boudreaux/[39mnode_modules/[4m@vitest/runner[24m/dist/index.js:915:26
    at [90mfile:///home/runner/work/boudreaux/boudreaux/[39mnode_modules/[4m@vitest/runner[24m/dist/index.js:1243:20
    at new Promise (&lt;anonymous&gt;)
    at runWithTimeout [90m(file:///home/runner/work/boudreaux/boudreaux/[39mnode_modules/[4m@vitest/runner[24m/dist/index.js:1209:10[90m)[39m
    at [90mfile:///home/runner/work/boudreaux/boudreaux/[39mnode_modules/[4m@vitest/runner[24m/dist/index.js:1653:37
    at Traces.$ [90m(file:///home/runner/work/boudreaux/boudreaux/[39mnode_modules/[4mvitest[24m/dist/chunks/traces.CCmnQaNT.js:142:27[90m)[39m
    at trace [90m(file:///home/runner/work/boudreaux/boudreaux/[39mnode_modules/[4mvitest[24m/dist/chunks/test.B8ej_ZHS.js:239:21[90m)[39m
    at runTest [90m(file:///home/runner/work/boudreaux/boudreaux/[39mnode_modules/[4m@vitest/runner[24m/dist/index.js:1653:12[90m)[39m

            </system-err>
        </testcase>
        <testcase classname="src/lib/actions/release-image-actions.spec.ts" name="release-image-actions &gt; getReleaseImagesAction &gt; should order images by sortOrder ascending" time="0.002987868">
        </testcase>
        <testcase classname="src/lib/actions/release-image-actions.spec.ts" name="release-image-actions &gt; updateReleaseImageAction &gt; should require admin role" time="0.001428868">
        </testcase>
        <testcase classname="src/lib/actions/release-image-actions.spec.ts" name="release-image-actions &gt; updateReleaseImageAction &gt; should return error when user is not logged in" time="0.000329531">
        </testcase>
        <testcase classname="src/lib/actions/release-image-actions.spec.ts" name="release-image-actions &gt; updateReleaseImageAction &gt; should return error when user is not admin" time="0.000240396">
        </testcase>
        <testcase classname="src/lib/actions/release-image-actions.spec.ts" name="release-image-actions &gt; updateReleaseImageAction &gt; should return error when user session has no id" time="0.00046427">
        </testcase>
        <testcase classname="src/lib/actions/release-image-actions.spec.ts" name="release-image-actions &gt; updateReleaseImageAction &gt; should update image caption" time="0.000668589">
        </testcase>
        <testcase classname="src/lib/actions/release-image-actions.spec.ts" name="release-image-actions &gt; updateReleaseImageAction &gt; should update image altText" time="0.000871566">
        </testcase>
        <testcase classname="src/lib/actions/release-image-actions.spec.ts" name="release-image-actions &gt; updateReleaseImageAction &gt; should update both caption and altText" time="0.000453791">
        </testcase>
        <testcase classname="src/lib/actions/release-image-actions.spec.ts" name="release-image-actions &gt; updateReleaseImageAction &gt; should revalidate path on successful update" time="0.000250194">
        </testcase>
        <testcase classname="src/lib/actions/release-image-actions.spec.ts" name="release-image-actions &gt; updateReleaseImageAction &gt; should return error on database failure" time="0.001018988">
            <system-err>
Update release image action error: Error: Database error
    at [90m/home/runner/work/boudreaux/boudreaux/[39msrc/lib/actions/release-image-actions.spec.ts:463:56
    at [90mfile:///home/runner/work/boudreaux/boudreaux/[39mnode_modules/[4m@vitest/runner[24m/dist/index.js:145:11
    at [90mfile:///home/runner/work/boudreaux/boudreaux/[39mnode_modules/[4m@vitest/runner[24m/dist/index.js:915:26
    at [90mfile:///home/runner/work/boudreaux/boudreaux/[39mnode_modules/[4m@vitest/runner[24m/dist/index.js:1243:20
    at new Promise (&lt;anonymous&gt;)
    at runWithTimeout [90m(file:///home/runner/work/boudreaux/boudreaux/[39mnode_modules/[4m@vitest/runner[24m/dist/index.js:1209:10[90m)[39m
    at [90mfile:///home/runner/work/boudreaux/boudreaux/[39mnode_modules/[4m@vitest/runner[24m/dist/index.js:1653:37
    at Traces.$ [90m(file:///home/runner/work/boudreaux/boudreaux/[39mnode_modules/[4mvitest[24m/dist/chunks/traces.CCmnQaNT.js:142:27[90m)[39m
    at trace [90m(file:///home/runner/work/boudreaux/boudreaux/[39mnode_modules/[4mvitest[24m/dist/chunks/test.B8ej_ZHS.js:239:21[90m)[39m
    at runTest [90m(file:///home/runner/work/boudreaux/boudreaux/[39mnode_modules/[4m@vitest/runner[24m/dist/index.js:1653:12[90m)[39m

            </system-err>
        </testcase>
        <testcase classname="src/lib/actions/release-image-actions.spec.ts" name="release-image-actions &gt; reorderReleaseImagesAction &gt; should require admin role" time="0.00040514">
        </testcase>
        <testcase classname="src/lib/actions/release-image-actions.spec.ts" name="release-image-actions &gt; reorderReleaseImagesAction &gt; should return error when user is not logged in" time="0.000187247">
        </testcase>
        <testcase classname="src/lib/actions/release-image-actions.spec.ts" name="release-image-actions &gt; reorderReleaseImagesAction &gt; should return error when user is not admin" time="0.000271734">
        </testcase>
        <testcase classname="src/lib/actions/release-image-actions.spec.ts" name="release-image-actions &gt; reorderReleaseImagesAction &gt; should return error when user session has no id" time="0.000189992">
        </testcase>
        <testcase classname="src/lib/actions/release-image-actions.spec.ts" name="release-image-actions &gt; reorderReleaseImagesAction &gt; should return error when no image IDs provided" time="0.000219877">
        </testcase>
        <testcase classname="src/lib/actions/release-image-actions.spec.ts" name="release-image-actions &gt; reorderReleaseImagesAction &gt; should reorder images in a transaction" time="0.000239413">
        </testcase>
        <testcase classname="src/lib/actions/release-image-actions.spec.ts" name="release-image-actions &gt; reorderReleaseImagesAction &gt; should log security event on successful reorder" time="0.000282002">
        </testcase>
        <testcase classname="src/lib/actions/release-image-actions.spec.ts" name="release-image-actions &gt; reorderReleaseImagesAction &gt; should revalidate paths on successful reorder" time="0.000397607">
        </testcase>
        <testcase classname="src/lib/actions/release-image-actions.spec.ts" name="release-image-actions &gt; reorderReleaseImagesAction &gt; should return updated images after reorder" time="0.000539299">
        </testcase>
        <testcase classname="src/lib/actions/release-image-actions.spec.ts" name="release-image-actions &gt; reorderReleaseImagesAction &gt; should return error on database failure" time="0.000710126">
            <system-err>
Reorder release images action error: Error: Database error
    at [90m/home/runner/work/boudreaux/boudreaux/[39msrc/lib/actions/release-image-actions.spec.ts:593:56
    at [90mfile:///home/runner/work/boudreaux/boudreaux/[39mnode_modules/[4m@vitest/runner[24m/dist/index.js:145:11
    at [90mfile:///home/runner/work/boudreaux/boudreaux/[39mnode_modules/[4m@vitest/runner[24m/dist/index.js:915:26
    at [90mfile:///home/runner/work/boudreaux/boudreaux/[39mnode_modules/[4m@vitest/runner[24m/dist/index.js:1243:20
    at new Promise (&lt;anonymous&gt;)
    at runWithTimeout [90m(file:///home/runner/work/boudreaux/boudreaux/[39mnode_modules/[4m@vitest/runner[24m/dist/index.js:1209:10[90m)[39m
    at [90mfile:///home/runner/work/boudreaux/boudreaux/[39mnode_modules/[4m@vitest/runner[24m/dist/index.js:1653:37
    at Traces.$ [90m(file:///home/runner/work/boudreaux/boudreaux/[39mnode_modules/[4mvitest[24m/dist/chunks/traces.CCmnQaNT.js:142:27[90m)[39m
    at trace [90m(file:///home/runner/work/boudreaux/boudreaux/[39mnode_modules/[4mvitest[24m/dist/chunks/test.B8ej_ZHS.js:239:21[90m)[39m
    at runTest [90m(file:///home/runner/work/boudreaux/boudreaux/[39mnode_modules/[4m@vitest/runner[24m/dist/index.js:1653:12[90m)[39m

            </system-err>
        </testcase>
    </testsuite>
    <testsuite name="src/lib/utils/auth/get-action-state.spec.ts" timestamp="2026-02-06T06:11:34.756Z" hostname="runnervmkj6or" tests="13" failures="0" errors="0" skipped="0" time="0.013225905">
        <testcase classname="src/lib/utils/auth/get-action-state.spec.ts" name="get-action-state &gt; field filtering &gt; should only include permitted field names" time="0.000617895">
        </testcase>
        <testcase classname="src/lib/utils/auth/get-action-state.spec.ts" name="get-action-state &gt; field filtering &gt; should handle empty permitted fields array" time="0.001144822">
        </testcase>
        <testcase classname="src/lib/utils/auth/get-action-state.spec.ts" name="get-action-state &gt; boolean conversion &gt; should convert &quot;on&quot; to true" time="0.000360128">
        </testcase>
        <testcase classname="src/lib/utils/auth/get-action-state.spec.ts" name="get-action-state &gt; boolean conversion &gt; should convert &quot;off&quot; to false" time="0.000500638">
        </testcase>
        <testcase classname="src/lib/utils/auth/get-action-state.spec.ts" name="get-action-state &gt; boolean conversion &gt; should convert &quot;false&quot; string to false for termsAndConditions field" time="0.000390043">
        </testcase>
        <testcase classname="src/lib/utils/auth/get-action-state.spec.ts" name="get-action-state &gt; boolean conversion &gt; should leave other string values unchanged" time="0.000503113">
        </testcase>
        <testcase classname="src/lib/utils/auth/get-action-state.spec.ts" name="get-action-state &gt; form state initialization &gt; should initialize form state with correct structure" time="0.000656026">
        </testcase>
        <testcase classname="src/lib/utils/auth/get-action-state.spec.ts" name="get-action-state &gt; schema validation &gt; should validate data successfully with valid input" time="0.000286651">
        </testcase>
        <testcase classname="src/lib/utils/auth/get-action-state.spec.ts" name="get-action-state &gt; schema validation &gt; should fail validation with invalid email" time="0.000509694">
        </testcase>
        <testcase classname="src/lib/utils/auth/get-action-state.spec.ts" name="get-action-state &gt; schema validation &gt; should fail validation with missing required fields" time="0.00070124">
        </testcase>
        <testcase classname="src/lib/utils/auth/get-action-state.spec.ts" name="get-action-state &gt; edge cases &gt; should handle empty FormData" time="0.000961843">
        </testcase>
        <testcase classname="src/lib/utils/auth/get-action-state.spec.ts" name="get-action-state &gt; edge cases &gt; should handle FormData with empty string values" time="0.003725285">
        </testcase>
        <testcase classname="src/lib/utils/auth/get-action-state.spec.ts" name="get-action-state &gt; edge cases &gt; should preserve field values in formState even if validation fails" time="0.0005289">
        </testcase>
    </testsuite>
    <testsuite name="src/app/components/ui/switch.spec.tsx" timestamp="2026-02-06T06:11:34.759Z" hostname="runnervmkj6or" tests="10" failures="0" errors="0" skipped="0" time="0.19345461">
        <testcase classname="src/app/components/ui/switch.spec.tsx" name="Switch &gt; renders" time="0.005915975">
        </testcase>
        <testcase classname="src/app/components/ui/switch.spec.tsx" name="Switch &gt; has data-slot attribute" time="0.004881859">
        </testcase>
        <testcase classname="src/app/components/ui/switch.spec.tsx" name="Switch &gt; applies custom className" time="0.004513185">
        </testcase>
        <testcase classname="src/app/components/ui/switch.spec.tsx" name="Switch &gt; can be toggled on" time="0.016622802">
        </testcase>
        <testcase classname="src/app/components/ui/switch.spec.tsx" name="Switch &gt; can be toggled off" time="0.031085601">
        </testcase>
        <testcase classname="src/app/components/ui/switch.spec.tsx" name="Switch &gt; supports controlled state" time="0.016005365">
        </testcase>
        <testcase classname="src/app/components/ui/switch.spec.tsx" name="Switch &gt; can be disabled" time="0.010238278">
        </testcase>
        <testcase classname="src/app/components/ui/switch.spec.tsx" name="Switch &gt; renders thumb element" time="0.003736947">
        </testcase>
        <testcase classname="src/app/components/ui/switch.spec.tsx" name="Switch &gt; passes additional props" time="0.085719696">
        </testcase>
        <testcase classname="src/app/components/ui/switch.spec.tsx" name="Switch &gt; toggles via keyboard" time="0.012558017">
        </testcase>
    </testsuite>
    <testsuite name="src/app/components/ui/pagination.spec.tsx" timestamp="2026-02-06T06:11:34.761Z" hostname="runnervmkj6or" tests="31" failures="0" errors="0" skipped="0" time="0.207677014">
        <testcase classname="src/app/components/ui/pagination.spec.tsx" name="Pagination &gt; renders" time="0.002707058">
        </testcase>
        <testcase classname="src/app/components/ui/pagination.spec.tsx" name="Pagination &gt; has pagination aria-label" time="0.00254076">
        </testcase>
        <testcase classname="src/app/components/ui/pagination.spec.tsx" name="Pagination &gt; renders with data-slot attribute" time="0.00201212">
        </testcase>
        <testcase classname="src/app/components/ui/pagination.spec.tsx" name="Pagination &gt; applies custom className" time="0.003407486">
        </testcase>
        <testcase classname="src/app/components/ui/pagination.spec.tsx" name="PaginationContent &gt; renders" time="0.011573014">
        </testcase>
        <testcase classname="src/app/components/ui/pagination.spec.tsx" name="PaginationContent &gt; renders with data-slot attribute" time="0.002171514">
        </testcase>
        <testcase classname="src/app/components/ui/pagination.spec.tsx" name="PaginationContent &gt; applies custom className" time="0.003563636">
        </testcase>
        <testcase classname="src/app/components/ui/pagination.spec.tsx" name="PaginationItem &gt; renders" time="0.012861018">
        </testcase>
        <testcase classname="src/app/components/ui/pagination.spec.tsx" name="PaginationItem &gt; renders with data-slot attribute" time="0.002049669">
        </testcase>
        <testcase classname="src/app/components/ui/pagination.spec.tsx" name="PaginationLink &gt; renders" time="0.003218285">
        </testcase>
        <testcase classname="src/app/components/ui/pagination.spec.tsx" name="PaginationLink &gt; renders with data-slot attribute" time="0.001566503">
        </testcase>
        <testcase classname="src/app/components/ui/pagination.spec.tsx" name="PaginationLink &gt; renders children" time="0.002176846">
        </testcase>
        <testcase classname="src/app/components/ui/pagination.spec.tsx" name="PaginationLink &gt; has aria-current when active" time="0.006177701">
        </testcase>
        <testcase classname="src/app/components/ui/pagination.spec.tsx" name="PaginationLink &gt; has data-active attribute when active" time="0.004695614">
        </testcase>
        <testcase classname="src/app/components/ui/pagination.spec.tsx" name="PaginationLink &gt; does not have aria-current when inactive" time="0.004305341">
        </testcase>
        <testcase classname="src/app/components/ui/pagination.spec.tsx" name="PaginationLink &gt; applies custom className" time="0.004956507">
        </testcase>
        <testcase classname="src/app/components/ui/pagination.spec.tsx" name="PaginationPrevious &gt; renders" time="0.003745162">
        </testcase>
        <testcase classname="src/app/components/ui/pagination.spec.tsx" name="PaginationPrevious &gt; contains Previous text" time="0.004323634">
        </testcase>
        <testcase classname="src/app/components/ui/pagination.spec.tsx" name="PaginationPrevious &gt; contains chevron left icon" time="0.004156895">
        </testcase>
        <testcase classname="src/app/components/ui/pagination.spec.tsx" name="PaginationPrevious &gt; applies custom className" time="0.004558359">
        </testcase>
        <testcase classname="src/app/components/ui/pagination.spec.tsx" name="PaginationNext &gt; renders" time="0.002477132">
        </testcase>
        <testcase classname="src/app/components/ui/pagination.spec.tsx" name="PaginationNext &gt; contains Next text" time="0.003390073">
        </testcase>
        <testcase classname="src/app/components/ui/pagination.spec.tsx" name="PaginationNext &gt; contains chevron right icon" time="0.002557591">
        </testcase>
        <testcase classname="src/app/components/ui/pagination.spec.tsx" name="PaginationNext &gt; applies custom className" time="0.00299411">
        </testcase>
        <testcase classname="src/app/components/ui/pagination.spec.tsx" name="PaginationEllipsis &gt; renders" time="0.002752392">
        </testcase>
        <testcase classname="src/app/components/ui/pagination.spec.tsx" name="PaginationEllipsis &gt; is hidden from accessibility tree" time="0.002472322">
        </testcase>
        <testcase classname="src/app/components/ui/pagination.spec.tsx" name="PaginationEllipsis &gt; contains screen reader text" time="0.002383999">
        </testcase>
        <testcase classname="src/app/components/ui/pagination.spec.tsx" name="PaginationEllipsis &gt; screen reader text has sr-only class" time="0.002672193">
        </testcase>
        <testcase classname="src/app/components/ui/pagination.spec.tsx" name="PaginationEllipsis &gt; contains more horizontal icon" time="0.001655078">
        </testcase>
        <testcase classname="src/app/components/ui/pagination.spec.tsx" name="PaginationEllipsis &gt; applies custom className" time="0.002347429">
        </testcase>
        <testcase classname="src/app/components/ui/pagination.spec.tsx" name="Full Pagination Integration &gt; renders a complete pagination" time="0.092129039">
        </testcase>
    </testsuite>
    <testsuite name="src/lib/actions/create-artist-action.spec.ts" timestamp="2026-02-06T06:11:34.766Z" hostname="runnervmkj6or" tests="16" failures="0" errors="0" skipped="0" time="0.050079367">
        <testcase classname="src/lib/actions/create-artist-action.spec.ts" name="createArtistAction &gt; Authorization &gt; should require admin role" time="0.004158548">
        </testcase>
        <testcase classname="src/lib/actions/create-artist-action.spec.ts" name="createArtistAction &gt; Authorization &gt; should return error when user is not logged in" time="0.000597347">
        </testcase>
        <testcase classname="src/lib/actions/create-artist-action.spec.ts" name="createArtistAction &gt; Authorization &gt; should return error when user is not admin" time="0.002503711">
        </testcase>
        <testcase classname="src/lib/actions/create-artist-action.spec.ts" name="createArtistAction &gt; Validation &gt; should validate form data with permitted fields only" time="0.014828818">
        </testcase>
        <testcase classname="src/lib/actions/create-artist-action.spec.ts" name="createArtistAction &gt; Validation &gt; should return validation errors when data is invalid" time="0.000475993">
        </testcase>
        <testcase classname="src/lib/actions/create-artist-action.spec.ts" name="createArtistAction &gt; Artist Creation &gt; should create artist successfully with all fields" time="0.000794863">
        </testcase>
        <testcase classname="src/lib/actions/create-artist-action.spec.ts" name="createArtistAction &gt; Artist Creation &gt; should create artist with minimal required fields" time="0.008645425">
        </testcase>
        <testcase classname="src/lib/actions/create-artist-action.spec.ts" name="createArtistAction &gt; Artist Creation &gt; should handle artist creation failure from service" time="0.002839222">
        </testcase>
        <testcase classname="src/lib/actions/create-artist-action.spec.ts" name="createArtistAction &gt; Artist Creation &gt; should handle service returning error without message" time="0.000542746">
        </testcase>
        <testcase classname="src/lib/actions/create-artist-action.spec.ts" name="createArtistAction &gt; Security Logging &gt; should log successful artist creation" time="0.002581024">
        </testcase>
        <testcase classname="src/lib/actions/create-artist-action.spec.ts" name="createArtistAction &gt; Security Logging &gt; should log failed artist creation attempt" time="0.000598469">
        </testcase>
        <testcase classname="src/lib/actions/create-artist-action.spec.ts" name="createArtistAction &gt; Security Logging &gt; should filter out undefined fields in security log" time="0.000583151">
        </testcase>
        <testcase classname="src/lib/actions/create-artist-action.spec.ts" name="createArtistAction &gt; Cache Revalidation &gt; should revalidate artist creation page on success" time="0.00039953">
        </testcase>
        <testcase classname="src/lib/actions/create-artist-action.spec.ts" name="createArtistAction &gt; Cache Revalidation &gt; should revalidate even on failure" time="0.000328869">
        </testcase>
        <testcase classname="src/lib/actions/create-artist-action.spec.ts" name="createArtistAction &gt; Error Handling &gt; should handle unexpected errors during artist creation" time="0.006298194">
        </testcase>
        <testcase classname="src/lib/actions/create-artist-action.spec.ts" name="createArtistAction &gt; Error Handling &gt; should handle errors during security logging" time="0.000639164">
        </testcase>
    </testsuite>
    <testsuite name="src/app/components/health-status-icon.spec.tsx" timestamp="2026-02-06T06:11:34.769Z" hostname="runnervmkj6or" tests="7" failures="0" errors="0" skipped="0" time="0.029752056">
        <testcase classname="src/app/components/health-status-icon.spec.tsx" name="HealthStatusIcon &gt; Loading State &gt; should display loading icon when isLoading is true" time="0.001967066">
        </testcase>
        <testcase classname="src/app/components/health-status-icon.spec.tsx" name="HealthStatusIcon &gt; Loading State &gt; should display loading icon when isLoading is true regardless of status" time="0.002453899">
        </testcase>
        <testcase classname="src/app/components/health-status-icon.spec.tsx" name="HealthStatusIcon &gt; Healthy Status &gt; should display success icon when status is healthy and not loading" time="0.001891624">
        </testcase>
        <testcase classname="src/app/components/health-status-icon.spec.tsx" name="HealthStatusIcon &gt; Error Status &gt; should display error icon when status is error and not loading" time="0.014818717">
        </testcase>
        <testcase classname="src/app/components/health-status-icon.spec.tsx" name="HealthStatusIcon &gt; Unhealthy Status &gt; should display error icon when status is unhealthy and not loading" time="0.002126211">
        </testcase>
        <testcase classname="src/app/components/health-status-icon.spec.tsx" name="HealthStatusIcon &gt; Null Status &gt; should display loading icon when status is null and not loading" time="0.00121938">
        </testcase>
        <testcase classname="src/app/components/health-status-icon.spec.tsx" name="HealthStatusIcon &gt; Accessibility &gt; should render without accessibility violations" time="0.002157449">
        </testcase>
    </testsuite>
    <testsuite name="src/app/components/ui/progress.spec.tsx" timestamp="2026-02-06T06:11:34.770Z" hostname="runnervmkj6or" tests="19" failures="0" errors="0" skipped="0" time="0.124639874">
        <testcase classname="src/app/components/ui/progress.spec.tsx" name="Progress &gt; rendering &gt; renders with default props" time="0.002056502">
        </testcase>
        <testcase classname="src/app/components/ui/progress.spec.tsx" name="Progress &gt; rendering &gt; renders with data-slot attribute" time="0.001665087">
        </testcase>
        <testcase classname="src/app/components/ui/progress.spec.tsx" name="Progress &gt; rendering &gt; renders indicator with data-slot attribute" time="0.001727492">
        </testcase>
        <testcase classname="src/app/components/ui/progress.spec.tsx" name="Progress &gt; value handling &gt; displays correct transform for 0% progress" time="0.002203675">
        </testcase>
        <testcase classname="src/app/components/ui/progress.spec.tsx" name="Progress &gt; value handling &gt; displays correct transform for 50% progress" time="0.002910144">
        </testcase>
        <testcase classname="src/app/components/ui/progress.spec.tsx" name="Progress &gt; value handling &gt; displays correct transform for 100% progress" time="0.004415134">
        </testcase>
        <testcase classname="src/app/components/ui/progress.spec.tsx" name="Progress &gt; value handling &gt; handles undefined value as 0%" time="0.003074589">
        </testcase>
        <testcase classname="src/app/components/ui/progress.spec.tsx" name="Progress &gt; value handling &gt; handles null value as 0%" time="0.002843561">
        </testcase>
        <testcase classname="src/app/components/ui/progress.spec.tsx" name="Progress &gt; value handling &gt; handles intermediate values" time="0.003084297">
        </testcase>
        <testcase classname="src/app/components/ui/progress.spec.tsx" name="Progress &gt; styling &gt; applies custom className to root" time="0.002800902">
        </testcase>
        <testcase classname="src/app/components/ui/progress.spec.tsx" name="Progress &gt; styling &gt; has default background styling" time="0.003175093">
        </testcase>
        <testcase classname="src/app/components/ui/progress.spec.tsx" name="Progress &gt; styling &gt; has rounded styling" time="0.003192287">
        </testcase>
        <testcase classname="src/app/components/ui/progress.spec.tsx" name="Progress &gt; styling &gt; indicator has background styling" time="0.001896436">
        </testcase>
        <testcase classname="src/app/components/ui/progress.spec.tsx" name="Progress &gt; accessibility &gt; has role=&quot;progressbar&quot;" time="0.003155208">
        </testcase>
        <testcase classname="src/app/components/ui/progress.spec.tsx" name="Progress &gt; accessibility &gt; renders with progressbar role for accessibility" time="0.002893313">
        </testcase>
        <testcase classname="src/app/components/ui/progress.spec.tsx" name="Progress &gt; accessibility &gt; passes value prop to radix progress" time="0.002735039">
        </testcase>
        <testcase classname="src/app/components/ui/progress.spec.tsx" name="Progress &gt; props forwarding &gt; forwards max prop" time="0.042687132">
        </testcase>
        <testcase classname="src/app/components/ui/progress.spec.tsx" name="Progress &gt; props forwarding &gt; forwards additional data attributes" time="0.031379504">
        </testcase>
        <testcase classname="src/app/components/ui/progress.spec.tsx" name="Progress &gt; props forwarding &gt; forwards id prop" time="0.00396">
        </testcase>
    </testsuite>
    <testsuite name="src/app/components/forms/fields/state-field.spec.tsx" timestamp="2026-02-06T06:11:34.773Z" hostname="runnervmkj6or" tests="11" failures="0" errors="0" skipped="0" time="0.084940732">
        <testcase classname="src/app/components/forms/fields/state-field.spec.tsx" name="StateField &gt; renders ComboboxField with correct props" time="0.004559612">
        </testcase>
        <testcase classname="src/app/components/forms/fields/state-field.spec.tsx" name="StateField &gt; renders with correct search placeholder" time="0.004263543">
        </testcase>
        <testcase classname="src/app/components/forms/fields/state-field.spec.tsx" name="StateField &gt; renders with correct empty message" time="0.003700089">
        </testcase>
        <testcase classname="src/app/components/forms/fields/state-field.spec.tsx" name="StateField &gt; uses correct popover width" time="0.033013422">
        </testcase>
        <testcase classname="src/app/components/forms/fields/state-field.spec.tsx" name="StateField &gt; renders all US states as options" time="0.008568953">
        </testcase>
        <testcase classname="src/app/components/forms/fields/state-field.spec.tsx" name="StateField &gt; maps state codes correctly" time="0.005886511">
        </testcase>
        <testcase classname="src/app/components/forms/fields/state-field.spec.tsx" name="StateField &gt; calls onUserInteraction when provided" time="0.004058192">
        </testcase>
        <testcase classname="src/app/components/forms/fields/state-field.spec.tsx" name="StateField &gt; does not call onUserInteraction when not provided" time="0.007964463">
        </testcase>
        <testcase classname="src/app/components/forms/fields/state-field.spec.tsx" name="StateField &gt; passes setValue prop when provided" time="0.003142975">
        </testcase>
        <testcase classname="src/app/components/forms/fields/state-field.spec.tsx" name="StateField &gt; uses correct field name for state" time="0.004636514">
        </testcase>
        <testcase classname="src/app/components/forms/fields/state-field.spec.tsx" name="StateField &gt; handles empty states array gracefully" time="0.003038172">
        </testcase>
    </testsuite>
    <testsuite name="src/app/(auth)/success/change-username/container.spec.tsx" timestamp="2026-02-06T06:11:34.775Z" hostname="runnervmkj6or" tests="4" failures="0" errors="0" skipped="0" time="0.088228716">
        <testcase classname="src/app/(auth)/success/change-username/container.spec.tsx" name="ChangeUsernameSuccessContainer &gt; renders success heading" time="0.0484803">
        </testcase>
        <testcase classname="src/app/(auth)/success/change-username/container.spec.tsx" name="ChangeUsernameSuccessContainer &gt; renders username change success message" time="0.029259133">
        </testcase>
        <testcase classname="src/app/(auth)/success/change-username/container.spec.tsx" name="ChangeUsernameSuccessContainer &gt; renders link to profile page" time="0.004657693">
        </testcase>
        <testcase classname="src/app/(auth)/success/change-username/container.spec.tsx" name="ChangeUsernameSuccessContainer &gt; renders link to home page" time="0.003276934">
        </testcase>
    </testsuite>
    <testsuite name="src/app/components/ui/tip-jars.spec.tsx" timestamp="2026-02-06T06:11:34.776Z" hostname="runnervmkj6or" tests="8" failures="0" errors="0" skipped="0" time="0.114044206">
        <testcase classname="src/app/components/ui/tip-jars.spec.tsx" name="TipJarsLink &gt; renders" time="0.003558737">
        </testcase>
        <testcase classname="src/app/components/ui/tip-jars.spec.tsx" name="TipJarsLink &gt; has correct href" time="0.003714705">
        </testcase>
        <testcase classname="src/app/components/ui/tip-jars.spec.tsx" name="TipJarsLink &gt; displays Tip Jars text" time="0.004880046">
        </testcase>
        <testcase classname="src/app/components/ui/tip-jars.spec.tsx" name="TipJarsLink &gt; opens in new tab" time="0.006330714">
        </testcase>
        <testcase classname="src/app/components/ui/tip-jars.spec.tsx" name="TipJarsLink &gt; has noopener for security" time="0.007232626">
        </testcase>
        <testcase classname="src/app/components/ui/tip-jars.spec.tsx" name="TipJarsLink &gt; renders external link icon" time="0.008484386">
        </testcase>
        <testcase classname="src/app/components/ui/tip-jars.spec.tsx" name="TipJarsLink &gt; external link icon has correct src" time="0.00490418">
        </testcase>
        <testcase classname="src/app/components/ui/tip-jars.spec.tsx" name="TipJarsLink &gt; has styling classes for layout" time="0.072979801">
        </testcase>
    </testsuite>
    <testsuite name="src/lib/services/notification-banner-service.spec.ts" timestamp="2026-02-06T06:11:34.778Z" hostname="runnervmkj6or" tests="32" failures="0" errors="0" skipped="0" time="0.030009534">
        <testcase classname="src/lib/services/notification-banner-service.spec.ts" name="NotificationBannerService &gt; createNotificationBanner &gt; should create a notification banner successfully" time="0.000397287">
        </testcase>
        <testcase classname="src/lib/services/notification-banner-service.spec.ts" name="NotificationBannerService &gt; createNotificationBanner &gt; should return error on database connection failure" time="0.000663259">
            <system-err>
Database connection failed: PrismaClientInitializationError: Database connection failed
    at [90m/home/runner/work/boudreaux/boudreaux/[39msrc/lib/services/notification-banner-service.spec.ts:103:27
    at [90mfile:///home/runner/work/boudreaux/boudreaux/[39mnode_modules/[4m@vitest/runner[24m/dist/index.js:145:11
    at [90mfile:///home/runner/work/boudreaux/boudreaux/[39mnode_modules/[4m@vitest/runner[24m/dist/index.js:915:26
    at [90mfile:///home/runner/work/boudreaux/boudreaux/[39mnode_modules/[4m@vitest/runner[24m/dist/index.js:1243:20
    at new Promise (&lt;anonymous&gt;)
    at runWithTimeout [90m(file:///home/runner/work/boudreaux/boudreaux/[39mnode_modules/[4m@vitest/runner[24m/dist/index.js:1209:10[90m)[39m
    at [90mfile:///home/runner/work/boudreaux/boudreaux/[39mnode_modules/[4m@vitest/runner[24m/dist/index.js:1653:37
    at Traces.$ [90m(file:///home/runner/work/boudreaux/boudreaux/[39mnode_modules/[4mvitest[24m/dist/chunks/traces.CCmnQaNT.js:142:27[90m)[39m
    at trace [90m(file:///home/runner/work/boudreaux/boudreaux/[39mnode_modules/[4mvitest[24m/dist/chunks/test.B8ej_ZHS.js:239:21[90m)[39m
    at runTest [90m(file:///home/runner/work/boudreaux/boudreaux/[39mnode_modules/[4m@vitest/runner[24m/dist/index.js:1653:12[90m)[39m {
  clientVersion: [32m&apos;5.0.0&apos;[39m,
  errorCode: [90mundefined[39m,
  retryable: [90mundefined[39m
}

            </system-err>
        </testcase>
        <testcase classname="src/lib/services/notification-banner-service.spec.ts" name="NotificationBannerService &gt; createNotificationBanner &gt; should return generic error on unexpected failure" time="0.00049079">
            <system-err>
Unexpected error: Error: Unexpected error
    at [90m/home/runner/work/boudreaux/boudreaux/[39msrc/lib/services/notification-banner-service.spec.ts:118:63
    at [90mfile:///home/runner/work/boudreaux/boudreaux/[39mnode_modules/[4m@vitest/runner[24m/dist/index.js:145:11
    at [90mfile:///home/runner/work/boudreaux/boudreaux/[39mnode_modules/[4m@vitest/runner[24m/dist/index.js:915:26
    at [90mfile:///home/runner/work/boudreaux/boudreaux/[39mnode_modules/[4m@vitest/runner[24m/dist/index.js:1243:20
    at new Promise (&lt;anonymous&gt;)
    at runWithTimeout [90m(file:///home/runner/work/boudreaux/boudreaux/[39mnode_modules/[4m@vitest/runner[24m/dist/index.js:1209:10[90m)[39m
    at [90mfile:///home/runner/work/boudreaux/boudreaux/[39mnode_modules/[4m@vitest/runner[24m/dist/index.js:1653:37
    at Traces.$ [90m(file:///home/runner/work/boudreaux/boudreaux/[39mnode_modules/[4mvitest[24m/dist/chunks/traces.CCmnQaNT.js:142:27[90m)[39m
    at trace [90m(file:///home/runner/work/boudreaux/boudreaux/[39mnode_modules/[4mvitest[24m/dist/chunks/test.B8ej_ZHS.js:239:21[90m)[39m
    at runTest [90m(file:///home/runner/work/boudreaux/boudreaux/[39mnode_modules/[4m@vitest/runner[24m/dist/index.js:1653:12[90m)[39m

            </system-err>
        </testcase>
        <testcase classname="src/lib/services/notification-banner-service.spec.ts" name="NotificationBannerService &gt; getActiveNotificationBanners &gt; should return active notifications successfully" time="0.000764367">
        </testcase>
        <testcase classname="src/lib/services/notification-banner-service.spec.ts" name="NotificationBannerService &gt; getActiveNotificationBanners &gt; should filter by isActive, publishedAt, and date range" time="0.000941905">
        </testcase>
        <testcase classname="src/lib/services/notification-banner-service.spec.ts" name="NotificationBannerService &gt; getActiveNotificationBanners &gt; should return error on database connection failure" time="0.005503802">
            <system-err>
Database connection failed: PrismaClientInitializationError: Database connection failed
    at [90m/home/runner/work/boudreaux/boudreaux/[39msrc/lib/services/notification-banner-service.spec.ts:160:27
    at [90mfile:///home/runner/work/boudreaux/boudreaux/[39mnode_modules/[4m@vitest/runner[24m/dist/index.js:145:11
    at [90mfile:///home/runner/work/boudreaux/boudreaux/[39mnode_modules/[4m@vitest/runner[24m/dist/index.js:915:26
    at [90mfile:///home/runner/work/boudreaux/boudreaux/[39mnode_modules/[4m@vitest/runner[24m/dist/index.js:1243:20
    at new Promise (&lt;anonymous&gt;)
    at runWithTimeout [90m(file:///home/runner/work/boudreaux/boudreaux/[39mnode_modules/[4m@vitest/runner[24m/dist/index.js:1209:10[90m)[39m
    at [90mfile:///home/runner/work/boudreaux/boudreaux/[39mnode_modules/[4m@vitest/runner[24m/dist/index.js:1653:37
    at Traces.$ [90m(file:///home/runner/work/boudreaux/boudreaux/[39mnode_modules/[4mvitest[24m/dist/chunks/traces.CCmnQaNT.js:142:27[90m)[39m
    at trace [90m(file:///home/runner/work/boudreaux/boudreaux/[39mnode_modules/[4mvitest[24m/dist/chunks/test.B8ej_ZHS.js:239:21[90m)[39m
    at runTest [90m(file:///home/runner/work/boudreaux/boudreaux/[39mnode_modules/[4m@vitest/runner[24m/dist/index.js:1653:12[90m)[39m {
  clientVersion: [32m&apos;5.0.0&apos;[39m,
  errorCode: [90mundefined[39m,
  retryable: [90mundefined[39m
}

            </system-err>
        </testcase>
        <testcase classname="src/lib/services/notification-banner-service.spec.ts" name="NotificationBannerService &gt; getAllNotificationBanners &gt; should return all notifications with default pagination" time="0.00034567">
        </testcase>
        <testcase classname="src/lib/services/notification-banner-service.spec.ts" name="NotificationBannerService &gt; getAllNotificationBanners &gt; should support search filtering" time="0.000458179">
        </testcase>
        <testcase classname="src/lib/services/notification-banner-service.spec.ts" name="NotificationBannerService &gt; getAllNotificationBanners &gt; should support custom pagination" time="0.000317208">
        </testcase>
        <testcase classname="src/lib/services/notification-banner-service.spec.ts" name="NotificationBannerService &gt; getNotificationBannerById &gt; should return notification by ID successfully" time="0.003163192">
        </testcase>
        <testcase classname="src/lib/services/notification-banner-service.spec.ts" name="NotificationBannerService &gt; getNotificationBannerById &gt; should return null when notification not found" time="0.000451797">
        </testcase>
        <testcase classname="src/lib/services/notification-banner-service.spec.ts" name="NotificationBannerService &gt; updateNotificationBanner &gt; should update notification successfully" time="0.000380766">
            <system-out>
[NotificationBannerService] Updating notification: notification-123
[NotificationBannerService] Update data: {
  &quot;message&quot;: &quot;Updated message&quot;
}

            </system-out>
        </testcase>
        <testcase classname="src/lib/services/notification-banner-service.spec.ts" name="NotificationBannerService &gt; updateNotificationBanner &gt; should return error when notification not found" time="0.000915557">
            <system-out>
[NotificationBannerService] Updating notification: non-existent
[NotificationBannerService] Update data: {
  &quot;message&quot;: &quot;Updated message&quot;
}

            </system-out>
            <system-err>
[NotificationBannerService] Update error: PrismaClientKnownRequestError: Record not found
    at [90m/home/runner/work/boudreaux/boudreaux/[39msrc/lib/services/notification-banner-service.spec.ts:270:27
    at [90mfile:///home/runner/work/boudreaux/boudreaux/[39mnode_modules/[4m@vitest/runner[24m/dist/index.js:145:11
    at [90mfile:///home/runner/work/boudreaux/boudreaux/[39mnode_modules/[4m@vitest/runner[24m/dist/index.js:915:26
    at [90mfile:///home/runner/work/boudreaux/boudreaux/[39mnode_modules/[4m@vitest/runner[24m/dist/index.js:1243:20
    at new Promise (&lt;anonymous&gt;)
    at runWithTimeout [90m(file:///home/runner/work/boudreaux/boudreaux/[39mnode_modules/[4m@vitest/runner[24m/dist/index.js:1209:10[90m)[39m
    at [90mfile:///home/runner/work/boudreaux/boudreaux/[39mnode_modules/[4m@vitest/runner[24m/dist/index.js:1653:37
    at Traces.$ [90m(file:///home/runner/work/boudreaux/boudreaux/[39mnode_modules/[4mvitest[24m/dist/chunks/traces.CCmnQaNT.js:142:27[90m)[39m
    at trace [90m(file:///home/runner/work/boudreaux/boudreaux/[39mnode_modules/[4mvitest[24m/dist/chunks/test.B8ej_ZHS.js:239:21[90m)[39m
    at runTest [90m(file:///home/runner/work/boudreaux/boudreaux/[39mnode_modules/[4m@vitest/runner[24m/dist/index.js:1653:12[90m)[39m {
  code: [32m&apos;P2025&apos;[39m,
  meta: [90mundefined[39m,
  clientVersion: [32m&apos;5.0.0&apos;[39m
}
[NotificationBannerService] Prisma error code: P2025

            </system-err>
        </testcase>
        <testcase classname="src/lib/services/notification-banner-service.spec.ts" name="NotificationBannerService &gt; deleteNotificationBanner &gt; should delete notification successfully" time="0.000493805">
        </testcase>
        <testcase classname="src/lib/services/notification-banner-service.spec.ts" name="NotificationBannerService &gt; deleteNotificationBanner &gt; should return error when notification not found" time="0.000503543">
        </testcase>
        <testcase classname="src/lib/services/notification-banner-service.spec.ts" name="NotificationBannerService &gt; publishNotificationBanner &gt; should publish notification successfully" time="0.000306829">
        </testcase>
        <testcase classname="src/lib/services/notification-banner-service.spec.ts" name="NotificationBannerService &gt; publishNotificationBanner &gt; should return error when notification not found" time="0.000191765">
        </testcase>
        <testcase classname="src/lib/services/notification-banner-service.spec.ts" name="NotificationBannerService &gt; unpublishNotificationBanner &gt; should unpublish notification successfully" time="0.000209718">
        </testcase>
        <testcase classname="src/lib/services/notification-banner-service.spec.ts" name="NotificationBannerService &gt; unpublishNotificationBanner &gt; should return error when notification not found" time="0.000265763">
        </testcase>
        <testcase classname="src/lib/services/notification-banner-service.spec.ts" name="NotificationBannerService &gt; unpublishNotificationBanner &gt; should return error on database connection failure" time="0.000527748">
            <system-err>
Database connection failed: PrismaClientInitializationError: Database connection failed
    at [90m/home/runner/work/boudreaux/boudreaux/[39msrc/lib/services/notification-banner-service.spec.ts:391:27
    at [90mfile:///home/runner/work/boudreaux/boudreaux/[39mnode_modules/[4m@vitest/runner[24m/dist/index.js:145:11
    at [90mfile:///home/runner/work/boudreaux/boudreaux/[39mnode_modules/[4m@vitest/runner[24m/dist/index.js:915:26
    at [90mfile:///home/runner/work/boudreaux/boudreaux/[39mnode_modules/[4m@vitest/runner[24m/dist/index.js:1243:20
    at new Promise (&lt;anonymous&gt;)
    at runWithTimeout [90m(file:///home/runner/work/boudreaux/boudreaux/[39mnode_modules/[4m@vitest/runner[24m/dist/index.js:1209:10[90m)[39m
    at [90mfile:///home/runner/work/boudreaux/boudreaux/[39mnode_modules/[4m@vitest/runner[24m/dist/index.js:1653:37
    at Traces.$ [90m(file:///home/runner/work/boudreaux/boudreaux/[39mnode_modules/[4mvitest[24m/dist/chunks/traces.CCmnQaNT.js:142:27[90m)[39m
    at trace [90m(file:///home/runner/work/boudreaux/boudreaux/[39mnode_modules/[4mvitest[24m/dist/chunks/test.B8ej_ZHS.js:239:21[90m)[39m
    at runTest [90m(file:///home/runner/work/boudreaux/boudreaux/[39mnode_modules/[4m@vitest/runner[24m/dist/index.js:1653:12[90m)[39m {
  clientVersion: [32m&apos;5.0.0&apos;[39m,
  errorCode: [90mundefined[39m,
  retryable: [90mundefined[39m
}

            </system-err>
        </testcase>
        <testcase classname="src/lib/services/notification-banner-service.spec.ts" name="NotificationBannerService &gt; unpublishNotificationBanner &gt; should return generic error on unexpected failure" time="0.000465533">
            <system-err>
Unexpected error: Error: Unexpected
    at [90m/home/runner/work/boudreaux/boudreaux/[39msrc/lib/services/notification-banner-service.spec.ts:407:63
    at [90mfile:///home/runner/work/boudreaux/boudreaux/[39mnode_modules/[4m@vitest/runner[24m/dist/index.js:145:11
    at [90mfile:///home/runner/work/boudreaux/boudreaux/[39mnode_modules/[4m@vitest/runner[24m/dist/index.js:915:26
    at [90mfile:///home/runner/work/boudreaux/boudreaux/[39mnode_modules/[4m@vitest/runner[24m/dist/index.js:1243:20
    at new Promise (&lt;anonymous&gt;)
    at runWithTimeout [90m(file:///home/runner/work/boudreaux/boudreaux/[39mnode_modules/[4m@vitest/runner[24m/dist/index.js:1209:10[90m)[39m
    at [90mfile:///home/runner/work/boudreaux/boudreaux/[39mnode_modules/[4m@vitest/runner[24m/dist/index.js:1653:37
    at Traces.$ [90m(file:///home/runner/work/boudreaux/boudreaux/[39mnode_modules/[4mvitest[24m/dist/chunks/traces.CCmnQaNT.js:142:27[90m)[39m
    at trace [90m(file:///home/runner/work/boudreaux/boudreaux/[39mnode_modules/[4mvitest[24m/dist/chunks/test.B8ej_ZHS.js:239:21[90m)[39m
    at runTest [90m(file:///home/runner/work/boudreaux/boudreaux/[39mnode_modules/[4m@vitest/runner[24m/dist/index.js:1653:12[90m)[39m

            </system-err>
        </testcase>
        <testcase classname="src/lib/services/notification-banner-service.spec.ts" name="NotificationBannerService &gt; error handling &gt; getActiveNotificationBanners errors &gt; should return generic error on unexpected failure" time="0.000608167">
            <system-err>
Unexpected error: Error: Unexpected
    at [90m/home/runner/work/boudreaux/boudreaux/[39msrc/lib/services/notification-banner-service.spec.ts:422:67
    at [90mfile:///home/runner/work/boudreaux/boudreaux/[39mnode_modules/[4m@vitest/runner[24m/dist/index.js:145:11
    at [90mfile:///home/runner/work/boudreaux/boudreaux/[39mnode_modules/[4m@vitest/runner[24m/dist/index.js:915:26
    at [90mfile:///home/runner/work/boudreaux/boudreaux/[39mnode_modules/[4m@vitest/runner[24m/dist/index.js:1243:20
    at new Promise (&lt;anonymous&gt;)
    at runWithTimeout [90m(file:///home/runner/work/boudreaux/boudreaux/[39mnode_modules/[4m@vitest/runner[24m/dist/index.js:1209:10[90m)[39m
    at [90mfile:///home/runner/work/boudreaux/boudreaux/[39mnode_modules/[4m@vitest/runner[24m/dist/index.js:1653:37
    at Traces.$ [90m(file:///home/runner/work/boudreaux/boudreaux/[39mnode_modules/[4mvitest[24m/dist/chunks/traces.CCmnQaNT.js:142:27[90m)[39m
    at trace [90m(file:///home/runner/work/boudreaux/boudreaux/[39mnode_modules/[4mvitest[24m/dist/chunks/test.B8ej_ZHS.js:239:21[90m)[39m
    at runTest [90m(file:///home/runner/work/boudreaux/boudreaux/[39mnode_modules/[4m@vitest/runner[24m/dist/index.js:1653:12[90m)[39m

            </system-err>
        </testcase>
        <testcase classname="src/lib/services/notification-banner-service.spec.ts" name="NotificationBannerService &gt; error handling &gt; getAllNotificationBanners errors &gt; should return error on database connection failure" time="0.00075023">
            <system-err>
Database connection failed: PrismaClientInitializationError: Database connection failed
    at [90m/home/runner/work/boudreaux/boudreaux/[39msrc/lib/services/notification-banner-service.spec.ts:435:29
    at [90mfile:///home/runner/work/boudreaux/boudreaux/[39mnode_modules/[4m@vitest/runner[24m/dist/index.js:145:11
    at [90mfile:///home/runner/work/boudreaux/boudreaux/[39mnode_modules/[4m@vitest/runner[24m/dist/index.js:915:26
    at [90mfile:///home/runner/work/boudreaux/boudreaux/[39mnode_modules/[4m@vitest/runner[24m/dist/index.js:1243:20
    at new Promise (&lt;anonymous&gt;)
    at runWithTimeout [90m(file:///home/runner/work/boudreaux/boudreaux/[39mnode_modules/[4m@vitest/runner[24m/dist/index.js:1209:10[90m)[39m
    at [90mfile:///home/runner/work/boudreaux/boudreaux/[39mnode_modules/[4m@vitest/runner[24m/dist/index.js:1653:37
    at Traces.$ [90m(file:///home/runner/work/boudreaux/boudreaux/[39mnode_modules/[4mvitest[24m/dist/chunks/traces.CCmnQaNT.js:142:27[90m)[39m
    at trace [90m(file:///home/runner/work/boudreaux/boudreaux/[39mnode_modules/[4mvitest[24m/dist/chunks/test.B8ej_ZHS.js:239:21[90m)[39m
    at runTest [90m(file:///home/runner/work/boudreaux/boudreaux/[39mnode_modules/[4m@vitest/runner[24m/dist/index.js:1653:12[90m)[39m {
  clientVersion: [32m&apos;5.0.0&apos;[39m,
  errorCode: [90mundefined[39m,
  retryable: [90mundefined[39m
}

            </system-err>
        </testcase>
        <testcase classname="src/lib/services/notification-banner-service.spec.ts" name="NotificationBannerService &gt; error handling &gt; getAllNotificationBanners errors &gt; should return generic error on unexpected failure" time="0.000577491">
            <system-err>
Unexpected error: Error: Unexpected
    at [90m/home/runner/work/boudreaux/boudreaux/[39msrc/lib/services/notification-banner-service.spec.ts:450:67
    at [90mfile:///home/runner/work/boudreaux/boudreaux/[39mnode_modules/[4m@vitest/runner[24m/dist/index.js:145:11
    at [90mfile:///home/runner/work/boudreaux/boudreaux/[39mnode_modules/[4m@vitest/runner[24m/dist/index.js:915:26
    at [90mfile:///home/runner/work/boudreaux/boudreaux/[39mnode_modules/[4m@vitest/runner[24m/dist/index.js:1243:20
    at new Promise (&lt;anonymous&gt;)
    at runWithTimeout [90m(file:///home/runner/work/boudreaux/boudreaux/[39mnode_modules/[4m@vitest/runner[24m/dist/index.js:1209:10[90m)[39m
    at [90mfile:///home/runner/work/boudreaux/boudreaux/[39mnode_modules/[4m@vitest/runner[24m/dist/index.js:1653:37
    at Traces.$ [90m(file:///home/runner/work/boudreaux/boudreaux/[39mnode_modules/[4mvitest[24m/dist/chunks/traces.CCmnQaNT.js:142:27[90m)[39m
    at trace [90m(file:///home/runner/work/boudreaux/boudreaux/[39mnode_modules/[4mvitest[24m/dist/chunks/test.B8ej_ZHS.js:239:21[90m)[39m
    at runTest [90m(file:///home/runner/work/boudreaux/boudreaux/[39mnode_modules/[4m@vitest/runner[24m/dist/index.js:1653:12[90m)[39m

            </system-err>
        </testcase>
        <testcase classname="src/lib/services/notification-banner-service.spec.ts" name="NotificationBannerService &gt; error handling &gt; getNotificationBannerById errors &gt; should return error on database connection failure" time="0.001280835">
            <system-err>
Database connection failed: PrismaClientInitializationError: Database connection failed
    at [90m/home/runner/work/boudreaux/boudreaux/[39msrc/lib/services/notification-banner-service.spec.ts:463:29
    at [90mfile:///home/runner/work/boudreaux/boudreaux/[39mnode_modules/[4m@vitest/runner[24m/dist/index.js:145:11
    at [90mfile:///home/runner/work/boudreaux/boudreaux/[39mnode_modules/[4m@vitest/runner[24m/dist/index.js:915:26
    at [90mfile:///home/runner/work/boudreaux/boudreaux/[39mnode_modules/[4m@vitest/runner[24m/dist/index.js:1243:20
    at new Promise (&lt;anonymous&gt;)
    at runWithTimeout [90m(file:///home/runner/work/boudreaux/boudreaux/[39mnode_modules/[4m@vitest/runner[24m/dist/index.js:1209:10[90m)[39m
    at [90mfile:///home/runner/work/boudreaux/boudreaux/[39mnode_modules/[4m@vitest/runner[24m/dist/index.js:1653:37
    at Traces.$ [90m(file:///home/runner/work/boudreaux/boudreaux/[39mnode_modules/[4mvitest[24m/dist/chunks/traces.CCmnQaNT.js:142:27[90m)[39m
    at trace [90m(file:///home/runner/work/boudreaux/boudreaux/[39mnode_modules/[4mvitest[24m/dist/chunks/test.B8ej_ZHS.js:239:21[90m)[39m
    at runTest [90m(file:///home/runner/work/boudreaux/boudreaux/[39mnode_modules/[4m@vitest/runner[24m/dist/index.js:1653:12[90m)[39m {
  clientVersion: [32m&apos;5.0.0&apos;[39m,
  errorCode: [90mundefined[39m,
  retryable: [90mundefined[39m
}

            </system-err>
        </testcase>
        <testcase classname="src/lib/services/notification-banner-service.spec.ts" name="NotificationBannerService &gt; error handling &gt; getNotificationBannerById errors &gt; should return generic error on unexpected failure" time="0.001001026">
            <system-err>
Unexpected error: Error: Unexpected
    at [90m/home/runner/work/boudreaux/boudreaux/[39msrc/lib/services/notification-banner-service.spec.ts:479:69
    at [90mfile:///home/runner/work/boudreaux/boudreaux/[39mnode_modules/[4m@vitest/runner[24m/dist/index.js:145:11
    at [90mfile:///home/runner/work/boudreaux/boudreaux/[39mnode_modules/[4m@vitest/runner[24m/dist/index.js:915:26
    at [90mfile:///home/runner/work/boudreaux/boudreaux/[39mnode_modules/[4m@vitest/runner[24m/dist/index.js:1243:20
    at new Promise (&lt;anonymous&gt;)
    at runWithTimeout [90m(file:///home/runner/work/boudreaux/boudreaux/[39mnode_modules/[4m@vitest/runner[24m/dist/index.js:1209:10[90m)[39m
    at [90mfile:///home/runner/work/boudreaux/boudreaux/[39mnode_modules/[4m@vitest/runner[24m/dist/index.js:1653:37
    at Traces.$ [90m(file:///home/runner/work/boudreaux/boudreaux/[39mnode_modules/[4mvitest[24m/dist/chunks/traces.CCmnQaNT.js:142:27[90m)[39m
    at trace [90m(file:///home/runner/work/boudreaux/boudreaux/[39mnode_modules/[4mvitest[24m/dist/chunks/test.B8ej_ZHS.js:239:21[90m)[39m
    at runTest [90m(file:///home/runner/work/boudreaux/boudreaux/[39mnode_modules/[4m@vitest/runner[24m/dist/index.js:1653:12[90m)[39m

            </system-err>
        </testcase>
        <testcase classname="src/lib/services/notification-banner-service.spec.ts" name="NotificationBannerService &gt; error handling &gt; updateNotificationBanner errors &gt; should return error on database connection failure" time="0.00128426">
            <system-out>
[NotificationBannerService] Updating notification: notification-123
[NotificationBannerService] Update data: {
  &quot;message&quot;: &quot;Updated&quot;
}

            </system-out>
            <system-err>
[NotificationBannerService] Update error: PrismaClientInitializationError: Database connection failed
    at [90m/home/runner/work/boudreaux/boudreaux/[39msrc/lib/services/notification-banner-service.spec.ts:493:29
    at [90mfile:///home/runner/work/boudreaux/boudreaux/[39mnode_modules/[4m@vitest/runner[24m/dist/index.js:145:11
    at [90mfile:///home/runner/work/boudreaux/boudreaux/[39mnode_modules/[4m@vitest/runner[24m/dist/index.js:915:26
    at [90mfile:///home/runner/work/boudreaux/boudreaux/[39mnode_modules/[4m@vitest/runner[24m/dist/index.js:1243:20
    at new Promise (&lt;anonymous&gt;)
    at runWithTimeout [90m(file:///home/runner/work/boudreaux/boudreaux/[39mnode_modules/[4m@vitest/runner[24m/dist/index.js:1209:10[90m)[39m
    at [90mfile:///home/runner/work/boudreaux/boudreaux/[39mnode_modules/[4m@vitest/runner[24m/dist/index.js:1653:37
    at Traces.$ [90m(file:///home/runner/work/boudreaux/boudreaux/[39mnode_modules/[4mvitest[24m/dist/chunks/traces.CCmnQaNT.js:142:27[90m)[39m
    at trace [90m(file:///home/runner/work/boudreaux/boudreaux/[39mnode_modules/[4mvitest[24m/dist/chunks/test.B8ej_ZHS.js:239:21[90m)[39m
    at runTest [90m(file:///home/runner/work/boudreaux/boudreaux/[39mnode_modules/[4m@vitest/runner[24m/dist/index.js:1653:12[90m)[39m {
  clientVersion: [32m&apos;5.0.0&apos;[39m,
  errorCode: [90mundefined[39m,
  retryable: [90mundefined[39m
}
Database connection failed: PrismaClientInitializationError: Database connection failed
    at [90m/home/runner/work/boudreaux/boudreaux/[39msrc/lib/services/notification-banner-service.spec.ts:493:29
    at [90mfile:///home/runner/work/boudreaux/boudreaux/[39mnode_modules/[4m@vitest/runner[24m/dist/index.js:145:11
    at [90mfile:///home/runner/work/boudreaux/boudreaux/[39mnode_modules/[4m@vitest/runner[24m/dist/index.js:915:26
    at [90mfile:///home/runner/work/boudreaux/boudreaux/[39mnode_modules/[4m@vitest/runner[24m/dist/index.js:1243:20
    at new Promise (&lt;anonymous&gt;)
    at runWithTimeout [90m(file:///home/runner/work/boudreaux/boudreaux/[39mnode_modules/[4m@vitest/runner[24m/dist/index.js:1209:10[90m)[39m
    at [90mfile:///home/runner/work/boudreaux/boudreaux/[39mnode_modules/[4m@vitest/runner[24m/dist/index.js:1653:37
    at Traces.$ [90m(file:///home/runner/work/boudreaux/boudreaux/[39mnode_modules/[4mvitest[24m/dist/chunks/traces.CCmnQaNT.js:142:27[90m)[39m
    at trace [90m(file:///home/runner/work/boudreaux/boudreaux/[39mnode_modules/[4mvitest[24m/dist/chunks/test.B8ej_ZHS.js:239:21[90m)[39m
    at runTest [90m(file:///home/runner/work/boudreaux/boudreaux/[39mnode_modules/[4m@vitest/runner[24m/dist/index.js:1653:12[90m)[39m {
  clientVersion: [32m&apos;5.0.0&apos;[39m,
  errorCode: [90mundefined[39m,
  retryable: [90mundefined[39m
}

            </system-err>
        </testcase>
        <testcase classname="src/lib/services/notification-banner-service.spec.ts" name="NotificationBannerService &gt; error handling &gt; updateNotificationBanner errors &gt; should return generic error on unexpected failure" time="0.001029258">
            <system-out>
[NotificationBannerService] Updating notification: notification-123
[NotificationBannerService] Update data: {
  &quot;message&quot;: &quot;Updated&quot;
}

            </system-out>
            <system-err>
[NotificationBannerService] Update error: Error: Unexpected
    at [90m/home/runner/work/boudreaux/boudreaux/[39msrc/lib/services/notification-banner-service.spec.ts:513:65
    at [90mfile:///home/runner/work/boudreaux/boudreaux/[39mnode_modules/[4m@vitest/runner[24m/dist/index.js:145:11
    at [90mfile:///home/runner/work/boudreaux/boudreaux/[39mnode_modules/[4m@vitest/runner[24m/dist/index.js:915:26
    at [90mfile:///home/runner/work/boudreaux/boudreaux/[39mnode_modules/[4m@vitest/runner[24m/dist/index.js:1243:20
    at new Promise (&lt;anonymous&gt;)
    at runWithTimeout [90m(file:///home/runner/work/boudreaux/boudreaux/[39mnode_modules/[4m@vitest/runner[24m/dist/index.js:1209:10[90m)[39m
    at [90mfile:///home/runner/work/boudreaux/boudreaux/[39mnode_modules/[4m@vitest/runner[24m/dist/index.js:1653:37
    at Traces.$ [90m(file:///home/runner/work/boudreaux/boudreaux/[39mnode_modules/[4mvitest[24m/dist/chunks/traces.CCmnQaNT.js:142:27[90m)[39m
    at trace [90m(file:///home/runner/work/boudreaux/boudreaux/[39mnode_modules/[4mvitest[24m/dist/chunks/test.B8ej_ZHS.js:239:21[90m)[39m
    at runTest [90m(file:///home/runner/work/boudreaux/boudreaux/[39mnode_modules/[4m@vitest/runner[24m/dist/index.js:1653:12[90m)[39m
Unexpected error: Error: Unexpected
    at [90m/home/runner/work/boudreaux/boudreaux/[39msrc/lib/services/notification-banner-service.spec.ts:513:65
    at [90mfile:///home/runner/work/boudreaux/boudreaux/[39mnode_modules/[4m@vitest/runner[24m/dist/index.js:145:11
    at [90mfile:///home/runner/work/boudreaux/boudreaux/[39mnode_modules/[4m@vitest/runner[24m/dist/index.js:915:26
    at [90mfile:///home/runner/work/boudreaux/boudreaux/[39mnode_modules/[4m@vitest/runner[24m/dist/index.js:1243:20
    at new Promise (&lt;anonymous&gt;)
    at runWithTimeout [90m(file:///home/runner/work/boudreaux/boudreaux/[39mnode_modules/[4m@vitest/runner[24m/dist/index.js:1209:10[90m)[39m
    at [90mfile:///home/runner/work/boudreaux/boudreaux/[39mnode_modules/[4m@vitest/runner[24m/dist/index.js:1653:37
    at Traces.$ [90m(file:///home/runner/work/boudreaux/boudreaux/[39mnode_modules/[4mvitest[24m/dist/chunks/traces.CCmnQaNT.js:142:27[90m)[39m
    at trace [90m(file:///home/runner/work/boudreaux/boudreaux/[39mnode_modules/[4mvitest[24m/dist/chunks/test.B8ej_ZHS.js:239:21[90m)[39m
    at runTest [90m(file:///home/runner/work/boudreaux/boudreaux/[39mnode_modules/[4m@vitest/runner[24m/dist/index.js:1653:12[90m)[39m

            </system-err>
        </testcase>
        <testcase classname="src/lib/services/notification-banner-service.spec.ts" name="NotificationBannerService &gt; error handling &gt; deleteNotificationBanner errors &gt; should return error on database connection failure" time="0.000559116">
            <system-err>
Database connection failed: PrismaClientInitializationError: Database connection failed
    at [90m/home/runner/work/boudreaux/boudreaux/[39msrc/lib/services/notification-banner-service.spec.ts:531:29
    at [90mfile:///home/runner/work/boudreaux/boudreaux/[39mnode_modules/[4m@vitest/runner[24m/dist/index.js:145:11
    at [90mfile:///home/runner/work/boudreaux/boudreaux/[39mnode_modules/[4m@vitest/runner[24m/dist/index.js:915:26
    at [90mfile:///home/runner/work/boudreaux/boudreaux/[39mnode_modules/[4m@vitest/runner[24m/dist/index.js:1243:20
    at new Promise (&lt;anonymous&gt;)
    at runWithTimeout [90m(file:///home/runner/work/boudreaux/boudreaux/[39mnode_modules/[4m@vitest/runner[24m/dist/index.js:1209:10[90m)[39m
    at [90mfile:///home/runner/work/boudreaux/boudreaux/[39mnode_modules/[4m@vitest/runner[24m/dist/index.js:1653:37
    at Traces.$ [90m(file:///home/runner/work/boudreaux/boudreaux/[39mnode_modules/[4mvitest[24m/dist/chunks/traces.CCmnQaNT.js:142:27[90m)[39m
    at trace [90m(file:///home/runner/work/boudreaux/boudreaux/[39mnode_modules/[4mvitest[24m/dist/chunks/test.B8ej_ZHS.js:239:21[90m)[39m
    at runTest [90m(file:///home/runner/work/boudreaux/boudreaux/[39mnode_modules/[4m@vitest/runner[24m/dist/index.js:1653:12[90m)[39m {
  clientVersion: [32m&apos;5.0.0&apos;[39m,
  errorCode: [90mundefined[39m,
  retryable: [90mundefined[39m
}

            </system-err>
        </testcase>
        <testcase classname="src/lib/services/notification-banner-service.spec.ts" name="NotificationBannerService &gt; error handling &gt; deleteNotificationBanner errors &gt; should return generic error on unexpected failure" time="0.00055597">
            <system-err>
Unexpected error: Error: Unexpected
    at [90m/home/runner/work/boudreaux/boudreaux/[39msrc/lib/services/notification-banner-service.spec.ts:546:65
    at [90mfile:///home/runner/work/boudreaux/boudreaux/[39mnode_modules/[4m@vitest/runner[24m/dist/index.js:145:11
    at [90mfile:///home/runner/work/boudreaux/boudreaux/[39mnode_modules/[4m@vitest/runner[24m/dist/index.js:915:26
    at [90mfile:///home/runner/work/boudreaux/boudreaux/[39mnode_modules/[4m@vitest/runner[24m/dist/index.js:1243:20
    at new Promise (&lt;anonymous&gt;)
    at runWithTimeout [90m(file:///home/runner/work/boudreaux/boudreaux/[39mnode_modules/[4m@vitest/runner[24m/dist/index.js:1209:10[90m)[39m
    at [90mfile:///home/runner/work/boudreaux/boudreaux/[39mnode_modules/[4m@vitest/runner[24m/dist/index.js:1653:37
    at Traces.$ [90m(file:///home/runner/work/boudreaux/boudreaux/[39mnode_modules/[4mvitest[24m/dist/chunks/traces.CCmnQaNT.js:142:27[90m)[39m
    at trace [90m(file:///home/runner/work/boudreaux/boudreaux/[39mnode_modules/[4mvitest[24m/dist/chunks/test.B8ej_ZHS.js:239:21[90m)[39m
    at runTest [90m(file:///home/runner/work/boudreaux/boudreaux/[39mnode_modules/[4m@vitest/runner[24m/dist/index.js:1653:12[90m)[39m

            </system-err>
        </testcase>
        <testcase classname="src/lib/services/notification-banner-service.spec.ts" name="NotificationBannerService &gt; error handling &gt; publishNotificationBanner errors &gt; should return error on database connection failure" time="0.000920015">
            <system-err>
Database connection failed: PrismaClientInitializationError: Database connection failed
    at [90m/home/runner/work/boudreaux/boudreaux/[39msrc/lib/services/notification-banner-service.spec.ts:559:29
    at [90mfile:///home/runner/work/boudreaux/boudreaux/[39mnode_modules/[4m@vitest/runner[24m/dist/index.js:145:11
    at [90mfile:///home/runner/work/boudreaux/boudreaux/[39mnode_modules/[4m@vitest/runner[24m/dist/index.js:915:26
    at [90mfile:///home/runner/work/boudreaux/boudreaux/[39mnode_modules/[4m@vitest/runner[24m/dist/index.js:1243:20
    at new Promise (&lt;anonymous&gt;)
    at runWithTimeout [90m(file:///home/runner/work/boudreaux/boudreaux/[39mnode_modules/[4m@vitest/runner[24m/dist/index.js:1209:10[90m)[39m
    at [90mfile:///home/runner/work/boudreaux/boudreaux/[39mnode_modules/[4m@vitest/runner[24m/dist/index.js:1653:37
    at Traces.$ [90m(file:///home/runner/work/boudreaux/boudreaux/[39mnode_modules/[4mvitest[24m/dist/chunks/traces.CCmnQaNT.js:142:27[90m)[39m
    at trace [90m(file:///home/runner/work/boudreaux/boudreaux/[39mnode_modules/[4mvitest[24m/dist/chunks/test.B8ej_ZHS.js:239:21[90m)[39m
    at runTest [90m(file:///home/runner/work/boudreaux/boudreaux/[39mnode_modules/[4m@vitest/runner[24m/dist/index.js:1653:12[90m)[39m {
  clientVersion: [32m&apos;5.0.0&apos;[39m,
  errorCode: [90mundefined[39m,
  retryable: [90mundefined[39m
}

            </system-err>
        </testcase>
        <testcase classname="src/lib/services/notification-banner-service.spec.ts" name="NotificationBannerService &gt; error handling &gt; publishNotificationBanner errors &gt; should return generic error on unexpected failure" time="0.000667728">
            <system-err>
Unexpected error: Error: Unexpected
    at [90m/home/runner/work/boudreaux/boudreaux/[39msrc/lib/services/notification-banner-service.spec.ts:577:65
    at [90mfile:///home/runner/work/boudreaux/boudreaux/[39mnode_modules/[4m@vitest/runner[24m/dist/index.js:145:11
    at [90mfile:///home/runner/work/boudreaux/boudreaux/[39mnode_modules/[4m@vitest/runner[24m/dist/index.js:915:26
    at [90mfile:///home/runner/work/boudreaux/boudreaux/[39mnode_modules/[4m@vitest/runner[24m/dist/index.js:1243:20
    at new Promise (&lt;anonymous&gt;)
    at runWithTimeout [90m(file:///home/runner/work/boudreaux/boudreaux/[39mnode_modules/[4m@vitest/runner[24m/dist/index.js:1209:10[90m)[39m
    at [90mfile:///home/runner/work/boudreaux/boudreaux/[39mnode_modules/[4m@vitest/runner[24m/dist/index.js:1653:37
    at Traces.$ [90m(file:///home/runner/work/boudreaux/boudreaux/[39mnode_modules/[4mvitest[24m/dist/chunks/traces.CCmnQaNT.js:142:27[90m)[39m
    at trace [90m(file:///home/runner/work/boudreaux/boudreaux/[39mnode_modules/[4mvitest[24m/dist/chunks/test.B8ej_ZHS.js:239:21[90m)[39m
    at runTest [90m(file:///home/runner/work/boudreaux/boudreaux/[39mnode_modules/[4m@vitest/runner[24m/dist/index.js:1653:12[90m)[39m

            </system-err>
        </testcase>
    </testsuite>
    <testsuite name="src/app/components/ui/form-input.spec.tsx" timestamp="2026-02-06T06:11:34.787Z" hostname="runnervmkj6or" tests="8" failures="0" errors="0" skipped="0" time="0.116866377">
        <testcase classname="src/app/components/ui/form-input.spec.tsx" name="FormInput &gt; renders" time="0.004490273">
            <system-err>
You provided a `value` prop to a form field without an `onChange` handler. This will render a read-only field. If the field should be mutable use `defaultValue`. Otherwise, set either `onChange` or `readOnly`.

            </system-err>
        </testcase>
        <testcase classname="src/app/components/ui/form-input.spec.tsx" name="FormInput &gt; has correct id" time="0.003973786">
            <system-err>
You provided a `value` prop to a form field without an `onChange` handler. This will render a read-only field. If the field should be mutable use `defaultValue`. Otherwise, set either `onChange` or `readOnly`.

            </system-err>
        </testcase>
        <testcase classname="src/app/components/ui/form-input.spec.tsx" name="FormInput &gt; has correct placeholder" time="0.003560379">
            <system-err>
You provided a `value` prop to a form field without an `onChange` handler. This will render a read-only field. If the field should be mutable use `defaultValue`. Otherwise, set either `onChange` or `readOnly`.

            </system-err>
        </testcase>
        <testcase classname="src/app/components/ui/form-input.spec.tsx" name="FormInput &gt; has correct type" time="0.00620986">
            <system-err>
You provided a `value` prop to a form field without an `onChange` handler. This will render a read-only field. If the field should be mutable use `defaultValue`. Otherwise, set either `onChange` or `readOnly`.

            </system-err>
        </testcase>
        <testcase classname="src/app/components/ui/form-input.spec.tsx" name="FormInput &gt; renders with password type" time="0.003719704">
            <system-err>
You provided a `value` prop to a form field without an `onChange` handler. This will render a read-only field. If the field should be mutable use `defaultValue`. Otherwise, set either `onChange` or `readOnly`.

            </system-err>
        </testcase>
        <testcase classname="src/app/components/ui/form-input.spec.tsx" name="FormInput &gt; can have autoFocus" time="0.011132365">
            <system-err>
You provided a `value` prop to a form field without an `onChange` handler. This will render a read-only field. If the field should be mutable use `defaultValue`. Otherwise, set either `onChange` or `readOnly`.

            </system-err>
        </testcase>
        <testcase classname="src/app/components/ui/form-input.spec.tsx" name="FormInput &gt; has height class h-12" time="0.004239538">
            <system-err>
You provided a `value` prop to a form field without an `onChange` handler. This will render a read-only field. If the field should be mutable use `defaultValue`. Otherwise, set either `onChange` or `readOnly`.

            </system-err>
        </testcase>
        <testcase classname="src/app/components/ui/form-input.spec.tsx" name="FormInput &gt; has text size class text-lg" time="0.077463302">
            <system-err>
You provided a `value` prop to a form field without an `onChange` handler. This will render a read-only field. If the field should be mutable use `defaultValue`. Otherwise, set either `onChange` or `readOnly`.

            </system-err>
        </testcase>
    </testsuite>
    <testsuite name="src/app/components/forms/fields/text-field.spec.tsx" timestamp="2026-02-06T06:11:34.790Z" hostname="runnervmkj6or" tests="13" failures="0" errors="0" skipped="0" time="0.077086493">
        <testcase classname="src/app/components/forms/fields/text-field.spec.tsx" name="TextField &gt; renders with correct label and placeholder" time="0.002352731">
        </testcase>
        <testcase classname="src/app/components/forms/fields/text-field.spec.tsx" name="TextField &gt; renders with default text input type" time="0.004120698">
        </testcase>
        <testcase classname="src/app/components/forms/fields/text-field.spec.tsx" name="TextField &gt; renders with specified input type" time="0.002760927">
        </testcase>
        <testcase classname="src/app/components/forms/fields/text-field.spec.tsx" name="TextField &gt; renders with tel input type" time="0.001983998">
        </testcase>
        <testcase classname="src/app/components/forms/fields/text-field.spec.tsx" name="TextField &gt; calls onUserInteraction when input changes" time="0.004411186">
        </testcase>
        <testcase classname="src/app/components/forms/fields/text-field.spec.tsx" name="TextField &gt; does not call onUserInteraction when not provided" time="0.002862716">
        </testcase>
        <testcase classname="src/app/components/forms/fields/text-field.spec.tsx" name="TextField &gt; renders all form structure components" time="0.033444501">
        </testcase>
        <testcase classname="src/app/components/forms/fields/text-field.spec.tsx" name="TextField &gt; passes setValue prop when provided" time="0.003225578">
        </testcase>
        <testcase classname="src/app/components/forms/fields/text-field.spec.tsx" name="TextField &gt; handles different field names" time="0.004990019">
        </testcase>
        <testcase classname="src/app/components/forms/fields/text-field.spec.tsx" name="TextField &gt; calls setValue with value on input change when setValue is provided" time="0.008317496">
        </testcase>
        <testcase classname="src/app/components/forms/fields/text-field.spec.tsx" name="TextField &gt; calls setValue in useEffect when value prop is provided" time="0.001979058">
        </testcase>
        <testcase classname="src/app/components/forms/fields/text-field.spec.tsx" name="TextField &gt; does not call setValue in useEffect when value is empty" time="0.002105914">
        </testcase>
        <testcase classname="src/app/components/forms/fields/text-field.spec.tsx" name="TextField &gt; does not call setValue in useEffect when setValue is not provided" time="0.002492159">
        </testcase>
    </testsuite>
    <testsuite name="src/app/components/forms/change-field-buttons.spec.tsx" timestamp="2026-02-06T06:11:34.792Z" hostname="runnervmkj6or" tests="30" failures="0" errors="0" skipped="0" time="0.295208672">
        <testcase classname="src/app/components/forms/change-field-buttons.spec.tsx" name="ChangeFieldButtons &gt; Rendering &gt; should render both Cancel/Change and Update buttons" time="0.005328166">
        </testcase>
        <testcase classname="src/app/components/forms/change-field-buttons.spec.tsx" name="ChangeFieldButtons &gt; Rendering &gt; should render with correct button IDs" time="0.003662218">
        </testcase>
        <testcase classname="src/app/components/forms/change-field-buttons.spec.tsx" name="ChangeFieldButtons &gt; Rendering &gt; should render buttons in a flex container with justify-end" time="0.002809347">
        </testcase>
        <testcase classname="src/app/components/forms/change-field-buttons.spec.tsx" name="ChangeFieldButtons &gt; Change/Cancel Button Behavior &gt; should display &quot;Change&quot; when not editing" time="0.005576266">
        </testcase>
        <testcase classname="src/app/components/forms/change-field-buttons.spec.tsx" name="ChangeFieldButtons &gt; Change/Cancel Button Behavior &gt; should display &quot;Cancel&quot; when editing" time="0.005074284">
        </testcase>
        <testcase classname="src/app/components/forms/change-field-buttons.spec.tsx" name="ChangeFieldButtons &gt; Change/Cancel Button Behavior &gt; should call handleEditFieldButtonClick when Change button is clicked" time="0.026228726">
        </testcase>
        <testcase classname="src/app/components/forms/change-field-buttons.spec.tsx" name="ChangeFieldButtons &gt; Change/Cancel Button Behavior &gt; should call handleEditFieldButtonClick when Cancel button is clicked" time="0.013101635">
        </testcase>
        <testcase classname="src/app/components/forms/change-field-buttons.spec.tsx" name="ChangeFieldButtons &gt; Change/Cancel Button Behavior &gt; should have mr-2 class for spacing between buttons" time="0.004546116">
        </testcase>
        <testcase classname="src/app/components/forms/change-field-buttons.spec.tsx" name="ChangeFieldButtons &gt; Change/Cancel Button Behavior &gt; should be type=&quot;button&quot; for Change/Cancel button (not submit)" time="0.004927063">
        </testcase>
        <testcase classname="src/app/components/forms/change-field-buttons.spec.tsx" name="ChangeFieldButtons &gt; Update Button Behavior &gt; should display &quot;Update&quot; when not pending" time="0.005994692">
        </testcase>
        <testcase classname="src/app/components/forms/change-field-buttons.spec.tsx" name="ChangeFieldButtons &gt; Update Button Behavior &gt; should display &quot;Updating...&quot; when isPending is true" time="0.005689175">
        </testcase>
        <testcase classname="src/app/components/forms/change-field-buttons.spec.tsx" name="ChangeFieldButtons &gt; Update Button Behavior &gt; should display &quot;Updating...&quot; when isTransitionPending is true" time="0.009644898">
        </testcase>
        <testcase classname="src/app/components/forms/change-field-buttons.spec.tsx" name="ChangeFieldButtons &gt; Update Button Behavior &gt; should display &quot;Updating...&quot; when both pending states are true" time="0.005230275">
        </testcase>
        <testcase classname="src/app/components/forms/change-field-buttons.spec.tsx" name="ChangeFieldButtons &gt; Update Button Behavior &gt; should have type=&quot;submit&quot; for Update button" time="0.008354817">
        </testcase>
        <testcase classname="src/app/components/forms/change-field-buttons.spec.tsx" name="ChangeFieldButtons &gt; Update Button Disabled States &gt; should be disabled when form has errors" time="0.004886939">
        </testcase>
        <testcase classname="src/app/components/forms/change-field-buttons.spec.tsx" name="ChangeFieldButtons &gt; Update Button Disabled States &gt; should be disabled when isPending is true" time="0.004466459">
        </testcase>
        <testcase classname="src/app/components/forms/change-field-buttons.spec.tsx" name="ChangeFieldButtons &gt; Update Button Disabled States &gt; should be disabled when isTransitionPending is true" time="0.006179734">
        </testcase>
        <testcase classname="src/app/components/forms/change-field-buttons.spec.tsx" name="ChangeFieldButtons &gt; Update Button Disabled States &gt; should be disabled when not editing" time="0.005497791">
        </testcase>
        <testcase classname="src/app/components/forms/change-field-buttons.spec.tsx" name="ChangeFieldButtons &gt; Update Button Disabled States &gt; should be disabled when form is not dirty" time="0.004098517">
        </testcase>
        <testcase classname="src/app/components/forms/change-field-buttons.spec.tsx" name="ChangeFieldButtons &gt; Update Button Disabled States &gt; should be enabled when all conditions are met (no errors, editing, dirty, not pending)" time="0.00748847">
        </testcase>
        <testcase classname="src/app/components/forms/change-field-buttons.spec.tsx" name="ChangeFieldButtons &gt; Combined Disabled Conditions &gt; should be disabled when multiple conditions are not met (errors + not editing)" time="0.011372099">
        </testcase>
        <testcase classname="src/app/components/forms/change-field-buttons.spec.tsx" name="ChangeFieldButtons &gt; Combined Disabled Conditions &gt; should be disabled when all conditions fail" time="0.008638101">
        </testcase>
        <testcase classname="src/app/components/forms/change-field-buttons.spec.tsx" name="ChangeFieldButtons &gt; Edge Cases &gt; should handle empty error object correctly" time="0.01206858">
        </testcase>
        <testcase classname="src/app/components/forms/change-field-buttons.spec.tsx" name="ChangeFieldButtons &gt; Edge Cases &gt; should handle form errors correctly" time="0.004342059">
        </testcase>
        <testcase classname="src/app/components/forms/change-field-buttons.spec.tsx" name="ChangeFieldButtons &gt; Edge Cases &gt; should render correctly with different ID values" time="0.009993904">
        </testcase>
        <testcase classname="src/app/components/forms/change-field-buttons.spec.tsx" name="ChangeFieldButtons &gt; Accessibility &gt; should have proper button roles" time="0.004521071">
        </testcase>
        <testcase classname="src/app/components/forms/change-field-buttons.spec.tsx" name="ChangeFieldButtons &gt; Accessibility &gt; should have descriptive button text for screen readers" time="0.005620078">
        </testcase>
        <testcase classname="src/app/components/forms/change-field-buttons.spec.tsx" name="ChangeFieldButtons &gt; Accessibility &gt; should communicate disabled state to screen readers" time="0.004851793">
        </testcase>
        <testcase classname="src/app/components/forms/change-field-buttons.spec.tsx" name="ChangeFieldButtons &gt; Accessibility &gt; should communicate loading state through button text" time="0.004862483">
        </testcase>
        <testcase classname="src/app/components/forms/change-field-buttons.spec.tsx" name="ChangeFieldButtons &gt; Type Safety &gt; should work with any generic FieldValues type" time="0.086976354">
        </testcase>
    </testsuite>
    <testsuite name="src/app/components/ui/patreon-link.spec.tsx" timestamp="2026-02-06T06:11:34.798Z" hostname="runnervmkj6or" tests="6" failures="0" errors="0" skipped="0" time="0.097655028">
        <testcase classname="src/app/components/ui/patreon-link.spec.tsx" name="PatreonLink &gt; renders" time="0.005541301">
        </testcase>
        <testcase classname="src/app/components/ui/patreon-link.spec.tsx" name="PatreonLink &gt; has correct href" time="0.004180248">
        </testcase>
        <testcase classname="src/app/components/ui/patreon-link.spec.tsx" name="PatreonLink &gt; displays Patreon text" time="0.024993747">
        </testcase>
        <testcase classname="src/app/components/ui/patreon-link.spec.tsx" name="PatreonLink &gt; opens in new tab" time="0.006700029">
        </testcase>
        <testcase classname="src/app/components/ui/patreon-link.spec.tsx" name="PatreonLink &gt; has noopener noreferrer for security" time="0.003339961">
        </testcase>
        <testcase classname="src/app/components/ui/patreon-link.spec.tsx" name="PatreonLink &gt; has styling classes" time="0.050983881">
        </testcase>
    </testsuite>
    <testsuite name="src/app/components/ui/toggle-group.spec.tsx" timestamp="2026-02-06T06:11:34.799Z" hostname="runnervmkj6or" tests="15" failures="0" errors="0" skipped="0" time="0.294857044">
        <testcase classname="src/app/components/ui/toggle-group.spec.tsx" name="ToggleGroup &gt; ToggleGroup root &gt; renders" time="0.00462873">
        </testcase>
        <testcase classname="src/app/components/ui/toggle-group.spec.tsx" name="ToggleGroup &gt; ToggleGroup root &gt; has data-slot attribute" time="0.003111497">
        </testcase>
        <testcase classname="src/app/components/ui/toggle-group.spec.tsx" name="ToggleGroup &gt; ToggleGroup root &gt; applies custom className" time="0.00510364">
        </testcase>
        <testcase classname="src/app/components/ui/toggle-group.spec.tsx" name="ToggleGroup &gt; ToggleGroup root &gt; supports single selection" time="0.048114444">
        </testcase>
        <testcase classname="src/app/components/ui/toggle-group.spec.tsx" name="ToggleGroup &gt; ToggleGroup root &gt; supports multiple selection" time="0.04278201">
        </testcase>
        <testcase classname="src/app/components/ui/toggle-group.spec.tsx" name="ToggleGroup &gt; ToggleGroup root &gt; passes variant to context" time="0.003145831">
        </testcase>
        <testcase classname="src/app/components/ui/toggle-group.spec.tsx" name="ToggleGroup &gt; ToggleGroup root &gt; passes size to context" time="0.005433292">
        </testcase>
        <testcase classname="src/app/components/ui/toggle-group.spec.tsx" name="ToggleGroup &gt; ToggleGroupItem &gt; has data-slot attribute" time="0.005810581">
        </testcase>
        <testcase classname="src/app/components/ui/toggle-group.spec.tsx" name="ToggleGroup &gt; ToggleGroupItem &gt; applies custom className" time="0.006450145">
        </testcase>
        <testcase classname="src/app/components/ui/toggle-group.spec.tsx" name="ToggleGroup &gt; ToggleGroupItem &gt; can be disabled" time="0.051131667">
        </testcase>
        <testcase classname="src/app/components/ui/toggle-group.spec.tsx" name="ToggleGroup &gt; ToggleGroupItem &gt; renders children" time="0.006556914">
        </testcase>
        <testcase classname="src/app/components/ui/toggle-group.spec.tsx" name="ToggleGroup &gt; ToggleGroupItem &gt; can override variant from context" time="0.043227216">
        </testcase>
        <testcase classname="src/app/components/ui/toggle-group.spec.tsx" name="ToggleGroup &gt; keyboard navigation &gt; navigates with arrow keys in single mode" time="0.031158536">
            <system-err>
An update to ForwardRef inside a test was not wrapped in act(...).

When testing, code that causes React state updates should be wrapped into act(...):

act(() =&gt; {
  /* fire events that update state */
});
/* assert on the output */

This ensures that you&apos;re testing the behavior the user would see in the browser. Learn more at https://react.dev/link/wrap-tests-with-act

            </system-err>
        </testcase>
        <testcase classname="src/app/components/ui/toggle-group.spec.tsx" name="ToggleGroup &gt; controlled state &gt; supports controlled single value" time="0.01774418">
        </testcase>
        <testcase classname="src/app/components/ui/toggle-group.spec.tsx" name="ToggleGroup &gt; controlled state &gt; supports controlled multiple values" time="0.017543168">
        </testcase>
    </testsuite>
    <testsuite name="src/lib/utils/logger.spec.ts" timestamp="2026-02-06T06:11:34.802Z" hostname="runnervmkj6or" tests="28" failures="0" errors="0" skipped="0" time="0.018865378">
        <testcase classname="src/lib/utils/logger.spec.ts" name="Logger &gt; createLogger &gt; creates a logger with the specified module name" time="0.000257667">
        </testcase>
        <testcase classname="src/lib/utils/logger.spec.ts" name="Logger &gt; createLogger &gt; includes timestamp in log messages" time="0.000450996">
        </testcase>
        <testcase classname="src/lib/utils/logger.spec.ts" name="Logger &gt; log levels &gt; debug method is defined" time="0.000557843">
        </testcase>
        <testcase classname="src/lib/utils/logger.spec.ts" name="Logger &gt; log levels &gt; logs info messages" time="0.000313371">
        </testcase>
        <testcase classname="src/lib/utils/logger.spec.ts" name="Logger &gt; log levels &gt; logs warn messages" time="0.000393489">
        </testcase>
        <testcase classname="src/lib/utils/logger.spec.ts" name="Logger &gt; log levels &gt; logs error messages" time="0.00026473">
        </testcase>
        <testcase classname="src/lib/utils/logger.spec.ts" name="Logger &gt; log levels &gt; logs error with Error object" time="0.000279758">
        </testcase>
        <testcase classname="src/lib/utils/logger.spec.ts" name="Logger &gt; log levels &gt; logs error with non-Error object" time="0.000413346">
        </testcase>
        <testcase classname="src/lib/utils/logger.spec.ts" name="Logger &gt; data logging &gt; logs additional data with messages" time="0.000743408">
        </testcase>
        <testcase classname="src/lib/utils/logger.spec.ts" name="Logger &gt; data logging &gt; redacts sensitive fields from logged data" time="0.000401344">
        </testcase>
        <testcase classname="src/lib/utils/logger.spec.ts" name="Logger &gt; data logging &gt; redacts sensitive fields in nested objects" time="0.000678097">
        </testcase>
        <testcase classname="src/lib/utils/logger.spec.ts" name="Logger &gt; data logging &gt; redacts sensitive fields in arrays of objects" time="0.00463449">
        </testcase>
        <testcase classname="src/lib/utils/logger.spec.ts" name="Logger &gt; data logging &gt; logs arrays of primitive values without modification" time="0.00070102">
        </testcase>
        <testcase classname="src/lib/utils/logger.spec.ts" name="Logger &gt; data logging &gt; redacts sensitive fields in mixed arrays with objects" time="0.000542095">
        </testcase>
        <testcase classname="src/lib/utils/logger.spec.ts" name="Logger &gt; data logging &gt; redacts sensitive fields in deeply nested arrays" time="0.001174547">
        </testcase>
        <testcase classname="src/lib/utils/logger.spec.ts" name="Logger &gt; operation logging &gt; logs operation start" time="0.000324902">
        </testcase>
        <testcase classname="src/lib/utils/logger.spec.ts" name="Logger &gt; operation logging &gt; logs operation complete" time="0.000455654">
        </testcase>
        <testcase classname="src/lib/utils/logger.spec.ts" name="Logger &gt; operation logging &gt; logs operation failed" time="0.000316798">
        </testcase>
        <testcase classname="src/lib/utils/logger.spec.ts" name="Logger &gt; operation logging &gt; logs operation failed with additional data" time="0.000303923">
        </testcase>
        <testcase classname="src/lib/utils/logger.spec.ts" name="Logger &gt; pre-configured loggers &gt; provides pre-configured loggers for common modules" time="0.000249172">
        </testcase>
        <testcase classname="src/lib/utils/logger.spec.ts" name="Logger &gt; pre-configured loggers &gt; presignedUrls logger logs with correct module name" time="0.000245445">
        </testcase>
        <testcase classname="src/lib/utils/logger.spec.ts" name="Logger &gt; pre-configured loggers &gt; auth logger logs with correct module name" time="0.000244604">
        </testcase>
        <testcase classname="src/lib/utils/logger.spec.ts" name="Logger &gt; pre-configured loggers &gt; database logger logs with correct module name" time="0.000272314">
        </testcase>
        <testcase classname="src/lib/utils/logger.spec.ts" name="Logger &gt; pre-configured loggers &gt; s3 logger logs with correct module name" time="0.000232531">
        </testcase>
        <testcase classname="src/lib/utils/logger.spec.ts" name="Logger &gt; pre-configured loggers &gt; notifications logger logs with correct module name" time="0.000280961">
        </testcase>
        <testcase classname="src/lib/utils/logger.spec.ts" name="Logger &gt; error handling &gt; handles error logging with Error object" time="0.000649534">
        </testcase>
        <testcase classname="src/lib/utils/logger.spec.ts" name="Logger &gt; error handling &gt; handles error logging with string error" time="0.000455254">
        </testcase>
        <testcase classname="src/lib/utils/logger.spec.ts" name="Logger &gt; error handling &gt; handles error logging with additional data" time="0.000520445">
        </testcase>
    </testsuite>
    <testsuite name="src/lib/actions/signin-action.spec.ts" timestamp="2026-02-06T06:11:34.807Z" hostname="runnervmkj6or" tests="18" failures="0" errors="0" skipped="0" time="0.020103544">
        <testcase classname="src/lib/actions/signin-action.spec.ts" name="signinAction &gt; successful signin flow &gt; should send magic link when email is valid" time="0.000650236">
        </testcase>
        <testcase classname="src/lib/actions/signin-action.spec.ts" name="signinAction &gt; successful signin flow &gt; should use nodemailer provider for magic link" time="0.000926568">
        </testcase>
        <testcase classname="src/lib/actions/signin-action.spec.ts" name="signinAction &gt; successful signin flow &gt; should set redirect parameter correctly" time="0.000520194">
        </testcase>
        <testcase classname="src/lib/actions/signin-action.spec.ts" name="signinAction &gt; Turnstile verification &gt; should return error when Turnstile token is missing" time="0.000548877">
        </testcase>
        <testcase classname="src/lib/actions/signin-action.spec.ts" name="signinAction &gt; Turnstile verification &gt; should return error when Turnstile verification fails" time="0.000568183">
        </testcase>
        <testcase classname="src/lib/actions/signin-action.spec.ts" name="signinAction &gt; Turnstile verification &gt; should proceed when Turnstile verification succeeds" time="0.000456346">
        </testcase>
        <testcase classname="src/lib/actions/signin-action.spec.ts" name="signinAction &gt; validation failures &gt; should return form state with errors when validation fails" time="0.002864178">
        </testcase>
        <testcase classname="src/lib/actions/signin-action.spec.ts" name="signinAction &gt; validation failures &gt; should preserve validation errors and fields" time="0.000990666">
        </testcase>
        <testcase classname="src/lib/actions/signin-action.spec.ts" name="signinAction &gt; signIn errors &gt; should handle signIn failures and set unknown error" time="0.001974309">
            <system-err>
Sign-in error: SignIn failed

            </system-err>
        </testcase>
        <testcase classname="src/lib/actions/signin-action.spec.ts" name="signinAction &gt; signIn errors &gt; should log full error object in development mode" time="0.000642921">
        </testcase>
        <testcase classname="src/lib/actions/signin-action.spec.ts" name="signinAction &gt; signIn errors &gt; should log error message only in production mode" time="0.001177482">
        </testcase>
        <testcase classname="src/lib/actions/signin-action.spec.ts" name="signinAction &gt; signIn errors &gt; should log Unknown error in production mode for non-Error exceptions" time="0.000509414">
        </testcase>
        <testcase classname="src/lib/actions/signin-action.spec.ts" name="signinAction &gt; signIn errors &gt; should call setUnknownError in finally block when there are errors" time="0.001646472">
            <system-err>
Sign-in error: Network failure

            </system-err>
        </testcase>
        <testcase classname="src/lib/actions/signin-action.spec.ts" name="signinAction &gt; signIn errors &gt; should not call setUnknownError when success is true" time="0.00086859">
        </testcase>
        <testcase classname="src/lib/actions/signin-action.spec.ts" name="signinAction &gt; edge cases &gt; should not redirect when signin fails" time="0.000267947">
        </testcase>
        <testcase classname="src/lib/actions/signin-action.spec.ts" name="signinAction &gt; edge cases &gt; should handle empty form data gracefully" time="0.000362893">
        </testcase>
        <testcase classname="src/lib/actions/signin-action.spec.ts" name="signinAction &gt; edge cases &gt; should preserve form state structure" time="0.00042093">
        </testcase>
        <testcase classname="src/lib/actions/signin-action.spec.ts" name="signinAction &gt; URL encoding &gt; should properly encode email in redirect URL" time="0.002194067">
        </testcase>
    </testsuite>
    <testsuite name="src/app/components/ui/skeleton.spec.tsx" timestamp="2026-02-06T06:11:34.810Z" hostname="runnervmkj6or" tests="10" failures="0" errors="0" skipped="0" time="0.089626311">
        <testcase classname="src/app/components/ui/skeleton.spec.tsx" name="Skeleton &gt; rendering &gt; should render the skeleton div" time="0.001510761">
        </testcase>
        <testcase classname="src/app/components/ui/skeleton.spec.tsx" name="Skeleton &gt; rendering &gt; should have data-slot attribute" time="0.003686684">
        </testcase>
        <testcase classname="src/app/components/ui/skeleton.spec.tsx" name="Skeleton &gt; rendering &gt; should have default styling classes" time="0.001788565">
        </testcase>
        <testcase classname="src/app/components/ui/skeleton.spec.tsx" name="Skeleton &gt; className prop &gt; should apply custom className" time="0.002741792">
        </testcase>
        <testcase classname="src/app/components/ui/skeleton.spec.tsx" name="Skeleton &gt; className prop &gt; should merge custom className with default classes" time="0.029055027">
        </testcase>
        <testcase classname="src/app/components/ui/skeleton.spec.tsx" name="Skeleton &gt; className prop &gt; should allow overriding width" time="0.002613454">
        </testcase>
        <testcase classname="src/app/components/ui/skeleton.spec.tsx" name="Skeleton &gt; className prop &gt; should allow overriding height" time="0.002859721">
        </testcase>
        <testcase classname="src/app/components/ui/skeleton.spec.tsx" name="Skeleton &gt; additional props &gt; should pass through style prop" time="0.039577801">
        </testcase>
        <testcase classname="src/app/components/ui/skeleton.spec.tsx" name="Skeleton &gt; additional props &gt; should pass through aria attributes" time="0.001601198">
        </testcase>
        <testcase classname="src/app/components/ui/skeleton.spec.tsx" name="Skeleton &gt; additional props &gt; should pass through role attribute" time="0.001819032">
        </testcase>
    </testsuite>
    <testsuite name="src/app/components/footer/footer.spec.tsx" timestamp="2026-02-06T06:11:34.812Z" hostname="runnervmkj6or" tests="8" failures="0" errors="0" skipped="0" time="0.131967184">
        <testcase classname="src/app/components/footer/footer.spec.tsx" name="Footer &gt; renders the footer element" time="0.003887977">
        </testcase>
        <testcase classname="src/app/components/footer/footer.spec.tsx" name="Footer &gt; displays copyright text with current year" time="0.003459052">
        </testcase>
        <testcase classname="src/app/components/footer/footer.spec.tsx" name="Footer &gt; displays all rights reserved text" time="0.006321067">
        </testcase>
        <testcase classname="src/app/components/footer/footer.spec.tsx" name="Footer &gt; renders Terms and Conditions link" time="0.009412647">
        </testcase>
        <testcase classname="src/app/components/footer/footer.spec.tsx" name="Footer &gt; renders Privacy Policy link" time="0.055850965">
        </testcase>
        <testcase classname="src/app/components/footer/footer.spec.tsx" name="Footer &gt; renders Cookies Policy link" time="0.008704285">
        </testcase>
        <testcase classname="src/app/components/footer/footer.spec.tsx" name="Footer &gt; renders navigation element" time="0.004145565">
        </testcase>
        <testcase classname="src/app/components/footer/footer.spec.tsx" name="Footer &gt; renders vertical separators" time="0.038135598">
        </testcase>
    </testsuite>
    <testsuite name="src/lib/config/env-validation.spec.ts" timestamp="2026-02-06T06:11:34.813Z" hostname="runnervmkj6or" tests="14" failures="0" errors="0" skipped="0" time="0.018245609">
        <testcase classname="src/lib/config/env-validation.spec.ts" name="Environment Validation &gt; validateEnvironment &gt; should pass validation with all required environment variables" time="0.000659231">
        </testcase>
        <testcase classname="src/lib/config/env-validation.spec.ts" name="Environment Validation &gt; validateEnvironment &gt; should throw error when DATABASE_URL is missing" time="0.000701189">
        </testcase>
        <testcase classname="src/lib/config/env-validation.spec.ts" name="Environment Validation &gt; validateEnvironment &gt; should throw error when AUTH_SECRET is missing" time="0.00094971">
        </testcase>
        <testcase classname="src/lib/config/env-validation.spec.ts" name="Environment Validation &gt; validateEnvironment &gt; should throw error when multiple variables are missing" time="0.000673829">
        </testcase>
        <testcase classname="src/lib/config/env-validation.spec.ts" name="Environment Validation &gt; validateEnvironment &gt; should throw error when AUTH_SECRET is too short" time="0.000656797">
        </testcase>
        <testcase classname="src/lib/config/env-validation.spec.ts" name="Environment Validation &gt; validateEnvironment &gt; should accept AUTH_SECRET with exactly 32 characters" time="0.001594145">
            <system-out>
✅ Environment validation passed

            </system-out>
        </testcase>
        <testcase classname="src/lib/config/env-validation.spec.ts" name="Environment Validation &gt; validateEnvironment &gt; should accept AUTH_SECRET with more than 32 characters" time="0.000942888">
        </testcase>
        <testcase classname="src/lib/config/env-validation.spec.ts" name="Environment Validation &gt; validateEnvironment &gt; should warn when DATABASE_URL is not MongoDB" time="0.000852119">
            <system-out>
✅ Environment validation passed

            </system-out>
        </testcase>
        <testcase classname="src/lib/config/env-validation.spec.ts" name="Environment Validation &gt; validateEnvironment &gt; should validate MongoDB connection strings" time="0.001144081">
        </testcase>
        <testcase classname="src/lib/config/env-validation.spec.ts" name="Environment Validation &gt; validateEnvironment &gt; should throw error for invalid EMAIL_SERVER_PORT" time="0.002926324">
        </testcase>
        <testcase classname="src/lib/config/env-validation.spec.ts" name="Environment Validation &gt; validateEnvironment &gt; should throw error for non-numeric EMAIL_SERVER_PORT" time="0.000666084">
        </testcase>
        <testcase classname="src/lib/config/env-validation.spec.ts" name="Environment Validation &gt; validateEnvironment &gt; should accept valid EMAIL_SERVER_PORT values" time="0.001152617">
        </testcase>
        <testcase classname="src/lib/config/env-validation.spec.ts" name="Environment Validation &gt; validateEnvironment &gt; should log success message after validation" time="0.000811333">
        </testcase>
        <testcase classname="src/lib/config/env-validation.spec.ts" name="Environment Validation &gt; validateEnvironment &gt; should skip validation when SKIP_ENV_VALIDATION is true" time="0.002419434">
        </testcase>
    </testsuite>
    <testsuite name="src/app/hooks/use-releases-query.spec.tsx" timestamp="2026-02-06T06:11:34.816Z" hostname="runnervmkj6or" tests="6" failures="0" errors="0" skipped="0" time="0.346026063">
        <testcase classname="src/app/hooks/use-releases-query.spec.tsx" name="useReleasesQuery &gt; should fetch releases successfully" time="0.054530967">
        </testcase>
        <testcase classname="src/app/hooks/use-releases-query.spec.tsx" name="useReleasesQuery &gt; should return error when fetch fails" time="0.054612231">
        </testcase>
        <testcase classname="src/app/hooks/use-releases-query.spec.tsx" name="useReleasesQuery &gt; should return error when network request fails" time="0.070581059">
        </testcase>
        <testcase classname="src/app/hooks/use-releases-query.spec.tsx" name="useReleasesQuery &gt; should provide refetch function" time="0.055264698">
        </testcase>
        <testcase classname="src/app/hooks/use-releases-query.spec.tsx" name="useReleasesQuery &gt; should have correct query key" time="0.053968416">
        </testcase>
        <testcase classname="src/app/hooks/use-releases-query.spec.tsx" name="useReleasesQuery &gt; should return empty releases array when API returns empty" time="0.055138925">
        </testcase>
    </testsuite>
    <testsuite name="src/app/hooks/use-mobile.spec.ts" timestamp="2026-02-06T06:11:34.817Z" hostname="runnervmkj6or" tests="9" failures="0" errors="0" skipped="0" time="0.035570944">
        <testcase classname="src/app/hooks/use-mobile.spec.ts" name="useIsMobile &gt; should return false initially when window width is &gt;= 768px" time="0.001205475">
        </testcase>
        <testcase classname="src/app/hooks/use-mobile.spec.ts" name="useIsMobile &gt; should return true initially when window width is &lt; 768px" time="0.00230364">
        </testcase>
        <testcase classname="src/app/hooks/use-mobile.spec.ts" name="useIsMobile &gt; should call matchMedia with correct query" time="0.001570882">
        </testcase>
        <testcase classname="src/app/hooks/use-mobile.spec.ts" name="useIsMobile &gt; should register event listener for matchMedia changes" time="0.016936353">
        </testcase>
        <testcase classname="src/app/hooks/use-mobile.spec.ts" name="useIsMobile &gt; should update from desktop to mobile when matchMedia change event fires" time="0.002473716">
        </testcase>
        <testcase classname="src/app/hooks/use-mobile.spec.ts" name="useIsMobile &gt; should update when resizing from mobile to desktop" time="0.003031159">
        </testcase>
        <testcase classname="src/app/hooks/use-mobile.spec.ts" name="useIsMobile &gt; should cleanup event listener on unmount" time="0.002189488">
        </testcase>
        <testcase classname="src/app/hooks/use-mobile.spec.ts" name="useIsMobile &gt; should handle boundary case at exactly 768px as desktop" time="0.001768718">
        </testcase>
        <testcase classname="src/app/hooks/use-mobile.spec.ts" name="useIsMobile &gt; should handle boundary case at 767px as mobile" time="0.001946167">
        </testcase>
    </testsuite>
    <testsuite name="src/app/components/ui/media-uploader.spec.tsx" timestamp="2026-02-06T06:11:34.819Z" hostname="runnervmkj6or" tests="27" failures="0" errors="0" skipped="0" time="0.513583267">
        <testcase classname="src/app/components/ui/media-uploader.spec.tsx" name="MediaUploader &gt; rendering &gt; should render the drop zone" time="0.003429455">
        </testcase>
        <testcase classname="src/app/components/ui/media-uploader.spec.tsx" name="MediaUploader &gt; rendering &gt; should show audio and video file types by default" time="0.003099956">
        </testcase>
        <testcase classname="src/app/components/ui/media-uploader.spec.tsx" name="MediaUploader &gt; rendering &gt; should show audio-only types when mediaType is audio" time="0.003233424">
        </testcase>
        <testcase classname="src/app/components/ui/media-uploader.spec.tsx" name="MediaUploader &gt; rendering &gt; should show video-only types when mediaType is video" time="0.002939288">
        </testcase>
        <testcase classname="src/app/components/ui/media-uploader.spec.tsx" name="MediaUploader &gt; rendering &gt; should show file count when items exist" time="0.004830444">
        </testcase>
        <testcase classname="src/app/components/ui/media-uploader.spec.tsx" name="MediaUploader &gt; rendering &gt; should show maximum files message when limit reached" time="0.022198096">
        </testcase>
        <testcase classname="src/app/components/ui/media-uploader.spec.tsx" name="MediaUploader &gt; file selection &gt; should have file input with correct accept attribute" time="0.003228865">
        </testcase>
        <testcase classname="src/app/components/ui/media-uploader.spec.tsx" name="MediaUploader &gt; file selection &gt; should accept only audio files when mediaType is audio" time="0.002674267">
        </testcase>
        <testcase classname="src/app/components/ui/media-uploader.spec.tsx" name="MediaUploader &gt; file selection &gt; should accept only video files when mediaType is video" time="0.002844903">
        </testcase>
        <testcase classname="src/app/components/ui/media-uploader.spec.tsx" name="MediaUploader &gt; file selection &gt; should allow multiple files by default" time="0.00269221">
        </testcase>
        <testcase classname="src/app/components/ui/media-uploader.spec.tsx" name="MediaUploader &gt; file selection &gt; should not allow multiple files when multiple is false" time="0.003703777">
        </testcase>
        <testcase classname="src/app/components/ui/media-uploader.spec.tsx" name="MediaUploader &gt; drag and drop &gt; should highlight drop zone on drag over" time="0.009332487">
        </testcase>
        <testcase classname="src/app/components/ui/media-uploader.spec.tsx" name="MediaUploader &gt; drag and drop &gt; should remove highlight on drag leave" time="0.008107198">
        </testcase>
        <testcase classname="src/app/components/ui/media-uploader.spec.tsx" name="MediaUploader &gt; media item display &gt; should display media item with correct info" time="0.010133644">
        </testcase>
        <testcase classname="src/app/components/ui/media-uploader.spec.tsx" name="MediaUploader &gt; media item display &gt; should show upload progress" time="0.007540478">
        </testcase>
        <testcase classname="src/app/components/ui/media-uploader.spec.tsx" name="MediaUploader &gt; media item display &gt; should show error state" time="0.00661395">
        </testcase>
        <testcase classname="src/app/components/ui/media-uploader.spec.tsx" name="MediaUploader &gt; media item display &gt; should show success indicator for uploaded files" time="0.008255673">
        </testcase>
        <testcase classname="src/app/components/ui/media-uploader.spec.tsx" name="MediaUploader &gt; delete functionality &gt; should open delete confirmation dialog" time="0.051206114">
            <system-err>
Warning: Missing `Description` or `aria-describedby={undefined}` for {DialogContent}.

            </system-err>
        </testcase>
        <testcase classname="src/app/components/ui/media-uploader.spec.tsx" name="MediaUploader &gt; delete functionality &gt; should call onDelete when confirmed" time="0.225618406">
            <system-err>
Warning: Missing `Description` or `aria-describedby={undefined}` for {DialogContent}.

            </system-err>
        </testcase>
        <testcase classname="src/app/components/ui/media-uploader.spec.tsx" name="MediaUploader &gt; delete functionality &gt; should cancel delete when canceled" time="0.07730335">
            <system-err>
Warning: Missing `Description` or `aria-describedby={undefined}` for {DialogContent}.

            </system-err>
        </testcase>
        <testcase classname="src/app/components/ui/media-uploader.spec.tsx" name="MediaUploader &gt; upload functionality &gt; should show upload button when there are unuploaded files" time="0.009785739">
        </testcase>
        <testcase classname="src/app/components/ui/media-uploader.spec.tsx" name="MediaUploader &gt; upload functionality &gt; should call onUpload when upload button is clicked" time="0.024688883">
        </testcase>
        <testcase classname="src/app/components/ui/media-uploader.spec.tsx" name="MediaUploader &gt; upload functionality &gt; should not show upload button when all files are uploaded" time="0.007598524">
        </testcase>
        <testcase classname="src/app/components/ui/media-uploader.spec.tsx" name="MediaUploader &gt; disabled state &gt; should disable the component when disabled prop is true" time="0.002541802">
        </testcase>
        <testcase classname="src/app/components/ui/media-uploader.spec.tsx" name="MediaUploader &gt; disabled state &gt; should hide delete button when disabled" time="0.003418306">
        </testcase>
        <testcase classname="src/app/components/ui/media-uploader.spec.tsx" name="MediaUploader &gt; file type constants &gt; should export AUDIO_FILE_TYPES" time="0.002676933">
        </testcase>
        <testcase classname="src/app/components/ui/media-uploader.spec.tsx" name="MediaUploader &gt; file type constants &gt; should export VIDEO_FILE_TYPES" time="0.000781528">
        </testcase>
    </testsuite>
    <testsuite name="src/app/components/ui/dialog.spec.tsx" timestamp="2026-02-06T06:11:34.824Z" hostname="runnervmkj6or" tests="24" failures="0" errors="0" skipped="0" time="0.501907878">
        <testcase classname="src/app/components/ui/dialog.spec.tsx" name="Dialog Components &gt; Dialog &gt; renders children" time="0.010928758">
            <system-err>
Warning: Missing `Description` or `aria-describedby={undefined}` for {DialogContent}.

            </system-err>
        </testcase>
        <testcase classname="src/app/components/ui/dialog.spec.tsx" name="Dialog Components &gt; DialogTrigger &gt; renders with data-slot attribute" time="0.070657029">
            <system-err>
Warning: Missing `Description` or `aria-describedby={undefined}` for {DialogContent}.

            </system-err>
        </testcase>
        <testcase classname="src/app/components/ui/dialog.spec.tsx" name="Dialog Components &gt; DialogTrigger &gt; renders children" time="0.00257341">
        </testcase>
        <testcase classname="src/app/components/ui/dialog.spec.tsx" name="Dialog Components &gt; DialogPortal &gt; renders children in portal" time="0.00201801">
        </testcase>
        <testcase classname="src/app/components/ui/dialog.spec.tsx" name="Dialog Components &gt; DialogClose &gt; renders with data-slot attribute" time="0.110933663">
            <system-err>
Warning: Missing `Description` or `aria-describedby={undefined}` for {DialogContent}.

            </system-err>
        </testcase>
        <testcase classname="src/app/components/ui/dialog.spec.tsx" name="Dialog Components &gt; DialogClose &gt; closes dialog when clicked" time="0.039656226">
            <system-err>
Warning: Missing `Description` or `aria-describedby={undefined}` for {DialogContent}.

            </system-err>
        </testcase>
        <testcase classname="src/app/components/ui/dialog.spec.tsx" name="Dialog Components &gt; DialogOverlay &gt; renders with data-slot attribute" time="0.004298017">
        </testcase>
        <testcase classname="src/app/components/ui/dialog.spec.tsx" name="Dialog Components &gt; DialogOverlay &gt; applies custom className" time="0.004210435">
        </testcase>
        <testcase classname="src/app/components/ui/dialog.spec.tsx" name="Dialog Components &gt; DialogContent &gt; renders with data-slot attribute" time="0.021024812">
            <system-err>
Warning: Missing `Description` or `aria-describedby={undefined}` for {DialogContent}.

            </system-err>
        </testcase>
        <testcase classname="src/app/components/ui/dialog.spec.tsx" name="Dialog Components &gt; DialogContent &gt; shows close button by default" time="0.018789929">
            <system-err>
Warning: Missing `Description` or `aria-describedby={undefined}` for {DialogContent}.

            </system-err>
        </testcase>
        <testcase classname="src/app/components/ui/dialog.spec.tsx" name="Dialog Components &gt; DialogContent &gt; hides close button when showCloseButton is false" time="0.017676785">
            <system-err>
Warning: Missing `Description` or `aria-describedby={undefined}` for {DialogContent}.

            </system-err>
        </testcase>
        <testcase classname="src/app/components/ui/dialog.spec.tsx" name="Dialog Components &gt; DialogContent &gt; applies custom className" time="0.013993869">
            <system-err>
Warning: Missing `Description` or `aria-describedby={undefined}` for {DialogContent}.

            </system-err>
        </testcase>
        <testcase classname="src/app/components/ui/dialog.spec.tsx" name="Dialog Components &gt; DialogContent &gt; close button closes dialog" time="0.040857304">
            <system-err>
Warning: Missing `Description` or `aria-describedby={undefined}` for {DialogContent}.

            </system-err>
        </testcase>
        <testcase classname="src/app/components/ui/dialog.spec.tsx" name="Dialog Components &gt; DialogHeader &gt; renders with data-slot attribute" time="0.009819321">
            <system-err>
Warning: Missing `Description` or `aria-describedby={undefined}` for {DialogContent}.

            </system-err>
        </testcase>
        <testcase classname="src/app/components/ui/dialog.spec.tsx" name="Dialog Components &gt; DialogHeader &gt; applies custom className" time="0.009632124">
            <system-err>
Warning: Missing `Description` or `aria-describedby={undefined}` for {DialogContent}.

            </system-err>
        </testcase>
        <testcase classname="src/app/components/ui/dialog.spec.tsx" name="Dialog Components &gt; DialogFooter &gt; renders with data-slot attribute" time="0.014354087">
            <system-err>
Warning: Missing `Description` or `aria-describedby={undefined}` for {DialogContent}.

            </system-err>
        </testcase>
        <testcase classname="src/app/components/ui/dialog.spec.tsx" name="Dialog Components &gt; DialogFooter &gt; applies custom className" time="0.016089624">
            <system-err>
Warning: Missing `Description` or `aria-describedby={undefined}` for {DialogContent}.

            </system-err>
        </testcase>
        <testcase classname="src/app/components/ui/dialog.spec.tsx" name="Dialog Components &gt; DialogTitle &gt; renders with data-slot attribute" time="0.010376013">
            <system-err>
Warning: Missing `Description` or `aria-describedby={undefined}` for {DialogContent}.

            </system-err>
        </testcase>
        <testcase classname="src/app/components/ui/dialog.spec.tsx" name="Dialog Components &gt; DialogTitle &gt; renders children" time="0.009524835">
            <system-err>
Warning: Missing `Description` or `aria-describedby={undefined}` for {DialogContent}.

            </system-err>
        </testcase>
        <testcase classname="src/app/components/ui/dialog.spec.tsx" name="Dialog Components &gt; DialogTitle &gt; applies custom className" time="0.009699018">
            <system-err>
Warning: Missing `Description` or `aria-describedby={undefined}` for {DialogContent}.

            </system-err>
        </testcase>
        <testcase classname="src/app/components/ui/dialog.spec.tsx" name="Dialog Components &gt; DialogDescription &gt; renders with data-slot attribute" time="0.012103144">
        </testcase>
        <testcase classname="src/app/components/ui/dialog.spec.tsx" name="Dialog Components &gt; DialogDescription &gt; renders children" time="0.012648846">
        </testcase>
        <testcase classname="src/app/components/ui/dialog.spec.tsx" name="Dialog Components &gt; DialogDescription &gt; applies custom className" time="0.011470001">
        </testcase>
        <testcase classname="src/app/components/ui/dialog.spec.tsx" name="Dialog Components &gt; integration &gt; renders a complete dialog structure" time="0.025105636">
        </testcase>
    </testsuite>
    <testsuite name="src/lib/actions/notification-banner-action.spec.ts" timestamp="2026-02-06T06:11:34.831Z" hostname="runnervmkj6or" tests="36" failures="0" errors="0" skipped="0" time="0.047067943">
        <testcase classname="src/lib/actions/notification-banner-action.spec.ts" name="notification-banner-action &gt; createNotificationBannerAction &gt; should create notification banner successfully with valid data" time="0.001411887">
        </testcase>
        <testcase classname="src/lib/actions/notification-banner-action.spec.ts" name="notification-banner-action &gt; createNotificationBannerAction &gt; should return validation errors for invalid message" time="0.002156417">
            <system-err>
[2026-02-06T06:11:04.474Z] [WARN] [NOTIFICATIONS] CREATE - Validation failed {
  issues: [
    {
      origin: [32m&apos;string&apos;[39m,
      code: [32m&apos;too_small&apos;[39m,
      minimum: [33m1[39m,
      inclusive: [33mtrue[39m,
      path: [36m[Array][39m,
      message: [32m&apos;Message is required&apos;[39m
    }
  ]
}

            </system-err>
        </testcase>
        <testcase classname="src/lib/actions/notification-banner-action.spec.ts" name="notification-banner-action &gt; createNotificationBannerAction &gt; should return error when user is not an admin" time="0.001214201">
        </testcase>
        <testcase classname="src/lib/actions/notification-banner-action.spec.ts" name="notification-banner-action &gt; createNotificationBannerAction &gt; should return error when user session is missing" time="0.000957995">
        </testcase>
        <testcase classname="src/lib/actions/notification-banner-action.spec.ts" name="notification-banner-action &gt; createNotificationBannerAction &gt; should return error when service fails" time="0.001530698">
        </testcase>
        <testcase classname="src/lib/actions/notification-banner-action.spec.ts" name="notification-banner-action &gt; createNotificationBannerAction &gt; should handle unexpected errors" time="0.001380499">
            <system-err>
[2026-02-06T06:11:04.478Z] [ERROR] [NOTIFICATIONS] Error creating notification banner { error: [32m&apos;Unexpected error&apos;[39m, stack: [90mundefined[39m }

            </system-err>
        </testcase>
        <testcase classname="src/lib/actions/notification-banner-action.spec.ts" name="notification-banner-action &gt; createNotificationBannerAction &gt; should process boolean fields correctly" time="0.006281383">
        </testcase>
        <testcase classname="src/lib/actions/notification-banner-action.spec.ts" name="notification-banner-action &gt; createNotificationBannerAction &gt; should process numeric fields correctly" time="0.002335139">
        </testcase>
        <testcase classname="src/lib/actions/notification-banner-action.spec.ts" name="notification-banner-action &gt; createNotificationBannerAction &gt; should handle date fields" time="0.001978848">
        </testcase>
        <testcase classname="src/lib/actions/notification-banner-action.spec.ts" name="notification-banner-action &gt; createNotificationBannerAction &gt; should accept backgroundColor instead of imageUrl" time="0.00140276">
        </testcase>
        <testcase classname="src/lib/actions/notification-banner-action.spec.ts" name="notification-banner-action &gt; createNotificationBannerAction &gt; should require either imageUrl or backgroundColor" time="0.002603666">
            <system-err>
[2026-02-06T06:11:04.486Z] [WARN] [NOTIFICATIONS] CREATE - Validation failed {
  issues: [
    {
      code: [32m&apos;custom&apos;[39m,
      path: [36m[Array][39m,
      message: [32m&apos;Either an image URL or a background color is required&apos;[39m
    }
  ]
}

            </system-err>
        </testcase>
        <testcase classname="src/lib/actions/notification-banner-action.spec.ts" name="notification-banner-action &gt; createNotificationBannerAction &gt; should use fallback values when boolean fields are omitted from form data" time="0.000991898">
        </testcase>
        <testcase classname="src/lib/actions/notification-banner-action.spec.ts" name="notification-banner-action &gt; createNotificationBannerAction &gt; should handle checkbox &quot;on&quot; values for boolean fields" time="0.001252692">
        </testcase>
        <testcase classname="src/lib/actions/notification-banner-action.spec.ts" name="notification-banner-action &gt; updateNotificationBannerAction &gt; should update notification banner successfully" time="0.001398882">
        </testcase>
        <testcase classname="src/lib/actions/notification-banner-action.spec.ts" name="notification-banner-action &gt; updateNotificationBannerAction &gt; should return error when notificationId is missing" time="0.000482474">
        </testcase>
        <testcase classname="src/lib/actions/notification-banner-action.spec.ts" name="notification-banner-action &gt; updateNotificationBannerAction &gt; should return error when user is not an admin" time="0.000865395">
        </testcase>
        <testcase classname="src/lib/actions/notification-banner-action.spec.ts" name="notification-banner-action &gt; updateNotificationBannerAction &gt; should return validation errors for invalid data" time="0.001277608">
            <system-err>
[2026-02-06T06:11:04.492Z] [WARN] [NOTIFICATIONS] UPDATE - Validation failed {
  issues: [
    {
      origin: [32m&apos;string&apos;[39m,
      code: [32m&apos;too_small&apos;[39m,
      minimum: [33m1[39m,
      inclusive: [33mtrue[39m,
      path: [36m[Array][39m,
      message: [32m&apos;Message is required&apos;[39m
    }
  ]
}

            </system-err>
        </testcase>
        <testcase classname="src/lib/actions/notification-banner-action.spec.ts" name="notification-banner-action &gt; updateNotificationBannerAction &gt; should return error when service fails" time="0.001242243">
        </testcase>
        <testcase classname="src/lib/actions/notification-banner-action.spec.ts" name="notification-banner-action &gt; updateNotificationBannerAction &gt; should handle unexpected errors" time="0.00138676">
            <system-err>
[2026-02-06T06:11:04.493Z] [ERROR] [NOTIFICATIONS] Error updating notification banner {
  error: [32m&apos;Unexpected error&apos;[39m,
  stack: [90mundefined[39m,
  notificationId: [32m&apos;notification-123&apos;[39m
}

            </system-err>
        </testcase>
        <testcase classname="src/lib/actions/notification-banner-action.spec.ts" name="notification-banner-action &gt; updateNotificationBannerAction &gt; should set boolean fields to false when not present in payload" time="0.000689618">
        </testcase>
        <testcase classname="src/lib/actions/notification-banner-action.spec.ts" name="notification-banner-action &gt; updateNotificationBannerAction &gt; should default sortOrder to 0 when invalid value provided" time="0.001956356">
        </testcase>
        <testcase classname="src/lib/actions/notification-banner-action.spec.ts" name="notification-banner-action &gt; deleteNotificationBannerAction &gt; should delete notification banner successfully" time="0.000403739">
        </testcase>
        <testcase classname="src/lib/actions/notification-banner-action.spec.ts" name="notification-banner-action &gt; deleteNotificationBannerAction &gt; should return error when user is not an admin" time="0.000284657">
        </testcase>
        <testcase classname="src/lib/actions/notification-banner-action.spec.ts" name="notification-banner-action &gt; deleteNotificationBannerAction &gt; should return error when user session is missing" time="0.000244703">
        </testcase>
        <testcase classname="src/lib/actions/notification-banner-action.spec.ts" name="notification-banner-action &gt; deleteNotificationBannerAction &gt; should return error when service fails" time="0.00030198">
        </testcase>
        <testcase classname="src/lib/actions/notification-banner-action.spec.ts" name="notification-banner-action &gt; deleteNotificationBannerAction &gt; should handle unexpected errors" time="0.000606815">
            <system-err>
[2026-02-06T06:11:04.460Z] [ERROR] [NOTIFICATIONS] Error deleting notification banner {
  error: [32m&apos;Unexpected error&apos;[39m,
  stack: [90mundefined[39m,
  notificationId: [32m&apos;notification-123&apos;[39m
}

            </system-err>
        </testcase>
        <testcase classname="src/lib/actions/notification-banner-action.spec.ts" name="notification-banner-action &gt; publishNotificationBannerAction &gt; should publish notification banner successfully" time="0.000307239">
        </testcase>
        <testcase classname="src/lib/actions/notification-banner-action.spec.ts" name="notification-banner-action &gt; publishNotificationBannerAction &gt; should return error when user is not an admin" time="0.000184652">
        </testcase>
        <testcase classname="src/lib/actions/notification-banner-action.spec.ts" name="notification-banner-action &gt; publishNotificationBannerAction &gt; should return error when user session is missing" time="0.000223866">
        </testcase>
        <testcase classname="src/lib/actions/notification-banner-action.spec.ts" name="notification-banner-action &gt; publishNotificationBannerAction &gt; should return error when service fails" time="0.000211613">
        </testcase>
        <testcase classname="src/lib/actions/notification-banner-action.spec.ts" name="notification-banner-action &gt; publishNotificationBannerAction &gt; should handle unexpected errors" time="0.000716118">
            <system-err>
[2026-02-06T06:11:04.497Z] [ERROR] [NOTIFICATIONS] Error publishing notification banner {
  error: [32m&apos;Unexpected error&apos;[39m,
  stack: [90mundefined[39m,
  notificationId: [32m&apos;notification-123&apos;[39m
}

            </system-err>
        </testcase>
        <testcase classname="src/lib/actions/notification-banner-action.spec.ts" name="notification-banner-action &gt; unpublishNotificationBannerAction &gt; should unpublish notification banner successfully" time="0.001826676">
        </testcase>
        <testcase classname="src/lib/actions/notification-banner-action.spec.ts" name="notification-banner-action &gt; unpublishNotificationBannerAction &gt; should return error when user is not an admin" time="0.000235747">
        </testcase>
        <testcase classname="src/lib/actions/notification-banner-action.spec.ts" name="notification-banner-action &gt; unpublishNotificationBannerAction &gt; should return error when user session is missing" time="0.00045312">
        </testcase>
        <testcase classname="src/lib/actions/notification-banner-action.spec.ts" name="notification-banner-action &gt; unpublishNotificationBannerAction &gt; should return error when service fails" time="0.000392598">
        </testcase>
        <testcase classname="src/lib/actions/notification-banner-action.spec.ts" name="notification-banner-action &gt; unpublishNotificationBannerAction &gt; should handle unexpected errors" time="0.003019276">
            <system-err>
[2026-02-06T06:11:04.454Z] [ERROR] [NOTIFICATIONS] Error unpublishing notification banner {
  error: [32m&apos;Unexpected error&apos;[39m,
  stack: [90mundefined[39m,
  notificationId: [32m&apos;notification-123&apos;[39m
}

            </system-err>
        </testcase>
    </testsuite>
    <testsuite name="src/app/components/notification-banner.spec.tsx" timestamp="2026-02-06T06:11:34.838Z" hostname="runnervmkj6or" tests="50" failures="0" errors="0" skipped="0" time="0.377050575">
        <testcase classname="src/app/components/notification-banner.spec.tsx" name="NotificationBanner &gt; renders nothing when notifications array is empty" time="0.001502525">
        </testcase>
        <testcase classname="src/app/components/notification-banner.spec.tsx" name="NotificationBanner &gt; renders the banner with a single notification" time="0.003108141">
        </testcase>
        <testcase classname="src/app/components/notification-banner.spec.tsx" name="NotificationBanner &gt; renders secondary message when provided" time="0.002856715">
        </testcase>
        <testcase classname="src/app/components/notification-banner.spec.tsx" name="NotificationBanner &gt; renders navigation dots when multiple notifications exist" time="0.007393554">
        </testcase>
        <testcase classname="src/app/components/notification-banner.spec.tsx" name="NotificationBanner &gt; does not render navigation dots for single notification" time="0.002076999">
        </testcase>
        <testcase classname="src/app/components/notification-banner.spec.tsx" name="NotificationBanner &gt; allows navigation via dots" time="0.00918193">
        </testcase>
        <testcase classname="src/app/components/notification-banner.spec.tsx" name="NotificationBanner &gt; marks the active dot as selected" time="0.007103948">
        </testcase>
        <testcase classname="src/app/components/notification-banner.spec.tsx" name="NotificationBanner &gt; auto-cycles through notifications every 10 seconds" time="0.006914907">
        </testcase>
        <testcase classname="src/app/components/notification-banner.spec.tsx" name="NotificationBanner &gt; pauses auto-cycling on mouse enter" time="0.004751678">
        </testcase>
        <testcase classname="src/app/components/notification-banner.spec.tsx" name="NotificationBanner &gt; resumes auto-cycling on mouse leave" time="0.009219309">
        </testcase>
        <testcase classname="src/app/components/notification-banner.spec.tsx" name="NotificationBanner &gt; supports keyboard navigation with arrow keys" time="0.011289386">
            <system-err>
An update to NotificationBanner inside a test was not wrapped in act(...).

When testing, code that causes React state updates should be wrapped into act(...):

act(() =&gt; {
  /* fire events that update state */
});
/* assert on the output */

This ensures that you&apos;re testing the behavior the user would see in the browser. Learn more at https://react.dev/link/wrap-tests-with-act

            </system-err>
        </testcase>
        <testcase classname="src/app/components/notification-banner.spec.tsx" name="NotificationBanner &gt; wraps around when navigating past boundaries" time="0.008599059">
            <system-err>
An update to NotificationBanner inside a test was not wrapped in act(...).

When testing, code that causes React state updates should be wrapped into act(...):

act(() =&gt; {
  /* fire events that update state */
});
/* assert on the output */

This ensures that you&apos;re testing the behavior the user would see in the browser. Learn more at https://react.dev/link/wrap-tests-with-act

            </system-err>
        </testcase>
        <testcase classname="src/app/components/notification-banner.spec.tsx" name="NotificationBanner &gt; renders image when imageUrl is provided" time="0.002483454">
        </testcase>
        <testcase classname="src/app/components/notification-banner.spec.tsx" name="NotificationBanner &gt; renders link when linkUrl is provided" time="0.008463658">
        </testcase>
        <testcase classname="src/app/components/notification-banner.spec.tsx" name="NotificationBanner &gt; does not render link when linkUrl is not provided" time="0.002336622">
        </testcase>
        <testcase classname="src/app/components/notification-banner.spec.tsx" name="NotificationBanner &gt; applies custom className" time="0.00272456">
        </testcase>
        <testcase classname="src/app/components/notification-banner.spec.tsx" name="NotificationBanner &gt; applies golden ratio aspect ratio" time="0.004015182">
        </testcase>
        <testcase classname="src/app/components/notification-banner.spec.tsx" name="NotificationBanner &gt; renders with proper ARIA roles for accessibility" time="0.008466283">
        </testcase>
        <testcase classname="src/app/components/notification-banner.spec.tsx" name="NotificationBanner &gt; pauses on focus and resumes on blur" time="0.009274841">
        </testcase>
        <testcase classname="src/app/components/notification-banner.spec.tsx" name="NotificationBanner &gt; does not show text when isOverlayed is false" time="0.001837455">
        </testcase>
        <testcase classname="src/app/components/notification-banner.spec.tsx" name="NotificationBanner &gt; swipe navigation &gt; enables drag on x-axis when multiple notifications exist" time="0.004558189">
        </testcase>
        <testcase classname="src/app/components/notification-banner.spec.tsx" name="NotificationBanner &gt; swipe navigation &gt; disables drag when only one notification exists" time="0.006024948">
        </testcase>
        <testcase classname="src/app/components/notification-banner.spec.tsx" name="NotificationBanner &gt; swipe navigation &gt; navigates to next notification on swipe left (negative offset)" time="0.006277856">
        </testcase>
        <testcase classname="src/app/components/notification-banner.spec.tsx" name="NotificationBanner &gt; swipe navigation &gt; navigates to previous notification on swipe right (positive offset)" time="0.025123287">
        </testcase>
        <testcase classname="src/app/components/notification-banner.spec.tsx" name="NotificationBanner &gt; swipe navigation &gt; navigates to next notification on fast swipe left (high negative velocity)" time="0.005906879">
        </testcase>
        <testcase classname="src/app/components/notification-banner.spec.tsx" name="NotificationBanner &gt; swipe navigation &gt; navigates to previous notification on fast swipe right (high positive velocity)" time="0.012301313">
        </testcase>
        <testcase classname="src/app/components/notification-banner.spec.tsx" name="NotificationBanner &gt; swipe navigation &gt; does not navigate when swipe is below threshold" time="0.004867973">
        </testcase>
        <testcase classname="src/app/components/notification-banner.spec.tsx" name="NotificationBanner &gt; swipe navigation &gt; wraps to last notification when swiping right from first" time="0.007473573">
        </testcase>
        <testcase classname="src/app/components/notification-banner.spec.tsx" name="NotificationBanner &gt; swipe navigation &gt; wraps to first notification when swiping left from last" time="0.01308853">
        </testcase>
        <testcase classname="src/app/components/notification-banner.spec.tsx" name="NotificationBanner &gt; swipe navigation &gt; has proper touch-action style for vertical scrolling" time="0.007058742">
        </testcase>
        <testcase classname="src/app/components/notification-banner.spec.tsx" name="NotificationBanner &gt; swipe navigation &gt; has grab cursor classes for drag feedback" time="0.005811273">
        </testcase>
        <testcase classname="src/app/components/notification-banner.spec.tsx" name="NotificationBanner &gt; text rotation &gt; should render message with rotation transform when messageRotation is set" time="0.003280851">
        </testcase>
        <testcase classname="src/app/components/notification-banner.spec.tsx" name="NotificationBanner &gt; text rotation &gt; should render secondary message with rotation transform when secondaryMessageRotation is set" time="0.00344179">
        </testcase>
        <testcase classname="src/app/components/notification-banner.spec.tsx" name="NotificationBanner &gt; text rotation &gt; should apply zero rotation when messageRotation is 0" time="0.0036796">
        </testcase>
        <testcase classname="src/app/components/notification-banner.spec.tsx" name="NotificationBanner &gt; text rotation &gt; should handle null rotation values with default 0 rotation" time="0.002826088">
        </testcase>
        <testcase classname="src/app/components/notification-banner.spec.tsx" name="NotificationBanner &gt; text rotation &gt; should render with maximum positive rotation" time="0.002434333">
        </testcase>
        <testcase classname="src/app/components/notification-banner.spec.tsx" name="NotificationBanner &gt; text rotation &gt; should render with maximum negative rotation" time="0.009492405">
        </testcase>
        <testcase classname="src/app/components/notification-banner.spec.tsx" name="NotificationBanner &gt; image offset &gt; should render image with objectPosition when imageOffsetX and imageOffsetY are set" time="0.006011843">
        </testcase>
        <testcase classname="src/app/components/notification-banner.spec.tsx" name="NotificationBanner &gt; image offset &gt; should render image with zero offset values" time="0.006138909">
        </testcase>
        <testcase classname="src/app/components/notification-banner.spec.tsx" name="NotificationBanner &gt; image offset &gt; should handle null offset values with default 0" time="0.008019034">
        </testcase>
        <testcase classname="src/app/components/notification-banner.spec.tsx" name="NotificationBanner &gt; image offset &gt; should render image with positive offset values" time="0.006508243">
        </testcase>
        <testcase classname="src/app/components/notification-banner.spec.tsx" name="NotificationBanner &gt; image offset &gt; should render image with negative offset values" time="0.032608192">
            <system-err>
Received `true` for a non-boolean attribute `fill`.

If you want to write it to the DOM, pass a string instead: fill=&quot;true&quot; or fill={value.toString()}.
Received `true` for a non-boolean attribute `priority`.

If you want to write it to the DOM, pass a string instead: priority=&quot;true&quot; or priority={value.toString()}.
Received `true` for a non-boolean attribute `unoptimized`.

If you want to write it to the DOM, pass a string instead: unoptimized=&quot;true&quot; or unoptimized={value.toString()}.

            </system-err>
        </testcase>
        <testcase classname="src/app/components/notification-banner.spec.tsx" name="NotificationBanner &gt; image URL fallback behavior &gt; uses originalImageUrl when isOverlayed is true and both URLs exist" time="0.00232516">
        </testcase>
        <testcase classname="src/app/components/notification-banner.spec.tsx" name="NotificationBanner &gt; image URL fallback behavior &gt; falls back to imageUrl when isOverlayed is true but originalImageUrl is null" time="0.002863388">
        </testcase>
        <testcase classname="src/app/components/notification-banner.spec.tsx" name="NotificationBanner &gt; image URL fallback behavior &gt; uses imageUrl when isOverlayed is false" time="0.002188357">
        </testcase>
        <testcase classname="src/app/components/notification-banner.spec.tsx" name="NotificationBanner &gt; image URL fallback behavior &gt; falls back to originalImageUrl when isOverlayed is false but imageUrl is null" time="0.002449791">
        </testcase>
        <testcase classname="src/app/components/notification-banner.spec.tsx" name="NotificationBanner &gt; image URL fallback behavior &gt; renders no image when both imageUrl and originalImageUrl are null" time="0.002630837">
        </testcase>
        <testcase classname="src/app/components/notification-banner.spec.tsx" name="NotificationBanner &gt; hexToRgba color conversion &gt; renders with short hex color (#RGB format)" time="0.006174786">
        </testcase>
        <testcase classname="src/app/components/notification-banner.spec.tsx" name="NotificationBanner &gt; hexToRgba color conversion &gt; handles invalid hex color gracefully" time="0.053482725">
        </testcase>
        <testcase classname="src/app/components/notification-banner.spec.tsx" name="NotificationBanner &gt; hexToRgba color conversion &gt; renders secondary message with short hex color" time="0.005089253">
        </testcase>
    </testsuite>
    <testsuite name="src/lib/actions/find-or-create-release-action.spec.ts" timestamp="2026-02-06T06:11:34.847Z" hostname="runnervmkj6or" tests="20" failures="0" errors="0" skipped="0" time="0.020870667">
        <testcase classname="src/lib/actions/find-or-create-release-action.spec.ts" name="findOrCreateReleaseAction &gt; validation &gt; should reject if album name is empty" time="0.000267717">
        </testcase>
        <testcase classname="src/lib/actions/find-or-create-release-action.spec.ts" name="findOrCreateReleaseAction &gt; validation &gt; should reject if album name is only whitespace" time="0.000340972">
        </testcase>
        <testcase classname="src/lib/actions/find-or-create-release-action.spec.ts" name="findOrCreateReleaseAction &gt; validation &gt; should require admin role" time="0.001459254">
        </testcase>
        <testcase classname="src/lib/actions/find-or-create-release-action.spec.ts" name="findOrCreateReleaseAction &gt; authentication &gt; should reject if session is missing" time="0.000240465">
        </testcase>
        <testcase classname="src/lib/actions/find-or-create-release-action.spec.ts" name="findOrCreateReleaseAction &gt; authentication &gt; should reject if user is not admin" time="0.000179512">
        </testcase>
        <testcase classname="src/lib/actions/find-or-create-release-action.spec.ts" name="findOrCreateReleaseAction &gt; finding existing release &gt; should return existing release when found by title" time="0.001209963">
        </testcase>
        <testcase classname="src/lib/actions/find-or-create-release-action.spec.ts" name="findOrCreateReleaseAction &gt; finding existing release &gt; should find release case-insensitively" time="0.000352172">
        </testcase>
        <testcase classname="src/lib/actions/find-or-create-release-action.spec.ts" name="findOrCreateReleaseAction &gt; finding existing release &gt; should trim album name before searching" time="0.000511788">
        </testcase>
        <testcase classname="src/lib/actions/find-or-create-release-action.spec.ts" name="findOrCreateReleaseAction &gt; creating new release &gt; should create a new release when not found" time="0.000589192">
        </testcase>
        <testcase classname="src/lib/actions/find-or-create-release-action.spec.ts" name="findOrCreateReleaseAction &gt; creating new release &gt; should include label in creation data" time="0.000388039">
        </testcase>
        <testcase classname="src/lib/actions/find-or-create-release-action.spec.ts" name="findOrCreateReleaseAction &gt; creating new release &gt; should include catalog number in creation data" time="0.000328669">
        </testcase>
        <testcase classname="src/lib/actions/find-or-create-release-action.spec.ts" name="findOrCreateReleaseAction &gt; creating new release &gt; should parse year into releasedOn date" time="0.000395924">
        </testcase>
        <testcase classname="src/lib/actions/find-or-create-release-action.spec.ts" name="findOrCreateReleaseAction &gt; creating new release &gt; should prefer full date over year when both provided" time="0.000385605">
        </testcase>
        <testcase classname="src/lib/actions/find-or-create-release-action.spec.ts" name="findOrCreateReleaseAction &gt; creating new release &gt; should include cover art if provided" time="0.000331294">
        </testcase>
        <testcase classname="src/lib/actions/find-or-create-release-action.spec.ts" name="findOrCreateReleaseAction &gt; creating new release &gt; should trim label and catalog number" time="0.000678518">
        </testcase>
        <testcase classname="src/lib/actions/find-or-create-release-action.spec.ts" name="findOrCreateReleaseAction &gt; error handling &gt; should handle release creation failure" time="0.000400473">
        </testcase>
        <testcase classname="src/lib/actions/find-or-create-release-action.spec.ts" name="findOrCreateReleaseAction &gt; error handling &gt; should handle database query errors" time="0.003911039">
            <system-err>
Error in findOrCreateReleaseAction: Error: Connection failed
    at [90m/home/runner/work/boudreaux/boudreaux/[39msrc/lib/actions/find-or-create-release-action.spec.ts:463:52
    at [90mfile:///home/runner/work/boudreaux/boudreaux/[39mnode_modules/[4m@vitest/runner[24m/dist/index.js:145:11
    at [90mfile:///home/runner/work/boudreaux/boudreaux/[39mnode_modules/[4m@vitest/runner[24m/dist/index.js:915:26
    at [90mfile:///home/runner/work/boudreaux/boudreaux/[39mnode_modules/[4m@vitest/runner[24m/dist/index.js:1243:20
    at new Promise (&lt;anonymous&gt;)
    at runWithTimeout [90m(file:///home/runner/work/boudreaux/boudreaux/[39mnode_modules/[4m@vitest/runner[24m/dist/index.js:1209:10[90m)[39m
    at [90mfile:///home/runner/work/boudreaux/boudreaux/[39mnode_modules/[4m@vitest/runner[24m/dist/index.js:1653:37
    at Traces.$ [90m(file:///home/runner/work/boudreaux/boudreaux/[39mnode_modules/[4mvitest[24m/dist/chunks/traces.CCmnQaNT.js:142:27[90m)[39m
    at trace [90m(file:///home/runner/work/boudreaux/boudreaux/[39mnode_modules/[4mvitest[24m/dist/chunks/test.B8ej_ZHS.js:239:21[90m)[39m
    at runTest [90m(file:///home/runner/work/boudreaux/boudreaux/[39mnode_modules/[4m@vitest/runner[24m/dist/index.js:1653:12[90m)[39m

            </system-err>
        </testcase>
        <testcase classname="src/lib/actions/find-or-create-release-action.spec.ts" name="findOrCreateReleaseAction &gt; error handling &gt; should handle unknown errors gracefully" time="0.001701796">
            <system-err>
Error in findOrCreateReleaseAction: Unknown error type

            </system-err>
        </testcase>
        <testcase classname="src/lib/actions/find-or-create-release-action.spec.ts" name="findOrCreateReleaseAction &gt; error handling &gt; should handle invalid year values" time="0.000870263">
        </testcase>
        <testcase classname="src/lib/actions/find-or-create-release-action.spec.ts" name="findOrCreateReleaseAction &gt; error handling &gt; should handle invalid date strings" time="0.003815522">
        </testcase>
    </testsuite>
    <testsuite name="src/app/api/releases/route.spec.ts" timestamp="2026-02-06T06:11:34.851Z" hostname="runnervmkj6or" tests="19" failures="0" errors="0" skipped="0" time="0.027169431">
        <testcase classname="src/app/api/releases/route.spec.ts" name="Release API Routes &gt; GET /api/releases &gt; should return all releases with default parameters" time="0.000428805">
        </testcase>
        <testcase classname="src/app/api/releases/route.spec.ts" name="Release API Routes &gt; GET /api/releases &gt; should handle pagination parameters" time="0.000808368">
        </testcase>
        <testcase classname="src/app/api/releases/route.spec.ts" name="Release API Routes &gt; GET /api/releases &gt; should handle search parameter" time="0.000412806">
        </testcase>
        <testcase classname="src/app/api/releases/route.spec.ts" name="Release API Routes &gt; GET /api/releases &gt; should handle multiple query parameters" time="0.005411881">
        </testcase>
        <testcase classname="src/app/api/releases/route.spec.ts" name="Release API Routes &gt; GET /api/releases &gt; should return empty array when no releases found" time="0.000743048">
        </testcase>
        <testcase classname="src/app/api/releases/route.spec.ts" name="Release API Routes &gt; GET /api/releases &gt; should return 503 when database is unavailable" time="0.001053623">
        </testcase>
        <testcase classname="src/app/api/releases/route.spec.ts" name="Release API Routes &gt; GET /api/releases &gt; should return 500 for other service errors" time="0.000415139">
        </testcase>
        <testcase classname="src/app/api/releases/route.spec.ts" name="Release API Routes &gt; GET /api/releases &gt; should return 500 when an exception is thrown" time="0.005573391">
            <system-err>
Release GET error: Error: Unexpected error
    at [90m/home/runner/work/boudreaux/boudreaux/[39msrc/app/api/releases/route.spec.ts:188:63
    at [90mfile:///home/runner/work/boudreaux/boudreaux/[39mnode_modules/[4m@vitest/runner[24m/dist/index.js:145:11
    at [90mfile:///home/runner/work/boudreaux/boudreaux/[39mnode_modules/[4m@vitest/runner[24m/dist/index.js:915:26
    at [90mfile:///home/runner/work/boudreaux/boudreaux/[39mnode_modules/[4m@vitest/runner[24m/dist/index.js:1243:20
    at new Promise (&lt;anonymous&gt;)
    at runWithTimeout [90m(file:///home/runner/work/boudreaux/boudreaux/[39mnode_modules/[4m@vitest/runner[24m/dist/index.js:1209:10[90m)[39m
    at [90mfile:///home/runner/work/boudreaux/boudreaux/[39mnode_modules/[4m@vitest/runner[24m/dist/index.js:1653:37
    at Traces.$ [90m(file:///home/runner/work/boudreaux/boudreaux/[39mnode_modules/[4mvitest[24m/dist/chunks/traces.CCmnQaNT.js:142:27[90m)[39m
    at trace [90m(file:///home/runner/work/boudreaux/boudreaux/[39mnode_modules/[4mvitest[24m/dist/chunks/test.B8ej_ZHS.js:239:21[90m)[39m
    at runTest [90m(file:///home/runner/work/boudreaux/boudreaux/[39mnode_modules/[4m@vitest/runner[24m/dist/index.js:1653:12[90m)[39m

            </system-err>
        </testcase>
        <testcase classname="src/app/api/releases/route.spec.ts" name="Release API Routes &gt; GET /api/releases &gt; should handle invalid numeric parameters gracefully" time="0.00052301">
        </testcase>
        <testcase classname="src/app/api/releases/route.spec.ts" name="Release API Routes &gt; POST /api/releases &gt; should create a release successfully" time="0.000670733">
        </testcase>
        <testcase classname="src/app/api/releases/route.spec.ts" name="Release API Routes &gt; POST /api/releases &gt; should return 400 when title is missing" time="0.000626081">
        </testcase>
        <testcase classname="src/app/api/releases/route.spec.ts" name="Release API Routes &gt; POST /api/releases &gt; should return 400 when releasedOn is missing" time="0.000723962">
        </testcase>
        <testcase classname="src/app/api/releases/route.spec.ts" name="Release API Routes &gt; POST /api/releases &gt; should return 400 when coverArt is missing" time="0.000546052">
        </testcase>
        <testcase classname="src/app/api/releases/route.spec.ts" name="Release API Routes &gt; POST /api/releases &gt; should return 400 when title already exists" time="0.000583001">
        </testcase>
        <testcase classname="src/app/api/releases/route.spec.ts" name="Release API Routes &gt; POST /api/releases &gt; should return 503 when database is unavailable" time="0.000512821">
        </testcase>
        <testcase classname="src/app/api/releases/route.spec.ts" name="Release API Routes &gt; POST /api/releases &gt; should return 500 for other service errors" time="0.000751643">
        </testcase>
        <testcase classname="src/app/api/releases/route.spec.ts" name="Release API Routes &gt; POST /api/releases &gt; should return 500 when an exception is thrown" time="0.001220422">
            <system-err>
Release POST error: Error: Unexpected error
    at [90m/home/runner/work/boudreaux/boudreaux/[39msrc/app/api/releases/route.spec.ts:363:65
    at [90mfile:///home/runner/work/boudreaux/boudreaux/[39mnode_modules/[4m@vitest/runner[24m/dist/index.js:145:11
    at [90mfile:///home/runner/work/boudreaux/boudreaux/[39mnode_modules/[4m@vitest/runner[24m/dist/index.js:915:26
    at [90mfile:///home/runner/work/boudreaux/boudreaux/[39mnode_modules/[4m@vitest/runner[24m/dist/index.js:1243:20
    at new Promise (&lt;anonymous&gt;)
    at runWithTimeout [90m(file:///home/runner/work/boudreaux/boudreaux/[39mnode_modules/[4m@vitest/runner[24m/dist/index.js:1209:10[90m)[39m
    at [90mfile:///home/runner/work/boudreaux/boudreaux/[39mnode_modules/[4m@vitest/runner[24m/dist/index.js:1653:37
    at Traces.$ [90m(file:///home/runner/work/boudreaux/boudreaux/[39mnode_modules/[4mvitest[24m/dist/chunks/traces.CCmnQaNT.js:142:27[90m)[39m
    at trace [90m(file:///home/runner/work/boudreaux/boudreaux/[39mnode_modules/[4mvitest[24m/dist/chunks/test.B8ej_ZHS.js:239:21[90m)[39m
    at runTest [90m(file:///home/runner/work/boudreaux/boudreaux/[39mnode_modules/[4m@vitest/runner[24m/dist/index.js:1653:12[90m)[39m

            </system-err>
        </testcase>
        <testcase classname="src/app/api/releases/route.spec.ts" name="Release API Routes &gt; POST /api/releases &gt; should accept additional optional fields" time="0.003344059">
        </testcase>
        <testcase classname="src/app/api/releases/route.spec.ts" name="Release API Routes &gt; POST /api/releases &gt; should handle empty request body" time="0.000406844">
        </testcase>
    </testsuite>
    <testsuite name="src/lib/services/artist-service.spec.ts" timestamp="2026-02-06T06:11:34.854Z" hostname="runnervmkj6or" tests="62" failures="0" errors="0" skipped="0" time="0.047404258">
        <testcase classname="src/lib/services/artist-service.spec.ts" name="ArtistService &gt; createArtist &gt; should create an artist successfully" time="0.000313671">
        </testcase>
        <testcase classname="src/lib/services/artist-service.spec.ts" name="ArtistService &gt; createArtist &gt; should return error when slug already exists" time="0.000374905">
        </testcase>
        <testcase classname="src/lib/services/artist-service.spec.ts" name="ArtistService &gt; createArtist &gt; should return error when database is unavailable" time="0.000651497">
            <system-err>
Database connection failed: PrismaClientInitializationError: Connection failed
    at [90m/home/runner/work/boudreaux/boudreaux/[39msrc/lib/services/artist-service.spec.ts:136:25
    at [90mfile:///home/runner/work/boudreaux/boudreaux/[39mnode_modules/[4m@vitest/runner[24m/dist/index.js:145:11
    at [90mfile:///home/runner/work/boudreaux/boudreaux/[39mnode_modules/[4m@vitest/runner[24m/dist/index.js:915:26
    at [90mfile:///home/runner/work/boudreaux/boudreaux/[39mnode_modules/[4m@vitest/runner[24m/dist/index.js:1243:20
    at new Promise (&lt;anonymous&gt;)
    at runWithTimeout [90m(file:///home/runner/work/boudreaux/boudreaux/[39mnode_modules/[4m@vitest/runner[24m/dist/index.js:1209:10[90m)[39m
    at [90mfile:///home/runner/work/boudreaux/boudreaux/[39mnode_modules/[4m@vitest/runner[24m/dist/index.js:1653:37
    at Traces.$ [90m(file:///home/runner/work/boudreaux/boudreaux/[39mnode_modules/[4mvitest[24m/dist/chunks/traces.CCmnQaNT.js:142:27[90m)[39m
    at trace [90m(file:///home/runner/work/boudreaux/boudreaux/[39mnode_modules/[4mvitest[24m/dist/chunks/test.B8ej_ZHS.js:239:21[90m)[39m
    at runTest [90m(file:///home/runner/work/boudreaux/boudreaux/[39mnode_modules/[4m@vitest/runner[24m/dist/index.js:1653:12[90m)[39m {
  clientVersion: [32m&apos;5.0.0&apos;[39m,
  errorCode: [90mundefined[39m,
  retryable: [90mundefined[39m
}

            </system-err>
        </testcase>
        <testcase classname="src/lib/services/artist-service.spec.ts" name="ArtistService &gt; createArtist &gt; should handle unknown errors" time="0.000599932">
            <system-err>
Unexpected error: Error: Unknown error
    at [90m/home/runner/work/boudreaux/boudreaux/[39msrc/lib/services/artist-service.spec.ts:148:57
    at [90mfile:///home/runner/work/boudreaux/boudreaux/[39mnode_modules/[4m@vitest/runner[24m/dist/index.js:145:11
    at [90mfile:///home/runner/work/boudreaux/boudreaux/[39mnode_modules/[4m@vitest/runner[24m/dist/index.js:915:26
    at [90mfile:///home/runner/work/boudreaux/boudreaux/[39mnode_modules/[4m@vitest/runner[24m/dist/index.js:1243:20
    at new Promise (&lt;anonymous&gt;)
    at runWithTimeout [90m(file:///home/runner/work/boudreaux/boudreaux/[39mnode_modules/[4m@vitest/runner[24m/dist/index.js:1209:10[90m)[39m
    at [90mfile:///home/runner/work/boudreaux/boudreaux/[39mnode_modules/[4m@vitest/runner[24m/dist/index.js:1653:37
    at Traces.$ [90m(file:///home/runner/work/boudreaux/boudreaux/[39mnode_modules/[4mvitest[24m/dist/chunks/traces.CCmnQaNT.js:142:27[90m)[39m
    at trace [90m(file:///home/runner/work/boudreaux/boudreaux/[39mnode_modules/[4mvitest[24m/dist/chunks/test.B8ej_ZHS.js:239:21[90m)[39m
    at runTest [90m(file:///home/runner/work/boudreaux/boudreaux/[39mnode_modules/[4m@vitest/runner[24m/dist/index.js:1653:12[90m)[39m

            </system-err>
        </testcase>
        <testcase classname="src/lib/services/artist-service.spec.ts" name="ArtistService &gt; getArtistById &gt; should retrieve an artist by ID" time="0.000583321">
        </testcase>
        <testcase classname="src/lib/services/artist-service.spec.ts" name="ArtistService &gt; getArtistById &gt; should return error when artist not found" time="0.00027497">
        </testcase>
        <testcase classname="src/lib/services/artist-service.spec.ts" name="ArtistService &gt; getArtistById &gt; should return error when database is unavailable" time="0.000551813">
            <system-err>
Database connection failed: PrismaClientInitializationError: Connection failed
    at [90m/home/runner/work/boudreaux/boudreaux/[39msrc/lib/services/artist-service.spec.ts:191:25
    at [90mfile:///home/runner/work/boudreaux/boudreaux/[39mnode_modules/[4m@vitest/runner[24m/dist/index.js:145:11
    at [90mfile:///home/runner/work/boudreaux/boudreaux/[39mnode_modules/[4m@vitest/runner[24m/dist/index.js:915:26
    at [90mfile:///home/runner/work/boudreaux/boudreaux/[39mnode_modules/[4m@vitest/runner[24m/dist/index.js:1243:20
    at new Promise (&lt;anonymous&gt;)
    at runWithTimeout [90m(file:///home/runner/work/boudreaux/boudreaux/[39mnode_modules/[4m@vitest/runner[24m/dist/index.js:1209:10[90m)[39m
    at [90mfile:///home/runner/work/boudreaux/boudreaux/[39mnode_modules/[4m@vitest/runner[24m/dist/index.js:1653:37
    at Traces.$ [90m(file:///home/runner/work/boudreaux/boudreaux/[39mnode_modules/[4mvitest[24m/dist/chunks/traces.CCmnQaNT.js:142:27[90m)[39m
    at trace [90m(file:///home/runner/work/boudreaux/boudreaux/[39mnode_modules/[4mvitest[24m/dist/chunks/test.B8ej_ZHS.js:239:21[90m)[39m
    at runTest [90m(file:///home/runner/work/boudreaux/boudreaux/[39mnode_modules/[4m@vitest/runner[24m/dist/index.js:1653:12[90m)[39m {
  clientVersion: [32m&apos;5.0.0&apos;[39m,
  errorCode: [90mundefined[39m,
  retryable: [90mundefined[39m
}

            </system-err>
        </testcase>
        <testcase classname="src/lib/services/artist-service.spec.ts" name="ArtistService &gt; getArtistById &gt; should handle unknown errors" time="0.000524482">
            <system-err>
Unexpected error: Error: Unknown error
    at [90m/home/runner/work/boudreaux/boudreaux/[39msrc/lib/services/artist-service.spec.ts:203:61
    at [90mfile:///home/runner/work/boudreaux/boudreaux/[39mnode_modules/[4m@vitest/runner[24m/dist/index.js:145:11
    at [90mfile:///home/runner/work/boudreaux/boudreaux/[39mnode_modules/[4m@vitest/runner[24m/dist/index.js:915:26
    at [90mfile:///home/runner/work/boudreaux/boudreaux/[39mnode_modules/[4m@vitest/runner[24m/dist/index.js:1243:20
    at new Promise (&lt;anonymous&gt;)
    at runWithTimeout [90m(file:///home/runner/work/boudreaux/boudreaux/[39mnode_modules/[4m@vitest/runner[24m/dist/index.js:1209:10[90m)[39m
    at [90mfile:///home/runner/work/boudreaux/boudreaux/[39mnode_modules/[4m@vitest/runner[24m/dist/index.js:1653:37
    at Traces.$ [90m(file:///home/runner/work/boudreaux/boudreaux/[39mnode_modules/[4mvitest[24m/dist/chunks/traces.CCmnQaNT.js:142:27[90m)[39m
    at trace [90m(file:///home/runner/work/boudreaux/boudreaux/[39mnode_modules/[4mvitest[24m/dist/chunks/test.B8ej_ZHS.js:239:21[90m)[39m
    at runTest [90m(file:///home/runner/work/boudreaux/boudreaux/[39mnode_modules/[4m@vitest/runner[24m/dist/index.js:1653:12[90m)[39m

            </system-err>
        </testcase>
        <testcase classname="src/lib/services/artist-service.spec.ts" name="ArtistService &gt; getArtistBySlug &gt; should retrieve an artist by slug" time="0.000331144">
        </testcase>
        <testcase classname="src/lib/services/artist-service.spec.ts" name="ArtistService &gt; getArtistBySlug &gt; should return error when artist not found" time="0.000217974">
        </testcase>
        <testcase classname="src/lib/services/artist-service.spec.ts" name="ArtistService &gt; getArtistBySlug &gt; should return error when database is unavailable" time="0.000586638">
            <system-err>
Database connection failed: PrismaClientInitializationError: Connection failed
    at [90m/home/runner/work/boudreaux/boudreaux/[39msrc/lib/services/artist-service.spec.ts:239:25
    at [90mfile:///home/runner/work/boudreaux/boudreaux/[39mnode_modules/[4m@vitest/runner[24m/dist/index.js:145:11
    at [90mfile:///home/runner/work/boudreaux/boudreaux/[39mnode_modules/[4m@vitest/runner[24m/dist/index.js:915:26
    at [90mfile:///home/runner/work/boudreaux/boudreaux/[39mnode_modules/[4m@vitest/runner[24m/dist/index.js:1243:20
    at new Promise (&lt;anonymous&gt;)
    at runWithTimeout [90m(file:///home/runner/work/boudreaux/boudreaux/[39mnode_modules/[4m@vitest/runner[24m/dist/index.js:1209:10[90m)[39m
    at [90mfile:///home/runner/work/boudreaux/boudreaux/[39mnode_modules/[4m@vitest/runner[24m/dist/index.js:1653:37
    at Traces.$ [90m(file:///home/runner/work/boudreaux/boudreaux/[39mnode_modules/[4mvitest[24m/dist/chunks/traces.CCmnQaNT.js:142:27[90m)[39m
    at trace [90m(file:///home/runner/work/boudreaux/boudreaux/[39mnode_modules/[4mvitest[24m/dist/chunks/test.B8ej_ZHS.js:239:21[90m)[39m
    at runTest [90m(file:///home/runner/work/boudreaux/boudreaux/[39mnode_modules/[4m@vitest/runner[24m/dist/index.js:1653:12[90m)[39m {
  clientVersion: [32m&apos;5.0.0&apos;[39m,
  errorCode: [90mundefined[39m,
  retryable: [90mundefined[39m
}

            </system-err>
        </testcase>
        <testcase classname="src/lib/services/artist-service.spec.ts" name="ArtistService &gt; getArtistBySlug &gt; should handle unknown errors" time="0.000603599">
            <system-err>
Unexpected error: Error: Unknown error
    at [90m/home/runner/work/boudreaux/boudreaux/[39msrc/lib/services/artist-service.spec.ts:251:61
    at [90mfile:///home/runner/work/boudreaux/boudreaux/[39mnode_modules/[4m@vitest/runner[24m/dist/index.js:145:11
    at [90mfile:///home/runner/work/boudreaux/boudreaux/[39mnode_modules/[4m@vitest/runner[24m/dist/index.js:915:26
    at [90mfile:///home/runner/work/boudreaux/boudreaux/[39mnode_modules/[4m@vitest/runner[24m/dist/index.js:1243:20
    at new Promise (&lt;anonymous&gt;)
    at runWithTimeout [90m(file:///home/runner/work/boudreaux/boudreaux/[39mnode_modules/[4m@vitest/runner[24m/dist/index.js:1209:10[90m)[39m
    at [90mfile:///home/runner/work/boudreaux/boudreaux/[39mnode_modules/[4m@vitest/runner[24m/dist/index.js:1653:37
    at Traces.$ [90m(file:///home/runner/work/boudreaux/boudreaux/[39mnode_modules/[4mvitest[24m/dist/chunks/traces.CCmnQaNT.js:142:27[90m)[39m
    at trace [90m(file:///home/runner/work/boudreaux/boudreaux/[39mnode_modules/[4mvitest[24m/dist/chunks/test.B8ej_ZHS.js:239:21[90m)[39m
    at runTest [90m(file:///home/runner/work/boudreaux/boudreaux/[39mnode_modules/[4m@vitest/runner[24m/dist/index.js:1653:12[90m)[39m

            </system-err>
        </testcase>
        <testcase classname="src/lib/services/artist-service.spec.ts" name="ArtistService &gt; getArtists &gt; should retrieve all artists with default parameters" time="0.000399461">
        </testcase>
        <testcase classname="src/lib/services/artist-service.spec.ts" name="ArtistService &gt; getArtists &gt; should retrieve artists with custom pagination" time="0.000370006">
        </testcase>
        <testcase classname="src/lib/services/artist-service.spec.ts" name="ArtistService &gt; getArtists &gt; should search across multiple fields" time="0.000428024">
        </testcase>
        <testcase classname="src/lib/services/artist-service.spec.ts" name="ArtistService &gt; getArtists &gt; should combine pagination and search" time="0.000581708">
        </testcase>
        <testcase classname="src/lib/services/artist-service.spec.ts" name="ArtistService &gt; getArtists &gt; should return empty array when no artists found" time="0.000224967">
        </testcase>
        <testcase classname="src/lib/services/artist-service.spec.ts" name="ArtistService &gt; getArtists &gt; should return error when database is unavailable" time="0.000646889">
            <system-err>
Database connection failed: PrismaClientInitializationError: Connection failed
    at [90m/home/runner/work/boudreaux/boudreaux/[39msrc/lib/services/artist-service.spec.ts:388:25
    at [90mfile:///home/runner/work/boudreaux/boudreaux/[39mnode_modules/[4m@vitest/runner[24m/dist/index.js:145:11
    at [90mfile:///home/runner/work/boudreaux/boudreaux/[39mnode_modules/[4m@vitest/runner[24m/dist/index.js:915:26
    at [90mfile:///home/runner/work/boudreaux/boudreaux/[39mnode_modules/[4m@vitest/runner[24m/dist/index.js:1243:20
    at new Promise (&lt;anonymous&gt;)
    at runWithTimeout [90m(file:///home/runner/work/boudreaux/boudreaux/[39mnode_modules/[4m@vitest/runner[24m/dist/index.js:1209:10[90m)[39m
    at [90mfile:///home/runner/work/boudreaux/boudreaux/[39mnode_modules/[4m@vitest/runner[24m/dist/index.js:1653:37
    at Traces.$ [90m(file:///home/runner/work/boudreaux/boudreaux/[39mnode_modules/[4mvitest[24m/dist/chunks/traces.CCmnQaNT.js:142:27[90m)[39m
    at trace [90m(file:///home/runner/work/boudreaux/boudreaux/[39mnode_modules/[4mvitest[24m/dist/chunks/test.B8ej_ZHS.js:239:21[90m)[39m
    at runTest [90m(file:///home/runner/work/boudreaux/boudreaux/[39mnode_modules/[4m@vitest/runner[24m/dist/index.js:1653:12[90m)[39m {
  clientVersion: [32m&apos;5.0.0&apos;[39m,
  errorCode: [90mundefined[39m,
  retryable: [90mundefined[39m
}

            </system-err>
        </testcase>
        <testcase classname="src/lib/services/artist-service.spec.ts" name="ArtistService &gt; getArtists &gt; should handle unknown errors" time="0.000580596">
            <system-err>
Unexpected error: Error: Unknown error
    at [90m/home/runner/work/boudreaux/boudreaux/[39msrc/lib/services/artist-service.spec.ts:400:59
    at [90mfile:///home/runner/work/boudreaux/boudreaux/[39mnode_modules/[4m@vitest/runner[24m/dist/index.js:145:11
    at [90mfile:///home/runner/work/boudreaux/boudreaux/[39mnode_modules/[4m@vitest/runner[24m/dist/index.js:915:26
    at [90mfile:///home/runner/work/boudreaux/boudreaux/[39mnode_modules/[4m@vitest/runner[24m/dist/index.js:1243:20
    at new Promise (&lt;anonymous&gt;)
    at runWithTimeout [90m(file:///home/runner/work/boudreaux/boudreaux/[39mnode_modules/[4m@vitest/runner[24m/dist/index.js:1209:10[90m)[39m
    at [90mfile:///home/runner/work/boudreaux/boudreaux/[39mnode_modules/[4m@vitest/runner[24m/dist/index.js:1653:37
    at Traces.$ [90m(file:///home/runner/work/boudreaux/boudreaux/[39mnode_modules/[4mvitest[24m/dist/chunks/traces.CCmnQaNT.js:142:27[90m)[39m
    at trace [90m(file:///home/runner/work/boudreaux/boudreaux/[39mnode_modules/[4mvitest[24m/dist/chunks/test.B8ej_ZHS.js:239:21[90m)[39m
    at runTest [90m(file:///home/runner/work/boudreaux/boudreaux/[39mnode_modules/[4m@vitest/runner[24m/dist/index.js:1653:12[90m)[39m

            </system-err>
        </testcase>
        <testcase classname="src/lib/services/artist-service.spec.ts" name="ArtistService &gt; updateArtist &gt; should update an artist successfully" time="0.000378641">
        </testcase>
        <testcase classname="src/lib/services/artist-service.spec.ts" name="ArtistService &gt; updateArtist &gt; should return error when artist not found" time="0.000295318">
        </testcase>
        <testcase classname="src/lib/services/artist-service.spec.ts" name="ArtistService &gt; updateArtist &gt; should return error when slug already exists" time="0.000274339">
        </testcase>
        <testcase classname="src/lib/services/artist-service.spec.ts" name="ArtistService &gt; updateArtist &gt; should return error when database is unavailable" time="0.000588471">
            <system-err>
Database connection failed: PrismaClientInitializationError: Connection failed
    at [90m/home/runner/work/boudreaux/boudreaux/[39msrc/lib/services/artist-service.spec.ts:463:25
    at [90mfile:///home/runner/work/boudreaux/boudreaux/[39mnode_modules/[4m@vitest/runner[24m/dist/index.js:145:11
    at [90mfile:///home/runner/work/boudreaux/boudreaux/[39mnode_modules/[4m@vitest/runner[24m/dist/index.js:915:26
    at [90mfile:///home/runner/work/boudreaux/boudreaux/[39mnode_modules/[4m@vitest/runner[24m/dist/index.js:1243:20
    at new Promise (&lt;anonymous&gt;)
    at runWithTimeout [90m(file:///home/runner/work/boudreaux/boudreaux/[39mnode_modules/[4m@vitest/runner[24m/dist/index.js:1209:10[90m)[39m
    at [90mfile:///home/runner/work/boudreaux/boudreaux/[39mnode_modules/[4m@vitest/runner[24m/dist/index.js:1653:37
    at Traces.$ [90m(file:///home/runner/work/boudreaux/boudreaux/[39mnode_modules/[4mvitest[24m/dist/chunks/traces.CCmnQaNT.js:142:27[90m)[39m
    at trace [90m(file:///home/runner/work/boudreaux/boudreaux/[39mnode_modules/[4mvitest[24m/dist/chunks/test.B8ej_ZHS.js:239:21[90m)[39m
    at runTest [90m(file:///home/runner/work/boudreaux/boudreaux/[39mnode_modules/[4m@vitest/runner[24m/dist/index.js:1653:12[90m)[39m {
  clientVersion: [32m&apos;5.0.0&apos;[39m,
  errorCode: [90mundefined[39m,
  retryable: [90mundefined[39m
}

            </system-err>
        </testcase>
        <testcase classname="src/lib/services/artist-service.spec.ts" name="ArtistService &gt; updateArtist &gt; should handle unknown errors" time="0.000845287">
            <system-err>
Unexpected error: Error: Unknown error
    at [90m/home/runner/work/boudreaux/boudreaux/[39msrc/lib/services/artist-service.spec.ts:475:57
    at [90mfile:///home/runner/work/boudreaux/boudreaux/[39mnode_modules/[4m@vitest/runner[24m/dist/index.js:145:11
    at [90mfile:///home/runner/work/boudreaux/boudreaux/[39mnode_modules/[4m@vitest/runner[24m/dist/index.js:915:26
    at [90mfile:///home/runner/work/boudreaux/boudreaux/[39mnode_modules/[4m@vitest/runner[24m/dist/index.js:1243:20
    at new Promise (&lt;anonymous&gt;)
    at runWithTimeout [90m(file:///home/runner/work/boudreaux/boudreaux/[39mnode_modules/[4m@vitest/runner[24m/dist/index.js:1209:10[90m)[39m
    at [90mfile:///home/runner/work/boudreaux/boudreaux/[39mnode_modules/[4m@vitest/runner[24m/dist/index.js:1653:37
    at Traces.$ [90m(file:///home/runner/work/boudreaux/boudreaux/[39mnode_modules/[4mvitest[24m/dist/chunks/traces.CCmnQaNT.js:142:27[90m)[39m
    at trace [90m(file:///home/runner/work/boudreaux/boudreaux/[39mnode_modules/[4mvitest[24m/dist/chunks/test.B8ej_ZHS.js:239:21[90m)[39m
    at runTest [90m(file:///home/runner/work/boudreaux/boudreaux/[39mnode_modules/[4m@vitest/runner[24m/dist/index.js:1653:12[90m)[39m

            </system-err>
        </testcase>
        <testcase classname="src/lib/services/artist-service.spec.ts" name="ArtistService &gt; deleteArtist &gt; should delete an artist successfully" time="0.000316808">
        </testcase>
        <testcase classname="src/lib/services/artist-service.spec.ts" name="ArtistService &gt; deleteArtist &gt; should return error when artist not found" time="0.000264179">
        </testcase>
        <testcase classname="src/lib/services/artist-service.spec.ts" name="ArtistService &gt; deleteArtist &gt; should return error when database is unavailable" time="0.000509935">
            <system-err>
Database connection failed: PrismaClientInitializationError: Connection failed
    at [90m/home/runner/work/boudreaux/boudreaux/[39msrc/lib/services/artist-service.spec.ts:515:25
    at [90mfile:///home/runner/work/boudreaux/boudreaux/[39mnode_modules/[4m@vitest/runner[24m/dist/index.js:145:11
    at [90mfile:///home/runner/work/boudreaux/boudreaux/[39mnode_modules/[4m@vitest/runner[24m/dist/index.js:915:26
    at [90mfile:///home/runner/work/boudreaux/boudreaux/[39mnode_modules/[4m@vitest/runner[24m/dist/index.js:1243:20
    at new Promise (&lt;anonymous&gt;)
    at runWithTimeout [90m(file:///home/runner/work/boudreaux/boudreaux/[39mnode_modules/[4m@vitest/runner[24m/dist/index.js:1209:10[90m)[39m
    at [90mfile:///home/runner/work/boudreaux/boudreaux/[39mnode_modules/[4m@vitest/runner[24m/dist/index.js:1653:37
    at Traces.$ [90m(file:///home/runner/work/boudreaux/boudreaux/[39mnode_modules/[4mvitest[24m/dist/chunks/traces.CCmnQaNT.js:142:27[90m)[39m
    at trace [90m(file:///home/runner/work/boudreaux/boudreaux/[39mnode_modules/[4mvitest[24m/dist/chunks/test.B8ej_ZHS.js:239:21[90m)[39m
    at runTest [90m(file:///home/runner/work/boudreaux/boudreaux/[39mnode_modules/[4m@vitest/runner[24m/dist/index.js:1653:12[90m)[39m {
  clientVersion: [32m&apos;5.0.0&apos;[39m,
  errorCode: [90mundefined[39m,
  retryable: [90mundefined[39m
}

            </system-err>
        </testcase>
        <testcase classname="src/lib/services/artist-service.spec.ts" name="ArtistService &gt; deleteArtist &gt; should handle unknown errors" time="0.000468859">
            <system-err>
Unexpected error: Error: Unknown error
    at [90m/home/runner/work/boudreaux/boudreaux/[39msrc/lib/services/artist-service.spec.ts:527:57
    at [90mfile:///home/runner/work/boudreaux/boudreaux/[39mnode_modules/[4m@vitest/runner[24m/dist/index.js:145:11
    at [90mfile:///home/runner/work/boudreaux/boudreaux/[39mnode_modules/[4m@vitest/runner[24m/dist/index.js:915:26
    at [90mfile:///home/runner/work/boudreaux/boudreaux/[39mnode_modules/[4m@vitest/runner[24m/dist/index.js:1243:20
    at new Promise (&lt;anonymous&gt;)
    at runWithTimeout [90m(file:///home/runner/work/boudreaux/boudreaux/[39mnode_modules/[4m@vitest/runner[24m/dist/index.js:1209:10[90m)[39m
    at [90mfile:///home/runner/work/boudreaux/boudreaux/[39mnode_modules/[4m@vitest/runner[24m/dist/index.js:1653:37
    at Traces.$ [90m(file:///home/runner/work/boudreaux/boudreaux/[39mnode_modules/[4mvitest[24m/dist/chunks/traces.CCmnQaNT.js:142:27[90m)[39m
    at trace [90m(file:///home/runner/work/boudreaux/boudreaux/[39mnode_modules/[4mvitest[24m/dist/chunks/test.B8ej_ZHS.js:239:21[90m)[39m
    at runTest [90m(file:///home/runner/work/boudreaux/boudreaux/[39mnode_modules/[4m@vitest/runner[24m/dist/index.js:1653:12[90m)[39m

            </system-err>
        </testcase>
        <testcase classname="src/lib/services/artist-service.spec.ts" name="ArtistService &gt; archiveArtist &gt; should archive an artist successfully" time="0.003283877">
        </testcase>
        <testcase classname="src/lib/services/artist-service.spec.ts" name="ArtistService &gt; archiveArtist &gt; should return error when artist not found" time="0.00195325">
        </testcase>
        <testcase classname="src/lib/services/artist-service.spec.ts" name="ArtistService &gt; archiveArtist &gt; should return error when database is unavailable" time="0.00736438">
            <system-err>
Database connection failed: PrismaClientInitializationError: Connection failed
    at [90m/home/runner/work/boudreaux/boudreaux/[39msrc/lib/services/artist-service.spec.ts:572:25
    at [90mfile:///home/runner/work/boudreaux/boudreaux/[39mnode_modules/[4m@vitest/runner[24m/dist/index.js:145:11
    at [90mfile:///home/runner/work/boudreaux/boudreaux/[39mnode_modules/[4m@vitest/runner[24m/dist/index.js:915:26
    at [90mfile:///home/runner/work/boudreaux/boudreaux/[39mnode_modules/[4m@vitest/runner[24m/dist/index.js:1243:20
    at new Promise (&lt;anonymous&gt;)
    at runWithTimeout [90m(file:///home/runner/work/boudreaux/boudreaux/[39mnode_modules/[4m@vitest/runner[24m/dist/index.js:1209:10[90m)[39m
    at [90mfile:///home/runner/work/boudreaux/boudreaux/[39mnode_modules/[4m@vitest/runner[24m/dist/index.js:1653:37
    at Traces.$ [90m(file:///home/runner/work/boudreaux/boudreaux/[39mnode_modules/[4mvitest[24m/dist/chunks/traces.CCmnQaNT.js:142:27[90m)[39m
    at trace [90m(file:///home/runner/work/boudreaux/boudreaux/[39mnode_modules/[4mvitest[24m/dist/chunks/test.B8ej_ZHS.js:239:21[90m)[39m
    at runTest [90m(file:///home/runner/work/boudreaux/boudreaux/[39mnode_modules/[4m@vitest/runner[24m/dist/index.js:1653:12[90m)[39m {
  clientVersion: [32m&apos;5.0.0&apos;[39m,
  errorCode: [90mundefined[39m,
  retryable: [90mundefined[39m
}

            </system-err>
        </testcase>
        <testcase classname="src/lib/services/artist-service.spec.ts" name="ArtistService &gt; archiveArtist &gt; should handle unknown errors" time="0.000989423">
            <system-err>
Unexpected error: Error: Unknown error
    at [90m/home/runner/work/boudreaux/boudreaux/[39msrc/lib/services/artist-service.spec.ts:586:57
    at [90mfile:///home/runner/work/boudreaux/boudreaux/[39mnode_modules/[4m@vitest/runner[24m/dist/index.js:145:11
    at [90mfile:///home/runner/work/boudreaux/boudreaux/[39mnode_modules/[4m@vitest/runner[24m/dist/index.js:915:26
    at [90mfile:///home/runner/work/boudreaux/boudreaux/[39mnode_modules/[4m@vitest/runner[24m/dist/index.js:1243:20
    at new Promise (&lt;anonymous&gt;)
    at runWithTimeout [90m(file:///home/runner/work/boudreaux/boudreaux/[39mnode_modules/[4m@vitest/runner[24m/dist/index.js:1209:10[90m)[39m
    at [90mfile:///home/runner/work/boudreaux/boudreaux/[39mnode_modules/[4m@vitest/runner[24m/dist/index.js:1653:37
    at Traces.$ [90m(file:///home/runner/work/boudreaux/boudreaux/[39mnode_modules/[4mvitest[24m/dist/chunks/traces.CCmnQaNT.js:142:27[90m)[39m
    at trace [90m(file:///home/runner/work/boudreaux/boudreaux/[39mnode_modules/[4mvitest[24m/dist/chunks/test.B8ej_ZHS.js:239:21[90m)[39m
    at runTest [90m(file:///home/runner/work/boudreaux/boudreaux/[39mnode_modules/[4m@vitest/runner[24m/dist/index.js:1653:12[90m)[39m

            </system-err>
        </testcase>
        <testcase classname="src/lib/services/artist-service.spec.ts" name="ArtistService &gt; uploadArtistImage &gt; should upload image successfully" time="0.000435336">
        </testcase>
        <testcase classname="src/lib/services/artist-service.spec.ts" name="ArtistService &gt; uploadArtistImage &gt; should return error when artist not found" time="0.000305095">
        </testcase>
        <testcase classname="src/lib/services/artist-service.spec.ts" name="ArtistService &gt; uploadArtistImage &gt; should return error when S3 bucket not configured" time="0.000256987">
        </testcase>
        <testcase classname="src/lib/services/artist-service.spec.ts" name="ArtistService &gt; uploadArtistImage &gt; should handle database unavailable error" time="0.000526025">
            <system-err>
Database connection failed: PrismaClientInitializationError: Connection failed
    at [90m/home/runner/work/boudreaux/boudreaux/[39msrc/lib/services/artist-service.spec.ts:656:25
    at [90mfile:///home/runner/work/boudreaux/boudreaux/[39mnode_modules/[4m@vitest/runner[24m/dist/index.js:145:11
    at [90mfile:///home/runner/work/boudreaux/boudreaux/[39mnode_modules/[4m@vitest/runner[24m/dist/index.js:915:26
    at [90mfile:///home/runner/work/boudreaux/boudreaux/[39mnode_modules/[4m@vitest/runner[24m/dist/index.js:1243:20
    at new Promise (&lt;anonymous&gt;)
    at runWithTimeout [90m(file:///home/runner/work/boudreaux/boudreaux/[39mnode_modules/[4m@vitest/runner[24m/dist/index.js:1209:10[90m)[39m
    at [90mfile:///home/runner/work/boudreaux/boudreaux/[39mnode_modules/[4m@vitest/runner[24m/dist/index.js:1653:37
    at Traces.$ [90m(file:///home/runner/work/boudreaux/boudreaux/[39mnode_modules/[4mvitest[24m/dist/chunks/traces.CCmnQaNT.js:142:27[90m)[39m
    at trace [90m(file:///home/runner/work/boudreaux/boudreaux/[39mnode_modules/[4mvitest[24m/dist/chunks/test.B8ej_ZHS.js:239:21[90m)[39m
    at runTest [90m(file:///home/runner/work/boudreaux/boudreaux/[39mnode_modules/[4m@vitest/runner[24m/dist/index.js:1653:12[90m)[39m {
  clientVersion: [32m&apos;5.0.0&apos;[39m,
  errorCode: [90mundefined[39m,
  retryable: [90mundefined[39m
}

            </system-err>
        </testcase>
        <testcase classname="src/lib/services/artist-service.spec.ts" name="ArtistService &gt; uploadArtistImage &gt; should handle unknown errors" time="0.000782501">
            <system-err>
Image upload error: Error: Unknown error
    at [90m/home/runner/work/boudreaux/boudreaux/[39msrc/lib/services/artist-service.spec.ts:669:58
    at [90mfile:///home/runner/work/boudreaux/boudreaux/[39mnode_modules/[4m@vitest/runner[24m/dist/index.js:145:11
    at [90mfile:///home/runner/work/boudreaux/boudreaux/[39mnode_modules/[4m@vitest/runner[24m/dist/index.js:915:26
    at [90mfile:///home/runner/work/boudreaux/boudreaux/[39mnode_modules/[4m@vitest/runner[24m/dist/index.js:1243:20
    at new Promise (&lt;anonymous&gt;)
    at runWithTimeout [90m(file:///home/runner/work/boudreaux/boudreaux/[39mnode_modules/[4m@vitest/runner[24m/dist/index.js:1209:10[90m)[39m
    at [90mfile:///home/runner/work/boudreaux/boudreaux/[39mnode_modules/[4m@vitest/runner[24m/dist/index.js:1653:37
    at Traces.$ [90m(file:///home/runner/work/boudreaux/boudreaux/[39mnode_modules/[4mvitest[24m/dist/chunks/traces.CCmnQaNT.js:142:27[90m)[39m
    at trace [90m(file:///home/runner/work/boudreaux/boudreaux/[39mnode_modules/[4mvitest[24m/dist/chunks/test.B8ej_ZHS.js:239:21[90m)[39m
    at runTest [90m(file:///home/runner/work/boudreaux/boudreaux/[39mnode_modules/[4m@vitest/runner[24m/dist/index.js:1653:12[90m)[39m

            </system-err>
        </testcase>
        <testcase classname="src/lib/services/artist-service.spec.ts" name="ArtistService &gt; uploadArtistImage &gt; should use direct S3 URL when CDN not configured" time="0.000252348">
        </testcase>
        <testcase classname="src/lib/services/artist-service.spec.ts" name="ArtistService &gt; uploadArtistImages &gt; should upload multiple images successfully" time="0.000535402">
        </testcase>
        <testcase classname="src/lib/services/artist-service.spec.ts" name="ArtistService &gt; uploadArtistImages &gt; should return error when artist not found" time="0.000249212">
        </testcase>
        <testcase classname="src/lib/services/artist-service.spec.ts" name="ArtistService &gt; uploadArtistImages &gt; should handle unknown errors" time="0.000690871">
            <system-err>
Multiple image upload error: Error: Unknown error
    at [90m/home/runner/work/boudreaux/boudreaux/[39msrc/lib/services/artist-service.spec.ts:752:61
    at [90mfile:///home/runner/work/boudreaux/boudreaux/[39mnode_modules/[4m@vitest/runner[24m/dist/index.js:145:11
    at [90mfile:///home/runner/work/boudreaux/boudreaux/[39mnode_modules/[4m@vitest/runner[24m/dist/index.js:915:26
    at [90mfile:///home/runner/work/boudreaux/boudreaux/[39mnode_modules/[4m@vitest/runner[24m/dist/index.js:1243:20
    at new Promise (&lt;anonymous&gt;)
    at runWithTimeout [90m(file:///home/runner/work/boudreaux/boudreaux/[39mnode_modules/[4m@vitest/runner[24m/dist/index.js:1209:10[90m)[39m
    at [90mfile:///home/runner/work/boudreaux/boudreaux/[39mnode_modules/[4m@vitest/runner[24m/dist/index.js:1653:37
    at Traces.$ [90m(file:///home/runner/work/boudreaux/boudreaux/[39mnode_modules/[4mvitest[24m/dist/chunks/traces.CCmnQaNT.js:142:27[90m)[39m
    at trace [90m(file:///home/runner/work/boudreaux/boudreaux/[39mnode_modules/[4mvitest[24m/dist/chunks/test.B8ej_ZHS.js:239:21[90m)[39m
    at runTest [90m(file:///home/runner/work/boudreaux/boudreaux/[39mnode_modules/[4m@vitest/runner[24m/dist/index.js:1653:12[90m)[39m

            </system-err>
        </testcase>
        <testcase classname="src/lib/services/artist-service.spec.ts" name="ArtistService &gt; uploadArtistImages &gt; should aggregate errors when all uploads fail" time="0.00128408">
            <system-err>
Image upload error: Error: S3 upload failed
    at [90m/home/runner/work/boudreaux/boudreaux/[39msrc/lib/services/artist-service.spec.ts:766:36
    at [90mfile:///home/runner/work/boudreaux/boudreaux/[39mnode_modules/[4m@vitest/runner[24m/dist/index.js:145:11
    at [90mfile:///home/runner/work/boudreaux/boudreaux/[39mnode_modules/[4m@vitest/runner[24m/dist/index.js:915:26
    at [90mfile:///home/runner/work/boudreaux/boudreaux/[39mnode_modules/[4m@vitest/runner[24m/dist/index.js:1243:20
    at new Promise (&lt;anonymous&gt;)
    at runWithTimeout [90m(file:///home/runner/work/boudreaux/boudreaux/[39mnode_modules/[4m@vitest/runner[24m/dist/index.js:1209:10[90m)[39m
    at [90mfile:///home/runner/work/boudreaux/boudreaux/[39mnode_modules/[4m@vitest/runner[24m/dist/index.js:1653:37
    at Traces.$ [90m(file:///home/runner/work/boudreaux/boudreaux/[39mnode_modules/[4mvitest[24m/dist/chunks/traces.CCmnQaNT.js:142:27[90m)[39m
    at trace [90m(file:///home/runner/work/boudreaux/boudreaux/[39mnode_modules/[4mvitest[24m/dist/chunks/test.B8ej_ZHS.js:239:21[90m)[39m
    at runTest [90m(file:///home/runner/work/boudreaux/boudreaux/[39mnode_modules/[4m@vitest/runner[24m/dist/index.js:1653:12[90m)[39m

Image upload error: Error: S3 upload failed
    at [90m/home/runner/work/boudreaux/boudreaux/[39msrc/lib/services/artist-service.spec.ts:766:36
    at [90mfile:///home/runner/work/boudreaux/boudreaux/[39mnode_modules/[4m@vitest/runner[24m/dist/index.js:145:11
    at [90mfile:///home/runner/work/boudreaux/boudreaux/[39mnode_modules/[4m@vitest/runner[24m/dist/index.js:915:26
    at [90mfile:///home/runner/work/boudreaux/boudreaux/[39mnode_modules/[4m@vitest/runner[24m/dist/index.js:1243:20
    at new Promise (&lt;anonymous&gt;)
    at runWithTimeout [90m(file:///home/runner/work/boudreaux/boudreaux/[39mnode_modules/[4m@vitest/runner[24m/dist/index.js:1209:10[90m)[39m
    at [90mfile:///home/runner/work/boudreaux/boudreaux/[39mnode_modules/[4m@vitest/runner[24m/dist/index.js:1653:37
    at Traces.$ [90m(file:///home/runner/work/boudreaux/boudreaux/[39mnode_modules/[4mvitest[24m/dist/chunks/traces.CCmnQaNT.js:142:27[90m)[39m
    at trace [90m(file:///home/runner/work/boudreaux/boudreaux/[39mnode_modules/[4mvitest[24m/dist/chunks/test.B8ej_ZHS.js:239:21[90m)[39m
    at runTest [90m(file:///home/runner/work/boudreaux/boudreaux/[39mnode_modules/[4m@vitest/runner[24m/dist/index.js:1653:12[90m)[39m

            </system-err>
        </testcase>
        <testcase classname="src/lib/services/artist-service.spec.ts" name="ArtistService &gt; uploadArtistImages &gt; should return partial success when some uploads fail" time="0.002577807">
            <system-err>
Image upload error: Error: S3 upload failed
    at [90m/home/runner/work/boudreaux/boudreaux/[39msrc/lib/services/artist-service.spec.ts:783:66
    at [90mfile:///home/runner/work/boudreaux/boudreaux/[39mnode_modules/[4m@vitest/runner[24m/dist/index.js:145:11
    at [90mfile:///home/runner/work/boudreaux/boudreaux/[39mnode_modules/[4m@vitest/runner[24m/dist/index.js:915:26
    at [90mfile:///home/runner/work/boudreaux/boudreaux/[39mnode_modules/[4m@vitest/runner[24m/dist/index.js:1243:20
    at new Promise (&lt;anonymous&gt;)
    at runWithTimeout [90m(file:///home/runner/work/boudreaux/boudreaux/[39mnode_modules/[4m@vitest/runner[24m/dist/index.js:1209:10[90m)[39m
    at [90mfile:///home/runner/work/boudreaux/boudreaux/[39mnode_modules/[4m@vitest/runner[24m/dist/index.js:1653:37
    at Traces.$ [90m(file:///home/runner/work/boudreaux/boudreaux/[39mnode_modules/[4mvitest[24m/dist/chunks/traces.CCmnQaNT.js:142:27[90m)[39m
    at trace [90m(file:///home/runner/work/boudreaux/boudreaux/[39mnode_modules/[4mvitest[24m/dist/chunks/test.B8ej_ZHS.js:239:21[90m)[39m
    at runTest [90m(file:///home/runner/work/boudreaux/boudreaux/[39mnode_modules/[4m@vitest/runner[24m/dist/index.js:1653:12[90m)[39m

            </system-err>
        </testcase>
        <testcase classname="src/lib/services/artist-service.spec.ts" name="ArtistService &gt; deleteArtistImage &gt; should delete image successfully" time="0.00031302">
        </testcase>
        <testcase classname="src/lib/services/artist-service.spec.ts" name="ArtistService &gt; deleteArtistImage &gt; should return error when image not found" time="0.000175446">
        </testcase>
        <testcase classname="src/lib/services/artist-service.spec.ts" name="ArtistService &gt; deleteArtistImage &gt; should delete from S3 with S3 URL format" time="0.000460243">
        </testcase>
        <testcase classname="src/lib/services/artist-service.spec.ts" name="ArtistService &gt; deleteArtistImage &gt; should continue with DB delete even if S3 delete fails" time="0.000954571">
            <system-err>
S3 delete error (continuing with DB delete): Error: S3 error
    at [90m/home/runner/work/boudreaux/boudreaux/[39msrc/lib/services/artist-service.spec.ts:856:40
    at [90mfile:///home/runner/work/boudreaux/boudreaux/[39mnode_modules/[4m@vitest/runner[24m/dist/index.js:145:11
    at [90mfile:///home/runner/work/boudreaux/boudreaux/[39mnode_modules/[4m@vitest/runner[24m/dist/index.js:915:26
    at [90mfile:///home/runner/work/boudreaux/boudreaux/[39mnode_modules/[4m@vitest/runner[24m/dist/index.js:1243:20
    at new Promise (&lt;anonymous&gt;)
    at runWithTimeout [90m(file:///home/runner/work/boudreaux/boudreaux/[39mnode_modules/[4m@vitest/runner[24m/dist/index.js:1209:10[90m)[39m
    at [90mfile:///home/runner/work/boudreaux/boudreaux/[39mnode_modules/[4m@vitest/runner[24m/dist/index.js:1653:37
    at Traces.$ [90m(file:///home/runner/work/boudreaux/boudreaux/[39mnode_modules/[4mvitest[24m/dist/chunks/traces.CCmnQaNT.js:142:27[90m)[39m
    at trace [90m(file:///home/runner/work/boudreaux/boudreaux/[39mnode_modules/[4mvitest[24m/dist/chunks/test.B8ej_ZHS.js:239:21[90m)[39m
    at runTest [90m(file:///home/runner/work/boudreaux/boudreaux/[39mnode_modules/[4m@vitest/runner[24m/dist/index.js:1653:12[90m)[39m

            </system-err>
        </testcase>
        <testcase classname="src/lib/services/artist-service.spec.ts" name="ArtistService &gt; deleteArtistImage &gt; should handle database unavailable error" time="0.000790225">
            <system-err>
Database connection failed: PrismaClientInitializationError: Connection failed
    at [90m/home/runner/work/boudreaux/boudreaux/[39msrc/lib/services/artist-service.spec.ts:864:25
    at [90mfile:///home/runner/work/boudreaux/boudreaux/[39mnode_modules/[4m@vitest/runner[24m/dist/index.js:145:11
    at [90mfile:///home/runner/work/boudreaux/boudreaux/[39mnode_modules/[4m@vitest/runner[24m/dist/index.js:915:26
    at [90mfile:///home/runner/work/boudreaux/boudreaux/[39mnode_modules/[4m@vitest/runner[24m/dist/index.js:1243:20
    at new Promise (&lt;anonymous&gt;)
    at runWithTimeout [90m(file:///home/runner/work/boudreaux/boudreaux/[39mnode_modules/[4m@vitest/runner[24m/dist/index.js:1209:10[90m)[39m
    at [90mfile:///home/runner/work/boudreaux/boudreaux/[39mnode_modules/[4m@vitest/runner[24m/dist/index.js:1653:37
    at Traces.$ [90m(file:///home/runner/work/boudreaux/boudreaux/[39mnode_modules/[4mvitest[24m/dist/chunks/traces.CCmnQaNT.js:142:27[90m)[39m
    at trace [90m(file:///home/runner/work/boudreaux/boudreaux/[39mnode_modules/[4mvitest[24m/dist/chunks/test.B8ej_ZHS.js:239:21[90m)[39m
    at runTest [90m(file:///home/runner/work/boudreaux/boudreaux/[39mnode_modules/[4m@vitest/runner[24m/dist/index.js:1653:12[90m)[39m {
  clientVersion: [32m&apos;5.0.0&apos;[39m,
  errorCode: [90mundefined[39m,
  retryable: [90mundefined[39m
}

            </system-err>
        </testcase>
        <testcase classname="src/lib/services/artist-service.spec.ts" name="ArtistService &gt; deleteArtistImage &gt; should handle P2025 error when image is deleted during operation" time="0.000281221">
        </testcase>
        <testcase classname="src/lib/services/artist-service.spec.ts" name="ArtistService &gt; deleteArtistImage &gt; should handle database init error during delete" time="0.000786178">
            <system-err>
Database connection failed: PrismaClientInitializationError: Connection failed
    at [90m/home/runner/work/boudreaux/boudreaux/[39msrc/lib/services/artist-service.spec.ts:902:25
    at [90mfile:///home/runner/work/boudreaux/boudreaux/[39mnode_modules/[4m@vitest/runner[24m/dist/index.js:145:11
    at [90mfile:///home/runner/work/boudreaux/boudreaux/[39mnode_modules/[4m@vitest/runner[24m/dist/index.js:915:26
    at [90mfile:///home/runner/work/boudreaux/boudreaux/[39mnode_modules/[4m@vitest/runner[24m/dist/index.js:1243:20
    at new Promise (&lt;anonymous&gt;)
    at runWithTimeout [90m(file:///home/runner/work/boudreaux/boudreaux/[39mnode_modules/[4m@vitest/runner[24m/dist/index.js:1209:10[90m)[39m
    at [90mfile:///home/runner/work/boudreaux/boudreaux/[39mnode_modules/[4m@vitest/runner[24m/dist/index.js:1653:37
    at Traces.$ [90m(file:///home/runner/work/boudreaux/boudreaux/[39mnode_modules/[4mvitest[24m/dist/chunks/traces.CCmnQaNT.js:142:27[90m)[39m
    at trace [90m(file:///home/runner/work/boudreaux/boudreaux/[39mnode_modules/[4mvitest[24m/dist/chunks/test.B8ej_ZHS.js:239:21[90m)[39m
    at runTest [90m(file:///home/runner/work/boudreaux/boudreaux/[39mnode_modules/[4m@vitest/runner[24m/dist/index.js:1653:12[90m)[39m {
  clientVersion: [32m&apos;5.0.0&apos;[39m,
  errorCode: [90mundefined[39m,
  retryable: [90mundefined[39m
}

            </system-err>
        </testcase>
        <testcase classname="src/lib/services/artist-service.spec.ts" name="ArtistService &gt; getArtistImages &gt; should get artist images successfully" time="0.000312128">
        </testcase>
        <testcase classname="src/lib/services/artist-service.spec.ts" name="ArtistService &gt; getArtistImages &gt; should return empty array when no images found" time="0.000475762">
        </testcase>
        <testcase classname="src/lib/services/artist-service.spec.ts" name="ArtistService &gt; getArtistImages &gt; should handle database unavailable error" time="0.000736735">
            <system-err>
Database connection failed: PrismaClientInitializationError: Connection failed
    at [90m/home/runner/work/boudreaux/boudreaux/[39msrc/lib/services/artist-service.spec.ts:942:25
    at [90mfile:///home/runner/work/boudreaux/boudreaux/[39mnode_modules/[4m@vitest/runner[24m/dist/index.js:145:11
    at [90mfile:///home/runner/work/boudreaux/boudreaux/[39mnode_modules/[4m@vitest/runner[24m/dist/index.js:915:26
    at [90mfile:///home/runner/work/boudreaux/boudreaux/[39mnode_modules/[4m@vitest/runner[24m/dist/index.js:1243:20
    at new Promise (&lt;anonymous&gt;)
    at runWithTimeout [90m(file:///home/runner/work/boudreaux/boudreaux/[39mnode_modules/[4m@vitest/runner[24m/dist/index.js:1209:10[90m)[39m
    at [90mfile:///home/runner/work/boudreaux/boudreaux/[39mnode_modules/[4m@vitest/runner[24m/dist/index.js:1653:37
    at Traces.$ [90m(file:///home/runner/work/boudreaux/boudreaux/[39mnode_modules/[4mvitest[24m/dist/chunks/traces.CCmnQaNT.js:142:27[90m)[39m
    at trace [90m(file:///home/runner/work/boudreaux/boudreaux/[39mnode_modules/[4mvitest[24m/dist/chunks/test.B8ej_ZHS.js:239:21[90m)[39m
    at runTest [90m(file:///home/runner/work/boudreaux/boudreaux/[39mnode_modules/[4m@vitest/runner[24m/dist/index.js:1653:12[90m)[39m {
  clientVersion: [32m&apos;5.0.0&apos;[39m,
  errorCode: [90mundefined[39m,
  retryable: [90mundefined[39m
}

            </system-err>
        </testcase>
        <testcase classname="src/lib/services/artist-service.spec.ts" name="ArtistService &gt; getArtistImages &gt; should handle unknown errors" time="0.000823646">
            <system-err>
Get artist images error: Error: Unknown error
    at [90m/home/runner/work/boudreaux/boudreaux/[39msrc/lib/services/artist-service.spec.ts:954:58
    at [90mfile:///home/runner/work/boudreaux/boudreaux/[39mnode_modules/[4m@vitest/runner[24m/dist/index.js:145:11
    at [90mfile:///home/runner/work/boudreaux/boudreaux/[39mnode_modules/[4m@vitest/runner[24m/dist/index.js:915:26
    at [90mfile:///home/runner/work/boudreaux/boudreaux/[39mnode_modules/[4m@vitest/runner[24m/dist/index.js:1243:20
    at new Promise (&lt;anonymous&gt;)
    at runWithTimeout [90m(file:///home/runner/work/boudreaux/boudreaux/[39mnode_modules/[4m@vitest/runner[24m/dist/index.js:1209:10[90m)[39m
    at [90mfile:///home/runner/work/boudreaux/boudreaux/[39mnode_modules/[4m@vitest/runner[24m/dist/index.js:1653:37
    at Traces.$ [90m(file:///home/runner/work/boudreaux/boudreaux/[39mnode_modules/[4mvitest[24m/dist/chunks/traces.CCmnQaNT.js:142:27[90m)[39m
    at trace [90m(file:///home/runner/work/boudreaux/boudreaux/[39mnode_modules/[4mvitest[24m/dist/chunks/test.B8ej_ZHS.js:239:21[90m)[39m
    at runTest [90m(file:///home/runner/work/boudreaux/boudreaux/[39mnode_modules/[4m@vitest/runner[24m/dist/index.js:1653:12[90m)[39m

            </system-err>
        </testcase>
        <testcase classname="src/lib/services/artist-service.spec.ts" name="ArtistService &gt; updateArtistImage &gt; should update image successfully" time="0.000205601">
        </testcase>
        <testcase classname="src/lib/services/artist-service.spec.ts" name="ArtistService &gt; updateArtistImage &gt; should return error when image not found" time="0.000324311">
        </testcase>
        <testcase classname="src/lib/services/artist-service.spec.ts" name="ArtistService &gt; updateArtistImage &gt; should handle database unavailable error" time="0.000564176">
            <system-err>
Database connection failed: PrismaClientInitializationError: Connection failed
    at [90m/home/runner/work/boudreaux/boudreaux/[39msrc/lib/services/artist-service.spec.ts:1004:25
    at [90mfile:///home/runner/work/boudreaux/boudreaux/[39mnode_modules/[4m@vitest/runner[24m/dist/index.js:145:11
    at [90mfile:///home/runner/work/boudreaux/boudreaux/[39mnode_modules/[4m@vitest/runner[24m/dist/index.js:915:26
    at [90mfile:///home/runner/work/boudreaux/boudreaux/[39mnode_modules/[4m@vitest/runner[24m/dist/index.js:1243:20
    at new Promise (&lt;anonymous&gt;)
    at runWithTimeout [90m(file:///home/runner/work/boudreaux/boudreaux/[39mnode_modules/[4m@vitest/runner[24m/dist/index.js:1209:10[90m)[39m
    at [90mfile:///home/runner/work/boudreaux/boudreaux/[39mnode_modules/[4m@vitest/runner[24m/dist/index.js:1653:37
    at Traces.$ [90m(file:///home/runner/work/boudreaux/boudreaux/[39mnode_modules/[4mvitest[24m/dist/chunks/traces.CCmnQaNT.js:142:27[90m)[39m
    at trace [90m(file:///home/runner/work/boudreaux/boudreaux/[39mnode_modules/[4mvitest[24m/dist/chunks/test.B8ej_ZHS.js:239:21[90m)[39m
    at runTest [90m(file:///home/runner/work/boudreaux/boudreaux/[39mnode_modules/[4m@vitest/runner[24m/dist/index.js:1653:12[90m)[39m {
  clientVersion: [32m&apos;5.0.0&apos;[39m,
  errorCode: [90mundefined[39m,
  retryable: [90mundefined[39m
}

            </system-err>
        </testcase>
        <testcase classname="src/lib/services/artist-service.spec.ts" name="ArtistService &gt; updateArtistImage &gt; should handle unknown errors" time="0.000480741">
            <system-err>
Update image error: Error: Unknown error
    at [90m/home/runner/work/boudreaux/boudreaux/[39msrc/lib/services/artist-service.spec.ts:1018:56
    at [90mfile:///home/runner/work/boudreaux/boudreaux/[39mnode_modules/[4m@vitest/runner[24m/dist/index.js:145:11
    at [90mfile:///home/runner/work/boudreaux/boudreaux/[39mnode_modules/[4m@vitest/runner[24m/dist/index.js:915:26
    at [90mfile:///home/runner/work/boudreaux/boudreaux/[39mnode_modules/[4m@vitest/runner[24m/dist/index.js:1243:20
    at new Promise (&lt;anonymous&gt;)
    at runWithTimeout [90m(file:///home/runner/work/boudreaux/boudreaux/[39mnode_modules/[4m@vitest/runner[24m/dist/index.js:1209:10[90m)[39m
    at [90mfile:///home/runner/work/boudreaux/boudreaux/[39mnode_modules/[4m@vitest/runner[24m/dist/index.js:1653:37
    at Traces.$ [90m(file:///home/runner/work/boudreaux/boudreaux/[39mnode_modules/[4mvitest[24m/dist/chunks/traces.CCmnQaNT.js:142:27[90m)[39m
    at trace [90m(file:///home/runner/work/boudreaux/boudreaux/[39mnode_modules/[4mvitest[24m/dist/chunks/test.B8ej_ZHS.js:239:21[90m)[39m
    at runTest [90m(file:///home/runner/work/boudreaux/boudreaux/[39mnode_modules/[4m@vitest/runner[24m/dist/index.js:1653:12[90m)[39m

            </system-err>
        </testcase>
        <testcase classname="src/lib/services/artist-service.spec.ts" name="ArtistService &gt; reorderArtistImages &gt; should reorder images successfully" time="0.000313751">
        </testcase>
        <testcase classname="src/lib/services/artist-service.spec.ts" name="ArtistService &gt; reorderArtistImages &gt; should return error when images not found" time="0.000336934">
        </testcase>
        <testcase classname="src/lib/services/artist-service.spec.ts" name="ArtistService &gt; reorderArtistImages &gt; should handle database unavailable error" time="0.000677806">
            <system-err>
Database connection failed: PrismaClientInitializationError: Connection failed
    at [90m/home/runner/work/boudreaux/boudreaux/[39msrc/lib/services/artist-service.spec.ts:1059:25
    at [90mfile:///home/runner/work/boudreaux/boudreaux/[39mnode_modules/[4m@vitest/runner[24m/dist/index.js:145:11
    at [90mfile:///home/runner/work/boudreaux/boudreaux/[39mnode_modules/[4m@vitest/runner[24m/dist/index.js:915:26
    at [90mfile:///home/runner/work/boudreaux/boudreaux/[39mnode_modules/[4m@vitest/runner[24m/dist/index.js:1243:20
    at new Promise (&lt;anonymous&gt;)
    at runWithTimeout [90m(file:///home/runner/work/boudreaux/boudreaux/[39mnode_modules/[4m@vitest/runner[24m/dist/index.js:1209:10[90m)[39m
    at [90mfile:///home/runner/work/boudreaux/boudreaux/[39mnode_modules/[4m@vitest/runner[24m/dist/index.js:1653:37
    at Traces.$ [90m(file:///home/runner/work/boudreaux/boudreaux/[39mnode_modules/[4mvitest[24m/dist/chunks/traces.CCmnQaNT.js:142:27[90m)[39m
    at trace [90m(file:///home/runner/work/boudreaux/boudreaux/[39mnode_modules/[4mvitest[24m/dist/chunks/test.B8ej_ZHS.js:239:21[90m)[39m
    at runTest [90m(file:///home/runner/work/boudreaux/boudreaux/[39mnode_modules/[4m@vitest/runner[24m/dist/index.js:1653:12[90m)[39m {
  clientVersion: [32m&apos;5.0.0&apos;[39m,
  errorCode: [90mundefined[39m,
  retryable: [90mundefined[39m
}

            </system-err>
        </testcase>
        <testcase classname="src/lib/services/artist-service.spec.ts" name="ArtistService &gt; reorderArtistImages &gt; should handle unknown errors" time="0.000661206">
            <system-err>
Reorder images error: Error: Unknown error
    at [90m/home/runner/work/boudreaux/boudreaux/[39msrc/lib/services/artist-service.spec.ts:1071:58
    at [90mfile:///home/runner/work/boudreaux/boudreaux/[39mnode_modules/[4m@vitest/runner[24m/dist/index.js:145:11
    at [90mfile:///home/runner/work/boudreaux/boudreaux/[39mnode_modules/[4m@vitest/runner[24m/dist/index.js:915:26
    at [90mfile:///home/runner/work/boudreaux/boudreaux/[39mnode_modules/[4m@vitest/runner[24m/dist/index.js:1243:20
    at new Promise (&lt;anonymous&gt;)
    at runWithTimeout [90m(file:///home/runner/work/boudreaux/boudreaux/[39mnode_modules/[4m@vitest/runner[24m/dist/index.js:1209:10[90m)[39m
    at [90mfile:///home/runner/work/boudreaux/boudreaux/[39mnode_modules/[4m@vitest/runner[24m/dist/index.js:1653:37
    at Traces.$ [90m(file:///home/runner/work/boudreaux/boudreaux/[39mnode_modules/[4mvitest[24m/dist/chunks/traces.CCmnQaNT.js:142:27[90m)[39m
    at trace [90m(file:///home/runner/work/boudreaux/boudreaux/[39mnode_modules/[4mvitest[24m/dist/chunks/test.B8ej_ZHS.js:239:21[90m)[39m
    at runTest [90m(file:///home/runner/work/boudreaux/boudreaux/[39mnode_modules/[4m@vitest/runner[24m/dist/index.js:1653:12[90m)[39m

            </system-err>
        </testcase>
    </testsuite>
    <testsuite name="src/lib/actions/track-image-actions.spec.ts" timestamp="2026-02-06T06:11:34.869Z" hostname="runnervmkj6or" tests="38" failures="0" errors="0" skipped="0" time="0.025558655">
        <testcase classname="src/lib/actions/track-image-actions.spec.ts" name="Track Image Actions &gt; deleteTrackImageAction &gt; should require admin role" time="0.000423275">
        </testcase>
        <testcase classname="src/lib/actions/track-image-actions.spec.ts" name="Track Image Actions &gt; deleteTrackImageAction &gt; should return error when user is not logged in" time="0.000219787">
        </testcase>
        <testcase classname="src/lib/actions/track-image-actions.spec.ts" name="Track Image Actions &gt; deleteTrackImageAction &gt; should return error when user is not admin" time="0.000187447">
        </testcase>
        <testcase classname="src/lib/actions/track-image-actions.spec.ts" name="Track Image Actions &gt; deleteTrackImageAction &gt; should return error when user session has no id" time="0.000200171">
        </testcase>
        <testcase classname="src/lib/actions/track-image-actions.spec.ts" name="Track Image Actions &gt; deleteTrackImageAction &gt; should return error when user session has no id for reorder" time="0.000274569">
        </testcase>
        <testcase classname="src/lib/actions/track-image-actions.spec.ts" name="Track Image Actions &gt; deleteTrackImageAction &gt; should return error when user session has no id for update" time="0.000155278">
        </testcase>
        <testcase classname="src/lib/actions/track-image-actions.spec.ts" name="Track Image Actions &gt; deleteTrackImageAction &gt; should return error when image is not found" time="0.000159465">
        </testcase>
        <testcase classname="src/lib/actions/track-image-actions.spec.ts" name="Track Image Actions &gt; deleteTrackImageAction &gt; should delete image successfully" time="0.000343527">
        </testcase>
        <testcase classname="src/lib/actions/track-image-actions.spec.ts" name="Track Image Actions &gt; deleteTrackImageAction &gt; should attempt to delete from S3 when CDN URL matches" time="0.000315846">
        </testcase>
        <testcase classname="src/lib/actions/track-image-actions.spec.ts" name="Track Image Actions &gt; deleteTrackImageAction &gt; should handle S3 URL format (direct S3 URL)" time="0.000530013">
        </testcase>
        <testcase classname="src/lib/actions/track-image-actions.spec.ts" name="Track Image Actions &gt; deleteTrackImageAction &gt; should skip S3 delete when no S3 bucket configured" time="0.00019995">
        </testcase>
        <testcase classname="src/lib/actions/track-image-actions.spec.ts" name="Track Image Actions &gt; deleteTrackImageAction &gt; should skip S3 delete when image src is empty" time="0.000275871">
        </testcase>
        <testcase classname="src/lib/actions/track-image-actions.spec.ts" name="Track Image Actions &gt; deleteTrackImageAction &gt; should skip S3 delete when URL does not match any known pattern" time="0.000338057">
        </testcase>
        <testcase classname="src/lib/actions/track-image-actions.spec.ts" name="Track Image Actions &gt; deleteTrackImageAction &gt; should log security event on successful deletion" time="0.00025373">
        </testcase>
        <testcase classname="src/lib/actions/track-image-actions.spec.ts" name="Track Image Actions &gt; deleteTrackImageAction &gt; should revalidate paths on successful deletion" time="0.00030185">
        </testcase>
        <testcase classname="src/lib/actions/track-image-actions.spec.ts" name="Track Image Actions &gt; deleteTrackImageAction &gt; should handle database errors gracefully" time="0.00078261">
            <system-err>
Delete track image action error: Error: Database error
    at [90m/home/runner/work/boudreaux/boudreaux/[39msrc/lib/actions/track-image-actions.spec.ts:298:60
    at [90mfile:///home/runner/work/boudreaux/boudreaux/[39mnode_modules/[4m@vitest/runner[24m/dist/index.js:145:11
    at [90mfile:///home/runner/work/boudreaux/boudreaux/[39mnode_modules/[4m@vitest/runner[24m/dist/index.js:915:26
    at [90mfile:///home/runner/work/boudreaux/boudreaux/[39mnode_modules/[4m@vitest/runner[24m/dist/index.js:1243:20
    at new Promise (&lt;anonymous&gt;)
    at runWithTimeout [90m(file:///home/runner/work/boudreaux/boudreaux/[39mnode_modules/[4m@vitest/runner[24m/dist/index.js:1209:10[90m)[39m
    at [90mfile:///home/runner/work/boudreaux/boudreaux/[39mnode_modules/[4m@vitest/runner[24m/dist/index.js:1653:37
    at Traces.$ [90m(file:///home/runner/work/boudreaux/boudreaux/[39mnode_modules/[4mvitest[24m/dist/chunks/traces.CCmnQaNT.js:142:27[90m)[39m
    at trace [90m(file:///home/runner/work/boudreaux/boudreaux/[39mnode_modules/[4mvitest[24m/dist/chunks/test.B8ej_ZHS.js:239:21[90m)[39m
    at runTest [90m(file:///home/runner/work/boudreaux/boudreaux/[39mnode_modules/[4m@vitest/runner[24m/dist/index.js:1653:12[90m)[39m

            </system-err>
        </testcase>
        <testcase classname="src/lib/actions/track-image-actions.spec.ts" name="Track Image Actions &gt; deleteTrackImageAction &gt; should continue with DB delete even if S3 delete fails" time="0.000269269">
        </testcase>
        <testcase classname="src/lib/actions/track-image-actions.spec.ts" name="Track Image Actions &gt; getTrackImagesAction &gt; should retrieve images for a track" time="0.000834718">
        </testcase>
        <testcase classname="src/lib/actions/track-image-actions.spec.ts" name="Track Image Actions &gt; getTrackImagesAction &gt; should return empty array when no images exist" time="0.000345852">
        </testcase>
        <testcase classname="src/lib/actions/track-image-actions.spec.ts" name="Track Image Actions &gt; getTrackImagesAction &gt; should handle null values in image fields" time="0.002175603">
        </testcase>
        <testcase classname="src/lib/actions/track-image-actions.spec.ts" name="Track Image Actions &gt; getTrackImagesAction &gt; should handle null sortOrder value" time="0.000337014">
        </testcase>
        <testcase classname="src/lib/actions/track-image-actions.spec.ts" name="Track Image Actions &gt; getTrackImagesAction &gt; should handle database errors gracefully" time="0.005294954">
            <system-err>
Get track images action error: Error: Database error
    at [90m/home/runner/work/boudreaux/boudreaux/[39msrc/lib/actions/track-image-actions.spec.ts:406:58
    at [90mfile:///home/runner/work/boudreaux/boudreaux/[39mnode_modules/[4m@vitest/runner[24m/dist/index.js:145:11
    at [90mfile:///home/runner/work/boudreaux/boudreaux/[39mnode_modules/[4m@vitest/runner[24m/dist/index.js:915:26
    at [90mfile:///home/runner/work/boudreaux/boudreaux/[39mnode_modules/[4m@vitest/runner[24m/dist/index.js:1243:20
    at new Promise (&lt;anonymous&gt;)
    at runWithTimeout [90m(file:///home/runner/work/boudreaux/boudreaux/[39mnode_modules/[4m@vitest/runner[24m/dist/index.js:1209:10[90m)[39m
    at [90mfile:///home/runner/work/boudreaux/boudreaux/[39mnode_modules/[4m@vitest/runner[24m/dist/index.js:1653:37
    at Traces.$ [90m(file:///home/runner/work/boudreaux/boudreaux/[39mnode_modules/[4mvitest[24m/dist/chunks/traces.CCmnQaNT.js:142:27[90m)[39m
    at trace [90m(file:///home/runner/work/boudreaux/boudreaux/[39mnode_modules/[4mvitest[24m/dist/chunks/test.B8ej_ZHS.js:239:21[90m)[39m
    at runTest [90m(file:///home/runner/work/boudreaux/boudreaux/[39mnode_modules/[4m@vitest/runner[24m/dist/index.js:1653:12[90m)[39m

            </system-err>
        </testcase>
        <testcase classname="src/lib/actions/track-image-actions.spec.ts" name="Track Image Actions &gt; getTrackImagesAction &gt; should order images by sortOrder ascending" time="0.00144546">
        </testcase>
        <testcase classname="src/lib/actions/track-image-actions.spec.ts" name="Track Image Actions &gt; updateTrackImageAction &gt; should require admin role" time="0.001614493">
        </testcase>
        <testcase classname="src/lib/actions/track-image-actions.spec.ts" name="Track Image Actions &gt; updateTrackImageAction &gt; should return error when user is not logged in" time="0.00018318">
        </testcase>
        <testcase classname="src/lib/actions/track-image-actions.spec.ts" name="Track Image Actions &gt; updateTrackImageAction &gt; should update image caption successfully" time="0.000517941">
        </testcase>
        <testcase classname="src/lib/actions/track-image-actions.spec.ts" name="Track Image Actions &gt; updateTrackImageAction &gt; should update image altText successfully" time="0.000847039">
        </testcase>
        <testcase classname="src/lib/actions/track-image-actions.spec.ts" name="Track Image Actions &gt; updateTrackImageAction &gt; should update both caption and altText" time="0.000502372">
        </testcase>
        <testcase classname="src/lib/actions/track-image-actions.spec.ts" name="Track Image Actions &gt; updateTrackImageAction &gt; should revalidate path on success" time="0.000248931">
        </testcase>
        <testcase classname="src/lib/actions/track-image-actions.spec.ts" name="Track Image Actions &gt; updateTrackImageAction &gt; should handle database errors gracefully" time="0.000802779">
            <system-err>
Update track image action error: Error: Database error
    at [90m/home/runner/work/boudreaux/boudreaux/[39msrc/lib/actions/track-image-actions.spec.ts:513:56
    at [90mfile:///home/runner/work/boudreaux/boudreaux/[39mnode_modules/[4m@vitest/runner[24m/dist/index.js:145:11
    at [90mfile:///home/runner/work/boudreaux/boudreaux/[39mnode_modules/[4m@vitest/runner[24m/dist/index.js:915:26
    at [90mfile:///home/runner/work/boudreaux/boudreaux/[39mnode_modules/[4m@vitest/runner[24m/dist/index.js:1243:20
    at new Promise (&lt;anonymous&gt;)
    at runWithTimeout [90m(file:///home/runner/work/boudreaux/boudreaux/[39mnode_modules/[4m@vitest/runner[24m/dist/index.js:1209:10[90m)[39m
    at [90mfile:///home/runner/work/boudreaux/boudreaux/[39mnode_modules/[4m@vitest/runner[24m/dist/index.js:1653:37
    at Traces.$ [90m(file:///home/runner/work/boudreaux/boudreaux/[39mnode_modules/[4mvitest[24m/dist/chunks/traces.CCmnQaNT.js:142:27[90m)[39m
    at trace [90m(file:///home/runner/work/boudreaux/boudreaux/[39mnode_modules/[4mvitest[24m/dist/chunks/test.B8ej_ZHS.js:239:21[90m)[39m
    at runTest [90m(file:///home/runner/work/boudreaux/boudreaux/[39mnode_modules/[4m@vitest/runner[24m/dist/index.js:1653:12[90m)[39m

            </system-err>
        </testcase>
        <testcase classname="src/lib/actions/track-image-actions.spec.ts" name="Track Image Actions &gt; reorderTrackImagesAction &gt; should require admin role" time="0.000317699">
        </testcase>
        <testcase classname="src/lib/actions/track-image-actions.spec.ts" name="Track Image Actions &gt; reorderTrackImagesAction &gt; should return error when user is not logged in" time="0.000160708">
        </testcase>
        <testcase classname="src/lib/actions/track-image-actions.spec.ts" name="Track Image Actions &gt; reorderTrackImagesAction &gt; should return error when no image IDs provided" time="0.000152543">
        </testcase>
        <testcase classname="src/lib/actions/track-image-actions.spec.ts" name="Track Image Actions &gt; reorderTrackImagesAction &gt; should reorder images successfully" time="0.000204188">
        </testcase>
        <testcase classname="src/lib/actions/track-image-actions.spec.ts" name="Track Image Actions &gt; reorderTrackImagesAction &gt; should log security event on successful reorder" time="0.000243852">
        </testcase>
        <testcase classname="src/lib/actions/track-image-actions.spec.ts" name="Track Image Actions &gt; reorderTrackImagesAction &gt; should revalidate paths on success" time="0.000241098">
        </testcase>
        <testcase classname="src/lib/actions/track-image-actions.spec.ts" name="Track Image Actions &gt; reorderTrackImagesAction &gt; should handle database errors gracefully" time="0.000677075">
            <system-err>
Reorder track images action error: Error: Database error
    at [90m/home/runner/work/boudreaux/boudreaux/[39msrc/lib/actions/track-image-actions.spec.ts:645:56
    at [90mfile:///home/runner/work/boudreaux/boudreaux/[39mnode_modules/[4m@vitest/runner[24m/dist/index.js:145:11
    at [90mfile:///home/runner/work/boudreaux/boudreaux/[39mnode_modules/[4m@vitest/runner[24m/dist/index.js:915:26
    at [90mfile:///home/runner/work/boudreaux/boudreaux/[39mnode_modules/[4m@vitest/runner[24m/dist/index.js:1243:20
    at new Promise (&lt;anonymous&gt;)
    at runWithTimeout [90m(file:///home/runner/work/boudreaux/boudreaux/[39mnode_modules/[4m@vitest/runner[24m/dist/index.js:1209:10[90m)[39m
    at [90mfile:///home/runner/work/boudreaux/boudreaux/[39mnode_modules/[4m@vitest/runner[24m/dist/index.js:1653:37
    at Traces.$ [90m(file:///home/runner/work/boudreaux/boudreaux/[39mnode_modules/[4mvitest[24m/dist/chunks/traces.CCmnQaNT.js:142:27[90m)[39m
    at trace [90m(file:///home/runner/work/boudreaux/boudreaux/[39mnode_modules/[4mvitest[24m/dist/chunks/test.B8ej_ZHS.js:239:21[90m)[39m
    at runTest [90m(file:///home/runner/work/boudreaux/boudreaux/[39mnode_modules/[4m@vitest/runner[24m/dist/index.js:1653:12[90m)[39m

            </system-err>
        </testcase>
        <testcase classname="src/lib/actions/track-image-actions.spec.ts" name="Track Image Actions &gt; reorderTrackImagesAction &gt; should return updated images in new order" time="0.000409349">
        </testcase>
    </testsuite>
    <testsuite name="src/app/components/auth/edit-profile-button.spec.tsx" timestamp="2026-02-06T06:11:34.876Z" hostname="runnervmkj6or" tests="6" failures="0" errors="0" skipped="0" time="0.091903603">
        <testcase classname="src/app/components/auth/edit-profile-button.spec.tsx" name="EditProfileButton &gt; renders the edit profile link" time="0.005893474">
        </testcase>
        <testcase classname="src/app/components/auth/edit-profile-button.spec.tsx" name="EditProfileButton &gt; displays the correct text" time="0.004125527">
        </testcase>
        <testcase classname="src/app/components/auth/edit-profile-button.spec.tsx" name="EditProfileButton &gt; renders the user icon" time="0.024372738">
        </testcase>
        <testcase classname="src/app/components/auth/edit-profile-button.spec.tsx" name="EditProfileButton &gt; applies the correct CSS classes" time="0.006811926">
        </testcase>
        <testcase classname="src/app/components/auth/edit-profile-button.spec.tsx" name="EditProfileButton &gt; renders null on mobile devices" time="0.001871048">
        </testcase>
        <testcase classname="src/app/components/auth/edit-profile-button.spec.tsx" name="EditProfileButton &gt; renders link on desktop devices" time="0.046706123">
        </testcase>
    </testsuite>
    <testsuite name="src/app/components/ui/resizable.spec.tsx" timestamp="2026-02-06T06:11:34.877Z" hostname="runnervmkj6or" tests="15" failures="0" errors="0" skipped="0" time="0.189023881">
        <testcase classname="src/app/components/ui/resizable.spec.tsx" name="ResizablePanelGroup &gt; renders" time="0.005236315">
        </testcase>
        <testcase classname="src/app/components/ui/resizable.spec.tsx" name="ResizablePanelGroup &gt; renders children" time="0.002845604">
        </testcase>
        <testcase classname="src/app/components/ui/resizable.spec.tsx" name="ResizablePanelGroup &gt; applies custom className" time="0.003794353">
        </testcase>
        <testcase classname="src/app/components/ui/resizable.spec.tsx" name="ResizablePanelGroup &gt; has flex layout classes" time="0.003256906">
        </testcase>
        <testcase classname="src/app/components/ui/resizable.spec.tsx" name="ResizablePanelGroup &gt; renders with horizontal direction" time="0.002720472">
        </testcase>
        <testcase classname="src/app/components/ui/resizable.spec.tsx" name="ResizablePanelGroup &gt; renders with vertical direction" time="0.003743108">
        </testcase>
        <testcase classname="src/app/components/ui/resizable.spec.tsx" name="ResizablePanel &gt; renders" time="0.006246658">
        </testcase>
        <testcase classname="src/app/components/ui/resizable.spec.tsx" name="ResizablePanel &gt; renders children" time="0.043711012">
        </testcase>
        <testcase classname="src/app/components/ui/resizable.spec.tsx" name="ResizablePanel &gt; renders with default size" time="0.006476425">
            <system-err>
WARNING: Invalid layout total size: 50%. Layout normalization will be applied.

            </system-err>
        </testcase>
        <testcase classname="src/app/components/ui/resizable.spec.tsx" name="ResizableHandle &gt; renders" time="0.008598558">
        </testcase>
        <testcase classname="src/app/components/ui/resizable.spec.tsx" name="ResizableHandle &gt; applies custom className" time="0.00704664">
        </testcase>
        <testcase classname="src/app/components/ui/resizable.spec.tsx" name="ResizableHandle &gt; renders without grip handle by default" time="0.008693535">
        </testcase>
        <testcase classname="src/app/components/ui/resizable.spec.tsx" name="ResizableHandle &gt; renders with grip handle when withHandle is true" time="0.009668271">
        </testcase>
        <testcase classname="src/app/components/ui/resizable.spec.tsx" name="ResizableHandle &gt; renders grip handle with proper styling" time="0.051222986">
        </testcase>
        <testcase classname="src/app/components/ui/resizable.spec.tsx" name="Resizable Integration &gt; renders multiple panels with handles" time="0.023190788">
        </testcase>
    </testsuite>
    <testsuite name="src/lib/actions/create-release-action.spec.ts" timestamp="2026-02-06T06:11:34.880Z" hostname="runnervmkj6or" tests="20" failures="0" errors="0" skipped="0" time="0.018933485">
        <testcase classname="src/lib/actions/create-release-action.spec.ts" name="createReleaseAction &gt; Authorization &gt; should require admin role" time="0.001595197">
        </testcase>
        <testcase classname="src/lib/actions/create-release-action.spec.ts" name="createReleaseAction &gt; Authorization &gt; should return error when user is not logged in" time="0.00030211">
        </testcase>
        <testcase classname="src/lib/actions/create-release-action.spec.ts" name="createReleaseAction &gt; Authorization &gt; should allow admin users to create releases" time="0.000233102">
        </testcase>
        <testcase classname="src/lib/actions/create-release-action.spec.ts" name="createReleaseAction &gt; Validation &gt; should validate form data with permitted fields only" time="0.001949223">
        </testcase>
        <testcase classname="src/lib/actions/create-release-action.spec.ts" name="createReleaseAction &gt; Validation &gt; should return validation errors when data is invalid" time="0.000297261">
        </testcase>
        <testcase classname="src/lib/actions/create-release-action.spec.ts" name="createReleaseAction &gt; Release Creation &gt; should create release successfully with all fields" time="0.001231393">
        </testcase>
        <testcase classname="src/lib/actions/create-release-action.spec.ts" name="createReleaseAction &gt; Release Creation &gt; should create release with minimal required fields" time="0.000571329">
        </testcase>
        <testcase classname="src/lib/actions/create-release-action.spec.ts" name="createReleaseAction &gt; Release Creation &gt; should parse comma-separated labels into array" time="0.000680752">
        </testcase>
        <testcase classname="src/lib/actions/create-release-action.spec.ts" name="createReleaseAction &gt; Release Creation &gt; should handle empty labels string" time="0.000494016">
        </testcase>
        <testcase classname="src/lib/actions/create-release-action.spec.ts" name="createReleaseAction &gt; Release Creation &gt; should handle release creation failure from service" time="0.000859003">
        </testcase>
        <testcase classname="src/lib/actions/create-release-action.spec.ts" name="createReleaseAction &gt; Release Creation &gt; should handle service returning generic error" time="0.00043682">
        </testcase>
        <testcase classname="src/lib/actions/create-release-action.spec.ts" name="createReleaseAction &gt; Release Creation &gt; should handle service returning error without message" time="0.000429967">
        </testcase>
        <testcase classname="src/lib/actions/create-release-action.spec.ts" name="createReleaseAction &gt; Release Creation &gt; should use default format when formats is undefined" time="0.004236603">
        </testcase>
        <testcase classname="src/lib/actions/create-release-action.spec.ts" name="createReleaseAction &gt; Security Logging &gt; should log successful release creation" time="0.000438593">
        </testcase>
        <testcase classname="src/lib/actions/create-release-action.spec.ts" name="createReleaseAction &gt; Security Logging &gt; should log failed release creation attempt" time="0.000397938">
        </testcase>
        <testcase classname="src/lib/actions/create-release-action.spec.ts" name="createReleaseAction &gt; Security Logging &gt; should filter out undefined fields in security log" time="0.000434725">
        </testcase>
        <testcase classname="src/lib/actions/create-release-action.spec.ts" name="createReleaseAction &gt; Cache Revalidation &gt; should revalidate release creation page on success" time="0.000249773">
        </testcase>
        <testcase classname="src/lib/actions/create-release-action.spec.ts" name="createReleaseAction &gt; Cache Revalidation &gt; should revalidate release creation page on failure" time="0.000260663">
        </testcase>
        <testcase classname="src/lib/actions/create-release-action.spec.ts" name="createReleaseAction &gt; Error Handling &gt; should handle unexpected errors gracefully" time="0.00055555">
        </testcase>
        <testcase classname="src/lib/actions/create-release-action.spec.ts" name="createReleaseAction &gt; Error Handling &gt; should detect title uniqueness error with various message formats" time="0.000562322">
        </testcase>
    </testsuite>
    <testsuite name="src/app/components/ui/content-container.spec.tsx" timestamp="2026-02-06T06:11:34.884Z" hostname="runnervmkj6or" tests="7" failures="0" errors="0" skipped="0" time="0.051129551">
        <testcase classname="src/app/components/ui/content-container.spec.tsx" name="ContentContainer &gt; renders" time="0.004903299">
        </testcase>
        <testcase classname="src/app/components/ui/content-container.spec.tsx" name="ContentContainer &gt; renders as section element" time="0.002217421">
        </testcase>
        <testcase classname="src/app/components/ui/content-container.spec.tsx" name="ContentContainer &gt; renders children" time="0.002744477">
        </testcase>
        <testcase classname="src/app/components/ui/content-container.spec.tsx" name="ContentContainer &gt; applies custom className" time="0.028397056">
        </testcase>
        <testcase classname="src/app/components/ui/content-container.spec.tsx" name="ContentContainer &gt; has default background class" time="0.002504392">
        </testcase>
        <testcase classname="src/app/components/ui/content-container.spec.tsx" name="ContentContainer &gt; has flex layout classes" time="0.00175941">
        </testcase>
        <testcase classname="src/app/components/ui/content-container.spec.tsx" name="ContentContainer &gt; renders multiple children" time="0.006640799">
        </testcase>
    </testsuite>
    <testsuite name="src/app/components/ui/loading-spinner.spec.tsx" timestamp="2026-02-06T06:11:34.885Z" hostname="runnervmkj6or" tests="8" failures="0" errors="0" skipped="0" time="0.055773611">
        <testcase classname="src/app/components/ui/loading-spinner.spec.tsx" name="LoadingSpinner &gt; renders" time="0.002516675">
        </testcase>
        <testcase classname="src/app/components/ui/loading-spinner.spec.tsx" name="LoadingSpinner &gt; renders spinner element" time="0.002679797">
        </testcase>
        <testcase classname="src/app/components/ui/loading-spinner.spec.tsx" name="LoadingSpinner &gt; renders loading text" time="0.003682636">
        </testcase>
        <testcase classname="src/app/components/ui/loading-spinner.spec.tsx" name="LoadingSpinner &gt; applies custom className" time="0.002639253">
        </testcase>
        <testcase classname="src/app/components/ui/loading-spinner.spec.tsx" name="LoadingSpinner &gt; has flex layout classes" time="0.004187021">
        </testcase>
        <testcase classname="src/app/components/ui/loading-spinner.spec.tsx" name="LoadingSpinner &gt; has gap class for spacing" time="0.003112228">
        </testcase>
        <testcase classname="src/app/components/ui/loading-spinner.spec.tsx" name="LoadingSpinner &gt; loading text has muted foreground style" time="0.002380272">
        </testcase>
        <testcase classname="src/app/components/ui/loading-spinner.spec.tsx" name="LoadingSpinner &gt; loading text has small text size" time="0.032583857">
        </testcase>
    </testsuite>
    <testsuite name="src/app/api/artists/route.spec.ts" timestamp="2026-02-06T06:11:34.886Z" hostname="runnervmkj6or" tests="20" failures="0" errors="0" skipped="0" time="0.027818586">
        <testcase classname="src/app/api/artists/route.spec.ts" name="Artist API Routes &gt; GET /api/artist &gt; should return all artists with default parameters" time="0.000428253">
        </testcase>
        <testcase classname="src/app/api/artists/route.spec.ts" name="Artist API Routes &gt; GET /api/artist &gt; should handle pagination parameters" time="0.000834917">
        </testcase>
        <testcase classname="src/app/api/artists/route.spec.ts" name="Artist API Routes &gt; GET /api/artist &gt; should handle search parameter" time="0.000416202">
        </testcase>
        <testcase classname="src/app/api/artists/route.spec.ts" name="Artist API Routes &gt; GET /api/artist &gt; should handle multiple query parameters" time="0.005518409">
        </testcase>
        <testcase classname="src/app/api/artists/route.spec.ts" name="Artist API Routes &gt; GET /api/artist &gt; should return empty array when no artists found" time="0.000753176">
        </testcase>
        <testcase classname="src/app/api/artists/route.spec.ts" name="Artist API Routes &gt; GET /api/artist &gt; should return 503 when database is unavailable" time="0.001058803">
        </testcase>
        <testcase classname="src/app/api/artists/route.spec.ts" name="Artist API Routes &gt; GET /api/artist &gt; should return 500 for other service errors" time="0.000417615">
        </testcase>
        <testcase classname="src/app/api/artists/route.spec.ts" name="Artist API Routes &gt; GET /api/artist &gt; should return 500 when an exception is thrown" time="0.005643671">
            <system-err>
Artist GET error: Error: Unexpected error
    at [90m/home/runner/work/boudreaux/boudreaux/[39msrc/app/api/artists/route.spec.ts:186:61
    at [90mfile:///home/runner/work/boudreaux/boudreaux/[39mnode_modules/[4m@vitest/runner[24m/dist/index.js:145:11
    at [90mfile:///home/runner/work/boudreaux/boudreaux/[39mnode_modules/[4m@vitest/runner[24m/dist/index.js:915:26
    at [90mfile:///home/runner/work/boudreaux/boudreaux/[39mnode_modules/[4m@vitest/runner[24m/dist/index.js:1243:20
    at new Promise (&lt;anonymous&gt;)
    at runWithTimeout [90m(file:///home/runner/work/boudreaux/boudreaux/[39mnode_modules/[4m@vitest/runner[24m/dist/index.js:1209:10[90m)[39m
    at [90mfile:///home/runner/work/boudreaux/boudreaux/[39mnode_modules/[4m@vitest/runner[24m/dist/index.js:1653:37
    at Traces.$ [90m(file:///home/runner/work/boudreaux/boudreaux/[39mnode_modules/[4mvitest[24m/dist/chunks/traces.CCmnQaNT.js:142:27[90m)[39m
    at trace [90m(file:///home/runner/work/boudreaux/boudreaux/[39mnode_modules/[4mvitest[24m/dist/chunks/test.B8ej_ZHS.js:239:21[90m)[39m
    at runTest [90m(file:///home/runner/work/boudreaux/boudreaux/[39mnode_modules/[4m@vitest/runner[24m/dist/index.js:1653:12[90m)[39m

            </system-err>
        </testcase>
        <testcase classname="src/app/api/artists/route.spec.ts" name="Artist API Routes &gt; GET /api/artist &gt; should handle invalid numeric parameters gracefully" time="0.000554758">
        </testcase>
        <testcase classname="src/app/api/artists/route.spec.ts" name="Artist API Routes &gt; POST /api/artist &gt; should create an artist successfully" time="0.000777371">
        </testcase>
        <testcase classname="src/app/api/artists/route.spec.ts" name="Artist API Routes &gt; POST /api/artist &gt; should return 400 when firstName is missing" time="0.000503333">
        </testcase>
        <testcase classname="src/app/api/artists/route.spec.ts" name="Artist API Routes &gt; POST /api/artist &gt; should return 400 when surname is missing" time="0.000583792">
        </testcase>
        <testcase classname="src/app/api/artists/route.spec.ts" name="Artist API Routes &gt; POST /api/artist &gt; should return 400 when slug is missing" time="0.003410572">
        </testcase>
        <testcase classname="src/app/api/artists/route.spec.ts" name="Artist API Routes &gt; POST /api/artist &gt; should return 409 when slug already exists" time="0.000500267">
        </testcase>
        <testcase classname="src/app/api/artists/route.spec.ts" name="Artist API Routes &gt; POST /api/artist &gt; should return 503 when database is unavailable" time="0.000727538">
        </testcase>
        <testcase classname="src/app/api/artists/route.spec.ts" name="Artist API Routes &gt; POST /api/artist &gt; should return 500 for other service errors" time="0.000506629">
        </testcase>
        <testcase classname="src/app/api/artists/route.spec.ts" name="Artist API Routes &gt; POST /api/artist &gt; should return 500 when an exception is thrown" time="0.001241893">
            <system-err>
Artist POST error: Error: Unexpected error
    at [90m/home/runner/work/boudreaux/boudreaux/[39msrc/app/api/artists/route.spec.ts:361:63
    at [90mfile:///home/runner/work/boudreaux/boudreaux/[39mnode_modules/[4m@vitest/runner[24m/dist/index.js:145:11
    at [90mfile:///home/runner/work/boudreaux/boudreaux/[39mnode_modules/[4m@vitest/runner[24m/dist/index.js:915:26
    at [90mfile:///home/runner/work/boudreaux/boudreaux/[39mnode_modules/[4m@vitest/runner[24m/dist/index.js:1243:20
    at new Promise (&lt;anonymous&gt;)
    at runWithTimeout [90m(file:///home/runner/work/boudreaux/boudreaux/[39mnode_modules/[4m@vitest/runner[24m/dist/index.js:1209:10[90m)[39m
    at [90mfile:///home/runner/work/boudreaux/boudreaux/[39mnode_modules/[4m@vitest/runner[24m/dist/index.js:1653:37
    at Traces.$ [90m(file:///home/runner/work/boudreaux/boudreaux/[39mnode_modules/[4mvitest[24m/dist/chunks/traces.CCmnQaNT.js:142:27[90m)[39m
    at trace [90m(file:///home/runner/work/boudreaux/boudreaux/[39mnode_modules/[4mvitest[24m/dist/chunks/test.B8ej_ZHS.js:239:21[90m)[39m
    at runTest [90m(file:///home/runner/work/boudreaux/boudreaux/[39mnode_modules/[4m@vitest/runner[24m/dist/index.js:1653:12[90m)[39m

            </system-err>
        </testcase>
        <testcase classname="src/app/api/artists/route.spec.ts" name="Artist API Routes &gt; POST /api/artist &gt; should accept additional optional fields" time="0.000589713">
        </testcase>
        <testcase classname="src/app/api/artists/route.spec.ts" name="Artist API Routes &gt; POST /api/artist &gt; should handle empty request body" time="0.000524892">
        </testcase>
        <testcase classname="src/app/api/artists/route.spec.ts" name="Artist API Routes &gt; POST /api/artist &gt; should handle empty string values as invalid" time="0.0004644">
        </testcase>
    </testsuite>
    <testsuite name="src/app/components/ui/spinners/spinner-ring-circle.spec.tsx" timestamp="2026-02-06T06:11:34.890Z" hostname="runnervmkj6or" tests="41" failures="0" errors="0" skipped="0" time="0.130533534">
        <testcase classname="src/app/components/ui/spinners/spinner-ring-circle.spec.tsx" name="SpinnerRingCircle &gt; rendering &gt; should render a div element" time="0.001260016">
        </testcase>
        <testcase classname="src/app/components/ui/spinners/spinner-ring-circle.spec.tsx" name="SpinnerRingCircle &gt; rendering &gt; should have aria-label for accessibility" time="0.001533202">
        </testcase>
        <testcase classname="src/app/components/ui/spinners/spinner-ring-circle.spec.tsx" name="SpinnerRingCircle &gt; rendering &gt; should render with default props" time="0.000994864">
        </testcase>
        <testcase classname="src/app/components/ui/spinners/spinner-ring-circle.spec.tsx" name="SpinnerRingCircle &gt; size variants &gt; should render with small size by default" time="0.001518495">
        </testcase>
        <testcase classname="src/app/components/ui/spinners/spinner-ring-circle.spec.tsx" name="SpinnerRingCircle &gt; size variants &gt; should render with small size when explicitly set" time="0.001368176">
        </testcase>
        <testcase classname="src/app/components/ui/spinners/spinner-ring-circle.spec.tsx" name="SpinnerRingCircle &gt; size variants &gt; should render with medium size" time="0.001431784">
        </testcase>
        <testcase classname="src/app/components/ui/spinners/spinner-ring-circle.spec.tsx" name="SpinnerRingCircle &gt; size variants &gt; should render with large size" time="0.001205594">
        </testcase>
        <testcase classname="src/app/components/ui/spinners/spinner-ring-circle.spec.tsx" name="SpinnerRingCircle &gt; color variants &gt; should render with default variant colors" time="0.001244757">
        </testcase>
        <testcase classname="src/app/components/ui/spinners/spinner-ring-circle.spec.tsx" name="SpinnerRingCircle &gt; color variants &gt; should render with primary variant colors" time="0.001013579">
        </testcase>
        <testcase classname="src/app/components/ui/spinners/spinner-ring-circle.spec.tsx" name="SpinnerRingCircle &gt; color variants &gt; should render with secondary variant colors" time="0.001300761">
        </testcase>
        <testcase classname="src/app/components/ui/spinners/spinner-ring-circle.spec.tsx" name="SpinnerRingCircle &gt; color variants &gt; should render with accent variant colors" time="0.001134814">
        </testcase>
        <testcase classname="src/app/components/ui/spinners/spinner-ring-circle.spec.tsx" name="SpinnerRingCircle &gt; combined size and variant props &gt; should handle small primary spinner" time="0.002419765">
        </testcase>
        <testcase classname="src/app/components/ui/spinners/spinner-ring-circle.spec.tsx" name="SpinnerRingCircle &gt; combined size and variant props &gt; should handle medium secondary spinner" time="0.024017578">
        </testcase>
        <testcase classname="src/app/components/ui/spinners/spinner-ring-circle.spec.tsx" name="SpinnerRingCircle &gt; combined size and variant props &gt; should handle large accent spinner" time="0.002628332">
        </testcase>
        <testcase classname="src/app/components/ui/spinners/spinner-ring-circle.spec.tsx" name="SpinnerRingCircle &gt; custom className prop &gt; should accept and apply custom className" time="0.002758703">
        </testcase>
        <testcase classname="src/app/components/ui/spinners/spinner-ring-circle.spec.tsx" name="SpinnerRingCircle &gt; custom className prop &gt; should merge custom className with variant classes" time="0.002600982">
        </testcase>
        <testcase classname="src/app/components/ui/spinners/spinner-ring-circle.spec.tsx" name="SpinnerRingCircle &gt; custom className prop &gt; should handle multiple custom classes" time="0.00181819">
        </testcase>
        <testcase classname="src/app/components/ui/spinners/spinner-ring-circle.spec.tsx" name="SpinnerRingCircle &gt; HTML attributes spread &gt; should accept and apply data attributes" time="0.000778813">
        </testcase>
        <testcase classname="src/app/components/ui/spinners/spinner-ring-circle.spec.tsx" name="SpinnerRingCircle &gt; HTML attributes spread &gt; should accept and apply id attribute" time="0.001433767">
        </testcase>
        <testcase classname="src/app/components/ui/spinners/spinner-ring-circle.spec.tsx" name="SpinnerRingCircle &gt; HTML attributes spread &gt; should accept and apply role attribute" time="0.001019309">
        </testcase>
        <testcase classname="src/app/components/ui/spinners/spinner-ring-circle.spec.tsx" name="SpinnerRingCircle &gt; HTML attributes spread &gt; should accept style prop" time="0.04194589">
        </testcase>
        <testcase classname="src/app/components/ui/spinners/spinner-ring-circle.spec.tsx" name="SpinnerRingCircle &gt; animation classes &gt; should have animate-spin class" time="0.000902753">
        </testcase>
        <testcase classname="src/app/components/ui/spinners/spinner-ring-circle.spec.tsx" name="SpinnerRingCircle &gt; animation classes &gt; should have rounded-full class for circular shape" time="0.001005324">
        </testcase>
        <testcase classname="src/app/components/ui/spinners/spinner-ring-circle.spec.tsx" name="SpinnerRingCircle &gt; animation classes &gt; should have border-2 class" time="0.00087904">
        </testcase>
        <testcase classname="src/app/components/ui/spinners/spinner-ring-circle.spec.tsx" name="SpinnerRingCircle &gt; accessibility &gt; should have aria-label by default" time="0.001329524">
        </testcase>
        <testcase classname="src/app/components/ui/spinners/spinner-ring-circle.spec.tsx" name="SpinnerRingCircle &gt; accessibility &gt; should allow overriding aria-label" time="0.005598668">
        </testcase>
        <testcase classname="src/app/components/ui/spinners/spinner-ring-circle.spec.tsx" name="SpinnerRingCircle &gt; accessibility &gt; should work with role=&quot;status&quot;" time="0.001748261">
        </testcase>
        <testcase classname="src/app/components/ui/spinners/spinner-ring-circle.spec.tsx" name="SpinnerRingCircle &gt; accessibility &gt; should be perceivable by screen readers" time="0.004329946">
        </testcase>
        <testcase classname="src/app/components/ui/spinners/spinner-ring-circle.spec.tsx" name="SpinnerRingCircle &gt; CVA variants integration &gt; should export spinnerVariants function" time="0.000240586">
        </testcase>
        <testcase classname="src/app/components/ui/spinners/spinner-ring-circle.spec.tsx" name="SpinnerRingCircle &gt; CVA variants integration &gt; should generate correct classes with spinnerVariants" time="0.000412244">
        </testcase>
        <testcase classname="src/app/components/ui/spinners/spinner-ring-circle.spec.tsx" name="SpinnerRingCircle &gt; CVA variants integration &gt; should use default variants when none provided" time="0.000275201">
        </testcase>
        <testcase classname="src/app/components/ui/spinners/spinner-ring-circle.spec.tsx" name="SpinnerRingCircle &gt; edge cases &gt; should render consistently across multiple instances" time="0.002109039">
        </testcase>
        <testcase classname="src/app/components/ui/spinners/spinner-ring-circle.spec.tsx" name="SpinnerRingCircle &gt; edge cases &gt; should handle empty className gracefully" time="0.001001597">
        </testcase>
        <testcase classname="src/app/components/ui/spinners/spinner-ring-circle.spec.tsx" name="SpinnerRingCircle &gt; edge cases &gt; should handle undefined props gracefully" time="0.001165">
        </testcase>
        <testcase classname="src/app/components/ui/spinners/spinner-ring-circle.spec.tsx" name="SpinnerRingCircle &gt; edge cases &gt; should work within different parent contexts" time="0.002333054">
        </testcase>
        <testcase classname="src/app/components/ui/spinners/spinner-ring-circle.spec.tsx" name="SpinnerRingCircle &gt; edge cases &gt; should handle rapid prop changes" time="0.002658688">
        </testcase>
        <testcase classname="src/app/components/ui/spinners/spinner-ring-circle.spec.tsx" name="SpinnerRingCircle &gt; gradient effect &gt; should have gradient border colors from light to dark (default variant)" time="0.001095571">
        </testcase>
        <testcase classname="src/app/components/ui/spinners/spinner-ring-circle.spec.tsx" name="SpinnerRingCircle &gt; gradient effect &gt; should have gradient opacity for theme variants" time="0.000934031">
        </testcase>
        <testcase classname="src/app/components/ui/spinners/spinner-ring-circle.spec.tsx" name="SpinnerRingCircle &gt; TypeScript type safety &gt; should accept SpinnerRingCircleProps interface" time="0.001316491">
        </testcase>
        <testcase classname="src/app/components/ui/spinners/spinner-ring-circle.spec.tsx" name="SpinnerRingCircle &gt; TypeScript type safety &gt; should work without any props" time="0.001014611">
        </testcase>
        <testcase classname="src/app/components/ui/spinners/spinner-ring-circle.spec.tsx" name="SpinnerRingCircle &gt; TypeScript type safety &gt; should accept VariantProps from CVA" time="0.001508195">
        </testcase>
    </testsuite>
    <testsuite name="src/lib/decorators/with-auth.spec.ts" timestamp="2026-02-06T06:11:34.899Z" hostname="runnervmkj6or" tests="20" failures="0" errors="0" skipped="0" time="0.015252812">
        <testcase classname="src/lib/decorators/with-auth.spec.ts" name="withAuth decorator &gt; authentication &gt; should call the handler when user is authenticated" time="0.000612306">
        </testcase>
        <testcase classname="src/lib/decorators/with-auth.spec.ts" name="withAuth decorator &gt; authentication &gt; should return 401 when user is not authenticated" time="0.000786678">
        </testcase>
        <testcase classname="src/lib/decorators/with-auth.spec.ts" name="withAuth decorator &gt; authentication &gt; should return 401 when auth throws an error" time="0.001698317">
        </testcase>
        <testcase classname="src/lib/decorators/with-auth.spec.ts" name="withAuth decorator &gt; authentication &gt; should pass through the original handler response" time="0.000238442">
        </testcase>
        <testcase classname="src/lib/decorators/with-auth.spec.ts" name="withAuth decorator &gt; authentication &gt; should handle synchronous handler responses" time="0.000518571">
        </testcase>
        <testcase classname="src/lib/decorators/with-auth.spec.ts" name="withAuth decorator &gt; context and parameters &gt; should pass request context with parameters correctly" time="0.003008327">
        </testcase>
        <testcase classname="src/lib/decorators/with-auth.spec.ts" name="withAuth decorator &gt; context and parameters &gt; should handle empty context parameters" time="0.000584714">
        </testcase>
        <testcase classname="src/lib/decorators/with-auth.spec.ts" name="withAuth decorator &gt; session data handling &gt; should handle session with complete user data" time="0.000363133">
        </testcase>
        <testcase classname="src/lib/decorators/with-auth.spec.ts" name="withAuth decorator &gt; session data handling &gt; should handle session with minimal user data" time="0.000451908">
        </testcase>
        <testcase classname="src/lib/decorators/with-auth.spec.ts" name="withAdmin decorator &gt; admin authorization &gt; should call the handler when user has admin role" time="0.000279288">
        </testcase>
        <testcase classname="src/lib/decorators/with-auth.spec.ts" name="withAdmin decorator &gt; admin authorization &gt; should return 403 when user does not have admin role" time="0.000348997">
        </testcase>
        <testcase classname="src/lib/decorators/with-auth.spec.ts" name="withAdmin decorator &gt; admin authorization &gt; should return 403 when user has no role" time="0.000303834">
        </testcase>
        <testcase classname="src/lib/decorators/with-auth.spec.ts" name="withAdmin decorator &gt; admin authorization &gt; should return 403 when user has null role" time="0.000419969">
        </testcase>
        <testcase classname="src/lib/decorators/with-auth.spec.ts" name="withAdmin decorator &gt; admin authorization &gt; should return 401 when session is null" time="0.000355489">
        </testcase>
        <testcase classname="src/lib/decorators/with-auth.spec.ts" name="withAdmin decorator &gt; admin authorization &gt; should return 403 when session user is undefined" time="0.000408767">
        </testcase>
        <testcase classname="src/lib/decorators/with-auth.spec.ts" name="withAdmin decorator &gt; auth error handling &gt; should return 403 when auth throws an error" time="0.000531335">
        </testcase>
        <testcase classname="src/lib/decorators/with-auth.spec.ts" name="withAdmin decorator &gt; response handling &gt; should pass through the original handler response" time="0.000293254">
        </testcase>
        <testcase classname="src/lib/decorators/with-auth.spec.ts" name="withAdmin decorator &gt; response handling &gt; should handle synchronous handler responses" time="0.000207444">
        </testcase>
        <testcase classname="src/lib/decorators/with-auth.spec.ts" name="withAdmin decorator &gt; role validation edge cases &gt; should handle different admin role case variations" time="0.00061504">
        </testcase>
        <testcase classname="src/lib/decorators/with-auth.spec.ts" name="withAdmin decorator &gt; role validation edge cases &gt; should reject other roles" time="0.00066341">
        </testcase>
    </testsuite>
    <testsuite name="src/app/components/auth/username-link.spec.tsx" timestamp="2026-02-06T06:11:34.902Z" hostname="runnervmkj6or" tests="7" failures="0" errors="0" skipped="0" time="0.102076456">
        <testcase classname="src/app/components/auth/username-link.spec.tsx" name="UsernameLink &gt; renders the username link" time="0.002639943">
        </testcase>
        <testcase classname="src/app/components/auth/username-link.spec.tsx" name="UsernameLink &gt; links to the correct profile page" time="0.00306944">
        </testcase>
        <testcase classname="src/app/components/auth/username-link.spec.tsx" name="UsernameLink &gt; displays username with @ symbol" time="0.00180209">
        </testcase>
        <testcase classname="src/app/components/auth/username-link.spec.tsx" name="UsernameLink &gt; handles usernames with special characters" time="0.065940586">
        </testcase>
        <testcase classname="src/app/components/auth/username-link.spec.tsx" name="UsernameLink &gt; applies the correct CSS classes" time="0.003117608">
        </testcase>
        <testcase classname="src/app/components/auth/username-link.spec.tsx" name="UsernameLink &gt; handles empty username gracefully" time="0.002760938">
        </testcase>
        <testcase classname="src/app/components/auth/username-link.spec.tsx" name="UsernameLink &gt; handles different username formats" time="0.020766182">
        </testcase>
    </testsuite>
    <testsuite name="src/lib/actions/process-notification-image-action.spec.ts" timestamp="2026-02-06T06:11:34.904Z" hostname="runnervmkj6or" tests="32" failures="0" errors="0" skipped="0" time="0.033348425">
        <testcase classname="src/lib/actions/process-notification-image-action.spec.ts" name="processNotificationImageAction &gt; authorization &gt; should require admin role" time="0.000534059">
            <system-out>
[PROCESS_IMAGE] Creating text overlay with settings: {
  message: [32m&apos;Test Message&apos;[39m,
  messageFont: [32m&apos;system-ui&apos;[39m,
  messageFontSize: [33m2.5[39m,
  originalDimensions: [32m&apos;1920x1080&apos;[39m,
  cropDimensions: [32m&apos;1747x1080&apos;[39m,
  targetDimensions: [32m&apos;880x544&apos;[39m,
  messagePositionX: [33m50[39m,
  messagePositionY: [33m10[39m,
  messageRotation: [33m0[39m,
  isOverlayed: [33mtrue[39m
}

            </system-out>
        </testcase>
        <testcase classname="src/lib/actions/process-notification-image-action.spec.ts" name="processNotificationImageAction &gt; authorization &gt; should return error when user is not authorized" time="0.000848222">
            <system-err>
Error processing notification image: Error: Unauthorized
    at [90m/home/runner/work/boudreaux/boudreaux/[39msrc/lib/actions/process-notification-image-action.spec.ts:73:41
    at [90mfile:///home/runner/work/boudreaux/boudreaux/[39mnode_modules/[4m@vitest/runner[24m/dist/index.js:145:11
    at [90mfile:///home/runner/work/boudreaux/boudreaux/[39mnode_modules/[4m@vitest/runner[24m/dist/index.js:915:26
    at [90mfile:///home/runner/work/boudreaux/boudreaux/[39mnode_modules/[4m@vitest/runner[24m/dist/index.js:1243:20
    at new Promise (&lt;anonymous&gt;)
    at runWithTimeout [90m(file:///home/runner/work/boudreaux/boudreaux/[39mnode_modules/[4m@vitest/runner[24m/dist/index.js:1209:10[90m)[39m
    at [90mfile:///home/runner/work/boudreaux/boudreaux/[39mnode_modules/[4m@vitest/runner[24m/dist/index.js:1653:37
    at Traces.$ [90m(file:///home/runner/work/boudreaux/boudreaux/[39mnode_modules/[4mvitest[24m/dist/chunks/traces.CCmnQaNT.js:142:27[90m)[39m
    at trace [90m(file:///home/runner/work/boudreaux/boudreaux/[39mnode_modules/[4mvitest[24m/dist/chunks/test.B8ej_ZHS.js:239:21[90m)[39m
    at runTest [90m(file:///home/runner/work/boudreaux/boudreaux/[39mnode_modules/[4m@vitest/runner[24m/dist/index.js:1653:12[90m)[39m

            </system-err>
        </testcase>
        <testcase classname="src/lib/actions/process-notification-image-action.spec.ts" name="processNotificationImageAction &gt; image processing without overlay &gt; should return resized image when isOverlayed is false" time="0.000495739">
        </testcase>
        <testcase classname="src/lib/actions/process-notification-image-action.spec.ts" name="processNotificationImageAction &gt; image processing without overlay &gt; should return resized image when message is empty" time="0.000261455">
        </testcase>
        <testcase classname="src/lib/actions/process-notification-image-action.spec.ts" name="processNotificationImageAction &gt; image processing with overlay &gt; should process image with text overlay" time="0.000652219">
            <system-out>
[PROCESS_IMAGE] Creating text overlay with settings: {
  message: [32m&apos;Test Message&apos;[39m,
  messageFont: [32m&apos;system-ui&apos;[39m,
  messageFontSize: [33m2.5[39m,
  originalDimensions: [32m&apos;1920x1080&apos;[39m,
  cropDimensions: [32m&apos;1747x1080&apos;[39m,
  targetDimensions: [32m&apos;880x544&apos;[39m,
  messagePositionX: [33m50[39m,
  messagePositionY: [33m10[39m,
  messageRotation: [33m0[39m,
  isOverlayed: [33mtrue[39m
}

            </system-out>
        </testcase>
        <testcase classname="src/lib/actions/process-notification-image-action.spec.ts" name="processNotificationImageAction &gt; image processing with overlay &gt; should use default dimensions when not specified" time="0.000969187">
            <system-out>
[PROCESS_IMAGE] Creating text overlay with settings: {
  message: [32m&apos;Test Message&apos;[39m,
  messageFont: [32m&apos;system-ui&apos;[39m,
  messageFontSize: [33m2.5[39m,
  originalDimensions: [32m&apos;1920x1080&apos;[39m,
  cropDimensions: [32m&apos;1747x1080&apos;[39m,
  targetDimensions: [32m&apos;880x544&apos;[39m,
  messagePositionX: [33m50[39m,
  messagePositionY: [33m10[39m,
  messageRotation: [33m0[39m,
  isOverlayed: [33mtrue[39m
}

            </system-out>
        </testcase>
        <testcase classname="src/lib/actions/process-notification-image-action.spec.ts" name="processNotificationImageAction &gt; image processing with overlay &gt; should use custom dimensions when specified" time="0.001783355">
            <system-out>
[PROCESS_IMAGE] Creating text overlay with settings: {
  message: [32m&apos;Test Message&apos;[39m,
  messageFont: [32m&apos;system-ui&apos;[39m,
  messageFontSize: [33m2.5[39m,
  originalDimensions: [32m&apos;1920x1080&apos;[39m,
  cropDimensions: [32m&apos;1920x960&apos;[39m,
  targetDimensions: [32m&apos;1200x600&apos;[39m,
  messagePositionX: [33m50[39m,
  messagePositionY: [33m10[39m,
  messageRotation: [33m0[39m,
  isOverlayed: [33mtrue[39m
}

            </system-out>
        </testcase>
        <testcase classname="src/lib/actions/process-notification-image-action.spec.ts" name="processNotificationImageAction &gt; image processing with overlay &gt; should apply composite when overlay is enabled" time="0.0005661">
            <system-out>
[PROCESS_IMAGE] Creating text overlay with settings: {
  message: [32m&apos;Test Message&apos;[39m,
  messageFont: [32m&apos;system-ui&apos;[39m,
  messageFontSize: [33m2.5[39m,
  originalDimensions: [32m&apos;1920x1080&apos;[39m,
  cropDimensions: [32m&apos;1747x1080&apos;[39m,
  targetDimensions: [32m&apos;880x544&apos;[39m,
  messagePositionX: [33m50[39m,
  messagePositionY: [33m10[39m,
  messageRotation: [33m0[39m,
  isOverlayed: [33mtrue[39m
}

            </system-out>
        </testcase>
        <testcase classname="src/lib/actions/process-notification-image-action.spec.ts" name="processNotificationImageAction &gt; image processing with overlay &gt; should not apply composite when overlay is disabled" time="0.000542796">
        </testcase>
        <testcase classname="src/lib/actions/process-notification-image-action.spec.ts" name="processNotificationImageAction &gt; font styling &gt; should use default font settings when not specified" time="0.000568744">
            <system-out>
[PROCESS_IMAGE] Creating text overlay with settings: {
  message: [32m&apos;Test Message&apos;[39m,
  messageFont: [32m&apos;system-ui&apos;[39m,
  messageFontSize: [33m2.5[39m,
  originalDimensions: [32m&apos;1920x1080&apos;[39m,
  cropDimensions: [32m&apos;1747x1080&apos;[39m,
  targetDimensions: [32m&apos;880x544&apos;[39m,
  messagePositionX: [33m50[39m,
  messagePositionY: [33m10[39m,
  messageRotation: [33m0[39m,
  isOverlayed: [33mtrue[39m
}

            </system-out>
        </testcase>
        <testcase classname="src/lib/actions/process-notification-image-action.spec.ts" name="processNotificationImageAction &gt; font styling &gt; should accept custom font settings" time="0.00057191">
            <system-out>
[PROCESS_IMAGE] Creating text overlay with settings: {
  message: [32m&apos;Test Message&apos;[39m,
  messageFont: [32m&apos;Arial&apos;[39m,
  messageFontSize: [33m3.5[39m,
  originalDimensions: [32m&apos;1920x1080&apos;[39m,
  cropDimensions: [32m&apos;1747x1080&apos;[39m,
  targetDimensions: [32m&apos;880x544&apos;[39m,
  messagePositionX: [33m50[39m,
  messagePositionY: [33m10[39m,
  messageRotation: [33m0[39m,
  isOverlayed: [33mtrue[39m
}

            </system-out>
        </testcase>
        <testcase classname="src/lib/actions/process-notification-image-action.spec.ts" name="processNotificationImageAction &gt; text color settings &gt; should use default text colors when not specified" time="0.000800614">
            <system-out>
[PROCESS_IMAGE] Creating text overlay with settings: {
  message: [32m&apos;Test Message&apos;[39m,
  messageFont: [32m&apos;system-ui&apos;[39m,
  messageFontSize: [33m2.5[39m,
  originalDimensions: [32m&apos;1920x1080&apos;[39m,
  cropDimensions: [32m&apos;1747x1080&apos;[39m,
  targetDimensions: [32m&apos;880x544&apos;[39m,
  messagePositionX: [33m50[39m,
  messagePositionY: [33m10[39m,
  messageRotation: [33m0[39m,
  isOverlayed: [33mtrue[39m
}

            </system-out>
        </testcase>
        <testcase classname="src/lib/actions/process-notification-image-action.spec.ts" name="processNotificationImageAction &gt; text color settings &gt; should accept custom text colors" time="0.000567221">
            <system-out>
[PROCESS_IMAGE] Creating text overlay with settings: {
  message: [32m&apos;Test Message&apos;[39m,
  messageFont: [32m&apos;system-ui&apos;[39m,
  messageFontSize: [33m2.5[39m,
  originalDimensions: [32m&apos;1920x1080&apos;[39m,
  cropDimensions: [32m&apos;1747x1080&apos;[39m,
  targetDimensions: [32m&apos;880x544&apos;[39m,
  messagePositionX: [33m50[39m,
  messagePositionY: [33m10[39m,
  messageRotation: [33m0[39m,
  isOverlayed: [33mtrue[39m
}

            </system-out>
        </testcase>
        <testcase classname="src/lib/actions/process-notification-image-action.spec.ts" name="processNotificationImageAction &gt; text shadow settings &gt; should use default shadow settings when not specified" time="0.000502091">
            <system-out>
[PROCESS_IMAGE] Creating text overlay with settings: {
  message: [32m&apos;Test Message&apos;[39m,
  messageFont: [32m&apos;system-ui&apos;[39m,
  messageFontSize: [33m2.5[39m,
  originalDimensions: [32m&apos;1920x1080&apos;[39m,
  cropDimensions: [32m&apos;1747x1080&apos;[39m,
  targetDimensions: [32m&apos;880x544&apos;[39m,
  messagePositionX: [33m50[39m,
  messagePositionY: [33m10[39m,
  messageRotation: [33m0[39m,
  isOverlayed: [33mtrue[39m
}

            </system-out>
        </testcase>
        <testcase classname="src/lib/actions/process-notification-image-action.spec.ts" name="processNotificationImageAction &gt; text shadow settings &gt; should accept custom shadow settings" time="0.000496761">
            <system-out>
[PROCESS_IMAGE] Creating text overlay with settings: {
  message: [32m&apos;Test Message&apos;[39m,
  messageFont: [32m&apos;system-ui&apos;[39m,
  messageFontSize: [33m2.5[39m,
  originalDimensions: [32m&apos;1920x1080&apos;[39m,
  cropDimensions: [32m&apos;1747x1080&apos;[39m,
  targetDimensions: [32m&apos;880x544&apos;[39m,
  messagePositionX: [33m50[39m,
  messagePositionY: [33m10[39m,
  messageRotation: [33m0[39m,
  isOverlayed: [33mtrue[39m
}

            </system-out>
        </testcase>
        <testcase classname="src/lib/actions/process-notification-image-action.spec.ts" name="processNotificationImageAction &gt; text position settings &gt; should use default positions when not specified" time="0.000719092">
            <system-out>
[PROCESS_IMAGE] Creating text overlay with settings: {
  message: [32m&apos;Test Message&apos;[39m,
  messageFont: [32m&apos;system-ui&apos;[39m,
  messageFontSize: [33m2.5[39m,
  originalDimensions: [32m&apos;1920x1080&apos;[39m,
  cropDimensions: [32m&apos;1747x1080&apos;[39m,
  targetDimensions: [32m&apos;880x544&apos;[39m,
  messagePositionX: [33m50[39m,
  messagePositionY: [33m10[39m,
  messageRotation: [33m0[39m,
  isOverlayed: [33mtrue[39m
}

            </system-out>
        </testcase>
        <testcase classname="src/lib/actions/process-notification-image-action.spec.ts" name="processNotificationImageAction &gt; text position settings &gt; should accept custom position settings" time="0.0006797">
            <system-out>
[PROCESS_IMAGE] Creating text overlay with settings: {
  message: [32m&apos;Test Message&apos;[39m,
  messageFont: [32m&apos;system-ui&apos;[39m,
  messageFontSize: [33m2.5[39m,
  originalDimensions: [32m&apos;1920x1080&apos;[39m,
  cropDimensions: [32m&apos;1747x1080&apos;[39m,
  targetDimensions: [32m&apos;880x544&apos;[39m,
  messagePositionX: [33m25[39m,
  messagePositionY: [33m20[39m,
  messageRotation: [33m0[39m,
  isOverlayed: [33mtrue[39m
}

            </system-out>
        </testcase>
        <testcase classname="src/lib/actions/process-notification-image-action.spec.ts" name="processNotificationImageAction &gt; text position settings &gt; should handle left-aligned text (position &lt; 33)" time="0.000883507">
            <system-out>
[PROCESS_IMAGE] Creating text overlay with settings: {
  message: [32m&apos;Test Message&apos;[39m,
  messageFont: [32m&apos;system-ui&apos;[39m,
  messageFontSize: [33m2.5[39m,
  originalDimensions: [32m&apos;1920x1080&apos;[39m,
  cropDimensions: [32m&apos;1747x1080&apos;[39m,
  targetDimensions: [32m&apos;880x544&apos;[39m,
  messagePositionX: [33m10[39m,
  messagePositionY: [33m10[39m,
  messageRotation: [33m0[39m,
  isOverlayed: [33mtrue[39m
}

            </system-out>
        </testcase>
        <testcase classname="src/lib/actions/process-notification-image-action.spec.ts" name="processNotificationImageAction &gt; text position settings &gt; should handle right-aligned text (position &gt; 67)" time="0.000819198">
            <system-out>
[PROCESS_IMAGE] Creating text overlay with settings: {
  message: [32m&apos;Test Message&apos;[39m,
  messageFont: [32m&apos;system-ui&apos;[39m,
  messageFontSize: [33m2.5[39m,
  originalDimensions: [32m&apos;1920x1080&apos;[39m,
  cropDimensions: [32m&apos;1747x1080&apos;[39m,
  targetDimensions: [32m&apos;880x544&apos;[39m,
  messagePositionX: [33m90[39m,
  messagePositionY: [33m10[39m,
  messageRotation: [33m0[39m,
  isOverlayed: [33mtrue[39m
}

            </system-out>
        </testcase>
        <testcase classname="src/lib/actions/process-notification-image-action.spec.ts" name="processNotificationImageAction &gt; text position settings &gt; should handle center-aligned text (33 &lt;= position &lt;= 67)" time="0.003950685">
            <system-out>
[PROCESS_IMAGE] Creating text overlay with settings: {
  message: [32m&apos;Test Message&apos;[39m,
  messageFont: [32m&apos;system-ui&apos;[39m,
  messageFontSize: [33m2.5[39m,
  originalDimensions: [32m&apos;1920x1080&apos;[39m,
  cropDimensions: [32m&apos;1747x1080&apos;[39m,
  targetDimensions: [32m&apos;880x544&apos;[39m,
  messagePositionX: [33m50[39m,
  messagePositionY: [33m10[39m,
  messageRotation: [33m0[39m,
  isOverlayed: [33mtrue[39m
}

            </system-out>
        </testcase>
        <testcase classname="src/lib/actions/process-notification-image-action.spec.ts" name="processNotificationImageAction &gt; error handling &gt; should return error when sharp fails" time="0.004140004">
            <system-err>
Error processing notification image: Error: Sharp processing failed
    at [90m/home/runner/work/boudreaux/boudreaux/[39msrc/lib/actions/process-notification-image-action.spec.ts:278:45
    at [90mfile:///home/runner/work/boudreaux/boudreaux/[39mnode_modules/[4m@vitest/runner[24m/dist/index.js:145:11
    at [90mfile:///home/runner/work/boudreaux/boudreaux/[39mnode_modules/[4m@vitest/runner[24m/dist/index.js:915:26
    at [90mfile:///home/runner/work/boudreaux/boudreaux/[39mnode_modules/[4m@vitest/runner[24m/dist/index.js:1243:20
    at new Promise (&lt;anonymous&gt;)
    at runWithTimeout [90m(file:///home/runner/work/boudreaux/boudreaux/[39mnode_modules/[4m@vitest/runner[24m/dist/index.js:1209:10[90m)[39m
    at [90mfile:///home/runner/work/boudreaux/boudreaux/[39mnode_modules/[4m@vitest/runner[24m/dist/index.js:1653:37
    at Traces.$ [90m(file:///home/runner/work/boudreaux/boudreaux/[39mnode_modules/[4mvitest[24m/dist/chunks/traces.CCmnQaNT.js:142:27[90m)[39m
    at trace [90m(file:///home/runner/work/boudreaux/boudreaux/[39mnode_modules/[4mvitest[24m/dist/chunks/test.B8ej_ZHS.js:239:21[90m)[39m
    at runTest [90m(file:///home/runner/work/boudreaux/boudreaux/[39mnode_modules/[4m@vitest/runner[24m/dist/index.js:1653:12[90m)[39m

            </system-err>
        </testcase>
        <testcase classname="src/lib/actions/process-notification-image-action.spec.ts" name="processNotificationImageAction &gt; error handling &gt; should handle non-Error exceptions" time="0.000811976">
            <system-err>
Error processing notification image: String error

            </system-err>
        </testcase>
        <testcase classname="src/lib/actions/process-notification-image-action.spec.ts" name="processNotificationImageAction &gt; error handling &gt; should handle invalid base64 input gracefully" time="0.001323383">
            <system-out>
[PROCESS_IMAGE] Creating text overlay with settings: {
  message: [32m&apos;Test Message&apos;[39m,
  messageFont: [32m&apos;system-ui&apos;[39m,
  messageFontSize: [33m2.5[39m,
  originalDimensions: [32m&apos;1920x1080&apos;[39m,
  cropDimensions: [32m&apos;1747x1080&apos;[39m,
  targetDimensions: [32m&apos;880x544&apos;[39m,
  messagePositionX: [33m50[39m,
  messagePositionY: [33m10[39m,
  messageRotation: [33m0[39m,
  isOverlayed: [33mtrue[39m
}

            </system-out>
            <system-err>
Error processing notification image: Error: Input buffer contains unsupported image format
    at [90m/home/runner/work/boudreaux/boudreaux/[39msrc/lib/actions/process-notification-image-action.spec.ts:316:30
    at [90mfile:///home/runner/work/boudreaux/boudreaux/[39mnode_modules/[4m@vitest/runner[24m/dist/index.js:145:11
    at [90mfile:///home/runner/work/boudreaux/boudreaux/[39mnode_modules/[4m@vitest/runner[24m/dist/index.js:915:26
    at [90mfile:///home/runner/work/boudreaux/boudreaux/[39mnode_modules/[4m@vitest/runner[24m/dist/index.js:1243:20
    at new Promise (&lt;anonymous&gt;)
    at runWithTimeout [90m(file:///home/runner/work/boudreaux/boudreaux/[39mnode_modules/[4m@vitest/runner[24m/dist/index.js:1209:10[90m)[39m
    at [90mfile:///home/runner/work/boudreaux/boudreaux/[39mnode_modules/[4m@vitest/runner[24m/dist/index.js:1653:37
    at Traces.$ [90m(file:///home/runner/work/boudreaux/boudreaux/[39mnode_modules/[4mvitest[24m/dist/chunks/traces.CCmnQaNT.js:142:27[90m)[39m
    at trace [90m(file:///home/runner/work/boudreaux/boudreaux/[39mnode_modules/[4mvitest[24m/dist/chunks/test.B8ej_ZHS.js:239:21[90m)[39m
    at runTest [90m(file:///home/runner/work/boudreaux/boudreaux/[39mnode_modules/[4m@vitest/runner[24m/dist/index.js:1653:12[90m)[39m

            </system-err>
        </testcase>
        <testcase classname="src/lib/actions/process-notification-image-action.spec.ts" name="processNotificationImageAction &gt; secondary message handling &gt; should process without secondary message" time="0.000620731">
            <system-out>
[PROCESS_IMAGE] Creating text overlay with settings: {
  message: [32m&apos;Primary only&apos;[39m,
  messageFont: [32m&apos;system-ui&apos;[39m,
  messageFontSize: [33m2.5[39m,
  originalDimensions: [32m&apos;1920x1080&apos;[39m,
  cropDimensions: [32m&apos;1747x1080&apos;[39m,
  targetDimensions: [32m&apos;880x544&apos;[39m,
  messagePositionX: [33m50[39m,
  messagePositionY: [33m10[39m,
  messageRotation: [33m0[39m,
  isOverlayed: [33mtrue[39m
}

            </system-out>
        </testcase>
        <testcase classname="src/lib/actions/process-notification-image-action.spec.ts" name="processNotificationImageAction &gt; secondary message handling &gt; should process with secondary message" time="0.000750582">
            <system-out>
[PROCESS_IMAGE] Creating text overlay with settings: {
  message: [32m&apos;Primary&apos;[39m,
  messageFont: [32m&apos;system-ui&apos;[39m,
  messageFontSize: [33m2.5[39m,
  originalDimensions: [32m&apos;1920x1080&apos;[39m,
  cropDimensions: [32m&apos;1747x1080&apos;[39m,
  targetDimensions: [32m&apos;880x544&apos;[39m,
  messagePositionX: [33m50[39m,
  messagePositionY: [33m10[39m,
  messageRotation: [33m0[39m,
  isOverlayed: [33mtrue[39m
}

            </system-out>
        </testcase>
        <testcase classname="src/lib/actions/process-notification-image-action.spec.ts" name="processNotificationImageAction &gt; HTML sanitization &gt; should strip HTML tags from messages" time="0.000848643">
            <system-out>
[PROCESS_IMAGE] Creating text overlay with settings: {
  message: [32m&apos;&lt;b&gt;Bold&lt;/b&gt; and &lt;i&gt;italic&lt;/i&gt;&apos;[39m,
  messageFont: [32m&apos;system-ui&apos;[39m,
  messageFontSize: [33m2.5[39m,
  originalDimensions: [32m&apos;1920x1080&apos;[39m,
  cropDimensions: [32m&apos;1747x1080&apos;[39m,
  targetDimensions: [32m&apos;880x544&apos;[39m,
  messagePositionX: [33m50[39m,
  messagePositionY: [33m10[39m,
  messageRotation: [33m0[39m,
  isOverlayed: [33mtrue[39m
}

            </system-out>
        </testcase>
        <testcase classname="src/lib/actions/process-notification-image-action.spec.ts" name="processNotificationImageAction &gt; HTML sanitization &gt; should decode HTML entities" time="0.00084721">
            <system-out>
[PROCESS_IMAGE] Creating text overlay with settings: {
  message: [32m&apos;Hello &amp;amp; Welcome&apos;[39m,
  messageFont: [32m&apos;system-ui&apos;[39m,
  messageFontSize: [33m2.5[39m,
  originalDimensions: [32m&apos;1920x1080&apos;[39m,
  cropDimensions: [32m&apos;1747x1080&apos;[39m,
  targetDimensions: [32m&apos;880x544&apos;[39m,
  messagePositionX: [33m50[39m,
  messagePositionY: [33m10[39m,
  messageRotation: [33m0[39m,
  isOverlayed: [33mtrue[39m
}

            </system-out>
        </testcase>
        <testcase classname="src/lib/actions/process-notification-image-action.spec.ts" name="processNotificationImageAction &gt; XML escaping &gt; should escape XML special characters in messages" time="0.000579894">
            <system-out>
[PROCESS_IMAGE] Creating text overlay with settings: {
  message: [32m`Test &lt;message&gt; with &quot;quotes&quot; &amp; &apos;apostrophes&apos;`[39m,
  messageFont: [32m&apos;system-ui&apos;[39m,
  messageFontSize: [33m2.5[39m,
  originalDimensions: [32m&apos;1920x1080&apos;[39m,
  cropDimensions: [32m&apos;1747x1080&apos;[39m,
  targetDimensions: [32m&apos;880x544&apos;[39m,
  messagePositionX: [33m50[39m,
  messagePositionY: [33m10[39m,
  messageRotation: [33m0[39m,
  isOverlayed: [33mtrue[39m
}

            </system-out>
        </testcase>
        <testcase classname="src/lib/actions/process-notification-image-action.spec.ts" name="processNotificationImageAction &gt; word wrapping &gt; should handle long messages that require wrapping" time="0.00050693">
            <system-out>
[PROCESS_IMAGE] Creating text overlay with settings: {
  message: [32m&apos;This is a very long message that will definitely n&apos;[39m,
  messageFont: [32m&apos;system-ui&apos;[39m,
  messageFontSize: [33m2.5[39m,
  originalDimensions: [32m&apos;1920x1080&apos;[39m,
  cropDimensions: [32m&apos;1747x1080&apos;[39m,
  targetDimensions: [32m&apos;880x544&apos;[39m,
  messagePositionX: [33m50[39m,
  messagePositionY: [33m10[39m,
  messageRotation: [33m0[39m,
  isOverlayed: [33mtrue[39m
}

            </system-out>
        </testcase>
        <testcase classname="src/lib/actions/process-notification-image-action.spec.ts" name="processNotificationImageAction &gt; word wrapping &gt; should handle single word that exceeds line width" time="0.000530413">
            <system-out>
[PROCESS_IMAGE] Creating text overlay with settings: {
  message: [32m&apos;Supercalifragilisticexpialidocious&apos;[39m,
  messageFont: [32m&apos;system-ui&apos;[39m,
  messageFontSize: [33m2.5[39m,
  originalDimensions: [32m&apos;1920x1080&apos;[39m,
  cropDimensions: [32m&apos;1747x1080&apos;[39m,
  targetDimensions: [32m&apos;880x544&apos;[39m,
  messagePositionX: [33m50[39m,
  messagePositionY: [33m10[39m,
  messageRotation: [33m0[39m,
  isOverlayed: [33mtrue[39m
}

            </system-out>
        </testcase>
        <testcase classname="src/lib/actions/process-notification-image-action.spec.ts" name="processNotificationImageAction &gt; output format &gt; should output JPEG with 92% quality" time="0.000752004">
            <system-out>
[PROCESS_IMAGE] Creating text overlay with settings: {
  message: [32m&apos;Test Message&apos;[39m,
  messageFont: [32m&apos;system-ui&apos;[39m,
  messageFontSize: [33m2.5[39m,
  originalDimensions: [32m&apos;1920x1080&apos;[39m,
  cropDimensions: [32m&apos;1747x1080&apos;[39m,
  targetDimensions: [32m&apos;880x544&apos;[39m,
  messagePositionX: [33m50[39m,
  messagePositionY: [33m10[39m,
  messageRotation: [33m0[39m,
  isOverlayed: [33mtrue[39m
}

            </system-out>
        </testcase>
        <testcase classname="src/lib/actions/process-notification-image-action.spec.ts" name="processNotificationImageAction &gt; output format &gt; should return base64-encoded result" time="0.001243956">
            <system-out>
[PROCESS_IMAGE] Creating text overlay with settings: {
  message: [32m&apos;Test Message&apos;[39m,
  messageFont: [32m&apos;system-ui&apos;[39m,
  messageFontSize: [33m2.5[39m,
  originalDimensions: [32m&apos;1920x1080&apos;[39m,
  cropDimensions: [32m&apos;1747x1080&apos;[39m,
  targetDimensions: [32m&apos;880x544&apos;[39m,
  messagePositionX: [33m50[39m,
  messagePositionY: [33m10[39m,
  messageRotation: [33m0[39m,
  isOverlayed: [33mtrue[39m
}

            </system-out>
        </testcase>
    </testsuite>
    <testsuite name="src/app/components/ui/playlist-player.spec.tsx" timestamp="2026-02-06T06:11:34.914Z" hostname="runnervmkj6or" tests="13" failures="0" errors="0" skipped="0" time="0.205016164">
        <testcase classname="src/app/components/ui/playlist-player.spec.tsx" name="PlaylistPlayer &gt; renders &quot;No tracks available&quot; when tracks array is empty" time="0.001133701">
        </testcase>
        <testcase classname="src/app/components/ui/playlist-player.spec.tsx" name="PlaylistPlayer &gt; renders first track title as heading" time="0.007146597">
        </testcase>
        <testcase classname="src/app/components/ui/playlist-player.spec.tsx" name="PlaylistPlayer &gt; renders first track artist" time="0.004737752">
        </testcase>
        <testcase classname="src/app/components/ui/playlist-player.spec.tsx" name="PlaylistPlayer &gt; renders AudioPlayer with first track source" time="0.0032532">
        </testcase>
        <testcase classname="src/app/components/ui/playlist-player.spec.tsx" name="PlaylistPlayer &gt; renders Playlist heading" time="0.006845509">
        </testcase>
        <testcase classname="src/app/components/ui/playlist-player.spec.tsx" name="PlaylistPlayer &gt; renders all tracks in playlist" time="0.005115221">
        </testcase>
        <testcase classname="src/app/components/ui/playlist-player.spec.tsx" name="PlaylistPlayer &gt; renders track artists in playlist" time="0.033123968">
        </testcase>
        <testcase classname="src/app/components/ui/playlist-player.spec.tsx" name="PlaylistPlayer &gt; highlights current track in playlist" time="0.007198264">
        </testcase>
        <testcase classname="src/app/components/ui/playlist-player.spec.tsx" name="PlaylistPlayer &gt; non-current tracks have default styling" time="0.053947145">
        </testcase>
        <testcase classname="src/app/components/ui/playlist-player.spec.tsx" name="PlaylistPlayer &gt; changes track when playlist item is clicked" time="0.040606608">
        </testcase>
        <testcase classname="src/app/components/ui/playlist-player.spec.tsx" name="PlaylistPlayer &gt; updates highlighted track after clicking" time="0.026007005">
        </testcase>
        <testcase classname="src/app/components/ui/playlist-player.spec.tsx" name="PlaylistPlayer &gt; renders with cursor-pointer for clickable tracks" time="0.007754804">
        </testcase>
        <testcase classname="src/app/components/ui/playlist-player.spec.tsx" name="PlaylistPlayer &gt; renders container with max-w-2xl class" time="0.005778901">
        </testcase>
    </testsuite>
    <testsuite name="src/app/components/ui/social-media-icon-links.spec.tsx" timestamp="2026-02-06T06:11:34.916Z" hostname="runnervmkj6or" tests="13" failures="0" errors="0" skipped="0" time="0.23092597">
        <testcase classname="src/app/components/ui/social-media-icon-links.spec.tsx" name="SocialMediaIconLinks &gt; renders" time="0.005820409">
        </testcase>
        <testcase classname="src/app/components/ui/social-media-icon-links.spec.tsx" name="SocialMediaIconLinks &gt; renders all social media links" time="0.010894093">
        </testcase>
        <testcase classname="src/app/components/ui/social-media-icon-links.spec.tsx" name="SocialMediaIconLinks &gt; has correct number of links" time="0.013716584">
        </testcase>
        <testcase classname="src/app/components/ui/social-media-icon-links.spec.tsx" name="SocialMediaIconLinks &gt; links have aria-label" time="0.017287251">
        </testcase>
        <testcase classname="src/app/components/ui/social-media-icon-links.spec.tsx" name="SocialMediaIconLinks &gt; links open in new tab" time="0.015884193">
        </testcase>
        <testcase classname="src/app/components/ui/social-media-icon-links.spec.tsx" name="SocialMediaIconLinks &gt; links have noopener for security" time="0.010004275">
        </testcase>
        <testcase classname="src/app/components/ui/social-media-icon-links.spec.tsx" name="SocialMediaIconLinks &gt; Facebook link has correct href" time="0.050344788">
        </testcase>
        <testcase classname="src/app/components/ui/social-media-icon-links.spec.tsx" name="SocialMediaIconLinks &gt; Instagram link has correct href" time="0.007003823">
        </testcase>
        <testcase classname="src/app/components/ui/social-media-icon-links.spec.tsx" name="SocialMediaIconLinks &gt; renders icons as images" time="0.062551364">
        </testcase>
        <testcase classname="src/app/components/ui/social-media-icon-links.spec.tsx" name="SocialMediaIconLinks &gt; images have alt text" time="0.012429409">
        </testcase>
        <testcase classname="src/app/components/ui/social-media-icon-links.spec.tsx" name="SocialMediaIconLinks &gt; has screen reader text for each link" time="0.007924448">
        </testcase>
        <testcase classname="src/app/components/ui/social-media-icon-links.spec.tsx" name="SocialMediaIconLinks &gt; applies custom className" time="0.008397124">
        </testcase>
        <testcase classname="src/app/components/ui/social-media-icon-links.spec.tsx" name="SocialMediaIconLinks &gt; has flex layout classes" time="0.006201365">
        </testcase>
    </testsuite>
    <testsuite name="src/lib/utils/states.spec.ts" timestamp="2026-02-06T06:11:34.918Z" hostname="runnervmkj6or" tests="14" failures="0" errors="0" skipped="0" time="0.012735697">
        <testcase classname="src/lib/utils/states.spec.ts" name="states &gt; US_STATES &gt; should contain 50 states" time="0.000875283">
        </testcase>
        <testcase classname="src/lib/utils/states.spec.ts" name="states &gt; US_STATES &gt; should have valid state objects with code and name" time="0.005628733">
        </testcase>
        <testcase classname="src/lib/utils/states.spec.ts" name="states &gt; US_STATES &gt; should include Alabama" time="0.000641008">
        </testcase>
        <testcase classname="src/lib/utils/states.spec.ts" name="states &gt; US_STATES &gt; should include California" time="0.00029694">
        </testcase>
        <testcase classname="src/lib/utils/states.spec.ts" name="states &gt; US_STATES &gt; should include Wyoming (last alphabetically)" time="0.000258019">
        </testcase>
        <testcase classname="src/lib/utils/states.spec.ts" name="states &gt; US_STATES &gt; should have unique state codes" time="0.000172089">
        </testcase>
        <testcase classname="src/lib/utils/states.spec.ts" name="states &gt; getStateName &gt; should return the state name for a valid code" time="0.00021045">
        </testcase>
        <testcase classname="src/lib/utils/states.spec.ts" name="states &gt; getStateName &gt; should return the state name for lowercase code" time="0.00023725">
        </testcase>
        <testcase classname="src/lib/utils/states.spec.ts" name="states &gt; getStateName &gt; should return the code if state is not found" time="0.001244907">
        </testcase>
        <testcase classname="src/lib/utils/states.spec.ts" name="states &gt; getStateName &gt; should return empty string if empty string is passed" time="0.000301118">
        </testcase>
        <testcase classname="src/lib/utils/states.spec.ts" name="states &gt; getStateName &gt; should return Texas for TX" time="0.000135621">
        </testcase>
        <testcase classname="src/lib/utils/states.spec.ts" name="states &gt; getStateName &gt; should return New York for NY" time="0.000239884">
        </testcase>
        <testcase classname="src/lib/utils/states.spec.ts" name="states &gt; getDefaultState &gt; should return AL as the default state" time="0.000120703">
        </testcase>
        <testcase classname="src/lib/utils/states.spec.ts" name="states &gt; getDefaultState &gt; should return a valid state code" time="0.000112829">
        </testcase>
    </testsuite>
    <testsuite name="src/app/components/ui/hamburger-patty.spec.tsx" timestamp="2026-02-06T06:11:34.921Z" hostname="runnervmkj6or" tests="13" failures="0" errors="0" skipped="0" time="0.061875802">
        <testcase classname="src/app/components/ui/hamburger-patty.spec.tsx" name="HamburgerPatty &gt; renders" time="0.001675756">
        </testcase>
        <testcase classname="src/app/components/ui/hamburger-patty.spec.tsx" name="HamburgerPatty &gt; renders with default classes" time="0.003629177">
        </testcase>
        <testcase classname="src/app/components/ui/hamburger-patty.spec.tsx" name="HamburgerPatty &gt; renders with custom width" time="0.002274106">
        </testcase>
        <testcase classname="src/app/components/ui/hamburger-patty.spec.tsx" name="HamburgerPatty &gt; renders with custom height" time="0.001433407">
        </testcase>
        <testcase classname="src/app/components/ui/hamburger-patty.spec.tsx" name="HamburgerPatty &gt; renders with custom bgColor" time="0.003452129">
        </testcase>
        <testcase classname="src/app/components/ui/hamburger-patty.spec.tsx" name="HamburgerPatty &gt; renders when open" time="0.002188066">
        </testcase>
        <testcase classname="src/app/components/ui/hamburger-patty.spec.tsx" name="HamburgerPatty &gt; renders when closed" time="0.029207048">
        </testcase>
        <testcase classname="src/app/components/ui/hamburger-patty.spec.tsx" name="HamburgerPatty &gt; accepts custom rotateOpen value" time="0.00263805">
        </testcase>
        <testcase classname="src/app/components/ui/hamburger-patty.spec.tsx" name="HamburgerPatty &gt; accepts custom rotateClosed value" time="0.003729292">
        </testcase>
        <testcase classname="src/app/components/ui/hamburger-patty.spec.tsx" name="HamburgerPatty &gt; accepts custom yOffset" time="0.003735795">
        </testcase>
        <testcase classname="src/app/components/ui/hamburger-patty.spec.tsx" name="HamburgerPatty &gt; accepts custom duration" time="0.00146199">
        </testcase>
        <testcase classname="src/app/components/ui/hamburger-patty.spec.tsx" name="HamburgerPatty &gt; accepts custom opacityOpen" time="0.002158201">
        </testcase>
        <testcase classname="src/app/components/ui/hamburger-patty.spec.tsx" name="HamburgerPatty &gt; accepts custom opacityClosed" time="0.002101696">
        </testcase>
    </testsuite>
    <testsuite name="src/app/components/ui/chart.spec.tsx" timestamp="2026-02-06T06:11:34.923Z" hostname="runnervmkj6or" tests="30" failures="0" errors="0" skipped="0" time="0.146865505">
        <testcase classname="src/app/components/ui/chart.spec.tsx" name="ChartContainer &gt; renders with data-slot attribute" time="0.001770001">
        </testcase>
        <testcase classname="src/app/components/ui/chart.spec.tsx" name="ChartContainer &gt; renders with data-chart attribute containing unique id" time="0.002170823">
        </testcase>
        <testcase classname="src/app/components/ui/chart.spec.tsx" name="ChartContainer &gt; applies custom className" time="0.002929189">
        </testcase>
        <testcase classname="src/app/components/ui/chart.spec.tsx" name="ChartContainer &gt; uses custom id when provided" time="0.002622962">
        </testcase>
        <testcase classname="src/app/components/ui/chart.spec.tsx" name="ChartContainer &gt; renders children inside ResponsiveContainer" time="0.001901694">
        </testcase>
        <testcase classname="src/app/components/ui/chart.spec.tsx" name="ChartStyle &gt; renders style element with color config" time="0.001896606">
        </testcase>
        <testcase classname="src/app/components/ui/chart.spec.tsx" name="ChartStyle &gt; renders style element with theme config" time="0.002735841">
        </testcase>
        <testcase classname="src/app/components/ui/chart.spec.tsx" name="ChartStyle &gt; returns null for empty color config" time="0.001001637">
        </testcase>
        <testcase classname="src/app/components/ui/chart.spec.tsx" name="ChartTooltip &gt; exports ChartTooltip component" time="0.000208777">
        </testcase>
        <testcase classname="src/app/components/ui/chart.spec.tsx" name="ChartTooltipContent &gt; returns null when not active" time="0.002405609">
        </testcase>
        <testcase classname="src/app/components/ui/chart.spec.tsx" name="ChartTooltipContent &gt; returns null when payload is empty" time="0.005906247">
        </testcase>
        <testcase classname="src/app/components/ui/chart.spec.tsx" name="ChartTooltipContent &gt; renders tooltip content when active with payload" time="0.003547105">
        </testcase>
        <testcase classname="src/app/components/ui/chart.spec.tsx" name="ChartTooltipContent &gt; renders with dot indicator by default" time="0.052360153">
        </testcase>
        <testcase classname="src/app/components/ui/chart.spec.tsx" name="ChartTooltipContent &gt; renders with line indicator" time="0.003728301">
        </testcase>
        <testcase classname="src/app/components/ui/chart.spec.tsx" name="ChartTooltipContent &gt; renders with dashed indicator" time="0.005204317">
        </testcase>
        <testcase classname="src/app/components/ui/chart.spec.tsx" name="ChartTooltipContent &gt; hides label when hideLabel is true" time="0.002936303">
        </testcase>
        <testcase classname="src/app/components/ui/chart.spec.tsx" name="ChartTooltipContent &gt; hides indicator when hideIndicator is true" time="0.005230586">
        </testcase>
        <testcase classname="src/app/components/ui/chart.spec.tsx" name="ChartTooltipContent &gt; uses custom formatter when provided" time="0.003055634">
        </testcase>
        <testcase classname="src/app/components/ui/chart.spec.tsx" name="ChartTooltipContent &gt; uses custom labelFormatter when provided" time="0.006871507">
        </testcase>
        <testcase classname="src/app/components/ui/chart.spec.tsx" name="ChartTooltipContent &gt; filters out items with type &quot;none&quot;" time="0.002534097">
        </testcase>
        <testcase classname="src/app/components/ui/chart.spec.tsx" name="ChartLegend &gt; exports ChartLegend component" time="0.000174073">
        </testcase>
        <testcase classname="src/app/components/ui/chart.spec.tsx" name="ChartLegendContent &gt; returns null when payload is empty" time="0.001421184">
        </testcase>
        <testcase classname="src/app/components/ui/chart.spec.tsx" name="ChartLegendContent &gt; returns null when payload is undefined" time="0.001729005">
        </testcase>
        <testcase classname="src/app/components/ui/chart.spec.tsx" name="ChartLegendContent &gt; renders legend items with payload" time="0.005722507">
        </testcase>
        <testcase classname="src/app/components/ui/chart.spec.tsx" name="ChartLegendContent &gt; hides icon when hideIcon is true" time="0.001993846">
        </testcase>
        <testcase classname="src/app/components/ui/chart.spec.tsx" name="ChartLegendContent &gt; renders with custom icon when provided in config" time="0.002461904">
        </testcase>
        <testcase classname="src/app/components/ui/chart.spec.tsx" name="ChartLegendContent &gt; filters out items with type &quot;none&quot;" time="0.001824672">
        </testcase>
        <testcase classname="src/app/components/ui/chart.spec.tsx" name="ChartLegendContent &gt; renders with verticalAlign top" time="0.002042937">
        </testcase>
        <testcase classname="src/app/components/ui/chart.spec.tsx" name="ChartLegendContent &gt; renders with verticalAlign bottom" time="0.010384158">
        </testcase>
        <testcase classname="src/app/components/ui/chart.spec.tsx" name="useChart hook error &gt; throws error when used outside ChartContainer context" time="0.005060831">
        </testcase>
    </testsuite>
    <testsuite name="src/app/components/forms/fields/index.spec.ts" timestamp="2026-02-06T06:11:34.928Z" hostname="runnervmkj6or" tests="7" failures="0" errors="0" skipped="0" time="0.00631256">
        <testcase classname="src/app/components/forms/fields/index.spec.ts" name="Form Fields Index &gt; should export TextField" time="0.000298433">
        </testcase>
        <testcase classname="src/app/components/forms/fields/index.spec.ts" name="Form Fields Index &gt; should export CheckboxField" time="0.000190313">
        </testcase>
        <testcase classname="src/app/components/forms/fields/index.spec.ts" name="Form Fields Index &gt; should export ComboboxField" time="0.000359236">
        </testcase>
        <testcase classname="src/app/components/forms/fields/index.spec.ts" name="Form Fields Index &gt; should export StateField" time="0.001260507">
        </testcase>
        <testcase classname="src/app/components/forms/fields/index.spec.ts" name="Form Fields Index &gt; should export CountryField" time="0.000261595">
        </testcase>
        <testcase classname="src/app/components/forms/fields/index.spec.ts" name="Form Fields Index &gt; should only export 5 fields" time="0.000489657">
        </testcase>
        <testcase classname="src/app/components/forms/fields/index.spec.ts" name="Form Fields Index &gt; should export all expected fields" time="0.001360242">
        </testcase>
    </testsuite>
    <testsuite name="src/app/admin/data-views/release-data-view.spec.tsx" timestamp="2026-02-06T06:11:34.932Z" hostname="runnervmkj6or" tests="12" failures="0" errors="0" skipped="0" time="0.286144389">
        <testcase classname="src/app/admin/data-views/release-data-view.spec.tsx" name="ReleaseDataView &gt; should render loading state when pending" time="0.002266721">
        </testcase>
        <testcase classname="src/app/admin/data-views/release-data-view.spec.tsx" name="ReleaseDataView &gt; should render error state when error occurs" time="0.001114225">
        </testcase>
        <testcase classname="src/app/admin/data-views/release-data-view.spec.tsx" name="ReleaseDataView &gt; should render releases when data is loaded" time="0.020537097">
        </testcase>
        <testcase classname="src/app/admin/data-views/release-data-view.spec.tsx" name="ReleaseDataView &gt; should display release fields correctly" time="0.025704235">
        </testcase>
        <testcase classname="src/app/admin/data-views/release-data-view.spec.tsx" name="ReleaseDataView &gt; should call refetch function from hook" time="0.015617057">
        </testcase>
        <testcase classname="src/app/admin/data-views/release-data-view.spec.tsx" name="ReleaseDataView &gt; should render with empty releases array" time="0.00794672">
        </testcase>
        <testcase classname="src/app/admin/data-views/release-data-view.spec.tsx" name="ReleaseDataView &gt; albumArtist computation &gt; should display album artist from artistReleases" time="0.021484173">
        </testcase>
        <testcase classname="src/app/admin/data-views/release-data-view.spec.tsx" name="ReleaseDataView &gt; albumArtist computation &gt; should display multiple album artists joined by comma" time="0.019355697">
        </testcase>
        <testcase classname="src/app/admin/data-views/release-data-view.spec.tsx" name="ReleaseDataView &gt; albumArtist computation &gt; should display dash when no artistReleases exist" time="0.106601042">
        </testcase>
        <testcase classname="src/app/admin/data-views/release-data-view.spec.tsx" name="ReleaseDataView &gt; albumArtist computation &gt; should use artist name when displayName is null" time="0.021312023">
        </testcase>
        <testcase classname="src/app/admin/data-views/release-data-view.spec.tsx" name="ReleaseDataView &gt; albumArtist computation &gt; should handle undefined artistReleases" time="0.018303146">
        </testcase>
        <testcase classname="src/app/admin/data-views/release-data-view.spec.tsx" name="ReleaseDataView &gt; albumArtist computation &gt; should include albumArtist in fieldsToShow" time="0.023436851">
        </testcase>
    </testsuite>
    <testsuite name="src/app/hooks/use-tracks-query.spec.tsx" timestamp="2026-02-06T06:11:34.934Z" hostname="runnervmkj6or" tests="4" failures="0" errors="0" skipped="0" time="0.185729521">
        <testcase classname="src/app/hooks/use-tracks-query.spec.tsx" name="useTracksQuery &gt; should return isPending true initially" time="0.002762831">
        </testcase>
        <testcase classname="src/app/hooks/use-tracks-query.spec.tsx" name="useTracksQuery &gt; should fetch tracks successfully" time="0.072497649">
        </testcase>
        <testcase classname="src/app/hooks/use-tracks-query.spec.tsx" name="useTracksQuery &gt; should return error when fetch fails" time="0.054151241">
        </testcase>
        <testcase classname="src/app/hooks/use-tracks-query.spec.tsx" name="useTracksQuery &gt; should provide refetch function" time="0.054330336">
        </testcase>
    </testsuite>
    <testsuite name="src/app/components/forms/fields/country-field.spec.tsx" timestamp="2026-02-06T06:11:34.935Z" hostname="runnervmkj6or" tests="6" failures="0" errors="0" skipped="0" time="0.076298284">
        <testcase classname="src/app/components/forms/fields/country-field.spec.tsx" name="CountryField &gt; should render with default props" time="0.005786415">
        </testcase>
        <testcase classname="src/app/components/forms/fields/country-field.spec.tsx" name="CountryField &gt; should render all country options" time="0.006276634">
        </testcase>
        <testcase classname="src/app/components/forms/fields/country-field.spec.tsx" name="CountryField &gt; should call onUserInteraction when provided" time="0.045377841">
        </testcase>
        <testcase classname="src/app/components/forms/fields/country-field.spec.tsx" name="CountryField &gt; should pass through control and setValue props to ComboboxField" time="0.004690615">
        </testcase>
        <testcase classname="src/app/components/forms/fields/country-field.spec.tsx" name="CountryField &gt; should have correct option structure for countries" time="0.003356873">
        </testcase>
        <testcase classname="src/app/components/forms/fields/country-field.spec.tsx" name="CountryField &gt; should render without onUserInteraction prop" time="0.008837481">
        </testcase>
    </testsuite>
    <testsuite name="src/lib/types/health-status.spec.ts" timestamp="2026-02-06T06:11:34.936Z" hostname="runnervmkj6or" tests="14" failures="0" errors="0" skipped="0" time="0.008992879">
        <testcase classname="src/lib/types/health-status.spec.ts" name="Health Status Types &gt; HealthStatusType &gt; should accept valid status values" time="0.00110595">
        </testcase>
        <testcase classname="src/lib/types/health-status.spec.ts" name="Health Status Types &gt; HealthStatus &gt; should have correct structure with required fields" time="0.000196234">
        </testcase>
        <testcase classname="src/lib/types/health-status.spec.ts" name="Health Status Types &gt; HealthStatus &gt; should support optional latency field" time="0.000236269">
        </testcase>
        <testcase classname="src/lib/types/health-status.spec.ts" name="Health Status Types &gt; HealthStatus &gt; should support optional error field" time="0.000226079">
        </testcase>
        <testcase classname="src/lib/types/health-status.spec.ts" name="Health Status Types &gt; HealthStatus &gt; should support all fields together" time="0.000162331">
        </testcase>
        <testcase classname="src/lib/types/health-status.spec.ts" name="Health Status Types &gt; HealthCheckResponse &gt; should extend HealthStatus with timestamp" time="0.00130566">
        </testcase>
        <testcase classname="src/lib/types/health-status.spec.ts" name="Health Status Types &gt; HealthCheckResponse &gt; should support all optional fields from HealthStatus" time="0.001188894">
        </testcase>
        <testcase classname="src/lib/types/health-status.spec.ts" name="Health Status Types &gt; Type Compatibility &gt; should allow HealthCheckResponse to be used as HealthStatus" time="0.00019992">
        </testcase>
        <testcase classname="src/lib/types/health-status.spec.ts" name="Health Status Types &gt; Type Compatibility &gt; should enforce status type constraints" time="0.000264771">
        </testcase>
        <testcase classname="src/lib/types/health-status.spec.ts" name="Health Status Types &gt; Error Cases &gt; should represent unhealthy status correctly" time="0.000172259">
        </testcase>
        <testcase classname="src/lib/types/health-status.spec.ts" name="Health Status Types &gt; Error Cases &gt; should represent error status correctly" time="0.000127316">
        </testcase>
        <testcase classname="src/lib/types/health-status.spec.ts" name="Health Status Types &gt; Real-world Examples &gt; should handle successful health check response" time="0.000500528">
        </testcase>
        <testcase classname="src/lib/types/health-status.spec.ts" name="Health Status Types &gt; Real-world Examples &gt; should handle failed health check response" time="0.00052333">
        </testcase>
        <testcase classname="src/lib/types/health-status.spec.ts" name="Health Status Types &gt; Real-world Examples &gt; should handle degraded health check response" time="0.000384983">
        </testcase>
    </testsuite>
    <testsuite name="src/lib/utils/console-logger.spec.ts" timestamp="2026-02-06T06:11:34.938Z" hostname="runnervmkj6or" tests="34" failures="0" errors="0" skipped="0" time="0.017303764">
        <testcase classname="src/lib/utils/console-logger.spec.ts" name="console-logger &gt; LogMethods enum &gt; should have Info method" time="0.000312259">
        </testcase>
        <testcase classname="src/lib/utils/console-logger.spec.ts" name="console-logger &gt; LogMethods enum &gt; should have Warn method" time="0.000236097">
        </testcase>
        <testcase classname="src/lib/utils/console-logger.spec.ts" name="console-logger &gt; LogMethods enum &gt; should have Error method" time="0.000261134">
        </testcase>
        <testcase classname="src/lib/utils/console-logger.spec.ts" name="console-logger &gt; LogMethods enum &gt; should have three log methods" time="0.000189241">
        </testcase>
        <testcase classname="src/lib/utils/console-logger.spec.ts" name="console-logger &gt; LogMethods enum &gt; should have lowercase method values" time="0.000387889">
        </testcase>
        <testcase classname="src/lib/utils/console-logger.spec.ts" name="console-logger &gt; log function in development &gt; should log to console.info by default" time="0.000262697">
        </testcase>
        <testcase classname="src/lib/utils/console-logger.spec.ts" name="console-logger &gt; log function in development &gt; should log multiple arguments" time="0.000269209">
        </testcase>
        <testcase classname="src/lib/utils/console-logger.spec.ts" name="console-logger &gt; log function in development &gt; should log to console.warn when LogMethods.Warn is first arg" time="0.000286672">
        </testcase>
        <testcase classname="src/lib/utils/console-logger.spec.ts" name="console-logger &gt; log function in development &gt; should log to console.error when LogMethods.Error is first arg" time="0.000272825">
        </testcase>
        <testcase classname="src/lib/utils/console-logger.spec.ts" name="console-logger &gt; log function in development &gt; should log to console.info when LogMethods.Info is first arg" time="0.000300537">
        </testcase>
        <testcase classname="src/lib/utils/console-logger.spec.ts" name="console-logger &gt; log function in development &gt; should handle objects and arrays" time="0.000356681">
        </testcase>
        <testcase classname="src/lib/utils/console-logger.spec.ts" name="console-logger &gt; log function in development &gt; should handle Error objects" time="0.000243933">
        </testcase>
        <testcase classname="src/lib/utils/console-logger.spec.ts" name="console-logger &gt; log function in development &gt; should handle null and undefined" time="0.000299706">
        </testcase>
        <testcase classname="src/lib/utils/console-logger.spec.ts" name="console-logger &gt; log function in production &gt; should NOT log in production" time="0.000525825">
        </testcase>
        <testcase classname="src/lib/utils/console-logger.spec.ts" name="console-logger &gt; log function in production &gt; should NOT log warnings in production" time="0.000386777">
        </testcase>
        <testcase classname="src/lib/utils/console-logger.spec.ts" name="console-logger &gt; log function in production &gt; should NOT log errors in production" time="0.000343657">
        </testcase>
        <testcase classname="src/lib/utils/console-logger.spec.ts" name="console-logger &gt; warn function &gt; should log to console.warn" time="0.000693455">
        </testcase>
        <testcase classname="src/lib/utils/console-logger.spec.ts" name="console-logger &gt; warn function &gt; should handle multiple arguments" time="0.003055123">
        </testcase>
        <testcase classname="src/lib/utils/console-logger.spec.ts" name="console-logger &gt; warn function &gt; should handle objects" time="0.000985757">
        </testcase>
        <testcase classname="src/lib/utils/console-logger.spec.ts" name="console-logger &gt; warn function &gt; should NOT log warnings in production" time="0.000354286">
        </testcase>
        <testcase classname="src/lib/utils/console-logger.spec.ts" name="console-logger &gt; error function &gt; should log to console.error" time="0.000443493">
        </testcase>
        <testcase classname="src/lib/utils/console-logger.spec.ts" name="console-logger &gt; error function &gt; should handle multiple arguments" time="0.000385114">
        </testcase>
        <testcase classname="src/lib/utils/console-logger.spec.ts" name="console-logger &gt; error function &gt; should handle Error objects" time="0.000357963">
        </testcase>
        <testcase classname="src/lib/utils/console-logger.spec.ts" name="console-logger &gt; error function &gt; should NOT log errors in production" time="0.000386776">
        </testcase>
        <testcase classname="src/lib/utils/console-logger.spec.ts" name="console-logger &gt; edge cases &gt; should handle empty arguments" time="0.000241427">
        </testcase>
        <testcase classname="src/lib/utils/console-logger.spec.ts" name="console-logger &gt; edge cases &gt; should handle only LogMethod argument" time="0.000235967">
        </testcase>
        <testcase classname="src/lib/utils/console-logger.spec.ts" name="console-logger &gt; edge cases &gt; should handle special characters in strings" time="0.000260794">
        </testcase>
        <testcase classname="src/lib/utils/console-logger.spec.ts" name="console-logger &gt; edge cases &gt; should handle Unicode characters" time="0.000314844">
        </testcase>
        <testcase classname="src/lib/utils/console-logger.spec.ts" name="console-logger &gt; edge cases &gt; should handle symbols" time="0.000404961">
        </testcase>
        <testcase classname="src/lib/utils/console-logger.spec.ts" name="console-logger &gt; edge cases &gt; should handle functions" time="0.000273477">
        </testcase>
        <testcase classname="src/lib/utils/console-logger.spec.ts" name="console-logger &gt; edge cases &gt; should handle Map and Set" time="0.000449062">
        </testcase>
        <testcase classname="src/lib/utils/console-logger.spec.ts" name="console-logger &gt; integration scenarios &gt; should work with log prefixes from CONSTANTS" time="0.000345651">
        </testcase>
        <testcase classname="src/lib/utils/console-logger.spec.ts" name="console-logger &gt; integration scenarios &gt; should work in try-catch blocks" time="0.000357042">
        </testcase>
        <testcase classname="src/lib/utils/console-logger.spec.ts" name="console-logger &gt; integration scenarios &gt; should support debug logging patterns" time="0.000274549">
        </testcase>
    </testsuite>
    <testsuite name="src/lib/services/audio-metadata-service.spec.ts" timestamp="2026-02-06T06:11:34.944Z" hostname="runnervmkj6or" tests="12" failures="0" errors="0" skipped="0" time="0.015928614">
        <testcase classname="src/lib/services/audio-metadata-service.spec.ts" name="AudioMetadataService &gt; extractMetadata &gt; should extract basic metadata from an audio buffer" time="0.001053913">
        </testcase>
        <testcase classname="src/lib/services/audio-metadata-service.spec.ts" name="AudioMetadataService &gt; extractMetadata &gt; should extract cover art as base64 data URL" time="0.000661566">
        </testcase>
        <testcase classname="src/lib/services/audio-metadata-service.spec.ts" name="AudioMetadataService &gt; extractMetadata &gt; should handle missing optional metadata fields" time="0.000335863">
        </testcase>
        <testcase classname="src/lib/services/audio-metadata-service.spec.ts" name="AudioMetadataService &gt; extractMetadata &gt; should join multiple artists" time="0.00175311">
        </testcase>
        <testcase classname="src/lib/services/audio-metadata-service.spec.ts" name="AudioMetadataService &gt; extractMetadata &gt; should prefer single artist over artists array" time="0.000411102">
        </testcase>
        <testcase classname="src/lib/services/audio-metadata-service.spec.ts" name="AudioMetadataService &gt; extractMetadata &gt; should return error for unsupported MIME type" time="0.004933815">
            <system-err>
Audio metadata extraction error: Error: MIME-type not supported
    at [90m/home/runner/work/boudreaux/boudreaux/[39msrc/lib/services/audio-metadata-service.spec.ts:180:41
    at [90mfile:///home/runner/work/boudreaux/boudreaux/[39mnode_modules/[4m@vitest/runner[24m/dist/index.js:145:11
    at [90mfile:///home/runner/work/boudreaux/boudreaux/[39mnode_modules/[4m@vitest/runner[24m/dist/index.js:915:26
    at [90mfile:///home/runner/work/boudreaux/boudreaux/[39mnode_modules/[4m@vitest/runner[24m/dist/index.js:1243:20
    at new Promise (&lt;anonymous&gt;)
    at runWithTimeout [90m(file:///home/runner/work/boudreaux/boudreaux/[39mnode_modules/[4m@vitest/runner[24m/dist/index.js:1209:10[90m)[39m
    at [90mfile:///home/runner/work/boudreaux/boudreaux/[39mnode_modules/[4m@vitest/runner[24m/dist/index.js:1653:37
    at Traces.$ [90m(file:///home/runner/work/boudreaux/boudreaux/[39mnode_modules/[4mvitest[24m/dist/chunks/traces.CCmnQaNT.js:142:27[90m)[39m
    at trace [90m(file:///home/runner/work/boudreaux/boudreaux/[39mnode_modules/[4mvitest[24m/dist/chunks/test.B8ej_ZHS.js:239:21[90m)[39m
    at runTest [90m(file:///home/runner/work/boudreaux/boudreaux/[39mnode_modules/[4m@vitest/runner[24m/dist/index.js:1653:12[90m)[39m

            </system-err>
        </testcase>
        <testcase classname="src/lib/services/audio-metadata-service.spec.ts" name="AudioMetadataService &gt; extractMetadata &gt; should return error for corrupted audio file" time="0.000837422">
            <system-err>
Audio metadata extraction error: Error: End-Of-Stream
    at [90m/home/runner/work/boudreaux/boudreaux/[39msrc/lib/services/audio-metadata-service.spec.ts:191:41
    at [90mfile:///home/runner/work/boudreaux/boudreaux/[39mnode_modules/[4m@vitest/runner[24m/dist/index.js:145:11
    at [90mfile:///home/runner/work/boudreaux/boudreaux/[39mnode_modules/[4m@vitest/runner[24m/dist/index.js:915:26
    at [90mfile:///home/runner/work/boudreaux/boudreaux/[39mnode_modules/[4m@vitest/runner[24m/dist/index.js:1243:20
    at new Promise (&lt;anonymous&gt;)
    at runWithTimeout [90m(file:///home/runner/work/boudreaux/boudreaux/[39mnode_modules/[4m@vitest/runner[24m/dist/index.js:1209:10[90m)[39m
    at [90mfile:///home/runner/work/boudreaux/boudreaux/[39mnode_modules/[4m@vitest/runner[24m/dist/index.js:1653:37
    at Traces.$ [90m(file:///home/runner/work/boudreaux/boudreaux/[39mnode_modules/[4mvitest[24m/dist/chunks/traces.CCmnQaNT.js:142:27[90m)[39m
    at trace [90m(file:///home/runner/work/boudreaux/boudreaux/[39mnode_modules/[4mvitest[24m/dist/chunks/test.B8ej_ZHS.js:239:21[90m)[39m
    at runTest [90m(file:///home/runner/work/boudreaux/boudreaux/[39mnode_modules/[4m@vitest/runner[24m/dist/index.js:1653:12[90m)[39m

            </system-err>
        </testcase>
        <testcase classname="src/lib/services/audio-metadata-service.spec.ts" name="AudioMetadataService &gt; extractMetadata &gt; should return error for generic parsing failures" time="0.000962965">
            <system-err>
Audio metadata extraction error: Error: Unknown parsing error
    at [90m/home/runner/work/boudreaux/boudreaux/[39msrc/lib/services/audio-metadata-service.spec.ts:202:41
    at [90mfile:///home/runner/work/boudreaux/boudreaux/[39mnode_modules/[4m@vitest/runner[24m/dist/index.js:145:11
    at [90mfile:///home/runner/work/boudreaux/boudreaux/[39mnode_modules/[4m@vitest/runner[24m/dist/index.js:915:26
    at [90mfile:///home/runner/work/boudreaux/boudreaux/[39mnode_modules/[4m@vitest/runner[24m/dist/index.js:1243:20
    at new Promise (&lt;anonymous&gt;)
    at runWithTimeout [90m(file:///home/runner/work/boudreaux/boudreaux/[39mnode_modules/[4m@vitest/runner[24m/dist/index.js:1209:10[90m)[39m
    at [90mfile:///home/runner/work/boudreaux/boudreaux/[39mnode_modules/[4m@vitest/runner[24m/dist/index.js:1653:37
    at Traces.$ [90m(file:///home/runner/work/boudreaux/boudreaux/[39mnode_modules/[4mvitest[24m/dist/chunks/traces.CCmnQaNT.js:142:27[90m)[39m
    at trace [90m(file:///home/runner/work/boudreaux/boudreaux/[39mnode_modules/[4mvitest[24m/dist/chunks/test.B8ej_ZHS.js:239:21[90m)[39m
    at runTest [90m(file:///home/runner/work/boudreaux/boudreaux/[39mnode_modules/[4m@vitest/runner[24m/dist/index.js:1653:12[90m)[39m

            </system-err>
        </testcase>
        <testcase classname="src/lib/services/audio-metadata-service.spec.ts" name="AudioMetadataService &gt; extractMetadata &gt; should handle non-Error exceptions" time="0.000748036">
            <system-err>
Audio metadata extraction error: String error

            </system-err>
        </testcase>
        <testcase classname="src/lib/services/audio-metadata-service.spec.ts" name="AudioMetadataService &gt; extractMetadataFromStream &gt; should extract metadata from a stream" time="0.000432452">
        </testcase>
        <testcase classname="src/lib/services/audio-metadata-service.spec.ts" name="AudioMetadataService &gt; extractMetadataFromStream &gt; should return error when stream parsing fails" time="0.001125756">
            <system-err>
Audio metadata extraction from stream error: Error: Stream read error
    at [90m/home/runner/work/boudreaux/boudreaux/[39msrc/lib/services/audio-metadata-service.spec.ts:269:41
    at [90mfile:///home/runner/work/boudreaux/boudreaux/[39mnode_modules/[4m@vitest/runner[24m/dist/index.js:145:11
    at [90mfile:///home/runner/work/boudreaux/boudreaux/[39mnode_modules/[4m@vitest/runner[24m/dist/index.js:915:26
    at [90mfile:///home/runner/work/boudreaux/boudreaux/[39mnode_modules/[4m@vitest/runner[24m/dist/index.js:1243:20
    at new Promise (&lt;anonymous&gt;)
    at runWithTimeout [90m(file:///home/runner/work/boudreaux/boudreaux/[39mnode_modules/[4m@vitest/runner[24m/dist/index.js:1209:10[90m)[39m
    at [90mfile:///home/runner/work/boudreaux/boudreaux/[39mnode_modules/[4m@vitest/runner[24m/dist/index.js:1653:37
    at Traces.$ [90m(file:///home/runner/work/boudreaux/boudreaux/[39mnode_modules/[4mvitest[24m/dist/chunks/traces.CCmnQaNT.js:142:27[90m)[39m
    at trace [90m(file:///home/runner/work/boudreaux/boudreaux/[39mnode_modules/[4mvitest[24m/dist/chunks/test.B8ej_ZHS.js:239:21[90m)[39m
    at runTest [90m(file:///home/runner/work/boudreaux/boudreaux/[39mnode_modules/[4m@vitest/runner[24m/dist/index.js:1653:12[90m)[39m

            </system-err>
        </testcase>
        <testcase classname="src/lib/services/audio-metadata-service.spec.ts" name="AudioMetadataService &gt; extractMetadataFromStream &gt; should handle non-Error exceptions in stream parsing" time="0.000541874">
            <system-err>
Audio metadata extraction from stream error: Non-error rejection

            </system-err>
        </testcase>
    </testsuite>
    <testsuite name="src/app/components/auth/auth-toolbar.spec.tsx" timestamp="2026-02-06T06:11:34.947Z" hostname="runnervmkj6or" tests="46" failures="0" errors="0" skipped="0" time="0.102891664">
        <testcase classname="src/app/components/auth/auth-toolbar.spec.tsx" name="AuthToolbar &gt; when user is unauthenticated &gt; renders sign in and sign up links" time="0.002065759">
        </testcase>
        <testcase classname="src/app/components/auth/auth-toolbar.spec.tsx" name="AuthToolbar &gt; when user is unauthenticated &gt; does not render signed in toolbar" time="0.001602009">
        </testcase>
        <testcase classname="src/app/components/auth/auth-toolbar.spec.tsx" name="AuthToolbar &gt; when user is unauthenticated &gt; applies custom className when provided" time="0.001743753">
        </testcase>
        <testcase classname="src/app/components/auth/auth-toolbar.spec.tsx" name="AuthToolbar &gt; when user is unauthenticated &gt; logs unauthenticated state message" time="0.001586291">
        </testcase>
        <testcase classname="src/app/components/auth/auth-toolbar.spec.tsx" name="AuthToolbar &gt; when user is unauthenticated &gt; applies correct CSS classes to container" time="0.002008212">
        </testcase>
        <testcase classname="src/app/components/auth/auth-toolbar.spec.tsx" name="AuthToolbar &gt; when user is authenticated &gt; renders signed in toolbar" time="0.001007648">
        </testcase>
        <testcase classname="src/app/components/auth/auth-toolbar.spec.tsx" name="AuthToolbar &gt; when user is authenticated &gt; does not render sign in and sign up links" time="0.001114496">
        </testcase>
        <testcase classname="src/app/components/auth/auth-toolbar.spec.tsx" name="AuthToolbar &gt; when user is authenticated &gt; passes className to signed in toolbar" time="0.001089159">
        </testcase>
        <testcase classname="src/app/components/auth/auth-toolbar.spec.tsx" name="AuthToolbar &gt; when user is authenticated &gt; logs authenticated state message" time="0.001161362">
        </testcase>
        <testcase classname="src/app/components/auth/auth-toolbar.spec.tsx" name="AuthToolbar &gt; when user is authenticated &gt; with admin user &gt; renders signed in toolbar for admin user" time="0.001157926">
        </testcase>
        <testcase classname="src/app/components/auth/auth-toolbar.spec.tsx" name="AuthToolbar &gt; when user is authenticated &gt; with admin user &gt; in development mode &gt; logs admin role in development mode" time="0.001306842">
        </testcase>
        <testcase classname="src/app/components/auth/auth-toolbar.spec.tsx" name="AuthToolbar &gt; when user is authenticated &gt; with admin user &gt; in development mode &gt; logs session status in development mode" time="0.001196077">
        </testcase>
        <testcase classname="src/app/components/auth/auth-toolbar.spec.tsx" name="AuthToolbar &gt; when user is authenticated &gt; with admin user &gt; in development mode &gt; logs session data in development mode" time="0.00126769">
        </testcase>
        <testcase classname="src/app/components/auth/auth-toolbar.spec.tsx" name="AuthToolbar &gt; when user is authenticated &gt; with admin user &gt; in development mode &gt; logs user data in development mode" time="0.001226854">
        </testcase>
        <testcase classname="src/app/components/auth/auth-toolbar.spec.tsx" name="AuthToolbar &gt; when user is authenticated &gt; with admin user &gt; in development mode &gt; logs admin role value in development mode" time="0.001411156">
        </testcase>
        <testcase classname="src/app/components/auth/auth-toolbar.spec.tsx" name="AuthToolbar &gt; when user is authenticated &gt; with admin user &gt; in development mode &gt; handles falsy role value with fallback to N/A" time="0.001372384">
        </testcase>
        <testcase classname="src/app/components/auth/auth-toolbar.spec.tsx" name="AuthToolbar &gt; when user is authenticated &gt; with admin user &gt; in development mode &gt; logs username in development mode" time="0.00140925">
        </testcase>
        <testcase classname="src/app/components/auth/auth-toolbar.spec.tsx" name="AuthToolbar &gt; when user is authenticated &gt; with admin user &gt; in production mode &gt; does not log admin role in production mode" time="0.000962804">
        </testcase>
        <testcase classname="src/app/components/auth/auth-toolbar.spec.tsx" name="AuthToolbar &gt; when user is authenticated &gt; with admin user &gt; in production mode &gt; does not log session status in production mode" time="0.00127318">
        </testcase>
        <testcase classname="src/app/components/auth/auth-toolbar.spec.tsx" name="AuthToolbar &gt; when user is authenticated &gt; with admin user &gt; in production mode &gt; still logs authenticated toolbar message" time="0.001231994">
        </testcase>
        <testcase classname="src/app/components/auth/auth-toolbar.spec.tsx" name="AuthToolbar &gt; when user is authenticated &gt; with non-admin user &gt; renders signed in toolbar for non-admin user" time="0.001069853">
        </testcase>
        <testcase classname="src/app/components/auth/auth-toolbar.spec.tsx" name="AuthToolbar &gt; when user is authenticated &gt; with non-admin user &gt; in development mode &gt; does not log user role for non-admin in development mode" time="0.001308055">
        </testcase>
        <testcase classname="src/app/components/auth/auth-toolbar.spec.tsx" name="AuthToolbar &gt; when user is authenticated &gt; with non-admin user &gt; in development mode &gt; logs session data in development mode" time="0.001133011">
        </testcase>
        <testcase classname="src/app/components/auth/auth-toolbar.spec.tsx" name="AuthToolbar &gt; when user is authenticated &gt; with user missing role &gt; renders signed in toolbar when role is undefined" time="0.001239187">
        </testcase>
        <testcase classname="src/app/components/auth/auth-toolbar.spec.tsx" name="AuthToolbar &gt; when user is authenticated &gt; with user missing role &gt; in development mode &gt; logs N/A for missing role in development mode when checking admin" time="0.001255998">
        </testcase>
        <testcase classname="src/app/components/auth/auth-toolbar.spec.tsx" name="AuthToolbar &gt; when session status is loading &gt; renders loading spinner with correct props" time="0.003202246">
        </testcase>
        <testcase classname="src/app/components/auth/auth-toolbar.spec.tsx" name="AuthToolbar &gt; when session status is loading &gt; displays loading text" time="0.024541098">
        </testcase>
        <testcase classname="src/app/components/auth/auth-toolbar.spec.tsx" name="AuthToolbar &gt; when session status is loading &gt; does not render sign in/up links while loading" time="0.003574736">
        </testcase>
        <testcase classname="src/app/components/auth/auth-toolbar.spec.tsx" name="AuthToolbar &gt; when session status is loading &gt; does not render signed in toolbar while loading" time="0.002528426">
        </testcase>
        <testcase classname="src/app/components/auth/auth-toolbar.spec.tsx" name="AuthToolbar &gt; edge cases and boundary conditions &gt; with null session but authenticated status &gt; renders unauthenticated links when session is null despite authenticated status" time="0.002223673">
        </testcase>
        <testcase classname="src/app/components/auth/auth-toolbar.spec.tsx" name="AuthToolbar &gt; edge cases and boundary conditions &gt; with undefined session data &gt; handles undefined session gracefully" time="0.001545885">
        </testcase>
        <testcase classname="src/app/components/auth/auth-toolbar.spec.tsx" name="AuthToolbar &gt; edge cases and boundary conditions &gt; with custom className variations &gt; handles empty string className" time="0.002739517">
        </testcase>
        <testcase classname="src/app/components/auth/auth-toolbar.spec.tsx" name="AuthToolbar &gt; edge cases and boundary conditions &gt; with custom className variations &gt; handles multiple className values" time="0.003773094">
        </testcase>
        <testcase classname="src/app/components/auth/auth-toolbar.spec.tsx" name="AuthToolbar &gt; edge cases and boundary conditions &gt; with custom className variations &gt; passes className to authenticated toolbar" time="0.001855679">
        </testcase>
        <testcase classname="src/app/components/auth/auth-toolbar.spec.tsx" name="AuthToolbar &gt; edge cases and boundary conditions &gt; development mode logging variations &gt; logs when user data is present" time="0.001146595">
        </testcase>
        <testcase classname="src/app/components/auth/auth-toolbar.spec.tsx" name="AuthToolbar &gt; edge cases and boundary conditions &gt; development mode logging variations &gt; logs username when present" time="0.001056198">
        </testcase>
        <testcase classname="src/app/components/auth/auth-toolbar.spec.tsx" name="AuthToolbar &gt; edge cases and boundary conditions &gt; development mode logging variations &gt; logs undefined username when not present" time="0.001059604">
        </testcase>
        <testcase classname="src/app/components/auth/auth-toolbar.spec.tsx" name="AuthToolbar &gt; edge cases and boundary conditions &gt; development mode logging variations &gt; handles session with null user" time="0.000889769">
        </testcase>
        <testcase classname="src/app/components/auth/auth-toolbar.spec.tsx" name="AuthToolbar &gt; edge cases and boundary conditions &gt; admin role edge cases &gt; handles admin role with empty string" time="0.002063096">
        </testcase>
        <testcase classname="src/app/components/auth/auth-toolbar.spec.tsx" name="AuthToolbar &gt; edge cases and boundary conditions &gt; admin role edge cases &gt; correctly identifies admin role case-sensitively" time="0.003227622">
        </testcase>
        <testcase classname="src/app/components/auth/auth-toolbar.spec.tsx" name="AuthToolbar &gt; component rendering and structure &gt; renders without crashing with minimal props" time="0.001319105">
        </testcase>
        <testcase classname="src/app/components/auth/auth-toolbar.spec.tsx" name="AuthToolbar &gt; component rendering and structure &gt; maintains proper DOM structure for unauthenticated state" time="0.001687698">
        </testcase>
        <testcase classname="src/app/components/auth/auth-toolbar.spec.tsx" name="AuthToolbar &gt; component rendering and structure &gt; renders exactly one root element for unauthenticated" time="0.001546557">
        </testcase>
        <testcase classname="src/app/components/auth/auth-toolbar.spec.tsx" name="AuthToolbar &gt; component rendering and structure &gt; renders exactly one root element for authenticated" time="0.001296122">
        </testcase>
        <testcase classname="src/app/components/auth/auth-toolbar.spec.tsx" name="AuthToolbar &gt; component rendering and structure &gt; renders exactly one root element for loading" time="0.001264745">
        </testcase>
        <testcase classname="src/app/components/auth/auth-toolbar.spec.tsx" name="AuthToolbar &gt; logging prefix consistency &gt; uses consistent logging prefix for all log calls" time="0.003254512">
        </testcase>
    </testsuite>
    <testsuite name="src/app/api/health/route.spec.ts" timestamp="2026-02-06T06:11:34.955Z" hostname="runnervmkj6or" tests="15" failures="0" errors="0" skipped="0" time="0.011167269">
        <testcase classname="src/app/api/health/route.spec.ts" name="Health Check API &gt; GET /api/health &gt; should return healthy status when database is connected" time="0.000244604">
        </testcase>
        <testcase classname="src/app/api/health/route.spec.ts" name="Health Check API &gt; GET /api/health &gt; should return unhealthy status when database connection fails" time="0.000322117">
        </testcase>
        <testcase classname="src/app/api/health/route.spec.ts" name="Health Check API &gt; GET /api/health &gt; should include error details in development mode" time="0.000708042">
        </testcase>
        <testcase classname="src/app/api/health/route.spec.ts" name="Health Check API &gt; GET /api/health &gt; should not include error details in production mode" time="0.000225648">
        </testcase>
        <testcase classname="src/app/api/health/route.spec.ts" name="Health Check API &gt; GET /api/health &gt; should handle unexpected errors gracefully" time="0.000866777">
        </testcase>
        <testcase classname="src/app/api/health/route.spec.ts" name="Health Check API &gt; GET /api/health &gt; should handle non-Error exceptions" time="0.000587329">
        </testcase>
        <testcase classname="src/app/api/health/route.spec.ts" name="Health Check API &gt; GET /api/health &gt; should include error message in development mode when catch block triggered with Error" time="0.000514363">
        </testcase>
        <testcase classname="src/app/api/health/route.spec.ts" name="Health Check API &gt; GET /api/health &gt; should include generic error message in development mode for non-Error exceptions" time="0.000495168">
        </testcase>
        <testcase classname="src/app/api/health/route.spec.ts" name="Health Check API &gt; GET /api/health &gt; should not include error in production mode when catch block triggered" time="0.000897363">
        </testcase>
        <testcase classname="src/app/api/health/route.spec.ts" name="Health Check API &gt; GET /api/health &gt; should include timestamp in ISO format" time="0.000272675">
        </testcase>
        <testcase classname="src/app/api/health/route.spec.ts" name="Health Check API &gt; GET /api/health &gt; should not require authentication" time="0.00234657">
        </testcase>
        <testcase classname="src/app/api/health/route.spec.ts" name="Health Check API &gt; GET /api/health &gt; should return valid JSON response" time="0.000342916">
        </testcase>
        <testcase classname="src/app/api/health/route.spec.ts" name="Health Check API &gt; GET /api/health &gt; should measure latency correctly" time="0.000236889">
        </testcase>
        <testcase classname="src/app/api/health/route.spec.ts" name="Health Check API &gt; GET /api/health &gt; should include no-cache headers in response" time="0.000336534">
        </testcase>
        <testcase classname="src/app/api/health/route.spec.ts" name="Health Check API &gt; GET /api/health &gt; should include no-cache headers in error response" time="0.000673118">
        </testcase>
    </testsuite>
    <testsuite name="src/app/components/ui/page-container.spec.tsx" timestamp="2026-02-06T06:11:34.958Z" hostname="runnervmkj6or" tests="6" failures="0" errors="0" skipped="0" time="0.046242092">
        <testcase classname="src/app/components/ui/page-container.spec.tsx" name="PageContainer &gt; renders" time="0.002751821">
        </testcase>
        <testcase classname="src/app/components/ui/page-container.spec.tsx" name="PageContainer &gt; renders children" time="0.002672924">
        </testcase>
        <testcase classname="src/app/components/ui/page-container.spec.tsx" name="PageContainer &gt; applies custom className" time="0.029751315">
        </testcase>
        <testcase classname="src/app/components/ui/page-container.spec.tsx" name="PageContainer &gt; has flex layout classes" time="0.00272449">
        </testcase>
        <testcase classname="src/app/components/ui/page-container.spec.tsx" name="PageContainer &gt; has min-h-full class" time="0.002002171">
        </testcase>
        <testcase classname="src/app/components/ui/page-container.spec.tsx" name="PageContainer &gt; renders multiple children" time="0.004503918">
        </testcase>
    </testsuite>
    <testsuite name="src/app/components/ui/tooltip.spec.tsx" timestamp="2026-02-06T06:11:34.959Z" hostname="runnervmkj6or" tests="16" failures="0" errors="0" skipped="0" time="0.434707458">
        <testcase classname="src/app/components/ui/tooltip.spec.tsx" name="Tooltip Components &gt; TooltipProvider &gt; renders children" time="0.001421224">
        </testcase>
        <testcase classname="src/app/components/ui/tooltip.spec.tsx" name="Tooltip Components &gt; TooltipProvider &gt; uses default delayDuration of 0" time="0.003480932">
        </testcase>
        <testcase classname="src/app/components/ui/tooltip.spec.tsx" name="Tooltip Components &gt; TooltipProvider &gt; accepts custom delayDuration" time="0.003295538">
        </testcase>
        <testcase classname="src/app/components/ui/tooltip.spec.tsx" name="Tooltip Components &gt; Tooltip &gt; renders trigger" time="0.003510697">
        </testcase>
        <testcase classname="src/app/components/ui/tooltip.spec.tsx" name="Tooltip Components &gt; Tooltip &gt; shows tooltip on hover" time="0.030549535">
        </testcase>
        <testcase classname="src/app/components/ui/tooltip.spec.tsx" name="Tooltip Components &gt; Tooltip &gt; tooltip can be shown and verified" time="0.029498517">
        </testcase>
        <testcase classname="src/app/components/ui/tooltip.spec.tsx" name="Tooltip Components &gt; TooltipTrigger &gt; renders with data-slot attribute" time="0.004377945">
        </testcase>
        <testcase classname="src/app/components/ui/tooltip.spec.tsx" name="Tooltip Components &gt; TooltipTrigger &gt; renders children" time="0.003955151">
        </testcase>
        <testcase classname="src/app/components/ui/tooltip.spec.tsx" name="Tooltip Components &gt; TooltipTrigger &gt; forwards asChild prop" time="0.004469524">
        </testcase>
        <testcase classname="src/app/components/ui/tooltip.spec.tsx" name="Tooltip Components &gt; TooltipContent &gt; renders with data-slot attribute" time="0.022280588">
        </testcase>
        <testcase classname="src/app/components/ui/tooltip.spec.tsx" name="Tooltip Components &gt; TooltipContent &gt; applies custom className" time="0.023905309">
        </testcase>
        <testcase classname="src/app/components/ui/tooltip.spec.tsx" name="Tooltip Components &gt; TooltipContent &gt; renders children" time="0.024273543">
        </testcase>
        <testcase classname="src/app/components/ui/tooltip.spec.tsx" name="Tooltip Components &gt; TooltipContent &gt; uses default sideOffset of 0" time="0.021754202">
        </testcase>
        <testcase classname="src/app/components/ui/tooltip.spec.tsx" name="Tooltip Components &gt; TooltipContent &gt; accepts custom sideOffset" time="0.032662751">
        </testcase>
        <testcase classname="src/app/components/ui/tooltip.spec.tsx" name="Tooltip Components &gt; integration &gt; renders complete tooltip structure with pointer interaction" time="0.148291713">
        </testcase>
        <testcase classname="src/app/components/ui/tooltip.spec.tsx" name="Tooltip Components &gt; integration &gt; multiple tooltips can coexist" time="0.074119265">
        </testcase>
    </testsuite>
    <testsuite name="src/app/components/cdn-status-banner.spec.tsx" timestamp="2026-02-06T06:11:34.962Z" hostname="runnervmkj6or" tests="8" failures="0" errors="0" skipped="0" time="0.097384687">
        <testcase classname="src/app/components/cdn-status-banner.spec.tsx" name="CDNStatusBanner &gt; returns null when loading" time="0.001283699">
        </testcase>
        <testcase classname="src/app/components/cdn-status-banner.spec.tsx" name="CDNStatusBanner &gt; returns null when status is &quot;ready&quot;" time="0.002845054">
        </testcase>
        <testcase classname="src/app/components/cdn-status-banner.spec.tsx" name="CDNStatusBanner &gt; shows banner when status is &quot;invalidating&quot;" time="0.010724819">
            <system-err>
Failed to check CDN status: TypeError: Cannot read properties of undefined (reading &apos;json&apos;)
    at checkStatus [90m(/home/runner/work/boudreaux/boudreaux/[39msrc/app/components/cdn-status-banner.tsx:29:37[90m)[39m

            </system-err>
        </testcase>
        <testcase classname="src/app/components/cdn-status-banner.spec.tsx" name="CDNStatusBanner &gt; shows error banner when status is &quot;error&quot;" time="0.006088706">
            <system-err>
Failed to check CDN status: TypeError: Cannot read properties of undefined (reading &apos;json&apos;)
    at checkStatus [90m(/home/runner/work/boudreaux/boudreaux/[39msrc/app/components/cdn-status-banner.tsx:29:37[90m)[39m

            </system-err>
        </testcase>
        <testcase classname="src/app/components/cdn-status-banner.spec.tsx" name="CDNStatusBanner &gt; shows default banner for unknown status" time="0.008140228">
            <system-err>
Failed to check CDN status: TypeError: Cannot read properties of undefined (reading &apos;json&apos;)
    at checkStatus [90m(/home/runner/work/boudreaux/boudreaux/[39msrc/app/components/cdn-status-banner.tsx:29:37[90m)[39m

            </system-err>
        </testcase>
        <testcase classname="src/app/components/cdn-status-banner.spec.tsx" name="CDNStatusBanner &gt; displays estimated time remaining when available" time="0.009300499">
            <system-err>
Failed to check CDN status: TypeError: Cannot read properties of undefined (reading &apos;json&apos;)
    at checkStatus [90m(/home/runner/work/boudreaux/boudreaux/[39msrc/app/components/cdn-status-banner.tsx:29:37[90m)[39m

            </system-err>
        </testcase>
        <testcase classname="src/app/components/cdn-status-banner.spec.tsx" name="CDNStatusBanner &gt; handles fetch error gracefully" time="0.005350458">
        </testcase>
        <testcase classname="src/app/components/cdn-status-banner.spec.tsx" name="CDNStatusBanner &gt; displays the status message" time="0.051611103">
            <system-err>
Failed to check CDN status: TypeError: Cannot read properties of undefined (reading &apos;json&apos;)
    at checkStatus [90m(/home/runner/work/boudreaux/boudreaux/[39msrc/app/components/cdn-status-banner.tsx:29:37[90m)[39m

            </system-err>
        </testcase>
    </testsuite>
    <testsuite name="src/app/about/page.spec.tsx" timestamp="2026-02-06T06:11:34.964Z" hostname="runnervmkj6or" tests="15" failures="0" errors="0" skipped="0" time="0.320464562">
        <testcase classname="src/app/about/page.spec.tsx" name="AboutPage &gt; renders page container" time="0.006731406">
        </testcase>
        <testcase classname="src/app/about/page.spec.tsx" name="AboutPage &gt; renders content container" time="0.008987559">
        </testcase>
        <testcase classname="src/app/about/page.spec.tsx" name="AboutPage &gt; renders breadcrumb with About link" time="0.027782476">
        </testcase>
        <testcase classname="src/app/about/page.spec.tsx" name="AboutPage &gt; renders card with content" time="0.006730315">
        </testcase>
        <testcase classname="src/app/about/page.spec.tsx" name="AboutPage &gt; renders main heading" time="0.014412192">
        </testcase>
        <testcase classname="src/app/about/page.spec.tsx" name="AboutPage &gt; renders founders image" time="0.01347669">
        </testcase>
        <testcase classname="src/app/about/page.spec.tsx" name="AboutPage &gt; renders Fake Four Inc. description" time="0.017534641">
        </testcase>
        <testcase classname="src/app/about/page.spec.tsx" name="AboutPage &gt; renders History section" time="0.013781404">
        </testcase>
        <testcase classname="src/app/about/page.spec.tsx" name="AboutPage &gt; renders Style and Philosophy section" time="0.024485663">
        </testcase>
        <testcase classname="src/app/about/page.spec.tsx" name="AboutPage &gt; renders Notable Artists section" time="0.012587742">
        </testcase>
        <testcase classname="src/app/about/page.spec.tsx" name="AboutPage &gt; renders links to notable artists" time="0.119599903">
        </testcase>
        <testcase classname="src/app/about/page.spec.tsx" name="AboutPage &gt; renders Chart Success section" time="0.013868546">
        </testcase>
        <testcase classname="src/app/about/page.spec.tsx" name="AboutPage &gt; renders Recent Releases section" time="0.011145348">
        </testcase>
        <testcase classname="src/app/about/page.spec.tsx" name="AboutPage &gt; renders Community and Impact section" time="0.016790183">
        </testcase>
        <testcase classname="src/app/about/page.spec.tsx" name="AboutPage &gt; renders This Up Here bandcamp link" time="0.010082338">
        </testcase>
    </testsuite>
    <testsuite name="src/lib/services/release-service.spec.ts" timestamp="2026-02-06T06:11:34.967Z" hostname="runnervmkj6or" tests="32" failures="0" errors="0" skipped="0" time="0.027683523">
        <testcase classname="src/lib/services/release-service.spec.ts" name="ReleaseService &gt; createRelease &gt; should create a release successfully" time="0.000443192">
        </testcase>
        <testcase classname="src/lib/services/release-service.spec.ts" name="ReleaseService &gt; createRelease &gt; should return error when title already exists" time="0.000277585">
        </testcase>
        <testcase classname="src/lib/services/release-service.spec.ts" name="ReleaseService &gt; createRelease &gt; should return error when database is unavailable" time="0.000700418">
            <system-err>
Database connection failed: PrismaClientInitializationError: Connection failed
    at [90m/home/runner/work/boudreaux/boudreaux/[39msrc/lib/services/release-service.spec.ts:124:25
    at [90mfile:///home/runner/work/boudreaux/boudreaux/[39mnode_modules/[4m@vitest/runner[24m/dist/index.js:145:11
    at [90mfile:///home/runner/work/boudreaux/boudreaux/[39mnode_modules/[4m@vitest/runner[24m/dist/index.js:915:26
    at [90mfile:///home/runner/work/boudreaux/boudreaux/[39mnode_modules/[4m@vitest/runner[24m/dist/index.js:1243:20
    at new Promise (&lt;anonymous&gt;)
    at runWithTimeout [90m(file:///home/runner/work/boudreaux/boudreaux/[39mnode_modules/[4m@vitest/runner[24m/dist/index.js:1209:10[90m)[39m
    at [90mfile:///home/runner/work/boudreaux/boudreaux/[39mnode_modules/[4m@vitest/runner[24m/dist/index.js:1653:37
    at Traces.$ [90m(file:///home/runner/work/boudreaux/boudreaux/[39mnode_modules/[4mvitest[24m/dist/chunks/traces.CCmnQaNT.js:142:27[90m)[39m
    at trace [90m(file:///home/runner/work/boudreaux/boudreaux/[39mnode_modules/[4mvitest[24m/dist/chunks/test.B8ej_ZHS.js:239:21[90m)[39m
    at runTest [90m(file:///home/runner/work/boudreaux/boudreaux/[39mnode_modules/[4m@vitest/runner[24m/dist/index.js:1653:12[90m)[39m {
  clientVersion: [32m&apos;5.0.0&apos;[39m,
  errorCode: [90mundefined[39m,
  retryable: [90mundefined[39m
}

            </system-err>
        </testcase>
        <testcase classname="src/lib/services/release-service.spec.ts" name="ReleaseService &gt; createRelease &gt; should handle unknown errors" time="0.000605502">
            <system-err>
Unexpected error: Error: Unknown error
    at [90m/home/runner/work/boudreaux/boudreaux/[39msrc/lib/services/release-service.spec.ts:136:58
    at [90mfile:///home/runner/work/boudreaux/boudreaux/[39mnode_modules/[4m@vitest/runner[24m/dist/index.js:145:11
    at [90mfile:///home/runner/work/boudreaux/boudreaux/[39mnode_modules/[4m@vitest/runner[24m/dist/index.js:915:26
    at [90mfile:///home/runner/work/boudreaux/boudreaux/[39mnode_modules/[4m@vitest/runner[24m/dist/index.js:1243:20
    at new Promise (&lt;anonymous&gt;)
    at runWithTimeout [90m(file:///home/runner/work/boudreaux/boudreaux/[39mnode_modules/[4m@vitest/runner[24m/dist/index.js:1209:10[90m)[39m
    at [90mfile:///home/runner/work/boudreaux/boudreaux/[39mnode_modules/[4m@vitest/runner[24m/dist/index.js:1653:37
    at Traces.$ [90m(file:///home/runner/work/boudreaux/boudreaux/[39mnode_modules/[4mvitest[24m/dist/chunks/traces.CCmnQaNT.js:142:27[90m)[39m
    at trace [90m(file:///home/runner/work/boudreaux/boudreaux/[39mnode_modules/[4mvitest[24m/dist/chunks/test.B8ej_ZHS.js:239:21[90m)[39m
    at runTest [90m(file:///home/runner/work/boudreaux/boudreaux/[39mnode_modules/[4m@vitest/runner[24m/dist/index.js:1653:12[90m)[39m

            </system-err>
        </testcase>
        <testcase classname="src/lib/services/release-service.spec.ts" name="ReleaseService &gt; getReleaseById &gt; should retrieve a release by ID" time="0.000416973">
        </testcase>
        <testcase classname="src/lib/services/release-service.spec.ts" name="ReleaseService &gt; getReleaseById &gt; should return error when release not found" time="0.000270331">
        </testcase>
        <testcase classname="src/lib/services/release-service.spec.ts" name="ReleaseService &gt; getReleaseById &gt; should return error when database is unavailable" time="0.000644365">
            <system-err>
Database connection failed: PrismaClientInitializationError: Connection failed
    at [90m/home/runner/work/boudreaux/boudreaux/[39msrc/lib/services/release-service.spec.ts:194:25
    at [90mfile:///home/runner/work/boudreaux/boudreaux/[39mnode_modules/[4m@vitest/runner[24m/dist/index.js:145:11
    at [90mfile:///home/runner/work/boudreaux/boudreaux/[39mnode_modules/[4m@vitest/runner[24m/dist/index.js:915:26
    at [90mfile:///home/runner/work/boudreaux/boudreaux/[39mnode_modules/[4m@vitest/runner[24m/dist/index.js:1243:20
    at new Promise (&lt;anonymous&gt;)
    at runWithTimeout [90m(file:///home/runner/work/boudreaux/boudreaux/[39mnode_modules/[4m@vitest/runner[24m/dist/index.js:1209:10[90m)[39m
    at [90mfile:///home/runner/work/boudreaux/boudreaux/[39mnode_modules/[4m@vitest/runner[24m/dist/index.js:1653:37
    at Traces.$ [90m(file:///home/runner/work/boudreaux/boudreaux/[39mnode_modules/[4mvitest[24m/dist/chunks/traces.CCmnQaNT.js:142:27[90m)[39m
    at trace [90m(file:///home/runner/work/boudreaux/boudreaux/[39mnode_modules/[4mvitest[24m/dist/chunks/test.B8ej_ZHS.js:239:21[90m)[39m
    at runTest [90m(file:///home/runner/work/boudreaux/boudreaux/[39mnode_modules/[4m@vitest/runner[24m/dist/index.js:1653:12[90m)[39m {
  clientVersion: [32m&apos;5.0.0&apos;[39m,
  errorCode: [90mundefined[39m,
  retryable: [90mundefined[39m
}

            </system-err>
        </testcase>
        <testcase classname="src/lib/services/release-service.spec.ts" name="ReleaseService &gt; getReleaseById &gt; should handle unknown errors" time="0.000516387">
            <system-err>
Unexpected error: Error: Unknown error
    at [90m/home/runner/work/boudreaux/boudreaux/[39msrc/lib/services/release-service.spec.ts:206:62
    at [90mfile:///home/runner/work/boudreaux/boudreaux/[39mnode_modules/[4m@vitest/runner[24m/dist/index.js:145:11
    at [90mfile:///home/runner/work/boudreaux/boudreaux/[39mnode_modules/[4m@vitest/runner[24m/dist/index.js:915:26
    at [90mfile:///home/runner/work/boudreaux/boudreaux/[39mnode_modules/[4m@vitest/runner[24m/dist/index.js:1243:20
    at new Promise (&lt;anonymous&gt;)
    at runWithTimeout [90m(file:///home/runner/work/boudreaux/boudreaux/[39mnode_modules/[4m@vitest/runner[24m/dist/index.js:1209:10[90m)[39m
    at [90mfile:///home/runner/work/boudreaux/boudreaux/[39mnode_modules/[4m@vitest/runner[24m/dist/index.js:1653:37
    at Traces.$ [90m(file:///home/runner/work/boudreaux/boudreaux/[39mnode_modules/[4mvitest[24m/dist/chunks/traces.CCmnQaNT.js:142:27[90m)[39m
    at trace [90m(file:///home/runner/work/boudreaux/boudreaux/[39mnode_modules/[4mvitest[24m/dist/chunks/test.B8ej_ZHS.js:239:21[90m)[39m
    at runTest [90m(file:///home/runner/work/boudreaux/boudreaux/[39mnode_modules/[4m@vitest/runner[24m/dist/index.js:1653:12[90m)[39m

            </system-err>
        </testcase>
        <testcase classname="src/lib/services/release-service.spec.ts" name="ReleaseService &gt; getReleases &gt; should retrieve all releases with default parameters" time="0.000355038">
        </testcase>
        <testcase classname="src/lib/services/release-service.spec.ts" name="ReleaseService &gt; getReleases &gt; should retrieve releases with custom pagination" time="0.000263589">
        </testcase>
        <testcase classname="src/lib/services/release-service.spec.ts" name="ReleaseService &gt; getReleases &gt; should search across multiple fields" time="0.000556772">
        </testcase>
        <testcase classname="src/lib/services/release-service.spec.ts" name="ReleaseService &gt; getReleases &gt; should combine pagination and search" time="0.000908955">
        </testcase>
        <testcase classname="src/lib/services/release-service.spec.ts" name="ReleaseService &gt; getReleases &gt; should return empty array when no releases found" time="0.000209308">
        </testcase>
        <testcase classname="src/lib/services/release-service.spec.ts" name="ReleaseService &gt; getReleases &gt; should return error when database is unavailable" time="0.000634747">
            <system-err>
Database connection failed: PrismaClientInitializationError: Connection failed
    at [90m/home/runner/work/boudreaux/boudreaux/[39msrc/lib/services/release-service.spec.ts:387:25
    at [90mfile:///home/runner/work/boudreaux/boudreaux/[39mnode_modules/[4m@vitest/runner[24m/dist/index.js:145:11
    at [90mfile:///home/runner/work/boudreaux/boudreaux/[39mnode_modules/[4m@vitest/runner[24m/dist/index.js:915:26
    at [90mfile:///home/runner/work/boudreaux/boudreaux/[39mnode_modules/[4m@vitest/runner[24m/dist/index.js:1243:20
    at new Promise (&lt;anonymous&gt;)
    at runWithTimeout [90m(file:///home/runner/work/boudreaux/boudreaux/[39mnode_modules/[4m@vitest/runner[24m/dist/index.js:1209:10[90m)[39m
    at [90mfile:///home/runner/work/boudreaux/boudreaux/[39mnode_modules/[4m@vitest/runner[24m/dist/index.js:1653:37
    at Traces.$ [90m(file:///home/runner/work/boudreaux/boudreaux/[39mnode_modules/[4mvitest[24m/dist/chunks/traces.CCmnQaNT.js:142:27[90m)[39m
    at trace [90m(file:///home/runner/work/boudreaux/boudreaux/[39mnode_modules/[4mvitest[24m/dist/chunks/test.B8ej_ZHS.js:239:21[90m)[39m
    at runTest [90m(file:///home/runner/work/boudreaux/boudreaux/[39mnode_modules/[4m@vitest/runner[24m/dist/index.js:1653:12[90m)[39m {
  clientVersion: [32m&apos;5.0.0&apos;[39m,
  errorCode: [90mundefined[39m,
  retryable: [90mundefined[39m
}

            </system-err>
        </testcase>
        <testcase classname="src/lib/services/release-service.spec.ts" name="ReleaseService &gt; getReleases &gt; should handle unknown errors" time="0.000624567">
            <system-err>
Unexpected error: Error: Unknown error
    at [90m/home/runner/work/boudreaux/boudreaux/[39msrc/lib/services/release-service.spec.ts:399:60
    at [90mfile:///home/runner/work/boudreaux/boudreaux/[39mnode_modules/[4m@vitest/runner[24m/dist/index.js:145:11
    at [90mfile:///home/runner/work/boudreaux/boudreaux/[39mnode_modules/[4m@vitest/runner[24m/dist/index.js:915:26
    at [90mfile:///home/runner/work/boudreaux/boudreaux/[39mnode_modules/[4m@vitest/runner[24m/dist/index.js:1243:20
    at new Promise (&lt;anonymous&gt;)
    at runWithTimeout [90m(file:///home/runner/work/boudreaux/boudreaux/[39mnode_modules/[4m@vitest/runner[24m/dist/index.js:1209:10[90m)[39m
    at [90mfile:///home/runner/work/boudreaux/boudreaux/[39mnode_modules/[4m@vitest/runner[24m/dist/index.js:1653:37
    at Traces.$ [90m(file:///home/runner/work/boudreaux/boudreaux/[39mnode_modules/[4mvitest[24m/dist/chunks/traces.CCmnQaNT.js:142:27[90m)[39m
    at trace [90m(file:///home/runner/work/boudreaux/boudreaux/[39mnode_modules/[4mvitest[24m/dist/chunks/test.B8ej_ZHS.js:239:21[90m)[39m
    at runTest [90m(file:///home/runner/work/boudreaux/boudreaux/[39mnode_modules/[4m@vitest/runner[24m/dist/index.js:1653:12[90m)[39m

            </system-err>
        </testcase>
        <testcase classname="src/lib/services/release-service.spec.ts" name="ReleaseService &gt; updateRelease &gt; should update a release successfully" time="0.002010286">
        </testcase>
        <testcase classname="src/lib/services/release-service.spec.ts" name="ReleaseService &gt; updateRelease &gt; should return error when release not found" time="0.00029136">
        </testcase>
        <testcase classname="src/lib/services/release-service.spec.ts" name="ReleaseService &gt; updateRelease &gt; should return error when title already exists" time="0.000528039">
        </testcase>
        <testcase classname="src/lib/services/release-service.spec.ts" name="ReleaseService &gt; updateRelease &gt; should return error when database is unavailable" time="0.001007147">
            <system-err>
Database connection failed: PrismaClientInitializationError: Connection failed
    at [90m/home/runner/work/boudreaux/boudreaux/[39msrc/lib/services/release-service.spec.ts:480:25
    at [90mfile:///home/runner/work/boudreaux/boudreaux/[39mnode_modules/[4m@vitest/runner[24m/dist/index.js:145:11
    at [90mfile:///home/runner/work/boudreaux/boudreaux/[39mnode_modules/[4m@vitest/runner[24m/dist/index.js:915:26
    at [90mfile:///home/runner/work/boudreaux/boudreaux/[39mnode_modules/[4m@vitest/runner[24m/dist/index.js:1243:20
    at new Promise (&lt;anonymous&gt;)
    at runWithTimeout [90m(file:///home/runner/work/boudreaux/boudreaux/[39mnode_modules/[4m@vitest/runner[24m/dist/index.js:1209:10[90m)[39m
    at [90mfile:///home/runner/work/boudreaux/boudreaux/[39mnode_modules/[4m@vitest/runner[24m/dist/index.js:1653:37
    at Traces.$ [90m(file:///home/runner/work/boudreaux/boudreaux/[39mnode_modules/[4mvitest[24m/dist/chunks/traces.CCmnQaNT.js:142:27[90m)[39m
    at trace [90m(file:///home/runner/work/boudreaux/boudreaux/[39mnode_modules/[4mvitest[24m/dist/chunks/test.B8ej_ZHS.js:239:21[90m)[39m
    at runTest [90m(file:///home/runner/work/boudreaux/boudreaux/[39mnode_modules/[4m@vitest/runner[24m/dist/index.js:1653:12[90m)[39m {
  clientVersion: [32m&apos;5.0.0&apos;[39m,
  errorCode: [90mundefined[39m,
  retryable: [90mundefined[39m
}

            </system-err>
        </testcase>
        <testcase classname="src/lib/services/release-service.spec.ts" name="ReleaseService &gt; updateRelease &gt; should handle unknown errors" time="0.006784495">
            <system-err>
Unexpected error: Error: Unknown error
    at [90m/home/runner/work/boudreaux/boudreaux/[39msrc/lib/services/release-service.spec.ts:492:58
    at [90mfile:///home/runner/work/boudreaux/boudreaux/[39mnode_modules/[4m@vitest/runner[24m/dist/index.js:145:11
    at [90mfile:///home/runner/work/boudreaux/boudreaux/[39mnode_modules/[4m@vitest/runner[24m/dist/index.js:915:26
    at [90mfile:///home/runner/work/boudreaux/boudreaux/[39mnode_modules/[4m@vitest/runner[24m/dist/index.js:1243:20
    at new Promise (&lt;anonymous&gt;)
    at runWithTimeout [90m(file:///home/runner/work/boudreaux/boudreaux/[39mnode_modules/[4m@vitest/runner[24m/dist/index.js:1209:10[90m)[39m
    at [90mfile:///home/runner/work/boudreaux/boudreaux/[39mnode_modules/[4m@vitest/runner[24m/dist/index.js:1653:37
    at Traces.$ [90m(file:///home/runner/work/boudreaux/boudreaux/[39mnode_modules/[4mvitest[24m/dist/chunks/traces.CCmnQaNT.js:142:27[90m)[39m
    at trace [90m(file:///home/runner/work/boudreaux/boudreaux/[39mnode_modules/[4mvitest[24m/dist/chunks/test.B8ej_ZHS.js:239:21[90m)[39m
    at runTest [90m(file:///home/runner/work/boudreaux/boudreaux/[39mnode_modules/[4m@vitest/runner[24m/dist/index.js:1653:12[90m)[39m

            </system-err>
        </testcase>
        <testcase classname="src/lib/services/release-service.spec.ts" name="ReleaseService &gt; deleteRelease &gt; should delete a release successfully" time="0.000346622">
        </testcase>
        <testcase classname="src/lib/services/release-service.spec.ts" name="ReleaseService &gt; deleteRelease &gt; should return error when release not found" time="0.000283154">
        </testcase>
        <testcase classname="src/lib/services/release-service.spec.ts" name="ReleaseService &gt; deleteRelease &gt; should return error when database is unavailable" time="0.000588141">
            <system-err>
Database connection failed: PrismaClientInitializationError: Connection failed
    at [90m/home/runner/work/boudreaux/boudreaux/[39msrc/lib/services/release-service.spec.ts:540:25
    at [90mfile:///home/runner/work/boudreaux/boudreaux/[39mnode_modules/[4m@vitest/runner[24m/dist/index.js:145:11
    at [90mfile:///home/runner/work/boudreaux/boudreaux/[39mnode_modules/[4m@vitest/runner[24m/dist/index.js:915:26
    at [90mfile:///home/runner/work/boudreaux/boudreaux/[39mnode_modules/[4m@vitest/runner[24m/dist/index.js:1243:20
    at new Promise (&lt;anonymous&gt;)
    at runWithTimeout [90m(file:///home/runner/work/boudreaux/boudreaux/[39mnode_modules/[4m@vitest/runner[24m/dist/index.js:1209:10[90m)[39m
    at [90mfile:///home/runner/work/boudreaux/boudreaux/[39mnode_modules/[4m@vitest/runner[24m/dist/index.js:1653:37
    at Traces.$ [90m(file:///home/runner/work/boudreaux/boudreaux/[39mnode_modules/[4mvitest[24m/dist/chunks/traces.CCmnQaNT.js:142:27[90m)[39m
    at trace [90m(file:///home/runner/work/boudreaux/boudreaux/[39mnode_modules/[4mvitest[24m/dist/chunks/test.B8ej_ZHS.js:239:21[90m)[39m
    at runTest [90m(file:///home/runner/work/boudreaux/boudreaux/[39mnode_modules/[4m@vitest/runner[24m/dist/index.js:1653:12[90m)[39m {
  clientVersion: [32m&apos;5.0.0&apos;[39m,
  errorCode: [90mundefined[39m,
  retryable: [90mundefined[39m
}

            </system-err>
        </testcase>
        <testcase classname="src/lib/services/release-service.spec.ts" name="ReleaseService &gt; deleteRelease &gt; should handle unknown errors" time="0.000648361">
            <system-err>
Unexpected error: Error: Unknown error
    at [90m/home/runner/work/boudreaux/boudreaux/[39msrc/lib/services/release-service.spec.ts:552:58
    at [90mfile:///home/runner/work/boudreaux/boudreaux/[39mnode_modules/[4m@vitest/runner[24m/dist/index.js:145:11
    at [90mfile:///home/runner/work/boudreaux/boudreaux/[39mnode_modules/[4m@vitest/runner[24m/dist/index.js:915:26
    at [90mfile:///home/runner/work/boudreaux/boudreaux/[39mnode_modules/[4m@vitest/runner[24m/dist/index.js:1243:20
    at new Promise (&lt;anonymous&gt;)
    at runWithTimeout [90m(file:///home/runner/work/boudreaux/boudreaux/[39mnode_modules/[4m@vitest/runner[24m/dist/index.js:1209:10[90m)[39m
    at [90mfile:///home/runner/work/boudreaux/boudreaux/[39mnode_modules/[4m@vitest/runner[24m/dist/index.js:1653:37
    at Traces.$ [90m(file:///home/runner/work/boudreaux/boudreaux/[39mnode_modules/[4mvitest[24m/dist/chunks/traces.CCmnQaNT.js:142:27[90m)[39m
    at trace [90m(file:///home/runner/work/boudreaux/boudreaux/[39mnode_modules/[4mvitest[24m/dist/chunks/test.B8ej_ZHS.js:239:21[90m)[39m
    at runTest [90m(file:///home/runner/work/boudreaux/boudreaux/[39mnode_modules/[4m@vitest/runner[24m/dist/index.js:1653:12[90m)[39m

            </system-err>
        </testcase>
        <testcase classname="src/lib/services/release-service.spec.ts" name="ReleaseService &gt; softDeleteRelease &gt; should soft delete a release successfully" time="0.000860345">
        </testcase>
        <testcase classname="src/lib/services/release-service.spec.ts" name="ReleaseService &gt; softDeleteRelease &gt; should return error when release not found" time="0.000431961">
        </testcase>
        <testcase classname="src/lib/services/release-service.spec.ts" name="ReleaseService &gt; softDeleteRelease &gt; should return error when database is unavailable" time="0.000587288">
            <system-err>
Database connection failed: PrismaClientInitializationError: Connection failed
    at [90m/home/runner/work/boudreaux/boudreaux/[39msrc/lib/services/release-service.spec.ts:614:25
    at [90mfile:///home/runner/work/boudreaux/boudreaux/[39mnode_modules/[4m@vitest/runner[24m/dist/index.js:145:11
    at [90mfile:///home/runner/work/boudreaux/boudreaux/[39mnode_modules/[4m@vitest/runner[24m/dist/index.js:915:26
    at [90mfile:///home/runner/work/boudreaux/boudreaux/[39mnode_modules/[4m@vitest/runner[24m/dist/index.js:1243:20
    at new Promise (&lt;anonymous&gt;)
    at runWithTimeout [90m(file:///home/runner/work/boudreaux/boudreaux/[39mnode_modules/[4m@vitest/runner[24m/dist/index.js:1209:10[90m)[39m
    at [90mfile:///home/runner/work/boudreaux/boudreaux/[39mnode_modules/[4m@vitest/runner[24m/dist/index.js:1653:37
    at Traces.$ [90m(file:///home/runner/work/boudreaux/boudreaux/[39mnode_modules/[4mvitest[24m/dist/chunks/traces.CCmnQaNT.js:142:27[90m)[39m
    at trace [90m(file:///home/runner/work/boudreaux/boudreaux/[39mnode_modules/[4mvitest[24m/dist/chunks/test.B8ej_ZHS.js:239:21[90m)[39m
    at runTest [90m(file:///home/runner/work/boudreaux/boudreaux/[39mnode_modules/[4m@vitest/runner[24m/dist/index.js:1653:12[90m)[39m {
  clientVersion: [32m&apos;5.0.0&apos;[39m,
  errorCode: [90mundefined[39m,
  retryable: [90mundefined[39m
}

            </system-err>
        </testcase>
        <testcase classname="src/lib/services/release-service.spec.ts" name="ReleaseService &gt; softDeleteRelease &gt; should handle unknown errors" time="0.000588301">
            <system-err>
Unexpected error: Error: Unknown error
    at [90m/home/runner/work/boudreaux/boudreaux/[39msrc/lib/services/release-service.spec.ts:626:58
    at [90mfile:///home/runner/work/boudreaux/boudreaux/[39mnode_modules/[4m@vitest/runner[24m/dist/index.js:145:11
    at [90mfile:///home/runner/work/boudreaux/boudreaux/[39mnode_modules/[4m@vitest/runner[24m/dist/index.js:915:26
    at [90mfile:///home/runner/work/boudreaux/boudreaux/[39mnode_modules/[4m@vitest/runner[24m/dist/index.js:1243:20
    at new Promise (&lt;anonymous&gt;)
    at runWithTimeout [90m(file:///home/runner/work/boudreaux/boudreaux/[39mnode_modules/[4m@vitest/runner[24m/dist/index.js:1209:10[90m)[39m
    at [90mfile:///home/runner/work/boudreaux/boudreaux/[39mnode_modules/[4m@vitest/runner[24m/dist/index.js:1653:37
    at Traces.$ [90m(file:///home/runner/work/boudreaux/boudreaux/[39mnode_modules/[4mvitest[24m/dist/chunks/traces.CCmnQaNT.js:142:27[90m)[39m
    at trace [90m(file:///home/runner/work/boudreaux/boudreaux/[39mnode_modules/[4mvitest[24m/dist/chunks/test.B8ej_ZHS.js:239:21[90m)[39m
    at runTest [90m(file:///home/runner/work/boudreaux/boudreaux/[39mnode_modules/[4m@vitest/runner[24m/dist/index.js:1653:12[90m)[39m

            </system-err>
        </testcase>
        <testcase classname="src/lib/services/release-service.spec.ts" name="ReleaseService &gt; restoreRelease &gt; should restore a soft-deleted release successfully" time="0.000644384">
        </testcase>
        <testcase classname="src/lib/services/release-service.spec.ts" name="ReleaseService &gt; restoreRelease &gt; should return error when release not found" time="0.000353796">
        </testcase>
        <testcase classname="src/lib/services/release-service.spec.ts" name="ReleaseService &gt; restoreRelease &gt; should return error when database is unavailable" time="0.000858932">
            <system-err>
Database connection failed: PrismaClientInitializationError: Connection failed
    at [90m/home/runner/work/boudreaux/boudreaux/[39msrc/lib/services/release-service.spec.ts:688:25
    at [90mfile:///home/runner/work/boudreaux/boudreaux/[39mnode_modules/[4m@vitest/runner[24m/dist/index.js:145:11
    at [90mfile:///home/runner/work/boudreaux/boudreaux/[39mnode_modules/[4m@vitest/runner[24m/dist/index.js:915:26
    at [90mfile:///home/runner/work/boudreaux/boudreaux/[39mnode_modules/[4m@vitest/runner[24m/dist/index.js:1243:20
    at new Promise (&lt;anonymous&gt;)
    at runWithTimeout [90m(file:///home/runner/work/boudreaux/boudreaux/[39mnode_modules/[4m@vitest/runner[24m/dist/index.js:1209:10[90m)[39m
    at [90mfile:///home/runner/work/boudreaux/boudreaux/[39mnode_modules/[4m@vitest/runner[24m/dist/index.js:1653:37
    at Traces.$ [90m(file:///home/runner/work/boudreaux/boudreaux/[39mnode_modules/[4mvitest[24m/dist/chunks/traces.CCmnQaNT.js:142:27[90m)[39m
    at trace [90m(file:///home/runner/work/boudreaux/boudreaux/[39mnode_modules/[4mvitest[24m/dist/chunks/test.B8ej_ZHS.js:239:21[90m)[39m
    at runTest [90m(file:///home/runner/work/boudreaux/boudreaux/[39mnode_modules/[4m@vitest/runner[24m/dist/index.js:1653:12[90m)[39m {
  clientVersion: [32m&apos;5.0.0&apos;[39m,
  errorCode: [90mundefined[39m,
  retryable: [90mundefined[39m
}

            </system-err>
        </testcase>
        <testcase classname="src/lib/services/release-service.spec.ts" name="ReleaseService &gt; restoreRelease &gt; should handle unknown errors" time="0.000791296">
            <system-err>
Unexpected error: Error: Unknown error
    at [90m/home/runner/work/boudreaux/boudreaux/[39msrc/lib/services/release-service.spec.ts:700:58
    at [90mfile:///home/runner/work/boudreaux/boudreaux/[39mnode_modules/[4m@vitest/runner[24m/dist/index.js:145:11
    at [90mfile:///home/runner/work/boudreaux/boudreaux/[39mnode_modules/[4m@vitest/runner[24m/dist/index.js:915:26
    at [90mfile:///home/runner/work/boudreaux/boudreaux/[39mnode_modules/[4m@vitest/runner[24m/dist/index.js:1243:20
    at new Promise (&lt;anonymous&gt;)
    at runWithTimeout [90m(file:///home/runner/work/boudreaux/boudreaux/[39mnode_modules/[4m@vitest/runner[24m/dist/index.js:1209:10[90m)[39m
    at [90mfile:///home/runner/work/boudreaux/boudreaux/[39mnode_modules/[4m@vitest/runner[24m/dist/index.js:1653:37
    at Traces.$ [90m(file:///home/runner/work/boudreaux/boudreaux/[39mnode_modules/[4mvitest[24m/dist/chunks/traces.CCmnQaNT.js:142:27[90m)[39m
    at trace [90m(file:///home/runner/work/boudreaux/boudreaux/[39mnode_modules/[4mvitest[24m/dist/chunks/test.B8ej_ZHS.js:239:21[90m)[39m
    at runTest [90m(file:///home/runner/work/boudreaux/boudreaux/[39mnode_modules/[4m@vitest/runner[24m/dist/index.js:1653:12[90m)[39m

            </system-err>
        </testcase>
    </testsuite>
    <testsuite name="src/app/components/ui/sheet.spec.tsx" timestamp="2026-02-06T06:11:34.975Z" hostname="runnervmkj6or" tests="20" failures="0" errors="0" skipped="0" time="0.525528937">
        <testcase classname="src/app/components/ui/sheet.spec.tsx" name="Sheet Components &gt; Sheet &gt; renders children" time="0.001436172">
        </testcase>
        <testcase classname="src/app/components/ui/sheet.spec.tsx" name="Sheet Components &gt; SheetTrigger &gt; renders with data-slot attribute" time="0.00223308">
        </testcase>
        <testcase classname="src/app/components/ui/sheet.spec.tsx" name="Sheet Components &gt; SheetTrigger &gt; renders children" time="0.002027899">
        </testcase>
        <testcase classname="src/app/components/ui/sheet.spec.tsx" name="Sheet Components &gt; SheetClose &gt; renders with data-slot attribute" time="0.020665003">
            <system-err>
`DialogContent` requires a `DialogTitle` for the component to be accessible for screen reader users.

If you want to hide the `DialogTitle`, you can wrap it with our VisuallyHidden component.

For more information, see https://radix-ui.com/primitives/docs/components/dialog
Warning: Missing `Description` or `aria-describedby={undefined}` for {DialogContent}.

            </system-err>
        </testcase>
        <testcase classname="src/app/components/ui/sheet.spec.tsx" name="Sheet Components &gt; SheetClose &gt; closes sheet when clicked" time="0.035981223">
            <system-err>
Warning: Missing `Description` or `aria-describedby={undefined}` for {DialogContent}.

            </system-err>
        </testcase>
        <testcase classname="src/app/components/ui/sheet.spec.tsx" name="Sheet Components &gt; SheetContent &gt; renders with data-slot attribute" time="0.031263808">
            <system-err>
Warning: Missing `Description` or `aria-describedby={undefined}` for {DialogContent}.

            </system-err>
        </testcase>
        <testcase classname="src/app/components/ui/sheet.spec.tsx" name="Sheet Components &gt; SheetContent &gt; applies custom className" time="0.02650591">
            <system-err>
Warning: Missing `Description` or `aria-describedby={undefined}` for {DialogContent}.

            </system-err>
        </testcase>
        <testcase classname="src/app/components/ui/sheet.spec.tsx" name="Sheet Components &gt; SheetContent &gt; defaults to right side" time="0.146644442">
            <system-err>
Warning: Missing `Description` or `aria-describedby={undefined}` for {DialogContent}.

            </system-err>
        </testcase>
        <testcase classname="src/app/components/ui/sheet.spec.tsx" name="Sheet Components &gt; SheetContent &gt; renders on left side" time="0.027563701">
            <system-err>
Warning: Missing `Description` or `aria-describedby={undefined}` for {DialogContent}.

            </system-err>
        </testcase>
        <testcase classname="src/app/components/ui/sheet.spec.tsx" name="Sheet Components &gt; SheetContent &gt; renders on top" time="0.021051179">
            <system-err>
Warning: Missing `Description` or `aria-describedby={undefined}` for {DialogContent}.

            </system-err>
        </testcase>
        <testcase classname="src/app/components/ui/sheet.spec.tsx" name="Sheet Components &gt; SheetContent &gt; renders on bottom" time="0.029302303">
            <system-err>
Warning: Missing `Description` or `aria-describedby={undefined}` for {DialogContent}.

            </system-err>
        </testcase>
        <testcase classname="src/app/components/ui/sheet.spec.tsx" name="Sheet Components &gt; SheetHeader &gt; renders with data-slot attribute" time="0.019999009">
            <system-err>
`DialogContent` requires a `DialogTitle` for the component to be accessible for screen reader users.

If you want to hide the `DialogTitle`, you can wrap it with our VisuallyHidden component.

For more information, see https://radix-ui.com/primitives/docs/components/dialog
Warning: Missing `Description` or `aria-describedby={undefined}` for {DialogContent}.

            </system-err>
        </testcase>
        <testcase classname="src/app/components/ui/sheet.spec.tsx" name="Sheet Components &gt; SheetHeader &gt; applies custom className" time="0.019370464">
            <system-err>
`DialogContent` requires a `DialogTitle` for the component to be accessible for screen reader users.

If you want to hide the `DialogTitle`, you can wrap it with our VisuallyHidden component.

For more information, see https://radix-ui.com/primitives/docs/components/dialog
Warning: Missing `Description` or `aria-describedby={undefined}` for {DialogContent}.

            </system-err>
        </testcase>
        <testcase classname="src/app/components/ui/sheet.spec.tsx" name="Sheet Components &gt; SheetFooter &gt; renders with data-slot attribute" time="0.021125898">
            <system-err>
`DialogContent` requires a `DialogTitle` for the component to be accessible for screen reader users.

If you want to hide the `DialogTitle`, you can wrap it with our VisuallyHidden component.

For more information, see https://radix-ui.com/primitives/docs/components/dialog
Warning: Missing `Description` or `aria-describedby={undefined}` for {DialogContent}.

            </system-err>
        </testcase>
        <testcase classname="src/app/components/ui/sheet.spec.tsx" name="Sheet Components &gt; SheetFooter &gt; applies custom className" time="0.020374525">
            <system-err>
`DialogContent` requires a `DialogTitle` for the component to be accessible for screen reader users.

If you want to hide the `DialogTitle`, you can wrap it with our VisuallyHidden component.

For more information, see https://radix-ui.com/primitives/docs/components/dialog
Warning: Missing `Description` or `aria-describedby={undefined}` for {DialogContent}.

            </system-err>
        </testcase>
        <testcase classname="src/app/components/ui/sheet.spec.tsx" name="Sheet Components &gt; SheetTitle &gt; renders with data-slot attribute" time="0.019505484">
            <system-err>
Warning: Missing `Description` or `aria-describedby={undefined}` for {DialogContent}.

            </system-err>
        </testcase>
        <testcase classname="src/app/components/ui/sheet.spec.tsx" name="Sheet Components &gt; SheetTitle &gt; applies custom className" time="0.019605469">
            <system-err>
Warning: Missing `Description` or `aria-describedby={undefined}` for {DialogContent}.

            </system-err>
        </testcase>
        <testcase classname="src/app/components/ui/sheet.spec.tsx" name="Sheet Components &gt; SheetDescription &gt; renders with data-slot attribute" time="0.018066938">
        </testcase>
        <testcase classname="src/app/components/ui/sheet.spec.tsx" name="Sheet Components &gt; SheetDescription &gt; applies custom className" time="0.016509781">
        </testcase>
        <testcase classname="src/app/components/ui/sheet.spec.tsx" name="Sheet Components &gt; integration &gt; renders a complete sheet" time="0.022923119">
        </testcase>
    </testsuite>
</testsuites>
